[    0.000000] Linux version 4.17.12+ (root@ubuntu) (gcc version 5.4.0 20160609 (Ubuntu 5.4.0-6ubuntu1~16.04.12)) #2 SMP Wed Nov 18 22:08:33 PST 2020
[    0.000000] Command line: BOOT_IMAGE=/boot/vmlinuz-4.17.12+ root=UUID=a61db7ca-8b34-4b50-9a54-afeefc97dd49 ro find_preseed=/preseed.cfg auto noprompt priority=critical locale=en_US
[    0.000000] KERNEL supported cpus:
[    0.000000]   Intel GenuineIntel
[    0.000000]   AMD AuthenticAMD
[    0.000000]   Centaur CentaurHauls
[    0.000000] Disabled fast string operations
[    0.000000] x86/fpu: Supporting XSAVE feature 0x001: 'x87 floating point registers'
[    0.000000] x86/fpu: Supporting XSAVE feature 0x002: 'SSE registers'
[    0.000000] x86/fpu: Supporting XSAVE feature 0x004: 'AVX registers'
[    0.000000] x86/fpu: xstate_offset[2]:  576, xstate_sizes[2]:  256
[    0.000000] x86/fpu: Enabled xstate features 0x7, context size is 832 bytes, using 'compacted' format.
[    0.000000] e820: BIOS-provided physical RAM map:
[    0.000000] BIOS-e820: [mem 0x0000000000000000-0x000000000009e7ff] usable
[    0.000000] BIOS-e820: [mem 0x000000000009e800-0x000000000009ffff] reserved
[    0.000000] BIOS-e820: [mem 0x00000000000dc000-0x00000000000fffff] reserved
[    0.000000] BIOS-e820: [mem 0x0000000000100000-0x00000000bfecffff] usable
[    0.000000] BIOS-e820: [mem 0x00000000bfed0000-0x00000000bfefefff] ACPI data
[    0.000000] BIOS-e820: [mem 0x00000000bfeff000-0x00000000bfefffff] ACPI NVS
[    0.000000] BIOS-e820: [mem 0x00000000bff00000-0x00000000bfffffff] usable
[    0.000000] BIOS-e820: [mem 0x00000000f0000000-0x00000000f7ffffff] reserved
[    0.000000] BIOS-e820: [mem 0x00000000fec00000-0x00000000fec0ffff] reserved
[    0.000000] BIOS-e820: [mem 0x00000000fee00000-0x00000000fee00fff] reserved
[    0.000000] BIOS-e820: [mem 0x00000000fffe0000-0x00000000ffffffff] reserved
[    0.000000] BIOS-e820: [mem 0x0000000100000000-0x000000023fffffff] usable
[    0.000000] NX (Execute Disable) protection: active
[    0.000000] SMBIOS 2.7 present.
[    0.000000] DMI: VMware, Inc. VMware Virtual Platform/440BX Desktop Reference Platform, BIOS 6.00 07/22/2020
[    0.000000] Hypervisor detected: VMware
[    0.000000] vmware: TSC freq read from hypervisor : 3096.001 MHz
[    0.000000] vmware: Host bus clock speed read from hypervisor : 66000000 Hz
[    0.000000] vmware: using sched offset of 16646591159 ns
[    0.000000] e820: update [mem 0x00000000-0x00000fff] usable ==> reserved
[    0.000000] e820: remove [mem 0x000a0000-0x000fffff] usable
[    0.000000] e820: last_pfn = 0x240000 max_arch_pfn = 0x400000000
[    0.000000] MTRR default type: uncachable
[    0.000000] MTRR fixed ranges enabled:
[    0.000000]   00000-9FFFF write-back
[    0.000000]   A0000-BFFFF uncachable
[    0.000000]   C0000-CFFFF write-protect
[    0.000000]   D0000-EFFFF uncachable
[    0.000000]   F0000-FFFFF write-protect
[    0.000000] MTRR variable ranges enabled:
[    0.000000]   0 base 000000000000 mask 1FC000000000 write-back
[    0.000000]   1 base 0000C0000000 mask 1FFFC0000000 uncachable
[    0.000000]   2 disabled
[    0.000000]   3 disabled
[    0.000000]   4 disabled
[    0.000000]   5 disabled
[    0.000000]   6 disabled
[    0.000000]   7 disabled
[    0.000000] x86/PAT: Configuration [0-7]: WB  WC  UC- UC  WB  WP  UC- WT  
[    0.000000] total RAM covered: 261120M
[    0.000000]  gran_size: 64K 	chunk_size: 64K 	num_reg: 8  	lose cover RAM: 0G
[    0.000000]  gran_size: 64K 	chunk_size: 128K 	num_reg: 8  	lose cover RAM: 0G
[    0.000000]  gran_size: 64K 	chunk_size: 256K 	num_reg: 8  	lose cover RAM: 0G
[    0.000000]  gran_size: 64K 	chunk_size: 512K 	num_reg: 8  	lose cover RAM: 0G
[    0.000000]  gran_size: 64K 	chunk_size: 1M 	num_reg: 8  	lose cover RAM: 0G
[    0.000000]  gran_size: 64K 	chunk_size: 2M 	num_reg: 8  	lose cover RAM: 0G
[    0.000000]  gran_size: 64K 	chunk_size: 4M 	num_reg: 8  	lose cover RAM: 0G
[    0.000000]  gran_size: 64K 	chunk_size: 8M 	num_reg: 8  	lose cover RAM: 0G
[    0.000000]  gran_size: 64K 	chunk_size: 16M 	num_reg: 8  	lose cover RAM: 0G
[    0.000000]  gran_size: 64K 	chunk_size: 32M 	num_reg: 8  	lose cover RAM: 0G
[    0.000000]  gran_size: 64K 	chunk_size: 64M 	num_reg: 8  	lose cover RAM: 0G
[    0.000000]  gran_size: 64K 	chunk_size: 128M 	num_reg: 8  	lose cover RAM: 0G
[    0.000000]  gran_size: 64K 	chunk_size: 256M 	num_reg: 8  	lose cover RAM: 0G
[    0.000000]  gran_size: 64K 	chunk_size: 512M 	num_reg: 8  	lose cover RAM: 0G
[    0.000000]  gran_size: 64K 	chunk_size: 1G 	num_reg: 8  	lose cover RAM: 0G
[    0.000000]  gran_size: 64K 	chunk_size: 2G 	num_reg: 8  	lose cover RAM: 0G
[    0.000000]  gran_size: 128K 	chunk_size: 128K 	num_reg: 8  	lose cover RAM: 0G
[    0.000000]  gran_size: 128K 	chunk_size: 256K 	num_reg: 8  	lose cover RAM: 0G
[    0.000000]  gran_size: 128K 	chunk_size: 512K 	num_reg: 8  	lose cover RAM: 0G
[    0.000000]  gran_size: 128K 	chunk_size: 1M 	num_reg: 8  	lose cover RAM: 0G
[    0.000000]  gran_size: 128K 	chunk_size: 2M 	num_reg: 8  	lose cover RAM: 0G
[    0.000000]  gran_size: 128K 	chunk_size: 4M 	num_reg: 8  	lose cover RAM: 0G
[    0.000000]  gran_size: 128K 	chunk_size: 8M 	num_reg: 8  	lose cover RAM: 0G
[    0.000000]  gran_size: 128K 	chunk_size: 16M 	num_reg: 8  	lose cover RAM: 0G
[    0.000000]  gran_size: 128K 	chunk_size: 32M 	num_reg: 8  	lose cover RAM: 0G
[    0.000000]  gran_size: 128K 	chunk_size: 64M 	num_reg: 8  	lose cover RAM: 0G
[    0.000000]  gran_size: 128K 	chunk_size: 128M 	num_reg: 8  	lose cover RAM: 0G
[    0.000000]  gran_size: 128K 	chunk_size: 256M 	num_reg: 8  	lose cover RAM: 0G
[    0.000000]  gran_size: 128K 	chunk_size: 512M 	num_reg: 8  	lose cover RAM: 0G
[    0.000000]  gran_size: 128K 	chunk_size: 1G 	num_reg: 8  	lose cover RAM: 0G
[    0.000000]  gran_size: 128K 	chunk_size: 2G 	num_reg: 8  	lose cover RAM: 0G
[    0.000000]  gran_size: 256K 	chunk_size: 256K 	num_reg: 8  	lose cover RAM: 0G
[    0.000000]  gran_size: 256K 	chunk_size: 512K 	num_reg: 8  	lose cover RAM: 0G
[    0.000000]  gran_size: 256K 	chunk_size: 1M 	num_reg: 8  	lose cover RAM: 0G
[    0.000000]  gran_size: 256K 	chunk_size: 2M 	num_reg: 8  	lose cover RAM: 0G
[    0.000000]  gran_size: 256K 	chunk_size: 4M 	num_reg: 8  	lose cover RAM: 0G
[    0.000000]  gran_size: 256K 	chunk_size: 8M 	num_reg: 8  	lose cover RAM: 0G
[    0.000000]  gran_size: 256K 	chunk_size: 16M 	num_reg: 8  	lose cover RAM: 0G
[    0.000000]  gran_size: 256K 	chunk_size: 32M 	num_reg: 8  	lose cover RAM: 0G
[    0.000000]  gran_size: 256K 	chunk_size: 64M 	num_reg: 8  	lose cover RAM: 0G
[    0.000000]  gran_size: 256K 	chunk_size: 128M 	num_reg: 8  	lose cover RAM: 0G
[    0.000000]  gran_size: 256K 	chunk_size: 256M 	num_reg: 8  	lose cover RAM: 0G
[    0.000000]  gran_size: 256K 	chunk_size: 512M 	num_reg: 8  	lose cover RAM: 0G
[    0.000000]  gran_size: 256K 	chunk_size: 1G 	num_reg: 8  	lose cover RAM: 0G
[    0.000000]  gran_size: 256K 	chunk_size: 2G 	num_reg: 8  	lose cover RAM: 0G
[    0.000000]  gran_size: 512K 	chunk_size: 512K 	num_reg: 8  	lose cover RAM: 0G
[    0.000000]  gran_size: 512K 	chunk_size: 1M 	num_reg: 8  	lose cover RAM: 0G
[    0.000000]  gran_size: 512K 	chunk_size: 2M 	num_reg: 8  	lose cover RAM: 0G
[    0.000000]  gran_size: 512K 	chunk_size: 4M 	num_reg: 8  	lose cover RAM: 0G
[    0.000000]  gran_size: 512K 	chunk_size: 8M 	num_reg: 8  	lose cover RAM: 0G
[    0.000000]  gran_size: 512K 	chunk_size: 16M 	num_reg: 8  	lose cover RAM: 0G
[    0.000000]  gran_size: 512K 	chunk_size: 32M 	num_reg: 8  	lose cover RAM: 0G
[    0.000000]  gran_size: 512K 	chunk_size: 64M 	num_reg: 8  	lose cover RAM: 0G
[    0.000000]  gran_size: 512K 	chunk_size: 128M 	num_reg: 8  	lose cover RAM: 0G
[    0.000000]  gran_size: 512K 	chunk_size: 256M 	num_reg: 8  	lose cover RAM: 0G
[    0.000000]  gran_size: 512K 	chunk_size: 512M 	num_reg: 8  	lose cover RAM: 0G
[    0.000000]  gran_size: 512K 	chunk_size: 1G 	num_reg: 8  	lose cover RAM: 0G
[    0.000000]  gran_size: 512K 	chunk_size: 2G 	num_reg: 8  	lose cover RAM: 0G
[    0.000000]  gran_size: 1M 	chunk_size: 1M 	num_reg: 8  	lose cover RAM: 0G
[    0.000000]  gran_size: 1M 	chunk_size: 2M 	num_reg: 8  	lose cover RAM: 0G
[    0.000000]  gran_size: 1M 	chunk_size: 4M 	num_reg: 8  	lose cover RAM: 0G
[    0.000000]  gran_size: 1M 	chunk_size: 8M 	num_reg: 8  	lose cover RAM: 0G
[    0.000000]  gran_size: 1M 	chunk_size: 16M 	num_reg: 8  	lose cover RAM: 0G
[    0.000000]  gran_size: 1M 	chunk_size: 32M 	num_reg: 8  	lose cover RAM: 0G
[    0.000000]  gran_size: 1M 	chunk_size: 64M 	num_reg: 8  	lose cover RAM: 0G
[    0.000000]  gran_size: 1M 	chunk_size: 128M 	num_reg: 8  	lose cover RAM: 0G
[    0.000000]  gran_size: 1M 	chunk_size: 256M 	num_reg: 8  	lose cover RAM: 0G
[    0.000000]  gran_size: 1M 	chunk_size: 512M 	num_reg: 8  	lose cover RAM: 0G
[    0.000000]  gran_size: 1M 	chunk_size: 1G 	num_reg: 8  	lose cover RAM: 0G
[    0.000000]  gran_size: 1M 	chunk_size: 2G 	num_reg: 8  	lose cover RAM: 0G
[    0.000000]  gran_size: 2M 	chunk_size: 2M 	num_reg: 8  	lose cover RAM: 0G
[    0.000000]  gran_size: 2M 	chunk_size: 4M 	num_reg: 8  	lose cover RAM: 0G
[    0.000000]  gran_size: 2M 	chunk_size: 8M 	num_reg: 8  	lose cover RAM: 0G
[    0.000000]  gran_size: 2M 	chunk_size: 16M 	num_reg: 8  	lose cover RAM: 0G
[    0.000000]  gran_size: 2M 	chunk_size: 32M 	num_reg: 8  	lose cover RAM: 0G
[    0.000000]  gran_size: 2M 	chunk_size: 64M 	num_reg: 8  	lose cover RAM: 0G
[    0.000000]  gran_size: 2M 	chunk_size: 128M 	num_reg: 8  	lose cover RAM: 0G
[    0.000000]  gran_size: 2M 	chunk_size: 256M 	num_reg: 8  	lose cover RAM: 0G
[    0.000000]  gran_size: 2M 	chunk_size: 512M 	num_reg: 8  	lose cover RAM: 0G
[    0.000000]  gran_size: 2M 	chunk_size: 1G 	num_reg: 8  	lose cover RAM: 0G
[    0.000000]  gran_size: 2M 	chunk_size: 2G 	num_reg: 8  	lose cover RAM: 0G
[    0.000000]  gran_size: 4M 	chunk_size: 4M 	num_reg: 8  	lose cover RAM: 0G
[    0.000000]  gran_size: 4M 	chunk_size: 8M 	num_reg: 8  	lose cover RAM: 0G
[    0.000000]  gran_size: 4M 	chunk_size: 16M 	num_reg: 8  	lose cover RAM: 0G
[    0.000000]  gran_size: 4M 	chunk_size: 32M 	num_reg: 8  	lose cover RAM: 0G
[    0.000000]  gran_size: 4M 	chunk_size: 64M 	num_reg: 8  	lose cover RAM: 0G
[    0.000000]  gran_size: 4M 	chunk_size: 128M 	num_reg: 8  	lose cover RAM: 0G
[    0.000000]  gran_size: 4M 	chunk_size: 256M 	num_reg: 8  	lose cover RAM: 0G
[    0.000000]  gran_size: 4M 	chunk_size: 512M 	num_reg: 8  	lose cover RAM: 0G
[    0.000000]  gran_size: 4M 	chunk_size: 1G 	num_reg: 8  	lose cover RAM: 0G
[    0.000000]  gran_size: 4M 	chunk_size: 2G 	num_reg: 8  	lose cover RAM: 0G
[    0.000000]  gran_size: 8M 	chunk_size: 8M 	num_reg: 8  	lose cover RAM: 0G
[    0.000000]  gran_size: 8M 	chunk_size: 16M 	num_reg: 8  	lose cover RAM: 0G
[    0.000000]  gran_size: 8M 	chunk_size: 32M 	num_reg: 8  	lose cover RAM: 0G
[    0.000000]  gran_size: 8M 	chunk_size: 64M 	num_reg: 8  	lose cover RAM: 0G
[    0.000000]  gran_size: 8M 	chunk_size: 128M 	num_reg: 8  	lose cover RAM: 0G
[    0.000000]  gran_size: 8M 	chunk_size: 256M 	num_reg: 8  	lose cover RAM: 0G
[    0.000000]  gran_size: 8M 	chunk_size: 512M 	num_reg: 8  	lose cover RAM: 0G
[    0.000000]  gran_size: 8M 	chunk_size: 1G 	num_reg: 8  	lose cover RAM: 0G
[    0.000000]  gran_size: 8M 	chunk_size: 2G 	num_reg: 8  	lose cover RAM: 0G
[    0.000000]  gran_size: 16M 	chunk_size: 16M 	num_reg: 8  	lose cover RAM: 0G
[    0.000000]  gran_size: 16M 	chunk_size: 32M 	num_reg: 8  	lose cover RAM: 0G
[    0.000000]  gran_size: 16M 	chunk_size: 64M 	num_reg: 8  	lose cover RAM: 0G
[    0.000000]  gran_size: 16M 	chunk_size: 128M 	num_reg: 8  	lose cover RAM: 0G
[    0.000000]  gran_size: 16M 	chunk_size: 256M 	num_reg: 8  	lose cover RAM: 0G
[    0.000000]  gran_size: 16M 	chunk_size: 512M 	num_reg: 8  	lose cover RAM: 0G
[    0.000000]  gran_size: 16M 	chunk_size: 1G 	num_reg: 8  	lose cover RAM: 0G
[    0.000000]  gran_size: 16M 	chunk_size: 2G 	num_reg: 8  	lose cover RAM: 0G
[    0.000000]  gran_size: 32M 	chunk_size: 32M 	num_reg: 8  	lose cover RAM: 0G
[    0.000000]  gran_size: 32M 	chunk_size: 64M 	num_reg: 8  	lose cover RAM: 0G
[    0.000000]  gran_size: 32M 	chunk_size: 128M 	num_reg: 8  	lose cover RAM: 0G
[    0.000000]  gran_size: 32M 	chunk_size: 256M 	num_reg: 8  	lose cover RAM: 0G
[    0.000000]  gran_size: 32M 	chunk_size: 512M 	num_reg: 8  	lose cover RAM: 0G
[    0.000000]  gran_size: 32M 	chunk_size: 1G 	num_reg: 8  	lose cover RAM: 0G
[    0.000000]  gran_size: 32M 	chunk_size: 2G 	num_reg: 8  	lose cover RAM: 0G
[    0.000000]  gran_size: 64M 	chunk_size: 64M 	num_reg: 8  	lose cover RAM: 0G
[    0.000000]  gran_size: 64M 	chunk_size: 128M 	num_reg: 8  	lose cover RAM: 0G
[    0.000000]  gran_size: 64M 	chunk_size: 256M 	num_reg: 8  	lose cover RAM: 0G
[    0.000000]  gran_size: 64M 	chunk_size: 512M 	num_reg: 8  	lose cover RAM: 0G
[    0.000000]  gran_size: 64M 	chunk_size: 1G 	num_reg: 8  	lose cover RAM: 0G
[    0.000000]  gran_size: 64M 	chunk_size: 2G 	num_reg: 8  	lose cover RAM: 0G
[    0.000000]  gran_size: 128M 	chunk_size: 128M 	num_reg: 8  	lose cover RAM: 0G
[    0.000000]  gran_size: 128M 	chunk_size: 256M 	num_reg: 8  	lose cover RAM: 0G
[    0.000000]  gran_size: 128M 	chunk_size: 512M 	num_reg: 8  	lose cover RAM: 0G
[    0.000000]  gran_size: 128M 	chunk_size: 1G 	num_reg: 8  	lose cover RAM: 0G
[    0.000000]  gran_size: 128M 	chunk_size: 2G 	num_reg: 8  	lose cover RAM: 0G
[    0.000000]  gran_size: 256M 	chunk_size: 256M 	num_reg: 8  	lose cover RAM: 0G
[    0.000000]  gran_size: 256M 	chunk_size: 512M 	num_reg: 8  	lose cover RAM: 0G
[    0.000000]  gran_size: 256M 	chunk_size: 1G 	num_reg: 8  	lose cover RAM: 0G
[    0.000000]  gran_size: 256M 	chunk_size: 2G 	num_reg: 8  	lose cover RAM: 0G
[    0.000000]  gran_size: 512M 	chunk_size: 512M 	num_reg: 8  	lose cover RAM: 0G
[    0.000000]  gran_size: 512M 	chunk_size: 1G 	num_reg: 8  	lose cover RAM: 0G
[    0.000000]  gran_size: 512M 	chunk_size: 2G 	num_reg: 8  	lose cover RAM: 0G
[    0.000000]  gran_size: 1G 	chunk_size: 1G 	num_reg: 8  	lose cover RAM: 0G
[    0.000000]  gran_size: 1G 	chunk_size: 2G 	num_reg: 8  	lose cover RAM: 0G
[    0.000000]  gran_size: 2G 	chunk_size: 2G 	num_reg: 7  	lose cover RAM: 1G
[    0.000000] mtrr_cleanup: can not find optimal value
[    0.000000] please specify mtrr_gran_size/mtrr_chunk_size
[    0.000000] e820: update [mem 0xc0000000-0xffffffff] usable ==> reserved
[    0.000000] e820: last_pfn = 0xc0000 max_arch_pfn = 0x400000000
[    0.000000] found SMP MP-table at [mem 0x000f6a70-0x000f6a7f] mapped at [        (ptrval)]
[    0.000000] Scanning 1 areas for low memory corruption
[    0.000000] Base memory trampoline at [        (ptrval)] 98000 size 24576
[    0.000000] Using GB pages for direct mapping
[    0.000000] BRK [0x208948000, 0x208948fff] PGTABLE
[    0.000000] BRK [0x208949000, 0x208949fff] PGTABLE
[    0.000000] BRK [0x20894a000, 0x20894afff] PGTABLE
[    0.000000] BRK [0x20894b000, 0x20894bfff] PGTABLE
[    0.000000] BRK [0x20894c000, 0x20894cfff] PGTABLE
[    0.000000] BRK [0x20894d000, 0x20894dfff] PGTABLE
[    0.000000] RAMDISK: [mem 0x1c522000-0x37feffff]
[    0.000000] ACPI: Early table checksum verification disabled
[    0.000000] ACPI: RSDP 0x00000000000F6A00 000024 (v02 PTLTD )
[    0.000000] ACPI: XSDT 0x00000000BFEDB633 00005C (v01 INTEL  440BX    06040000 VMW  01324272)
[    0.000000] ACPI: FACP 0x00000000BFEFEE73 0000F4 (v04 INTEL  440BX    06040000 PTL  000F4240)
[    0.000000] ACPI: DSDT 0x00000000BFEDD001 021E72 (v01 PTLTD  Custom   06040000 MSFT 03000001)
[    0.000000] ACPI: FACS 0x00000000BFEFFFC0 000040
[    0.000000] ACPI: FACS 0x00000000BFEFFFC0 000040
[    0.000000] ACPI: BOOT 0x00000000BFEDCFB4 000028 (v01 PTLTD  $SBFTBL$ 06040000  LTP 00000001)
[    0.000000] ACPI: APIC 0x00000000BFEDC872 000742 (v01 PTLTD  ? APIC   06040000  LTP 00000000)
[    0.000000] ACPI: MCFG 0x00000000BFEDC836 00003C (v01 PTLTD  $PCITBL$ 06040000  LTP 00000001)
[    0.000000] ACPI: SRAT 0x00000000BFEDB72F 0008D0 (v02 VMWARE MEMPLUG  06040000 VMW  00000001)
[    0.000000] ACPI: HPET 0x00000000BFEDB6F7 000038 (v01 VMWARE VMW HPET 06040000 VMW  00000001)
[    0.000000] ACPI: WAET 0x00000000BFEDB6CF 000028 (v01 VMWARE VMW WAET 06040000 VMW  00000001)
[    0.000000] ACPI: Local APIC address 0xfee00000
[    0.000000] system APIC only can use physical flat
[    0.000000] Setting APIC routing to physical flat.
[    0.000000] SRAT: PXM 0 -> APIC 0x00 -> Node 0
[    0.000000] SRAT: PXM 0 -> APIC 0x01 -> Node 0
[    0.000000] SRAT: PXM 0 -> APIC 0x02 -> Node 0
[    0.000000] SRAT: PXM 0 -> APIC 0x03 -> Node 0
[    0.000000] SRAT: PXM 0 -> APIC 0x04 -> Node 0
[    0.000000] SRAT: PXM 0 -> APIC 0x05 -> Node 0
[    0.000000] SRAT: PXM 0 -> APIC 0x06 -> Node 0
[    0.000000] SRAT: PXM 0 -> APIC 0x07 -> Node 0
[    0.000000] SRAT: PXM 0 -> APIC 0x08 -> Node 0
[    0.000000] SRAT: PXM 0 -> APIC 0x09 -> Node 0
[    0.000000] SRAT: PXM 0 -> APIC 0x0a -> Node 0
[    0.000000] SRAT: PXM 0 -> APIC 0x0b -> Node 0
[    0.000000] SRAT: PXM 0 -> APIC 0x0c -> Node 0
[    0.000000] SRAT: PXM 0 -> APIC 0x0d -> Node 0
[    0.000000] SRAT: PXM 0 -> APIC 0x0e -> Node 0
[    0.000000] SRAT: PXM 0 -> APIC 0x0f -> Node 0
[    0.000000] SRAT: PXM 0 -> APIC 0x10 -> Node 0
[    0.000000] SRAT: PXM 0 -> APIC 0x11 -> Node 0
[    0.000000] SRAT: PXM 0 -> APIC 0x12 -> Node 0
[    0.000000] SRAT: PXM 0 -> APIC 0x13 -> Node 0
[    0.000000] SRAT: PXM 0 -> APIC 0x14 -> Node 0
[    0.000000] SRAT: PXM 0 -> APIC 0x15 -> Node 0
[    0.000000] SRAT: PXM 0 -> APIC 0x16 -> Node 0
[    0.000000] SRAT: PXM 0 -> APIC 0x17 -> Node 0
[    0.000000] SRAT: PXM 0 -> APIC 0x18 -> Node 0
[    0.000000] SRAT: PXM 0 -> APIC 0x19 -> Node 0
[    0.000000] SRAT: PXM 0 -> APIC 0x1a -> Node 0
[    0.000000] SRAT: PXM 0 -> APIC 0x1b -> Node 0
[    0.000000] SRAT: PXM 0 -> APIC 0x1c -> Node 0
[    0.000000] SRAT: PXM 0 -> APIC 0x1d -> Node 0
[    0.000000] SRAT: PXM 0 -> APIC 0x1e -> Node 0
[    0.000000] SRAT: PXM 0 -> APIC 0x1f -> Node 0
[    0.000000] SRAT: PXM 0 -> APIC 0x20 -> Node 0
[    0.000000] SRAT: PXM 0 -> APIC 0x21 -> Node 0
[    0.000000] SRAT: PXM 0 -> APIC 0x22 -> Node 0
[    0.000000] SRAT: PXM 0 -> APIC 0x23 -> Node 0
[    0.000000] SRAT: PXM 0 -> APIC 0x24 -> Node 0
[    0.000000] SRAT: PXM 0 -> APIC 0x25 -> Node 0
[    0.000000] SRAT: PXM 0 -> APIC 0x26 -> Node 0
[    0.000000] SRAT: PXM 0 -> APIC 0x27 -> Node 0
[    0.000000] SRAT: PXM 0 -> APIC 0x28 -> Node 0
[    0.000000] SRAT: PXM 0 -> APIC 0x29 -> Node 0
[    0.000000] SRAT: PXM 0 -> APIC 0x2a -> Node 0
[    0.000000] SRAT: PXM 0 -> APIC 0x2b -> Node 0
[    0.000000] SRAT: PXM 0 -> APIC 0x2c -> Node 0
[    0.000000] SRAT: PXM 0 -> APIC 0x2d -> Node 0
[    0.000000] SRAT: PXM 0 -> APIC 0x2e -> Node 0
[    0.000000] SRAT: PXM 0 -> APIC 0x2f -> Node 0
[    0.000000] SRAT: PXM 0 -> APIC 0x30 -> Node 0
[    0.000000] SRAT: PXM 0 -> APIC 0x31 -> Node 0
[    0.000000] SRAT: PXM 0 -> APIC 0x32 -> Node 0
[    0.000000] SRAT: PXM 0 -> APIC 0x33 -> Node 0
[    0.000000] SRAT: PXM 0 -> APIC 0x34 -> Node 0
[    0.000000] SRAT: PXM 0 -> APIC 0x35 -> Node 0
[    0.000000] SRAT: PXM 0 -> APIC 0x36 -> Node 0
[    0.000000] SRAT: PXM 0 -> APIC 0x37 -> Node 0
[    0.000000] SRAT: PXM 0 -> APIC 0x38 -> Node 0
[    0.000000] SRAT: PXM 0 -> APIC 0x39 -> Node 0
[    0.000000] SRAT: PXM 0 -> APIC 0x3a -> Node 0
[    0.000000] SRAT: PXM 0 -> APIC 0x3b -> Node 0
[    0.000000] SRAT: PXM 0 -> APIC 0x3c -> Node 0
[    0.000000] SRAT: PXM 0 -> APIC 0x3d -> Node 0
[    0.000000] SRAT: PXM 0 -> APIC 0x3e -> Node 0
[    0.000000] SRAT: PXM 0 -> APIC 0x3f -> Node 0
[    0.000000] SRAT: PXM 0 -> APIC 0x40 -> Node 0
[    0.000000] SRAT: PXM 0 -> APIC 0x41 -> Node 0
[    0.000000] SRAT: PXM 0 -> APIC 0x42 -> Node 0
[    0.000000] SRAT: PXM 0 -> APIC 0x43 -> Node 0
[    0.000000] SRAT: PXM 0 -> APIC 0x44 -> Node 0
[    0.000000] SRAT: PXM 0 -> APIC 0x45 -> Node 0
[    0.000000] SRAT: PXM 0 -> APIC 0x46 -> Node 0
[    0.000000] SRAT: PXM 0 -> APIC 0x47 -> Node 0
[    0.000000] SRAT: PXM 0 -> APIC 0x48 -> Node 0
[    0.000000] SRAT: PXM 0 -> APIC 0x49 -> Node 0
[    0.000000] SRAT: PXM 0 -> APIC 0x4a -> Node 0
[    0.000000] SRAT: PXM 0 -> APIC 0x4b -> Node 0
[    0.000000] SRAT: PXM 0 -> APIC 0x4c -> Node 0
[    0.000000] SRAT: PXM 0 -> APIC 0x4d -> Node 0
[    0.000000] SRAT: PXM 0 -> APIC 0x4e -> Node 0
[    0.000000] SRAT: PXM 0 -> APIC 0x4f -> Node 0
[    0.000000] SRAT: PXM 0 -> APIC 0x50 -> Node 0
[    0.000000] SRAT: PXM 0 -> APIC 0x51 -> Node 0
[    0.000000] SRAT: PXM 0 -> APIC 0x52 -> Node 0
[    0.000000] SRAT: PXM 0 -> APIC 0x53 -> Node 0
[    0.000000] SRAT: PXM 0 -> APIC 0x54 -> Node 0
[    0.000000] SRAT: PXM 0 -> APIC 0x55 -> Node 0
[    0.000000] SRAT: PXM 0 -> APIC 0x56 -> Node 0
[    0.000000] SRAT: PXM 0 -> APIC 0x57 -> Node 0
[    0.000000] SRAT: PXM 0 -> APIC 0x58 -> Node 0
[    0.000000] SRAT: PXM 0 -> APIC 0x59 -> Node 0
[    0.000000] SRAT: PXM 0 -> APIC 0x5a -> Node 0
[    0.000000] SRAT: PXM 0 -> APIC 0x5b -> Node 0
[    0.000000] SRAT: PXM 0 -> APIC 0x5c -> Node 0
[    0.000000] SRAT: PXM 0 -> APIC 0x5d -> Node 0
[    0.000000] SRAT: PXM 0 -> APIC 0x5e -> Node 0
[    0.000000] SRAT: PXM 0 -> APIC 0x5f -> Node 0
[    0.000000] SRAT: PXM 0 -> APIC 0x60 -> Node 0
[    0.000000] SRAT: PXM 0 -> APIC 0x61 -> Node 0
[    0.000000] SRAT: PXM 0 -> APIC 0x62 -> Node 0
[    0.000000] SRAT: PXM 0 -> APIC 0x63 -> Node 0
[    0.000000] SRAT: PXM 0 -> APIC 0x64 -> Node 0
[    0.000000] SRAT: PXM 0 -> APIC 0x65 -> Node 0
[    0.000000] SRAT: PXM 0 -> APIC 0x66 -> Node 0
[    0.000000] SRAT: PXM 0 -> APIC 0x67 -> Node 0
[    0.000000] SRAT: PXM 0 -> APIC 0x68 -> Node 0
[    0.000000] SRAT: PXM 0 -> APIC 0x69 -> Node 0
[    0.000000] SRAT: PXM 0 -> APIC 0x6a -> Node 0
[    0.000000] SRAT: PXM 0 -> APIC 0x6b -> Node 0
[    0.000000] SRAT: PXM 0 -> APIC 0x6c -> Node 0
[    0.000000] SRAT: PXM 0 -> APIC 0x6d -> Node 0
[    0.000000] SRAT: PXM 0 -> APIC 0x6e -> Node 0
[    0.000000] SRAT: PXM 0 -> APIC 0x6f -> Node 0
[    0.000000] SRAT: PXM 0 -> APIC 0x70 -> Node 0
[    0.000000] SRAT: PXM 0 -> APIC 0x71 -> Node 0
[    0.000000] SRAT: PXM 0 -> APIC 0x72 -> Node 0
[    0.000000] SRAT: PXM 0 -> APIC 0x73 -> Node 0
[    0.000000] SRAT: PXM 0 -> APIC 0x74 -> Node 0
[    0.000000] SRAT: PXM 0 -> APIC 0x75 -> Node 0
[    0.000000] SRAT: PXM 0 -> APIC 0x76 -> Node 0
[    0.000000] SRAT: PXM 0 -> APIC 0x77 -> Node 0
[    0.000000] SRAT: PXM 0 -> APIC 0x78 -> Node 0
[    0.000000] SRAT: PXM 0 -> APIC 0x79 -> Node 0
[    0.000000] SRAT: PXM 0 -> APIC 0x7a -> Node 0
[    0.000000] SRAT: PXM 0 -> APIC 0x7b -> Node 0
[    0.000000] SRAT: PXM 0 -> APIC 0x7c -> Node 0
[    0.000000] SRAT: PXM 0 -> APIC 0x7d -> Node 0
[    0.000000] SRAT: PXM 0 -> APIC 0x7e -> Node 0
[    0.000000] SRAT: PXM 0 -> APIC 0x7f -> Node 0
[    0.000000] ACPI: SRAT: Node 0 PXM 0 [mem 0x00000000-0x0009ffff]
[    0.000000] ACPI: SRAT: Node 0 PXM 0 [mem 0x00100000-0xbfffffff]
[    0.000000] ACPI: SRAT: Node 0 PXM 0 [mem 0x100000000-0x23fffffff]
[    0.000000] ACPI: SRAT: Node 0 PXM 0 [mem 0x240000000-0x203fffffff] hotplug
[    0.000000] NUMA: Node 0 [mem 0x00000000-0x0009ffff] + [mem 0x00100000-0xbfffffff] -> [mem 0x00000000-0xbfffffff]
[    0.000000] NUMA: Node 0 [mem 0x00000000-0xbfffffff] + [mem 0x100000000-0x23fffffff] -> [mem 0x00000000-0x23fffffff]
[    0.000000] NODE_DATA(0) allocated [mem 0x23ffd5000-0x23fffffff]
[    0.000000] Zone ranges:
[    0.000000]   DMA      [mem 0x0000000000001000-0x0000000000ffffff]
[    0.000000]   DMA32    [mem 0x0000000001000000-0x00000000ffffffff]
[    0.000000]   Normal   [mem 0x0000000100000000-0x000000023fffffff]
[    0.000000]   Device   empty
[    0.000000] Movable zone start for each node
[    0.000000] Early memory node ranges
[    0.000000]   node   0: [mem 0x0000000000001000-0x000000000009dfff]
[    0.000000]   node   0: [mem 0x0000000000100000-0x00000000bfecffff]
[    0.000000]   node   0: [mem 0x00000000bff00000-0x00000000bfffffff]
[    0.000000]   node   0: [mem 0x0000000100000000-0x000000023fffffff]
[    0.000000] Reserved but unavailable: 147 pages
[    0.000000] Initmem setup node 0 [mem 0x0000000000001000-0x000000023fffffff]
[    0.000000] On node 0 totalpages: 2097005
[    0.000000]   DMA zone: 64 pages used for memmap
[    0.000000]   DMA zone: 21 pages reserved
[    0.000000]   DMA zone: 3997 pages, LIFO batch:0
[    0.000000]   DMA32 zone: 12224 pages used for memmap
[    0.000000]   DMA32 zone: 782288 pages, LIFO batch:31
[    0.000000]   Normal zone: 20480 pages used for memmap
[    0.000000]   Normal zone: 1310720 pages, LIFO batch:31
[    0.000000] ACPI: PM-Timer IO Port: 0x1008
[    0.000000] ACPI: Local APIC address 0xfee00000
[    0.000000] system APIC only can use physical flat
[    0.000000] ACPI: LAPIC_NMI (acpi_id[0x00] high edge lint[0x1])
[    0.000000] ACPI: LAPIC_NMI (acpi_id[0x01] high edge lint[0x1])
[    0.000000] ACPI: LAPIC_NMI (acpi_id[0x02] high edge lint[0x1])
[    0.000000] ACPI: LAPIC_NMI (acpi_id[0x03] high edge lint[0x1])
[    0.000000] ACPI: LAPIC_NMI (acpi_id[0x04] high edge lint[0x1])
[    0.000000] ACPI: LAPIC_NMI (acpi_id[0x05] high edge lint[0x1])
[    0.000000] ACPI: LAPIC_NMI (acpi_id[0x06] high edge lint[0x1])
[    0.000000] ACPI: LAPIC_NMI (acpi_id[0x07] high edge lint[0x1])
[    0.000000] ACPI: LAPIC_NMI (acpi_id[0x08] high edge lint[0x1])
[    0.000000] ACPI: LAPIC_NMI (acpi_id[0x09] high edge lint[0x1])
[    0.000000] ACPI: LAPIC_NMI (acpi_id[0x0a] high edge lint[0x1])
[    0.000000] ACPI: LAPIC_NMI (acpi_id[0x0b] high edge lint[0x1])
[    0.000000] ACPI: LAPIC_NMI (acpi_id[0x0c] high edge lint[0x1])
[    0.000000] ACPI: LAPIC_NMI (acpi_id[0x0d] high edge lint[0x1])
[    0.000000] ACPI: LAPIC_NMI (acpi_id[0x0e] high edge lint[0x1])
[    0.000000] ACPI: LAPIC_NMI (acpi_id[0x0f] high edge lint[0x1])
[    0.000000] ACPI: LAPIC_NMI (acpi_id[0x10] high edge lint[0x1])
[    0.000000] ACPI: LAPIC_NMI (acpi_id[0x11] high edge lint[0x1])
[    0.000000] ACPI: LAPIC_NMI (acpi_id[0x12] high edge lint[0x1])
[    0.000000] ACPI: LAPIC_NMI (acpi_id[0x13] high edge lint[0x1])
[    0.000000] ACPI: LAPIC_NMI (acpi_id[0x14] high edge lint[0x1])
[    0.000000] ACPI: LAPIC_NMI (acpi_id[0x15] high edge lint[0x1])
[    0.000000] ACPI: LAPIC_NMI (acpi_id[0x16] high edge lint[0x1])
[    0.000000] ACPI: LAPIC_NMI (acpi_id[0x17] high edge lint[0x1])
[    0.000000] ACPI: LAPIC_NMI (acpi_id[0x18] high edge lint[0x1])
[    0.000000] ACPI: LAPIC_NMI (acpi_id[0x19] high edge lint[0x1])
[    0.000000] ACPI: LAPIC_NMI (acpi_id[0x1a] high edge lint[0x1])
[    0.000000] ACPI: LAPIC_NMI (acpi_id[0x1b] high edge lint[0x1])
[    0.000000] ACPI: LAPIC_NMI (acpi_id[0x1c] high edge lint[0x1])
[    0.000000] ACPI: LAPIC_NMI (acpi_id[0x1d] high edge lint[0x1])
[    0.000000] ACPI: LAPIC_NMI (acpi_id[0x1e] high edge lint[0x1])
[    0.000000] ACPI: LAPIC_NMI (acpi_id[0x1f] high edge lint[0x1])
[    0.000000] ACPI: LAPIC_NMI (acpi_id[0x20] high edge lint[0x1])
[    0.000000] ACPI: LAPIC_NMI (acpi_id[0x21] high edge lint[0x1])
[    0.000000] ACPI: LAPIC_NMI (acpi_id[0x22] high edge lint[0x1])
[    0.000000] ACPI: LAPIC_NMI (acpi_id[0x23] high edge lint[0x1])
[    0.000000] ACPI: LAPIC_NMI (acpi_id[0x24] high edge lint[0x1])
[    0.000000] ACPI: LAPIC_NMI (acpi_id[0x25] high edge lint[0x1])
[    0.000000] ACPI: LAPIC_NMI (acpi_id[0x26] high edge lint[0x1])
[    0.000000] ACPI: LAPIC_NMI (acpi_id[0x27] high edge lint[0x1])
[    0.000000] ACPI: LAPIC_NMI (acpi_id[0x28] high edge lint[0x1])
[    0.000000] ACPI: LAPIC_NMI (acpi_id[0x29] high edge lint[0x1])
[    0.000000] ACPI: LAPIC_NMI (acpi_id[0x2a] high edge lint[0x1])
[    0.000000] ACPI: LAPIC_NMI (acpi_id[0x2b] high edge lint[0x1])
[    0.000000] ACPI: LAPIC_NMI (acpi_id[0x2c] high edge lint[0x1])
[    0.000000] ACPI: LAPIC_NMI (acpi_id[0x2d] high edge lint[0x1])
[    0.000000] ACPI: LAPIC_NMI (acpi_id[0x2e] high edge lint[0x1])
[    0.000000] ACPI: LAPIC_NMI (acpi_id[0x2f] high edge lint[0x1])
[    0.000000] ACPI: LAPIC_NMI (acpi_id[0x30] high edge lint[0x1])
[    0.000000] ACPI: LAPIC_NMI (acpi_id[0x31] high edge lint[0x1])
[    0.000000] ACPI: LAPIC_NMI (acpi_id[0x32] high edge lint[0x1])
[    0.000000] ACPI: LAPIC_NMI (acpi_id[0x33] high edge lint[0x1])
[    0.000000] ACPI: LAPIC_NMI (acpi_id[0x34] high edge lint[0x1])
[    0.000000] ACPI: LAPIC_NMI (acpi_id[0x35] high edge lint[0x1])
[    0.000000] ACPI: LAPIC_NMI (acpi_id[0x36] high edge lint[0x1])
[    0.000000] ACPI: LAPIC_NMI (acpi_id[0x37] high edge lint[0x1])
[    0.000000] ACPI: LAPIC_NMI (acpi_id[0x38] high edge lint[0x1])
[    0.000000] ACPI: LAPIC_NMI (acpi_id[0x39] high edge lint[0x1])
[    0.000000] ACPI: LAPIC_NMI (acpi_id[0x3a] high edge lint[0x1])
[    0.000000] ACPI: LAPIC_NMI (acpi_id[0x3b] high edge lint[0x1])
[    0.000000] ACPI: LAPIC_NMI (acpi_id[0x3c] high edge lint[0x1])
[    0.000000] ACPI: LAPIC_NMI (acpi_id[0x3d] high edge lint[0x1])
[    0.000000] ACPI: LAPIC_NMI (acpi_id[0x3e] high edge lint[0x1])
[    0.000000] ACPI: LAPIC_NMI (acpi_id[0x3f] high edge lint[0x1])
[    0.000000] ACPI: LAPIC_NMI (acpi_id[0x40] high edge lint[0x1])
[    0.000000] ACPI: LAPIC_NMI (acpi_id[0x41] high edge lint[0x1])
[    0.000000] ACPI: LAPIC_NMI (acpi_id[0x42] high edge lint[0x1])
[    0.000000] ACPI: LAPIC_NMI (acpi_id[0x43] high edge lint[0x1])
[    0.000000] ACPI: LAPIC_NMI (acpi_id[0x44] high edge lint[0x1])
[    0.000000] ACPI: LAPIC_NMI (acpi_id[0x45] high edge lint[0x1])
[    0.000000] ACPI: LAPIC_NMI (acpi_id[0x46] high edge lint[0x1])
[    0.000000] ACPI: LAPIC_NMI (acpi_id[0x47] high edge lint[0x1])
[    0.000000] ACPI: LAPIC_NMI (acpi_id[0x48] high edge lint[0x1])
[    0.000000] ACPI: LAPIC_NMI (acpi_id[0x49] high edge lint[0x1])
[    0.000000] ACPI: LAPIC_NMI (acpi_id[0x4a] high edge lint[0x1])
[    0.000000] ACPI: LAPIC_NMI (acpi_id[0x4b] high edge lint[0x1])
[    0.000000] ACPI: LAPIC_NMI (acpi_id[0x4c] high edge lint[0x1])
[    0.000000] ACPI: LAPIC_NMI (acpi_id[0x4d] high edge lint[0x1])
[    0.000000] ACPI: LAPIC_NMI (acpi_id[0x4e] high edge lint[0x1])
[    0.000000] ACPI: LAPIC_NMI (acpi_id[0x4f] high edge lint[0x1])
[    0.000000] ACPI: LAPIC_NMI (acpi_id[0x50] high edge lint[0x1])
[    0.000000] ACPI: LAPIC_NMI (acpi_id[0x51] high edge lint[0x1])
[    0.000000] ACPI: LAPIC_NMI (acpi_id[0x52] high edge lint[0x1])
[    0.000000] ACPI: LAPIC_NMI (acpi_id[0x53] high edge lint[0x1])
[    0.000000] ACPI: LAPIC_NMI (acpi_id[0x54] high edge lint[0x1])
[    0.000000] ACPI: LAPIC_NMI (acpi_id[0x55] high edge lint[0x1])
[    0.000000] ACPI: LAPIC_NMI (acpi_id[0x56] high edge lint[0x1])
[    0.000000] ACPI: LAPIC_NMI (acpi_id[0x57] high edge lint[0x1])
[    0.000000] ACPI: LAPIC_NMI (acpi_id[0x58] high edge lint[0x1])
[    0.000000] ACPI: LAPIC_NMI (acpi_id[0x59] high edge lint[0x1])
[    0.000000] ACPI: LAPIC_NMI (acpi_id[0x5a] high edge lint[0x1])
[    0.000000] ACPI: LAPIC_NMI (acpi_id[0x5b] high edge lint[0x1])
[    0.000000] ACPI: LAPIC_NMI (acpi_id[0x5c] high edge lint[0x1])
[    0.000000] ACPI: LAPIC_NMI (acpi_id[0x5d] high edge lint[0x1])
[    0.000000] ACPI: LAPIC_NMI (acpi_id[0x5e] high edge lint[0x1])
[    0.000000] ACPI: LAPIC_NMI (acpi_id[0x5f] high edge lint[0x1])
[    0.000000] ACPI: LAPIC_NMI (acpi_id[0x60] high edge lint[0x1])
[    0.000000] ACPI: LAPIC_NMI (acpi_id[0x61] high edge lint[0x1])
[    0.000000] ACPI: LAPIC_NMI (acpi_id[0x62] high edge lint[0x1])
[    0.000000] ACPI: LAPIC_NMI (acpi_id[0x63] high edge lint[0x1])
[    0.000000] ACPI: LAPIC_NMI (acpi_id[0x64] high edge lint[0x1])
[    0.000000] ACPI: LAPIC_NMI (acpi_id[0x65] high edge lint[0x1])
[    0.000000] ACPI: LAPIC_NMI (acpi_id[0x66] high edge lint[0x1])
[    0.000000] ACPI: LAPIC_NMI (acpi_id[0x67] high edge lint[0x1])
[    0.000000] ACPI: LAPIC_NMI (acpi_id[0x68] high edge lint[0x1])
[    0.000000] ACPI: LAPIC_NMI (acpi_id[0x69] high edge lint[0x1])
[    0.000000] ACPI: LAPIC_NMI (acpi_id[0x6a] high edge lint[0x1])
[    0.000000] ACPI: LAPIC_NMI (acpi_id[0x6b] high edge lint[0x1])
[    0.000000] ACPI: LAPIC_NMI (acpi_id[0x6c] high edge lint[0x1])
[    0.000000] ACPI: LAPIC_NMI (acpi_id[0x6d] high edge lint[0x1])
[    0.000000] ACPI: LAPIC_NMI (acpi_id[0x6e] high edge lint[0x1])
[    0.000000] ACPI: LAPIC_NMI (acpi_id[0x6f] high edge lint[0x1])
[    0.000000] ACPI: LAPIC_NMI (acpi_id[0x70] high edge lint[0x1])
[    0.000000] ACPI: LAPIC_NMI (acpi_id[0x71] high edge lint[0x1])
[    0.000000] ACPI: LAPIC_NMI (acpi_id[0x72] high edge lint[0x1])
[    0.000000] ACPI: LAPIC_NMI (acpi_id[0x73] high edge lint[0x1])
[    0.000000] ACPI: LAPIC_NMI (acpi_id[0x74] high edge lint[0x1])
[    0.000000] ACPI: LAPIC_NMI (acpi_id[0x75] high edge lint[0x1])
[    0.000000] ACPI: LAPIC_NMI (acpi_id[0x76] high edge lint[0x1])
[    0.000000] ACPI: LAPIC_NMI (acpi_id[0x77] high edge lint[0x1])
[    0.000000] ACPI: LAPIC_NMI (acpi_id[0x78] high edge lint[0x1])
[    0.000000] ACPI: LAPIC_NMI (acpi_id[0x79] high edge lint[0x1])
[    0.000000] ACPI: LAPIC_NMI (acpi_id[0x7a] high edge lint[0x1])
[    0.000000] ACPI: LAPIC_NMI (acpi_id[0x7b] high edge lint[0x1])
[    0.000000] ACPI: LAPIC_NMI (acpi_id[0x7c] high edge lint[0x1])
[    0.000000] ACPI: LAPIC_NMI (acpi_id[0x7d] high edge lint[0x1])
[    0.000000] ACPI: LAPIC_NMI (acpi_id[0x7e] high edge lint[0x1])
[    0.000000] ACPI: LAPIC_NMI (acpi_id[0x7f] high edge lint[0x1])
[    0.000000] IOAPIC[0]: apic_id 128, version 32, address 0xfec00000, GSI 0-23
[    0.000000] ACPI: INT_SRC_OVR (bus 0 bus_irq 0 global_irq 2 high edge)
[    0.000000] ACPI: IRQ0 used by override.
[    0.000000] ACPI: IRQ9 used by override.
[    0.000000] Using ACPI (MADT) for SMP configuration information
[    0.000000] ACPI: HPET id: 0x8086af01 base: 0xfed00000
[    0.000000] smpboot: Allowing 128 CPUs, 124 hotplug CPUs
[    0.000000] PM: Registered nosave memory: [mem 0x00000000-0x00000fff]
[    0.000000] PM: Registered nosave memory: [mem 0x0009e000-0x0009efff]
[    0.000000] PM: Registered nosave memory: [mem 0x0009f000-0x0009ffff]
[    0.000000] PM: Registered nosave memory: [mem 0x000a0000-0x000dbfff]
[    0.000000] PM: Registered nosave memory: [mem 0x000dc000-0x000fffff]
[    0.000000] PM: Registered nosave memory: [mem 0xbfed0000-0xbfefefff]
[    0.000000] PM: Registered nosave memory: [mem 0xbfeff000-0xbfefffff]
[    0.000000] PM: Registered nosave memory: [mem 0xc0000000-0xefffffff]
[    0.000000] PM: Registered nosave memory: [mem 0xf0000000-0xf7ffffff]
[    0.000000] PM: Registered nosave memory: [mem 0xf8000000-0xfebfffff]
[    0.000000] PM: Registered nosave memory: [mem 0xfec00000-0xfec0ffff]
[    0.000000] PM: Registered nosave memory: [mem 0xfec10000-0xfedfffff]
[    0.000000] PM: Registered nosave memory: [mem 0xfee00000-0xfee00fff]
[    0.000000] PM: Registered nosave memory: [mem 0xfee01000-0xfffdffff]
[    0.000000] PM: Registered nosave memory: [mem 0xfffe0000-0xffffffff]
[    0.000000] e820: [mem 0xc0000000-0xefffffff] available for PCI devices
[    0.000000] Booting paravirtualized kernel on VMware hypervisor
[    0.000000] clocksource: refined-jiffies: mask: 0xffffffff max_cycles: 0xffffffff, max_idle_ns: 7645519600211568 ns
[    0.000000] random: get_random_bytes called from start_kernel+0x99/0x578 with crng_init=0
[    0.000000] setup_percpu: NR_CPUS:8192 nr_cpumask_bits:128 nr_cpu_ids:128 nr_node_ids:1
[    0.000000] percpu: Embedded 46 pages/cpu @        (ptrval) s151552 r8192 d28672 u262144
[    0.000000] pcpu-alloc: s151552 r8192 d28672 u262144 alloc=1*2097152
[    0.000000] pcpu-alloc: [0] 000 001 002 003 004 005 006 007 
[    0.000000] pcpu-alloc: [0] 008 009 010 011 012 013 014 015 
[    0.000000] pcpu-alloc: [0] 016 017 018 019 020 021 022 023 
[    0.000000] pcpu-alloc: [0] 024 025 026 027 028 029 030 031 
[    0.000000] pcpu-alloc: [0] 032 033 034 035 036 037 038 039 
[    0.000000] pcpu-alloc: [0] 040 041 042 043 044 045 046 047 
[    0.000000] pcpu-alloc: [0] 048 049 050 051 052 053 054 055 
[    0.000000] pcpu-alloc: [0] 056 057 058 059 060 061 062 063 
[    0.000000] pcpu-alloc: [0] 064 065 066 067 068 069 070 071 
[    0.000000] pcpu-alloc: [0] 072 073 074 075 076 077 078 079 
[    0.000000] pcpu-alloc: [0] 080 081 082 083 084 085 086 087 
[    0.000000] pcpu-alloc: [0] 088 089 090 091 092 093 094 095 
[    0.000000] pcpu-alloc: [0] 096 097 098 099 100 101 102 103 
[    0.000000] pcpu-alloc: [0] 104 105 106 107 108 109 110 111 
[    0.000000] pcpu-alloc: [0] 112 113 114 115 116 117 118 119 
[    0.000000] pcpu-alloc: [0] 120 121 122 123 124 125 126 127 
[    0.000000] Built 1 zonelists, mobility grouping on.  Total pages: 2064216
[    0.000000] Policy zone: Normal
[    0.000000] Kernel command line: BOOT_IMAGE=/boot/vmlinuz-4.17.12+ root=UUID=a61db7ca-8b34-4b50-9a54-afeefc97dd49 ro find_preseed=/preseed.cfg auto noprompt priority=critical locale=en_US
[    0.000000] log_buf_len individual max cpu contribution: 4096 bytes
[    0.000000] log_buf_len total cpu_extra contributions: 520192 bytes
[    0.000000] log_buf_len min size: 262144 bytes
[    0.000000] log_buf_len: 1048576 bytes
[    0.000000] early log buf free: 224204(85%)
[    0.000000] Calgary: detecting Calgary via BIOS EBDA area
[    0.000000] Calgary: Unable to locate Rio Grande table in EBDA - bailing!
[    0.000000] Memory: 7684632K/8388020K available (12300K kernel code, 2515K rwdata, 4336K rodata, 2424K init, 2384K bss, 703388K reserved, 0K cma-reserved)
[    0.000000] SLUB: HWalign=64, Order=0-3, MinObjects=0, CPUs=128, Nodes=1
[    0.000000] ftrace: allocating 40262 entries in 158 pages
[    0.004000] Hierarchical RCU implementation.
[    0.004000] 	RCU restricting CPUs from NR_CPUS=8192 to nr_cpu_ids=128.
[    0.004000] 	Tasks RCU enabled.
[    0.004000] RCU: Adjusting geometry for rcu_fanout_leaf=16, nr_cpu_ids=128
[    0.004000] NR_IRQS: 524544, nr_irqs: 1448, preallocated irqs: 16
[    0.004000] Console: colour VGA+ 80x25
[    0.004000] console [tty0] enabled
[    0.004000] ACPI: Core revision 20180313
[    0.004000] clocksource: hpet: mask: 0xffffffff max_cycles: 0xffffffff, max_idle_ns: 133484882848 ns
[    0.004000] hpet clockevent registered
[    0.004000] APIC: Switch to symmetric I/O mode setup
[    0.004000] x2apic enabled
[    0.004000] Switched APIC routing to physical x2apic.
[    0.004000] ..TIMER: vector=0x30 apic1=0 pin1=2 apic2=-1 pin2=-1
[    0.004000] tsc: Detected 3096.001 MHz processor
[    0.004000] clocksource: tsc-early: mask: 0xffffffffffffffff max_cycles: 0x2ca085e1386, max_idle_ns: 440795294345 ns
[    0.004000] Calibrating delay loop (skipped) preset value.. 6192.00 BogoMIPS (lpj=12384004)
[    0.004000] pid_max: default: 131072 minimum: 1024
[    0.004000] Security Framework initialized
[    0.004000] Yama: becoming mindful.
[    0.004000] AppArmor: AppArmor initialized
[    0.008038] Dentry cache hash table entries: 1048576 (order: 11, 8388608 bytes)
[    0.009324] Inode-cache hash table entries: 524288 (order: 10, 4194304 bytes)
[    0.009527] Mount-cache hash table entries: 16384 (order: 5, 131072 bytes)
[    0.009693] Mountpoint-cache hash table entries: 16384 (order: 5, 131072 bytes)
[    0.010147] Disabled fast string operations
[    0.010237] CPU: Physical Processor ID: 0
[    0.010317] CPU: Processor Core ID: 0
[    0.010401] mce: CPU supports 8 MCE banks
[    0.010509] Last level iTLB entries: 4KB 64, 2MB 8, 4MB 8
[    0.010613] Last level dTLB entries: 4KB 64, 2MB 0, 4MB 0, 1GB 4
[    0.010729] Spectre V2 : Mitigation: Full generic retpoline
[    0.010836] Spectre V2 : Spectre v2 mitigation: Enabling Indirect Branch Prediction Barrier
[    0.011003] Spectre V2 : Enabling Restricted Speculation for firmware calls
[    0.011135] Speculative Store Bypass: Mitigation: Speculative Store Bypass disabled via prctl and seccomp
[    0.014921] Freeing SMP alternatives memory: 36K
[    0.017780] TSC deadline timer enabled
[    0.017801] smpboot: CPU0: Intel(R) Core(TM) i5-10500 CPU @ 3.10GHz (family: 0x6, model: 0xa5, stepping: 0x3)
[    0.018128] Performance Events: generic architected perfmon v1, core PMU driver.
[    0.018288] core: CPUID marked event: 'cpu cycles' unavailable
[    0.018401] core: CPUID marked event: 'instructions' unavailable
[    0.018517] core: CPUID marked event: 'bus cycles' unavailable
[    0.018629] core: CPUID marked event: 'cache references' unavailable
[    0.018752] core: CPUID marked event: 'cache misses' unavailable
[    0.018867] core: CPUID marked event: 'branch instructions' unavailable
[    0.018994] core: CPUID marked event: 'branch misses' unavailable
[    0.019121] ... version:                1
[    0.019201] ... bit width:              48
[    0.019282] ... generic registers:      4
[    0.019362] ... value mask:             0000ffffffffffff
[    0.019465] ... max period:             000000007fffffff
[    0.019568] ... fixed-purpose events:   0
[    0.019648] ... event mask:             000000000000000f
[    0.019816] Hierarchical SRCU implementation.
[    0.020000] NMI watchdog: Perf event create on CPU 0 failed with -2
[    0.020000] NMI watchdog: Perf NMI watchdog permanently disabled
[    0.022256] smp: Bringing up secondary CPUs ...
[    0.022898] hhhhhh
[    0.022985] x86: Booting SMP configuration:
[    0.023070] .... node  #0, CPUs:          #1
[    0.004000] Disabled fast string operations
[    0.024060] hhhhhh
[    0.024244]    #2
[    0.004000] Disabled fast string operations
[    0.024890] hhhhhh
[    0.024890]    #3
[    0.004000] Disabled fast string operations
[    0.025342] smp: Brought up 1 node, 4 CPUs
[    0.025342] smpboot: Max logical packages: 64
[    0.025342] smpboot: Total of 4 processors activated (24768.00 BogoMIPS)
[    0.029822] devtmpfs: initialized
[    0.029822] x86/mm: Memory block size: 128MB
[    0.029822] evm: security.selinux
[    0.029822] evm: security.SMACK64
[    0.029822] evm: security.SMACK64EXEC
[    0.029822] evm: security.SMACK64TRANSMUTE
[    0.029822] evm: security.SMACK64MMAP
[    0.029822] evm: security.apparmor
[    0.029822] evm: security.ima
[    0.029822] evm: security.capability
[    0.032077] PM: Registering ACPI NVS region [mem 0xbfeff000-0xbfefffff] (4096 bytes)
[    0.032528] clocksource: jiffies: mask: 0xffffffff max_cycles: 0xffffffff, max_idle_ns: 7645041785100000 ns
[    0.032528] futex hash table entries: 32768 (order: 9, 2097152 bytes)
[    0.034102] pinctrl core: initialized pinctrl subsystem
[    0.034336] RTC time: 11:52:02, date: 11/19/20
[    0.035190] NET: Registered protocol family 16
[    0.035300] audit: initializing netlink subsys (disabled)
[    0.036043] audit: type=2000 audit(1605786722.036:1): state=initialized audit_enabled=0 res=1
[    0.036135] cpuidle: using governor ladder
[    0.036135] cpuidle: using governor menu
[    0.036135] Simple Boot Flag at 0x36 set to 0x80
[    0.036145] ACPI: bus type PCI registered
[    0.036180] acpiphp: ACPI Hot Plug PCI Controller Driver version: 0.5
[    0.036388] PCI: MMCONFIG for domain 0000 [bus 00-7f] at [mem 0xf0000000-0xf7ffffff] (base 0xf0000000)
[    0.036467] PCI: MMCONFIG at [mem 0xf0000000-0xf7ffffff] reserved in E820
[    0.036563] pmd_set_huge: Cannot satisfy [mem 0xf0000000-0xf0200000] with a huge-page mapping due to MTRR override.
[    0.036768] PCI: Using configuration type 1 for base access
[    0.036842] HugeTLB registered 1.00 GiB page size, pre-allocated 0 pages
[    0.036842] HugeTLB registered 2.00 MiB page size, pre-allocated 0 pages
[    0.040012] ACPI: Added _OSI(Module Device)
[    0.040012] ACPI: Added _OSI(Processor Device)
[    0.040012] ACPI: Added _OSI(3.0 _SCP Extensions)
[    0.040012] ACPI: Added _OSI(Processor Aggregator Device)
[    0.040012] ACPI: Added _OSI(Linux-Dell-Video)
[    0.055238] ACPI: 1 ACPI AML tables successfully acquired and loaded
[    0.058214] ACPI: [Firmware Bug]: BIOS _OSI(Linux) query ignored
[    0.084293] ACPI: Interpreter enabled
[    0.084384] ACPI: (supports S0 S1 S4 S5)
[    0.084417] ACPI: Using IOAPIC for interrupt routing
[    0.084519] PCI: Using host bridge windows from ACPI; if necessary, use "pci=nocrs" and report a bug
[    0.086506] ACPI: Enabled 4 GPEs in block 00 to 0F
[    0.268986] ACPI: PCI Root Bridge [PCI0] (domain 0000 [bus 00-7f])
[    0.269049] acpi PNP0A03:00: _OSC: OS supports [ExtendedConfig ASPM ClockPM Segments MSI]
[    0.269286] acpi PNP0A03:00: _OSC: platform does not support [AER]
[    0.269499] acpi PNP0A03:00: _OSC: OS now controls [PCIeHotplug PME PCIeCapability]
[    0.273483] PCI host bridge to bus 0000:00
[    0.273521] pci_bus 0000:00: root bus resource [mem 0x000a0000-0x000bffff window]
[    0.273576] pci_bus 0000:00: root bus resource [mem 0x000d0000-0x000d3fff window]
[    0.273632] pci_bus 0000:00: root bus resource [mem 0x000d4000-0x000d7fff window]
[    0.273687] pci_bus 0000:00: root bus resource [mem 0x000d8000-0x000dbfff window]
[    0.273745] pci_bus 0000:00: root bus resource [mem 0xc0000000-0xfebfffff window]
[    0.273825] pci_bus 0000:00: root bus resource [io  0x0000-0x0cf7 window]
[    0.274079] pci_bus 0000:00: root bus resource [io  0x0d00-0xfeff window]
[    0.274295] pci_bus 0000:00: root bus resource [bus 00-7f]
[    0.274374] pci 0000:00:00.0: [8086:7190] type 00 class 0x060000
[    0.274911] pci 0000:00:01.0: [8086:7191] type 01 class 0x060400
[    0.275320] pci 0000:00:07.0: [8086:7110] type 00 class 0x060100
[    0.275869] pci 0000:00:07.1: [8086:7111] type 00 class 0x01018a
[    0.277026] pci 0000:00:07.1: reg 0x20: [io  0x1060-0x106f]
[    0.277400] pci 0000:00:07.1: legacy IDE quirk: reg 0x10: [io  0x01f0-0x01f7]
[    0.277456] pci 0000:00:07.1: legacy IDE quirk: reg 0x14: [io  0x03f6]
[    0.277504] pci 0000:00:07.1: legacy IDE quirk: reg 0x18: [io  0x0170-0x0177]
[    0.277554] pci 0000:00:07.1: legacy IDE quirk: reg 0x1c: [io  0x0376]
[    0.277799] pci 0000:00:07.3: [8086:7113] type 00 class 0x068000
[    0.279131] pci 0000:00:07.3: quirk: [io  0x1000-0x103f] claimed by PIIX4 ACPI
[    0.279194] pci 0000:00:07.3: quirk: [io  0x1040-0x104f] claimed by PIIX4 SMB
[    0.279490] pci 0000:00:07.7: [15ad:0740] type 00 class 0x088000
[    0.279879] pci 0000:00:07.7: reg 0x10: [io  0x1080-0x10bf]
[    0.280201] pci 0000:00:07.7: reg 0x14: [mem 0xfebfe000-0xfebfffff 64bit]
[    0.281924] pci 0000:00:0f.0: [15ad:0405] type 00 class 0x030000
[    0.282985] pci 0000:00:0f.0: reg 0x10: [io  0x1070-0x107f]
[    0.283924] pci 0000:00:0f.0: reg 0x14: [mem 0xe8000000-0xefffffff pref]
[    0.284595] pci 0000:00:0f.0: reg 0x18: [mem 0xfe000000-0xfe7fffff]
[    0.291671] pci 0000:00:0f.0: reg 0x30: [mem 0x00000000-0x00007fff pref]
[    0.292044] pci 0000:00:10.0: [1000:0030] type 00 class 0x010000
[    0.292946] pci 0000:00:10.0: reg 0x10: [io  0x1400-0x14ff]
[    0.293831] pci 0000:00:10.0: reg 0x14: [mem 0xfeba0000-0xfebbffff 64bit]
[    0.294360] pci 0000:00:10.0: reg 0x1c: [mem 0xfebc0000-0xfebdffff 64bit]
[    0.295448] pci 0000:00:10.0: reg 0x30: [mem 0x00000000-0x00003fff pref]
[    0.295810] pci 0000:00:11.0: [15ad:0790] type 01 class 0x060401
[    0.296368] pci 0000:00:15.0: [15ad:07a0] type 01 class 0x060400
[    0.296937] pci 0000:00:15.0: PME# supported from D0 D3hot D3cold
[    0.297224] pci 0000:00:15.1: [15ad:07a0] type 01 class 0x060400
[    0.297746] pci 0000:00:15.1: PME# supported from D0 D3hot D3cold
[    0.298028] pci 0000:00:15.2: [15ad:07a0] type 01 class 0x060400
[    0.298544] pci 0000:00:15.2: PME# supported from D0 D3hot D3cold
[    0.298893] pci 0000:00:15.3: [15ad:07a0] type 01 class 0x060400
[    0.299437] pci 0000:00:15.3: PME# supported from D0 D3hot D3cold
[    0.299732] pci 0000:00:15.4: [15ad:07a0] type 01 class 0x060400
[    0.300245] pci 0000:00:15.4: PME# supported from D0 D3hot D3cold
[    0.300547] pci 0000:00:15.5: [15ad:07a0] type 01 class 0x060400
[    0.301156] pci 0000:00:15.5: PME# supported from D0 D3hot D3cold
[    0.302421] pci 0000:00:15.6: [15ad:07a0] type 01 class 0x060400
[    0.303213] pci 0000:00:15.6: PME# supported from D0 D3hot D3cold
[    0.303565] pci 0000:00:15.7: [15ad:07a0] type 01 class 0x060400
[    0.304165] pci 0000:00:15.7: PME# supported from D0 D3hot D3cold
[    0.304468] pci 0000:00:16.0: [15ad:07a0] type 01 class 0x060400
[    0.305022] pci 0000:00:16.0: PME# supported from D0 D3hot D3cold
[    0.305324] pci 0000:00:16.1: [15ad:07a0] type 01 class 0x060400
[    0.306176] pci 0000:00:16.1: PME# supported from D0 D3hot D3cold
[    0.306474] pci 0000:00:16.2: [15ad:07a0] type 01 class 0x060400
[    0.306999] pci 0000:00:16.2: PME# supported from D0 D3hot D3cold
[    0.307297] pci 0000:00:16.3: [15ad:07a0] type 01 class 0x060400
[    0.307823] pci 0000:00:16.3: PME# supported from D0 D3hot D3cold
[    0.308066] pci 0000:00:16.4: [15ad:07a0] type 01 class 0x060400
[    0.308591] pci 0000:00:16.4: PME# supported from D0 D3hot D3cold
[    0.308879] pci 0000:00:16.5: [15ad:07a0] type 01 class 0x060400
[    0.309397] pci 0000:00:16.5: PME# supported from D0 D3hot D3cold
[    0.309689] pci 0000:00:16.6: [15ad:07a0] type 01 class 0x060400
[    0.310204] pci 0000:00:16.6: PME# supported from D0 D3hot D3cold
[    0.310490] pci 0000:00:16.7: [15ad:07a0] type 01 class 0x060400
[    0.311033] pci 0000:00:16.7: PME# supported from D0 D3hot D3cold
[    0.311332] pci 0000:00:17.0: [15ad:07a0] type 01 class 0x060400
[    0.311897] pci 0000:00:17.0: PME# supported from D0 D3hot D3cold
[    0.312184] pci 0000:00:17.1: [15ad:07a0] type 01 class 0x060400
[    0.312706] pci 0000:00:17.1: PME# supported from D0 D3hot D3cold
[    0.313000] pci 0000:00:17.2: [15ad:07a0] type 01 class 0x060400
[    0.313522] pci 0000:00:17.2: PME# supported from D0 D3hot D3cold
[    0.313824] pci 0000:00:17.3: [15ad:07a0] type 01 class 0x060400
[    0.314368] pci 0000:00:17.3: PME# supported from D0 D3hot D3cold
[    0.314677] pci 0000:00:17.4: [15ad:07a0] type 01 class 0x060400
[    0.315222] pci 0000:00:17.4: PME# supported from D0 D3hot D3cold
[    0.315572] pci 0000:00:17.5: [15ad:07a0] type 01 class 0x060400
[    0.316114] pci 0000:00:17.5: PME# supported from D0 D3hot D3cold
[    0.316413] pci 0000:00:17.6: [15ad:07a0] type 01 class 0x060400
[    0.316963] pci 0000:00:17.6: PME# supported from D0 D3hot D3cold
[    0.317262] pci 0000:00:17.7: [15ad:07a0] type 01 class 0x060400
[    0.318267] pci 0000:00:17.7: PME# supported from D0 D3hot D3cold
[    0.319118] pci 0000:00:18.0: [15ad:07a0] type 01 class 0x060400
[    0.319843] pci 0000:00:18.0: PME# supported from D0 D3hot D3cold
[    0.320067] pci 0000:00:18.1: [15ad:07a0] type 01 class 0x060400
[    0.320637] pci 0000:00:18.1: PME# supported from D0 D3hot D3cold
[    0.320924] pci 0000:00:18.2: [15ad:07a0] type 01 class 0x060400
[    0.321446] pci 0000:00:18.2: PME# supported from D0 D3hot D3cold
[    0.321942] pci 0000:00:18.3: [15ad:07a0] type 01 class 0x060400
[    0.322561] pci 0000:00:18.3: PME# supported from D0 D3hot D3cold
[    0.322848] pci 0000:00:18.4: [15ad:07a0] type 01 class 0x060400
[    0.323371] pci 0000:00:18.4: PME# supported from D0 D3hot D3cold
[    0.323660] pci 0000:00:18.5: [15ad:07a0] type 01 class 0x060400
[    0.324182] pci 0000:00:18.5: PME# supported from D0 D3hot D3cold
[    0.324520] pci 0000:00:18.6: [15ad:07a0] type 01 class 0x060400
[    0.325068] pci 0000:00:18.6: PME# supported from D0 D3hot D3cold
[    0.325380] pci 0000:00:18.7: [15ad:07a0] type 01 class 0x060400
[    0.325923] pci 0000:00:18.7: PME# supported from D0 D3hot D3cold
[    0.326302] pci 0000:00:01.0: PCI bridge to [bus 01]
[    0.326689] acpiphp: Slot [32] registered
[    0.326755] acpiphp: Slot [33] registered
[    0.326824] acpiphp: Slot [34] registered
[    0.326889] acpiphp: Slot [35] registered
[    0.326953] acpiphp: Slot [36] registered
[    0.327019] acpiphp: Slot [37] registered
[    0.327085] acpiphp: Slot [38] registered
[    0.327148] acpiphp: Slot [39] registered
[    0.327213] acpiphp: Slot [40] registered
[    0.327277] acpiphp: Slot [41] registered
[    0.327354] acpiphp: Slot [42] registered
[    0.327418] acpiphp: Slot [43] registered
[    0.327482] acpiphp: Slot [44] registered
[    0.327546] acpiphp: Slot [45] registered
[    0.327610] acpiphp: Slot [46] registered
[    0.327675] acpiphp: Slot [47] registered
[    0.327869] acpiphp: Slot [48] registered
[    0.327933] acpiphp: Slot [49] registered
[    0.327997] acpiphp: Slot [50] registered
[    0.328029] acpiphp: Slot [51] registered
[    0.328094] acpiphp: Slot [52] registered
[    0.328158] acpiphp: Slot [53] registered
[    0.328225] acpiphp: Slot [54] registered
[    0.328297] acpiphp: Slot [55] registered
[    0.328362] acpiphp: Slot [56] registered
[    0.328426] acpiphp: Slot [57] registered
[    0.328491] acpiphp: Slot [58] registered
[    0.328555] acpiphp: Slot [59] registered
[    0.328619] acpiphp: Slot [60] registered
[    0.328683] acpiphp: Slot [61] registered
[    0.328747] acpiphp: Slot [62] registered
[    0.328811] acpiphp: Slot [63] registered
[    0.328898] pci 0000:02:00.0: [15ad:0774] type 00 class 0x0c0300
[    0.330004] pci 0000:02:00.0: reg 0x20: [io  0x2080-0x209f]
[    0.330770] pci 0000:02:01.0: [8086:100f] type 00 class 0x020000
[    0.331391] pci 0000:02:01.0: reg 0x10: [mem 0xfd5c0000-0xfd5dffff 64bit]
[    0.331918] pci 0000:02:01.0: reg 0x18: [mem 0xfdff0000-0xfdffffff 64bit]
[    0.332337] pci 0000:02:01.0: reg 0x20: [io  0x2000-0x203f]
[    0.333357] pci 0000:02:01.0: reg 0x30: [mem 0x00000000-0x0000ffff pref]
[    0.333601] pci 0000:02:01.0: PME# supported from D0 D3hot D3cold
[    0.333806] pci 0000:02:02.0: [1274:1371] type 00 class 0x040100
[    0.334455] pci 0000:02:02.0: reg 0x10: [io  0x2040-0x207f]
[    0.336995] pci 0000:02:03.0: [15ad:0770] type 00 class 0x0c0320
[    0.337348] pci 0000:02:03.0: reg 0x10: [mem 0xfd5ef000-0xfd5effff]
[    0.339357] pci 0000:02:05.0: [15ad:07e0] type 00 class 0x010601
[    0.340946] pci 0000:02:05.0: reg 0x24: [mem 0xfd5ee000-0xfd5eefff]
[    0.341218] pci 0000:02:05.0: reg 0x30: [mem 0x00000000-0x0000ffff pref]
[    0.341526] pci 0000:02:05.0: PME# supported from D3hot
[    0.342020] pci 0000:00:11.0: PCI bridge to [bus 02] (subtractive decode)
[    0.342109] pci 0000:00:11.0:   bridge window [io  0x2000-0x3fff]
[    0.342125] pci 0000:00:11.0:   bridge window [mem 0xfd500000-0xfdffffff]
[    0.342154] pci 0000:00:11.0:   bridge window [mem 0xe7b00000-0xe7ffffff 64bit pref]
[    0.342156] pci 0000:00:11.0:   bridge window [mem 0x000a0000-0x000bffff window] (subtractive decode)
[    0.342157] pci 0000:00:11.0:   bridge window [mem 0x000d0000-0x000d3fff window] (subtractive decode)
[    0.342157] pci 0000:00:11.0:   bridge window [mem 0x000d4000-0x000d7fff window] (subtractive decode)
[    0.342158] pci 0000:00:11.0:   bridge window [mem 0x000d8000-0x000dbfff window] (subtractive decode)
[    0.342159] pci 0000:00:11.0:   bridge window [mem 0xc0000000-0xfebfffff window] (subtractive decode)
[    0.342159] pci 0000:00:11.0:   bridge window [io  0x0000-0x0cf7 window] (subtractive decode)
[    0.342180] pci 0000:00:11.0:   bridge window [io  0x0d00-0xfeff window] (subtractive decode)
[    0.342503] pci 0000:00:15.0: PCI bridge to [bus 03]
[    0.342561] pci 0000:00:15.0:   bridge window [io  0x4000-0x4fff]
[    0.342576] pci 0000:00:15.0:   bridge window [mem 0xfd400000-0xfd4fffff]
[    0.342605] pci 0000:00:15.0:   bridge window [mem 0xe7a00000-0xe7afffff 64bit pref]
[    0.342834] pci 0000:00:15.1: PCI bridge to [bus 04]
[    0.342890] pci 0000:00:15.1:   bridge window [io  0x8000-0x8fff]
[    0.342905] pci 0000:00:15.1:   bridge window [mem 0xfd000000-0xfd0fffff]
[    0.342934] pci 0000:00:15.1:   bridge window [mem 0xe7600000-0xe76fffff 64bit pref]
[    0.343188] pci 0000:00:15.2: PCI bridge to [bus 05]
[    0.343243] pci 0000:00:15.2:   bridge window [io  0xc000-0xcfff]
[    0.343257] pci 0000:00:15.2:   bridge window [mem 0xfcc00000-0xfccfffff]
[    0.343285] pci 0000:00:15.2:   bridge window [mem 0xe7200000-0xe72fffff 64bit pref]
[    0.343490] pci 0000:00:15.3: PCI bridge to [bus 06]
[    0.343558] pci 0000:00:15.3:   bridge window [mem 0xfc800000-0xfc8fffff]
[    0.343585] pci 0000:00:15.3:   bridge window [mem 0xe6e00000-0xe6efffff 64bit pref]
[    0.343787] pci 0000:00:15.4: PCI bridge to [bus 07]
[    0.343854] pci 0000:00:15.4:   bridge window [mem 0xfc400000-0xfc4fffff]
[    0.343882] pci 0000:00:15.4:   bridge window [mem 0xe6a00000-0xe6afffff 64bit pref]
[    0.344126] pci 0000:00:15.5: PCI bridge to [bus 08]
[    0.344204] pci 0000:00:15.5:   bridge window [mem 0xfc000000-0xfc0fffff]
[    0.344238] pci 0000:00:15.5:   bridge window [mem 0xe6600000-0xe66fffff 64bit pref]
[    0.344549] pci 0000:00:15.6: PCI bridge to [bus 09]
[    0.344635] pci 0000:00:15.6:   bridge window [mem 0xfbc00000-0xfbcfffff]
[    0.344683] pci 0000:00:15.6:   bridge window [mem 0xe6200000-0xe62fffff 64bit pref]
[    0.345130] pci 0000:00:15.7: PCI bridge to [bus 0a]
[    0.345252] pci 0000:00:15.7:   bridge window [mem 0xfb800000-0xfb8fffff]
[    0.345289] pci 0000:00:15.7:   bridge window [mem 0xe5e00000-0xe5efffff 64bit pref]
[    0.345601] pci 0000:00:16.0: PCI bridge to [bus 0b]
[    0.345657] pci 0000:00:16.0:   bridge window [io  0x5000-0x5fff]
[    0.345673] pci 0000:00:16.0:   bridge window [mem 0xfd300000-0xfd3fffff]
[    0.345702] pci 0000:00:16.0:   bridge window [mem 0xe7900000-0xe79fffff 64bit pref]
[    0.345923] pci 0000:00:16.1: PCI bridge to [bus 0c]
[    0.345986] pci 0000:00:16.1:   bridge window [io  0x9000-0x9fff]
[    0.346003] pci 0000:00:16.1:   bridge window [mem 0xfcf00000-0xfcffffff]
[    0.346032] pci 0000:00:16.1:   bridge window [mem 0xe7500000-0xe75fffff 64bit pref]
[    0.346257] pci 0000:00:16.2: PCI bridge to [bus 0d]
[    0.346312] pci 0000:00:16.2:   bridge window [io  0xd000-0xdfff]
[    0.346327] pci 0000:00:16.2:   bridge window [mem 0xfcb00000-0xfcbfffff]
[    0.346356] pci 0000:00:16.2:   bridge window [mem 0xe7100000-0xe71fffff 64bit pref]
[    0.346617] pci 0000:00:16.3: PCI bridge to [bus 0e]
[    0.346686] pci 0000:00:16.3:   bridge window [mem 0xfc700000-0xfc7fffff]
[    0.346715] pci 0000:00:16.3:   bridge window [mem 0xe6d00000-0xe6dfffff 64bit pref]
[    0.346943] pci 0000:00:16.4: PCI bridge to [bus 0f]
[    0.347012] pci 0000:00:16.4:   bridge window [mem 0xfc300000-0xfc3fffff]
[    0.347041] pci 0000:00:16.4:   bridge window [mem 0xe6900000-0xe69fffff 64bit pref]
[    0.347266] pci 0000:00:16.5: PCI bridge to [bus 10]
[    0.347335] pci 0000:00:16.5:   bridge window [mem 0xfbf00000-0xfbffffff]
[    0.347364] pci 0000:00:16.5:   bridge window [mem 0xe6500000-0xe65fffff 64bit pref]
[    0.347577] pci 0000:00:16.6: PCI bridge to [bus 11]
[    0.347646] pci 0000:00:16.6:   bridge window [mem 0xfbb00000-0xfbbfffff]
[    0.347675] pci 0000:00:16.6:   bridge window [mem 0xe6100000-0xe61fffff 64bit pref]
[    0.347894] pci 0000:00:16.7: PCI bridge to [bus 12]
[    0.347991] pci 0000:00:16.7:   bridge window [mem 0xfb700000-0xfb7fffff]
[    0.348036] pci 0000:00:16.7:   bridge window [mem 0xe5d00000-0xe5dfffff 64bit pref]
[    0.348259] pci 0000:00:17.0: PCI bridge to [bus 13]
[    0.348314] pci 0000:00:17.0:   bridge window [io  0x6000-0x6fff]
[    0.348330] pci 0000:00:17.0:   bridge window [mem 0xfd200000-0xfd2fffff]
[    0.348358] pci 0000:00:17.0:   bridge window [mem 0xe7800000-0xe78fffff 64bit pref]
[    0.348577] pci 0000:00:17.1: PCI bridge to [bus 14]
[    0.348633] pci 0000:00:17.1:   bridge window [io  0xa000-0xafff]
[    0.348648] pci 0000:00:17.1:   bridge window [mem 0xfce00000-0xfcefffff]
[    0.348677] pci 0000:00:17.1:   bridge window [mem 0xe7400000-0xe74fffff 64bit pref]
[    0.348904] pci 0000:00:17.2: PCI bridge to [bus 15]
[    0.349010] pci 0000:00:17.2:   bridge window [io  0xe000-0xefff]
[    0.349025] pci 0000:00:17.2:   bridge window [mem 0xfca00000-0xfcafffff]
[    0.349054] pci 0000:00:17.2:   bridge window [mem 0xe7000000-0xe70fffff 64bit pref]
[    0.349273] pci 0000:00:17.3: PCI bridge to [bus 16]
[    0.349342] pci 0000:00:17.3:   bridge window [mem 0xfc600000-0xfc6fffff]
[    0.349371] pci 0000:00:17.3:   bridge window [mem 0xe6c00000-0xe6cfffff 64bit pref]
[    0.349592] pci 0000:00:17.4: PCI bridge to [bus 17]
[    0.349661] pci 0000:00:17.4:   bridge window [mem 0xfc200000-0xfc2fffff]
[    0.349690] pci 0000:00:17.4:   bridge window [mem 0xe6800000-0xe68fffff 64bit pref]
[    0.349921] pci 0000:00:17.5: PCI bridge to [bus 18]
[    0.350045] pci 0000:00:17.5:   bridge window [mem 0xfbe00000-0xfbefffff]
[    0.350091] pci 0000:00:17.5:   bridge window [mem 0xe6400000-0xe64fffff 64bit pref]
[    0.350313] pci 0000:00:17.6: PCI bridge to [bus 19]
[    0.350385] pci 0000:00:17.6:   bridge window [mem 0xfba00000-0xfbafffff]
[    0.350415] pci 0000:00:17.6:   bridge window [mem 0xe6000000-0xe60fffff 64bit pref]
[    0.350842] pci 0000:00:17.7: PCI bridge to [bus 1a]
[    0.351149] pci 0000:00:17.7:   bridge window [mem 0xfb600000-0xfb6fffff]
[    0.351264] pci 0000:00:17.7:   bridge window [mem 0xe5c00000-0xe5cfffff 64bit pref]
[    0.352000] pci 0000:00:18.0: PCI bridge to [bus 1b]
[    0.352032] pci 0000:00:18.0:   bridge window [io  0x7000-0x7fff]
[    0.352055] pci 0000:00:18.0:   bridge window [mem 0xfd100000-0xfd1fffff]
[    0.352103] pci 0000:00:18.0:   bridge window [mem 0xe7700000-0xe77fffff 64bit pref]
[    0.352457] pci 0000:00:18.1: PCI bridge to [bus 1c]
[    0.352589] pci 0000:00:18.1:   bridge window [io  0xb000-0xbfff]
[    0.352615] pci 0000:00:18.1:   bridge window [mem 0xfcd00000-0xfcdfffff]
[    0.352657] pci 0000:00:18.1:   bridge window [mem 0xe7300000-0xe73fffff 64bit pref]
[    0.352924] pci 0000:00:18.2: PCI bridge to [bus 1d]
[    0.352992] pci 0000:00:18.2:   bridge window [mem 0xfc900000-0xfc9fffff]
[    0.353020] pci 0000:00:18.2:   bridge window [mem 0xe6f00000-0xe6ffffff 64bit pref]
[    0.353266] pci 0000:00:18.3: PCI bridge to [bus 1e]
[    0.353334] pci 0000:00:18.3:   bridge window [mem 0xfc500000-0xfc5fffff]
[    0.353361] pci 0000:00:18.3:   bridge window [mem 0xe6b00000-0xe6bfffff 64bit pref]
[    0.353575] pci 0000:00:18.4: PCI bridge to [bus 1f]
[    0.353643] pci 0000:00:18.4:   bridge window [mem 0xfc100000-0xfc1fffff]
[    0.353670] pci 0000:00:18.4:   bridge window [mem 0xe6700000-0xe67fffff 64bit pref]
[    0.353878] pci 0000:00:18.5: PCI bridge to [bus 20]
[    0.353945] pci 0000:00:18.5:   bridge window [mem 0xfbd00000-0xfbdfffff]
[    0.353973] pci 0000:00:18.5:   bridge window [mem 0xe6300000-0xe63fffff 64bit pref]
[    0.354176] pci 0000:00:18.6: PCI bridge to [bus 21]
[    0.354243] pci 0000:00:18.6:   bridge window [mem 0xfb900000-0xfb9fffff]
[    0.354279] pci 0000:00:18.6:   bridge window [mem 0xe5f00000-0xe5ffffff 64bit pref]
[    0.354617] pci 0000:00:18.7: PCI bridge to [bus 22]
[    0.354725] pci 0000:00:18.7:   bridge window [mem 0xfb500000-0xfb5fffff]
[    0.354772] pci 0000:00:18.7:   bridge window [mem 0xe5b00000-0xe5bfffff 64bit pref]
[    0.357137] ACPI: PCI Interrupt Link [LNKA] (IRQs 3 4 5 6 7 *9 10 11 14 15)
[    0.357263] ACPI: PCI Interrupt Link [LNKB] (IRQs 3 4 5 6 7 9 10 *11 14 15)
[    0.357386] ACPI: PCI Interrupt Link [LNKC] (IRQs 3 4 5 6 7 9 *10 11 14 15)
[    0.357517] ACPI: PCI Interrupt Link [LNKD] (IRQs 3 4 5 6 *7 9 10 11 14 15)
[    0.404264] pci 0000:00:0f.0: vgaarb: setting as boot VGA device
[    0.404264] pci 0000:00:0f.0: vgaarb: VGA device added: decodes=io+mem,owns=io+mem,locks=none
[    0.404264] pci 0000:00:0f.0: vgaarb: bridge control possible
[    0.404264] vgaarb: loaded
[    0.404347] SCSI subsystem initialized
[    0.404432] libata version 3.00 loaded.
[    0.404432] ACPI: bus type USB registered
[    0.404432] usbcore: registered new interface driver usbfs
[    0.404432] usbcore: registered new interface driver hub
[    0.408051] usbcore: registered new device driver usb
[    0.408111] pps_core: LinuxPPS API ver. 1 registered
[    0.408150] pps_core: Software ver. 5.3.6 - Copyright 2005-2007 Rodolfo Giometti <giometti@linux.it>
[    0.408246] PTP clock support registered
[    0.408352] EDAC MC: Ver: 3.0.0
[    0.409011] PCI: Using ACPI for IRQ routing
[    0.409011] PCI: pci_cache_line_size set to 64 bytes
[    0.409011] e820: reserve RAM buffer [mem 0x0009e800-0x0009ffff]
[    0.409011] e820: reserve RAM buffer [mem 0xbfed0000-0xbfffffff]
[    0.412001] NetLabel: Initializing
[    0.412001] NetLabel:  domain hash size = 128
[    0.412001] NetLabel:  protocols = UNLABELED CIPSOv4 CALIPSO
[    0.412001] NetLabel:  unlabeled traffic allowed by default
[    0.413778] hpet0: at MMIO 0xfed00000, IRQs 2, 8, 0, 0, 0, 0, 0, 0, 0, 0, 0, 0, 0, 0, 0, 0
[    0.413853] hpet0: 16 comparators, 64-bit 14.318180 MHz counter
[    0.417486] clocksource: Switched to clocksource tsc-early
[    0.436240] VFS: Disk quotas dquot_6.6.0
[    0.436330] VFS: Dquot-cache hash table entries: 512 (order 0, 4096 bytes)
[    0.437012] AppArmor: AppArmor Filesystem Enabled
[    0.437074] pnp: PnP ACPI init
[    0.437286] system 00:00: [io  0x1000-0x103f] has been reserved
[    0.437334] system 00:00: [io  0x1040-0x104f] has been reserved
[    0.437379] system 00:00: [io  0x0cf0-0x0cf1] has been reserved
[    0.437427] system 00:00: Plug and Play ACPI device, IDs PNP0c02 (active)
[    0.437451] pnp 00:01: Plug and Play ACPI device, IDs PNP0b00 (active)
[    0.437464] pnp 00:02: Plug and Play ACPI device, IDs PNP0303 (active)
[    0.437474] pnp 00:03: Plug and Play ACPI device, IDs VMW0003 PNP0f13 (active)
[    0.437646] system 00:04: [mem 0xfed00000-0xfed003ff] has been reserved
[    0.437699] system 00:04: Plug and Play ACPI device, IDs PNP0103 PNP0c01 (active)
[    0.439059] pnp 00:05: Plug and Play ACPI device, IDs PNP0501 (active)
[    0.439391] system 00:06: [io  0xfce0-0xfcff] has been reserved
[    0.439440] system 00:06: [mem 0xf0000000-0xf7ffffff] has been reserved
[    0.439490] system 00:06: [mem 0xfe800000-0xfe9fffff] has been reserved
[    0.439540] system 00:06: Plug and Play ACPI device, IDs PNP0c02 (active)
[    0.481267] pnp: PnP ACPI: found 7 devices
[    0.490086] clocksource: acpi_pm: mask: 0xffffff max_cycles: 0xffffff, max_idle_ns: 2085701024 ns
[    0.490404] pci 0000:00:15.3: bridge window [io  0x1000-0x0fff] to [bus 06] add_size 1000
[    0.490450] pci 0000:00:15.4: bridge window [io  0x1000-0x0fff] to [bus 07] add_size 1000
[    0.490492] pci 0000:00:15.5: bridge window [io  0x1000-0x0fff] to [bus 08] add_size 1000
[    0.490535] pci 0000:00:15.6: bridge window [io  0x1000-0x0fff] to [bus 09] add_size 1000
[    0.490578] pci 0000:00:15.7: bridge window [io  0x1000-0x0fff] to [bus 0a] add_size 1000
[    0.490743] pci 0000:00:16.3: bridge window [io  0x1000-0x0fff] to [bus 0e] add_size 1000
[    0.490785] pci 0000:00:16.4: bridge window [io  0x1000-0x0fff] to [bus 0f] add_size 1000
[    0.490827] pci 0000:00:16.5: bridge window [io  0x1000-0x0fff] to [bus 10] add_size 1000
[    0.490869] pci 0000:00:16.6: bridge window [io  0x1000-0x0fff] to [bus 11] add_size 1000
[    0.490912] pci 0000:00:16.7: bridge window [io  0x1000-0x0fff] to [bus 12] add_size 1000
[    0.491078] pci 0000:00:17.3: bridge window [io  0x1000-0x0fff] to [bus 16] add_size 1000
[    0.491126] pci 0000:00:17.4: bridge window [io  0x1000-0x0fff] to [bus 17] add_size 1000
[    0.491168] pci 0000:00:17.5: bridge window [io  0x1000-0x0fff] to [bus 18] add_size 1000
[    0.491210] pci 0000:00:17.6: bridge window [io  0x1000-0x0fff] to [bus 19] add_size 1000
[    0.491253] pci 0000:00:17.7: bridge window [io  0x1000-0x0fff] to [bus 1a] add_size 1000
[    0.491376] pci 0000:00:18.2: bridge window [io  0x1000-0x0fff] to [bus 1d] add_size 1000
[    0.491419] pci 0000:00:18.3: bridge window [io  0x1000-0x0fff] to [bus 1e] add_size 1000
[    0.491462] pci 0000:00:18.4: bridge window [io  0x1000-0x0fff] to [bus 1f] add_size 1000
[    0.491504] pci 0000:00:18.5: bridge window [io  0x1000-0x0fff] to [bus 20] add_size 1000
[    0.491546] pci 0000:00:18.6: bridge window [io  0x1000-0x0fff] to [bus 21] add_size 1000
[    0.491588] pci 0000:00:18.7: bridge window [io  0x1000-0x0fff] to [bus 22] add_size 1000
[    0.491601] pci 0000:00:0f.0: BAR 6: assigned [mem 0xc0000000-0xc0007fff pref]
[    0.491658] pci 0000:00:10.0: BAR 6: assigned [mem 0xc0008000-0xc000bfff pref]
[    0.491713] pci 0000:00:15.3: BAR 13: no space for [io  size 0x1000]
[    0.491761] pci 0000:00:15.3: BAR 13: failed to assign [io  size 0x1000]
[    0.491811] pci 0000:00:15.4: BAR 13: no space for [io  size 0x1000]
[    0.491858] pci 0000:00:15.4: BAR 13: failed to assign [io  size 0x1000]
[    0.491907] pci 0000:00:15.5: BAR 13: no space for [io  size 0x1000]
[    0.491954] pci 0000:00:15.5: BAR 13: failed to assign [io  size 0x1000]
[    0.492004] pci 0000:00:15.6: BAR 13: no space for [io  size 0x1000]
[    0.492051] pci 0000:00:15.6: BAR 13: failed to assign [io  size 0x1000]
[    0.492101] pci 0000:00:15.7: BAR 13: no space for [io  size 0x1000]
[    0.492159] pci 0000:00:15.7: BAR 13: failed to assign [io  size 0x1000]
[    0.492219] pci 0000:00:16.3: BAR 13: no space for [io  size 0x1000]
[    0.492267] pci 0000:00:16.3: BAR 13: failed to assign [io  size 0x1000]
[    0.492316] pci 0000:00:16.4: BAR 13: no space for [io  size 0x1000]
[    0.492363] pci 0000:00:16.4: BAR 13: failed to assign [io  size 0x1000]
[    0.492413] pci 0000:00:16.5: BAR 13: no space for [io  size 0x1000]
[    0.492460] pci 0000:00:16.5: BAR 13: failed to assign [io  size 0x1000]
[    0.492510] pci 0000:00:16.6: BAR 13: no space for [io  size 0x1000]
[    0.492557] pci 0000:00:16.6: BAR 13: failed to assign [io  size 0x1000]
[    0.492606] pci 0000:00:16.7: BAR 13: no space for [io  size 0x1000]
[    0.492653] pci 0000:00:16.7: BAR 13: failed to assign [io  size 0x1000]
[    0.492703] pci 0000:00:17.3: BAR 13: no space for [io  size 0x1000]
[    0.492750] pci 0000:00:17.3: BAR 13: failed to assign [io  size 0x1000]
[    0.492800] pci 0000:00:17.4: BAR 13: no space for [io  size 0x1000]
[    0.492847] pci 0000:00:17.4: BAR 13: failed to assign [io  size 0x1000]
[    0.492896] pci 0000:00:17.5: BAR 13: no space for [io  size 0x1000]
[    0.492943] pci 0000:00:17.5: BAR 13: failed to assign [io  size 0x1000]
[    0.492993] pci 0000:00:17.6: BAR 13: no space for [io  size 0x1000]
[    0.493040] pci 0000:00:17.6: BAR 13: failed to assign [io  size 0x1000]
[    0.493090] pci 0000:00:17.7: BAR 13: no space for [io  size 0x1000]
[    0.493144] pci 0000:00:17.7: BAR 13: failed to assign [io  size 0x1000]
[    0.493194] pci 0000:00:18.2: BAR 13: no space for [io  size 0x1000]
[    0.493241] pci 0000:00:18.2: BAR 13: failed to assign [io  size 0x1000]
[    0.493291] pci 0000:00:18.3: BAR 13: no space for [io  size 0x1000]
[    0.493338] pci 0000:00:18.3: BAR 13: failed to assign [io  size 0x1000]
[    0.493388] pci 0000:00:18.4: BAR 13: no space for [io  size 0x1000]
[    0.493435] pci 0000:00:18.4: BAR 13: failed to assign [io  size 0x1000]
[    0.493485] pci 0000:00:18.5: BAR 13: no space for [io  size 0x1000]
[    0.493532] pci 0000:00:18.5: BAR 13: failed to assign [io  size 0x1000]
[    0.493584] pci 0000:00:18.6: BAR 13: no space for [io  size 0x1000]
[    0.493632] pci 0000:00:18.6: BAR 13: failed to assign [io  size 0x1000]
[    0.493681] pci 0000:00:18.7: BAR 13: no space for [io  size 0x1000]
[    0.493728] pci 0000:00:18.7: BAR 13: failed to assign [io  size 0x1000]
[    0.493780] pci 0000:00:18.7: BAR 13: no space for [io  size 0x1000]
[    0.493827] pci 0000:00:18.7: BAR 13: failed to assign [io  size 0x1000]
[    0.493877] pci 0000:00:18.6: BAR 13: no space for [io  size 0x1000]
[    0.493924] pci 0000:00:18.6: BAR 13: failed to assign [io  size 0x1000]
[    0.493973] pci 0000:00:18.5: BAR 13: no space for [io  size 0x1000]
[    0.494020] pci 0000:00:18.5: BAR 13: failed to assign [io  size 0x1000]
[    0.494070] pci 0000:00:18.4: BAR 13: no space for [io  size 0x1000]
[    0.494124] pci 0000:00:18.4: BAR 13: failed to assign [io  size 0x1000]
[    0.494174] pci 0000:00:18.3: BAR 13: no space for [io  size 0x1000]
[    0.494221] pci 0000:00:18.3: BAR 13: failed to assign [io  size 0x1000]
[    0.494271] pci 0000:00:18.2: BAR 13: no space for [io  size 0x1000]
[    0.494318] pci 0000:00:18.2: BAR 13: failed to assign [io  size 0x1000]
[    0.494367] pci 0000:00:17.7: BAR 13: no space for [io  size 0x1000]
[    0.494414] pci 0000:00:17.7: BAR 13: failed to assign [io  size 0x1000]
[    0.494464] pci 0000:00:17.6: BAR 13: no space for [io  size 0x1000]
[    0.494511] pci 0000:00:17.6: BAR 13: failed to assign [io  size 0x1000]
[    0.494561] pci 0000:00:17.5: BAR 13: no space for [io  size 0x1000]
[    0.494608] pci 0000:00:17.5: BAR 13: failed to assign [io  size 0x1000]
[    0.494658] pci 0000:00:17.4: BAR 13: no space for [io  size 0x1000]
[    0.494705] pci 0000:00:17.4: BAR 13: failed to assign [io  size 0x1000]
[    0.494754] pci 0000:00:17.3: BAR 13: no space for [io  size 0x1000]
[    0.494802] pci 0000:00:17.3: BAR 13: failed to assign [io  size 0x1000]
[    0.494851] pci 0000:00:16.7: BAR 13: no space for [io  size 0x1000]
[    0.494898] pci 0000:00:16.7: BAR 13: failed to assign [io  size 0x1000]
[    0.494948] pci 0000:00:16.6: BAR 13: no space for [io  size 0x1000]
[    0.494995] pci 0000:00:16.6: BAR 13: failed to assign [io  size 0x1000]
[    0.495045] pci 0000:00:16.5: BAR 13: no space for [io  size 0x1000]
[    0.495092] pci 0000:00:16.5: BAR 13: failed to assign [io  size 0x1000]
[    0.495148] pci 0000:00:16.4: BAR 13: no space for [io  size 0x1000]
[    0.495195] pci 0000:00:16.4: BAR 13: failed to assign [io  size 0x1000]
[    0.495245] pci 0000:00:16.3: BAR 13: no space for [io  size 0x1000]
[    0.495292] pci 0000:00:16.3: BAR 13: failed to assign [io  size 0x1000]
[    0.495342] pci 0000:00:15.7: BAR 13: no space for [io  size 0x1000]
[    0.495389] pci 0000:00:15.7: BAR 13: failed to assign [io  size 0x1000]
[    0.495438] pci 0000:00:15.6: BAR 13: no space for [io  size 0x1000]
[    0.495485] pci 0000:00:15.6: BAR 13: failed to assign [io  size 0x1000]
[    0.495535] pci 0000:00:15.5: BAR 13: no space for [io  size 0x1000]
[    0.495582] pci 0000:00:15.5: BAR 13: failed to assign [io  size 0x1000]
[    0.495632] pci 0000:00:15.4: BAR 13: no space for [io  size 0x1000]
[    0.495679] pci 0000:00:15.4: BAR 13: failed to assign [io  size 0x1000]
[    0.495728] pci 0000:00:15.3: BAR 13: no space for [io  size 0x1000]
[    0.495775] pci 0000:00:15.3: BAR 13: failed to assign [io  size 0x1000]
[    0.495825] pci 0000:00:01.0: PCI bridge to [bus 01]
[    0.496122] pci 0000:02:01.0: BAR 6: assigned [mem 0xfd500000-0xfd50ffff pref]
[    0.496178] pci 0000:02:05.0: BAR 6: assigned [mem 0xfd510000-0xfd51ffff pref]
[    0.496239] pci 0000:00:11.0: PCI bridge to [bus 02]
[    0.496287] pci 0000:00:11.0:   bridge window [io  0x2000-0x3fff]
[    0.496359] pci 0000:00:11.0:   bridge window [mem 0xfd500000-0xfdffffff]
[    0.496423] pci 0000:00:11.0:   bridge window [mem 0xe7b00000-0xe7ffffff 64bit pref]
[    0.496510] pci 0000:00:15.0: PCI bridge to [bus 03]
[    0.496560] pci 0000:00:15.0:   bridge window [io  0x4000-0x4fff]
[    0.496638] pci 0000:00:15.0:   bridge window [mem 0xfd400000-0xfd4fffff]
[    0.496703] pci 0000:00:15.0:   bridge window [mem 0xe7a00000-0xe7afffff 64bit pref]
[    0.496818] pci 0000:00:15.1: PCI bridge to [bus 04]
[    0.496866] pci 0000:00:15.1:   bridge window [io  0x8000-0x8fff]
[    0.496935] pci 0000:00:15.1:   bridge window [mem 0xfd000000-0xfd0fffff]
[    0.497002] pci 0000:00:15.1:   bridge window [mem 0xe7600000-0xe76fffff 64bit pref]
[    0.497171] pci 0000:00:15.2: PCI bridge to [bus 05]
[    0.497281] pci 0000:00:15.2:   bridge window [io  0xc000-0xcfff]
[    0.497497] pci 0000:00:15.2:   bridge window [mem 0xfcc00000-0xfccfffff]
[    0.497744] pci 0000:00:15.2:   bridge window [mem 0xe7200000-0xe72fffff 64bit pref]
[    0.498365] pci 0000:00:15.3: PCI bridge to [bus 06]
[    0.498533] pci 0000:00:15.3:   bridge window [mem 0xfc800000-0xfc8fffff]
[    0.498671] pci 0000:00:15.3:   bridge window [mem 0xe6e00000-0xe6efffff 64bit pref]
[    0.498915] pci 0000:00:15.4: PCI bridge to [bus 07]
[    0.499020] pci 0000:00:15.4:   bridge window [mem 0xfc400000-0xfc4fffff]
[    0.499149] pci 0000:00:15.4:   bridge window [mem 0xe6a00000-0xe6afffff 64bit pref]
[    0.499306] pci 0000:00:15.5: PCI bridge to [bus 08]
[    0.499370] pci 0000:00:15.5:   bridge window [mem 0xfc000000-0xfc0fffff]
[    0.499436] pci 0000:00:15.5:   bridge window [mem 0xe6600000-0xe66fffff 64bit pref]
[    0.499536] pci 0000:00:15.6: PCI bridge to [bus 09]
[    0.499644] pci 0000:00:15.6:   bridge window [mem 0xfbc00000-0xfbcfffff]
[    0.499725] pci 0000:00:15.6:   bridge window [mem 0xe6200000-0xe62fffff 64bit pref]
[    0.499851] pci 0000:00:15.7: PCI bridge to [bus 0a]
[    0.499922] pci 0000:00:15.7:   bridge window [mem 0xfb800000-0xfb8fffff]
[    0.500031] pci 0000:00:15.7:   bridge window [mem 0xe5e00000-0xe5efffff 64bit pref]
[    0.500191] pci 0000:00:16.0: PCI bridge to [bus 0b]
[    0.500316] pci 0000:00:16.0:   bridge window [io  0x5000-0x5fff]
[    0.500386] pci 0000:00:16.0:   bridge window [mem 0xfd300000-0xfd3fffff]
[    0.500454] pci 0000:00:16.0:   bridge window [mem 0xe7900000-0xe79fffff 64bit pref]
[    0.500563] pci 0000:00:16.1: PCI bridge to [bus 0c]
[    0.500614] pci 0000:00:16.1:   bridge window [io  0x9000-0x9fff]
[    0.500685] pci 0000:00:16.1:   bridge window [mem 0xfcf00000-0xfcffffff]
[    0.500773] pci 0000:00:16.1:   bridge window [mem 0xe7500000-0xe75fffff 64bit pref]
[    0.500970] pci 0000:00:16.2: PCI bridge to [bus 0d]
[    0.501085] pci 0000:00:16.2:   bridge window [io  0xd000-0xdfff]
[    0.501226] pci 0000:00:16.2:   bridge window [mem 0xfcb00000-0xfcbfffff]
[    0.501353] pci 0000:00:16.2:   bridge window [mem 0xe7100000-0xe71fffff 64bit pref]
[    0.501539] pci 0000:00:16.3: PCI bridge to [bus 0e]
[    0.501877] pci 0000:00:16.3:   bridge window [mem 0xfc700000-0xfc7fffff]
[    0.502014] pci 0000:00:16.3:   bridge window [mem 0xe6d00000-0xe6dfffff 64bit pref]
[    0.502129] pci 0000:00:16.4: PCI bridge to [bus 0f]
[    0.502198] pci 0000:00:16.4:   bridge window [mem 0xfc300000-0xfc3fffff]
[    0.502265] pci 0000:00:16.4:   bridge window [mem 0xe6900000-0xe69fffff 64bit pref]
[    0.502361] pci 0000:00:16.5: PCI bridge to [bus 10]
[    0.502422] pci 0000:00:16.5:   bridge window [mem 0xfbf00000-0xfbffffff]
[    0.502488] pci 0000:00:16.5:   bridge window [mem 0xe6500000-0xe65fffff 64bit pref]
[    0.502584] pci 0000:00:16.6: PCI bridge to [bus 11]
[    0.502647] pci 0000:00:16.6:   bridge window [mem 0xfbb00000-0xfbbfffff]
[    0.502714] pci 0000:00:16.6:   bridge window [mem 0xe6100000-0xe61fffff 64bit pref]
[    0.502814] pci 0000:00:16.7: PCI bridge to [bus 12]
[    0.502882] pci 0000:00:16.7:   bridge window [mem 0xfb700000-0xfb7fffff]
[    0.502951] pci 0000:00:16.7:   bridge window [mem 0xe5d00000-0xe5dfffff 64bit pref]
[    0.503050] pci 0000:00:17.0: PCI bridge to [bus 13]
[    0.503108] pci 0000:00:17.0:   bridge window [io  0x6000-0x6fff]
[    0.503177] pci 0000:00:17.0:   bridge window [mem 0xfd200000-0xfd2fffff]
[    0.503241] pci 0000:00:17.0:   bridge window [mem 0xe7800000-0xe78fffff 64bit pref]
[    0.503343] pci 0000:00:17.1: PCI bridge to [bus 14]
[    0.503411] pci 0000:00:17.1:   bridge window [io  0xa000-0xafff]
[    0.503614] pci 0000:00:17.1:   bridge window [mem 0xfce00000-0xfcefffff]
[    0.503799] pci 0000:00:17.1:   bridge window [mem 0xe7400000-0xe74fffff 64bit pref]
[    0.504123] pci 0000:00:17.2: PCI bridge to [bus 15]
[    0.504268] pci 0000:00:17.2:   bridge window [io  0xe000-0xefff]
[    0.504440] pci 0000:00:17.2:   bridge window [mem 0xfca00000-0xfcafffff]
[    0.504582] pci 0000:00:17.2:   bridge window [mem 0xe7000000-0xe70fffff 64bit pref]
[    0.504802] pci 0000:00:17.3: PCI bridge to [bus 16]
[    0.504910] pci 0000:00:17.3:   bridge window [mem 0xfc600000-0xfc6fffff]
[    0.504976] pci 0000:00:17.3:   bridge window [mem 0xe6c00000-0xe6cfffff 64bit pref]
[    0.505073] pci 0000:00:17.4: PCI bridge to [bus 17]
[    0.505143] pci 0000:00:17.4:   bridge window [mem 0xfc200000-0xfc2fffff]
[    0.505208] pci 0000:00:17.4:   bridge window [mem 0xe6800000-0xe68fffff 64bit pref]
[    0.505302] pci 0000:00:17.5: PCI bridge to [bus 18]
[    0.505364] pci 0000:00:17.5:   bridge window [mem 0xfbe00000-0xfbefffff]
[    0.505429] pci 0000:00:17.5:   bridge window [mem 0xe6400000-0xe64fffff 64bit pref]
[    0.505521] pci 0000:00:17.6: PCI bridge to [bus 19]
[    0.505583] pci 0000:00:17.6:   bridge window [mem 0xfba00000-0xfbafffff]
[    0.505648] pci 0000:00:17.6:   bridge window [mem 0xe6000000-0xe60fffff 64bit pref]
[    0.505740] pci 0000:00:17.7: PCI bridge to [bus 1a]
[    0.505802] pci 0000:00:17.7:   bridge window [mem 0xfb600000-0xfb6fffff]
[    0.505867] pci 0000:00:17.7:   bridge window [mem 0xe5c00000-0xe5cfffff 64bit pref]
[    0.505959] pci 0000:00:18.0: PCI bridge to [bus 1b]
[    0.506007] pci 0000:00:18.0:   bridge window [io  0x7000-0x7fff]
[    0.506074] pci 0000:00:18.0:   bridge window [mem 0xfd100000-0xfd1fffff]
[    0.506145] pci 0000:00:18.0:   bridge window [mem 0xe7700000-0xe77fffff 64bit pref]
[    0.506238] pci 0000:00:18.1: PCI bridge to [bus 1c]
[    0.506286] pci 0000:00:18.1:   bridge window [io  0xb000-0xbfff]
[    0.506353] pci 0000:00:18.1:   bridge window [mem 0xfcd00000-0xfcdfffff]
[    0.506417] pci 0000:00:18.1:   bridge window [mem 0xe7300000-0xe73fffff 64bit pref]
[    0.506510] pci 0000:00:18.2: PCI bridge to [bus 1d]
[    0.506571] pci 0000:00:18.2:   bridge window [mem 0xfc900000-0xfc9fffff]
[    0.506636] pci 0000:00:18.2:   bridge window [mem 0xe6f00000-0xe6ffffff 64bit pref]
[    0.506729] pci 0000:00:18.3: PCI bridge to [bus 1e]
[    0.506790] pci 0000:00:18.3:   bridge window [mem 0xfc500000-0xfc5fffff]
[    0.506855] pci 0000:00:18.3:   bridge window [mem 0xe6b00000-0xe6bfffff 64bit pref]
[    0.506948] pci 0000:00:18.4: PCI bridge to [bus 1f]
[    0.507009] pci 0000:00:18.4:   bridge window [mem 0xfc100000-0xfc1fffff]
[    0.507074] pci 0000:00:18.4:   bridge window [mem 0xe6700000-0xe67fffff 64bit pref]
[    0.507174] pci 0000:00:18.5: PCI bridge to [bus 20]
[    0.507236] pci 0000:00:18.5:   bridge window [mem 0xfbd00000-0xfbdfffff]
[    0.507300] pci 0000:00:18.5:   bridge window [mem 0xe6300000-0xe63fffff 64bit pref]
[    0.507393] pci 0000:00:18.6: PCI bridge to [bus 21]
[    0.507455] pci 0000:00:18.6:   bridge window [mem 0xfb900000-0xfb9fffff]
[    0.507519] pci 0000:00:18.6:   bridge window [mem 0xe5f00000-0xe5ffffff 64bit pref]
[    0.507612] pci 0000:00:18.7: PCI bridge to [bus 22]
[    0.507674] pci 0000:00:18.7:   bridge window [mem 0xfb500000-0xfb5fffff]
[    0.507738] pci 0000:00:18.7:   bridge window [mem 0xe5b00000-0xe5bfffff 64bit pref]
[    0.507832] pci_bus 0000:00: resource 4 [mem 0x000a0000-0x000bffff window]
[    0.507833] pci_bus 0000:00: resource 5 [mem 0x000d0000-0x000d3fff window]
[    0.507834] pci_bus 0000:00: resource 6 [mem 0x000d4000-0x000d7fff window]
[    0.507835] pci_bus 0000:00: resource 7 [mem 0x000d8000-0x000dbfff window]
[    0.507836] pci_bus 0000:00: resource 8 [mem 0xc0000000-0xfebfffff window]
[    0.507836] pci_bus 0000:00: resource 9 [io  0x0000-0x0cf7 window]
[    0.507837] pci_bus 0000:00: resource 10 [io  0x0d00-0xfeff window]
[    0.507839] pci_bus 0000:02: resource 0 [io  0x2000-0x3fff]
[    0.507840] pci_bus 0000:02: resource 1 [mem 0xfd500000-0xfdffffff]
[    0.507841] pci_bus 0000:02: resource 2 [mem 0xe7b00000-0xe7ffffff 64bit pref]
[    0.507841] pci_bus 0000:02: resource 4 [mem 0x000a0000-0x000bffff window]
[    0.507842] pci_bus 0000:02: resource 5 [mem 0x000d0000-0x000d3fff window]
[    0.507843] pci_bus 0000:02: resource 6 [mem 0x000d4000-0x000d7fff window]
[    0.507844] pci_bus 0000:02: resource 7 [mem 0x000d8000-0x000dbfff window]
[    0.507844] pci_bus 0000:02: resource 8 [mem 0xc0000000-0xfebfffff window]
[    0.507845] pci_bus 0000:02: resource 9 [io  0x0000-0x0cf7 window]
[    0.507846] pci_bus 0000:02: resource 10 [io  0x0d00-0xfeff window]
[    0.507847] pci_bus 0000:03: resource 0 [io  0x4000-0x4fff]
[    0.507848] pci_bus 0000:03: resource 1 [mem 0xfd400000-0xfd4fffff]
[    0.507849] pci_bus 0000:03: resource 2 [mem 0xe7a00000-0xe7afffff 64bit pref]
[    0.507850] pci_bus 0000:04: resource 0 [io  0x8000-0x8fff]
[    0.507850] pci_bus 0000:04: resource 1 [mem 0xfd000000-0xfd0fffff]
[    0.507851] pci_bus 0000:04: resource 2 [mem 0xe7600000-0xe76fffff 64bit pref]
[    0.507852] pci_bus 0000:05: resource 0 [io  0xc000-0xcfff]
[    0.507853] pci_bus 0000:05: resource 1 [mem 0xfcc00000-0xfccfffff]
[    0.507853] pci_bus 0000:05: resource 2 [mem 0xe7200000-0xe72fffff 64bit pref]
[    0.507854] pci_bus 0000:06: resource 1 [mem 0xfc800000-0xfc8fffff]
[    0.507855] pci_bus 0000:06: resource 2 [mem 0xe6e00000-0xe6efffff 64bit pref]
[    0.507856] pci_bus 0000:07: resource 1 [mem 0xfc400000-0xfc4fffff]
[    0.507857] pci_bus 0000:07: resource 2 [mem 0xe6a00000-0xe6afffff 64bit pref]
[    0.507858] pci_bus 0000:08: resource 1 [mem 0xfc000000-0xfc0fffff]
[    0.507858] pci_bus 0000:08: resource 2 [mem 0xe6600000-0xe66fffff 64bit pref]
[    0.507859] pci_bus 0000:09: resource 1 [mem 0xfbc00000-0xfbcfffff]
[    0.507860] pci_bus 0000:09: resource 2 [mem 0xe6200000-0xe62fffff 64bit pref]
[    0.507861] pci_bus 0000:0a: resource 1 [mem 0xfb800000-0xfb8fffff]
[    0.507861] pci_bus 0000:0a: resource 2 [mem 0xe5e00000-0xe5efffff 64bit pref]
[    0.507862] pci_bus 0000:0b: resource 0 [io  0x5000-0x5fff]
[    0.507863] pci_bus 0000:0b: resource 1 [mem 0xfd300000-0xfd3fffff]
[    0.507864] pci_bus 0000:0b: resource 2 [mem 0xe7900000-0xe79fffff 64bit pref]
[    0.507865] pci_bus 0000:0c: resource 0 [io  0x9000-0x9fff]
[    0.507865] pci_bus 0000:0c: resource 1 [mem 0xfcf00000-0xfcffffff]
[    0.507866] pci_bus 0000:0c: resource 2 [mem 0xe7500000-0xe75fffff 64bit pref]
[    0.507867] pci_bus 0000:0d: resource 0 [io  0xd000-0xdfff]
[    0.507868] pci_bus 0000:0d: resource 1 [mem 0xfcb00000-0xfcbfffff]
[    0.507868] pci_bus 0000:0d: resource 2 [mem 0xe7100000-0xe71fffff 64bit pref]
[    0.507870] pci_bus 0000:0e: resource 1 [mem 0xfc700000-0xfc7fffff]
[    0.507871] pci_bus 0000:0e: resource 2 [mem 0xe6d00000-0xe6dfffff 64bit pref]
[    0.507871] pci_bus 0000:0f: resource 1 [mem 0xfc300000-0xfc3fffff]
[    0.507872] pci_bus 0000:0f: resource 2 [mem 0xe6900000-0xe69fffff 64bit pref]
[    0.507873] pci_bus 0000:10: resource 1 [mem 0xfbf00000-0xfbffffff]
[    0.507874] pci_bus 0000:10: resource 2 [mem 0xe6500000-0xe65fffff 64bit pref]
[    0.507875] pci_bus 0000:11: resource 1 [mem 0xfbb00000-0xfbbfffff]
[    0.507876] pci_bus 0000:11: resource 2 [mem 0xe6100000-0xe61fffff 64bit pref]
[    0.507876] pci_bus 0000:12: resource 1 [mem 0xfb700000-0xfb7fffff]
[    0.507877] pci_bus 0000:12: resource 2 [mem 0xe5d00000-0xe5dfffff 64bit pref]
[    0.507878] pci_bus 0000:13: resource 0 [io  0x6000-0x6fff]
[    0.507879] pci_bus 0000:13: resource 1 [mem 0xfd200000-0xfd2fffff]
[    0.507879] pci_bus 0000:13: resource 2 [mem 0xe7800000-0xe78fffff 64bit pref]
[    0.507880] pci_bus 0000:14: resource 0 [io  0xa000-0xafff]
[    0.507881] pci_bus 0000:14: resource 1 [mem 0xfce00000-0xfcefffff]
[    0.507882] pci_bus 0000:14: resource 2 [mem 0xe7400000-0xe74fffff 64bit pref]
[    0.507882] pci_bus 0000:15: resource 0 [io  0xe000-0xefff]
[    0.507883] pci_bus 0000:15: resource 1 [mem 0xfca00000-0xfcafffff]
[    0.507884] pci_bus 0000:15: resource 2 [mem 0xe7000000-0xe70fffff 64bit pref]
[    0.507885] pci_bus 0000:16: resource 1 [mem 0xfc600000-0xfc6fffff]
[    0.507885] pci_bus 0000:16: resource 2 [mem 0xe6c00000-0xe6cfffff 64bit pref]
[    0.507886] pci_bus 0000:17: resource 1 [mem 0xfc200000-0xfc2fffff]
[    0.507887] pci_bus 0000:17: resource 2 [mem 0xe6800000-0xe68fffff 64bit pref]
[    0.507888] pci_bus 0000:18: resource 1 [mem 0xfbe00000-0xfbefffff]
[    0.507888] pci_bus 0000:18: resource 2 [mem 0xe6400000-0xe64fffff 64bit pref]
[    0.507889] pci_bus 0000:19: resource 1 [mem 0xfba00000-0xfbafffff]
[    0.507890] pci_bus 0000:19: resource 2 [mem 0xe6000000-0xe60fffff 64bit pref]
[    0.507891] pci_bus 0000:1a: resource 1 [mem 0xfb600000-0xfb6fffff]
[    0.507891] pci_bus 0000:1a: resource 2 [mem 0xe5c00000-0xe5cfffff 64bit pref]
[    0.507892] pci_bus 0000:1b: resource 0 [io  0x7000-0x7fff]
[    0.507893] pci_bus 0000:1b: resource 1 [mem 0xfd100000-0xfd1fffff]
[    0.507893] pci_bus 0000:1b: resource 2 [mem 0xe7700000-0xe77fffff 64bit pref]
[    0.507894] pci_bus 0000:1c: resource 0 [io  0xb000-0xbfff]
[    0.507895] pci_bus 0000:1c: resource 1 [mem 0xfcd00000-0xfcdfffff]
[    0.507895] pci_bus 0000:1c: resource 2 [mem 0xe7300000-0xe73fffff 64bit pref]
[    0.507896] pci_bus 0000:1d: resource 1 [mem 0xfc900000-0xfc9fffff]
[    0.507897] pci_bus 0000:1d: resource 2 [mem 0xe6f00000-0xe6ffffff 64bit pref]
[    0.507898] pci_bus 0000:1e: resource 1 [mem 0xfc500000-0xfc5fffff]
[    0.507898] pci_bus 0000:1e: resource 2 [mem 0xe6b00000-0xe6bfffff 64bit pref]
[    0.507899] pci_bus 0000:1f: resource 1 [mem 0xfc100000-0xfc1fffff]
[    0.507900] pci_bus 0000:1f: resource 2 [mem 0xe6700000-0xe67fffff 64bit pref]
[    0.507901] pci_bus 0000:20: resource 1 [mem 0xfbd00000-0xfbdfffff]
[    0.507902] pci_bus 0000:20: resource 2 [mem 0xe6300000-0xe63fffff 64bit pref]
[    0.507903] pci_bus 0000:21: resource 1 [mem 0xfb900000-0xfb9fffff]
[    0.507903] pci_bus 0000:21: resource 2 [mem 0xe5f00000-0xe5ffffff 64bit pref]
[    0.507904] pci_bus 0000:22: resource 1 [mem 0xfb500000-0xfb5fffff]
[    0.507905] pci_bus 0000:22: resource 2 [mem 0xe5b00000-0xe5bfffff 64bit pref]
[    0.508143] NET: Registered protocol family 2
[    0.508525] tcp_listen_portaddr_hash hash table entries: 4096 (order: 4, 65536 bytes)
[    0.508613] TCP established hash table entries: 65536 (order: 7, 524288 bytes)
[    0.508810] TCP bind hash table entries: 65536 (order: 8, 1048576 bytes)
[    0.509121] TCP: Hash tables configured (established 65536 bind 65536)
[    0.509314] UDP hash table entries: 4096 (order: 5, 131072 bytes)
[    0.509396] UDP-Lite hash table entries: 4096 (order: 5, 131072 bytes)
[    0.509640] NET: Registered protocol family 1
[    0.509682] pci 0000:00:00.0: Limiting direct PCI/PCI transfers
[    0.509803] pci 0000:00:0f.0: Video device with shadowed ROM at [mem 0x000c0000-0x000dffff]
[    0.510848] PCI: CLS mismatch (32 != 64), using 64 bytes
[    0.511445] Unpacking initramfs...
[    5.329616] Freeing initrd memory: 453432K
[    5.329695] PCI-DMA: Using software bounce buffering for IO (SWIOTLB)
[    5.329744] software IO TLB [mem 0xbbed0000-0xbfed0000] (64MB) mapped at [        (ptrval)-        (ptrval)]
[    5.329891] Scanning for low memory corruption every 60 seconds
[    5.333636] Initialise system trusted keyrings
[    5.333719] Key type blacklist registered
[    5.334196] workingset: timestamp_bits=36 max_order=21 bucket_order=0
[    5.335509] zbud: loaded
[    5.336114] squashfs: version 4.0 (2009/01/31) Phillip Lougher
[    5.336597] fuse init (API version 7.26)
[    5.336842] pstore: using deflate compression
[    5.341910] Key type asymmetric registered
[    5.341952] Asymmetric key parser 'x509' registered
[    5.342036] Block layer SCSI generic (bsg) driver version 0.4 loaded (major 244)
[    5.342211] io scheduler noop registered
[    5.342248] io scheduler deadline registered
[    5.342458] io scheduler cfq registered (default)
[    5.360391] pcieport 0000:00:15.0: Signaling PME with IRQ 24
[    5.360571] pcieport 0000:00:15.1: Signaling PME with IRQ 25
[    5.360747] pcieport 0000:00:15.2: Signaling PME with IRQ 26
[    5.360918] pcieport 0000:00:15.3: Signaling PME with IRQ 27
[    5.361086] pcieport 0000:00:15.4: Signaling PME with IRQ 28
[    5.361253] pcieport 0000:00:15.5: Signaling PME with IRQ 29
[    5.361419] pcieport 0000:00:15.6: Signaling PME with IRQ 30
[    5.361585] pcieport 0000:00:15.7: Signaling PME with IRQ 31
[    5.361762] pcieport 0000:00:16.0: Signaling PME with IRQ 32
[    5.361939] pcieport 0000:00:16.1: Signaling PME with IRQ 33
[    5.362117] pcieport 0000:00:16.2: Signaling PME with IRQ 34
[    5.362294] pcieport 0000:00:16.3: Signaling PME with IRQ 35
[    5.362479] pcieport 0000:00:16.4: Signaling PME with IRQ 36
[    5.362656] pcieport 0000:00:16.5: Signaling PME with IRQ 37
[    5.362830] pcieport 0000:00:16.6: Signaling PME with IRQ 38
[    5.362997] pcieport 0000:00:16.7: Signaling PME with IRQ 39
[    5.363163] pcieport 0000:00:17.0: Signaling PME with IRQ 40
[    5.363338] pcieport 0000:00:17.1: Signaling PME with IRQ 41
[    5.363519] pcieport 0000:00:17.2: Signaling PME with IRQ 42
[    5.363743] pcieport 0000:00:17.3: Signaling PME with IRQ 43
[    5.363921] pcieport 0000:00:17.4: Signaling PME with IRQ 44
[    5.364104] pcieport 0000:00:17.5: Signaling PME with IRQ 45
[    5.364353] pcieport 0000:00:17.6: Signaling PME with IRQ 46
[    5.364658] pcieport 0000:00:17.7: Signaling PME with IRQ 47
[    5.364912] pcieport 0000:00:18.0: Signaling PME with IRQ 48
[    5.365177] pcieport 0000:00:18.1: Signaling PME with IRQ 49
[    5.365447] pcieport 0000:00:18.2: Signaling PME with IRQ 50
[    5.365764] pcieport 0000:00:18.3: Signaling PME with IRQ 51
[    5.366046] pcieport 0000:00:18.4: Signaling PME with IRQ 52
[    5.366422] pcieport 0000:00:18.5: Signaling PME with IRQ 53
[    5.366759] pcieport 0000:00:18.6: Signaling PME with IRQ 54
[    5.367116] pcieport 0000:00:18.7: Signaling PME with IRQ 55
[    5.367406] pciehp 0000:00:15.0:pcie004: Slot #160 AttnBtn+ PwrCtrl+ MRL- AttnInd- PwrInd- HotPlug+ Surprise- Interlock- NoCompl+ LLActRep+
[    5.367880] pciehp 0000:00:15.1:pcie004: Slot #161 AttnBtn+ PwrCtrl+ MRL- AttnInd- PwrInd- HotPlug+ Surprise- Interlock- NoCompl+ LLActRep+
[    5.368145] pciehp 0000:00:15.2:pcie004: Slot #162 AttnBtn+ PwrCtrl+ MRL- AttnInd- PwrInd- HotPlug+ Surprise- Interlock- NoCompl+ LLActRep+
[    5.368376] pciehp 0000:00:15.3:pcie004: Slot #163 AttnBtn+ PwrCtrl+ MRL- AttnInd- PwrInd- HotPlug+ Surprise- Interlock- NoCompl+ LLActRep+
[    5.368615] pciehp 0000:00:15.4:pcie004: Slot #164 AttnBtn+ PwrCtrl+ MRL- AttnInd- PwrInd- HotPlug+ Surprise- Interlock- NoCompl+ LLActRep+
[    5.368799] pciehp 0000:00:15.5:pcie004: Slot #165 AttnBtn+ PwrCtrl+ MRL- AttnInd- PwrInd- HotPlug+ Surprise- Interlock- NoCompl+ LLActRep+
[    5.368975] pciehp 0000:00:15.6:pcie004: Slot #166 AttnBtn+ PwrCtrl+ MRL- AttnInd- PwrInd- HotPlug+ Surprise- Interlock- NoCompl+ LLActRep+
[    5.369400] pciehp 0000:00:15.7:pcie004: Slot #167 AttnBtn+ PwrCtrl+ MRL- AttnInd- PwrInd- HotPlug+ Surprise- Interlock- NoCompl+ LLActRep+
[    5.369978] pciehp 0000:00:16.0:pcie004: Slot #192 AttnBtn+ PwrCtrl+ MRL- AttnInd- PwrInd- HotPlug+ Surprise- Interlock- NoCompl+ LLActRep+
[    5.370399] pciehp 0000:00:16.1:pcie004: Slot #193 AttnBtn+ PwrCtrl+ MRL- AttnInd- PwrInd- HotPlug+ Surprise- Interlock- NoCompl+ LLActRep+
[    5.370573] pciehp 0000:00:16.2:pcie004: Slot #194 AttnBtn+ PwrCtrl+ MRL- AttnInd- PwrInd- HotPlug+ Surprise- Interlock- NoCompl+ LLActRep+
[    5.370892] pciehp 0000:00:16.3:pcie004: Slot #195 AttnBtn+ PwrCtrl+ MRL- AttnInd- PwrInd- HotPlug+ Surprise- Interlock- NoCompl+ LLActRep+
[    5.371175] pciehp 0000:00:16.4:pcie004: Slot #196 AttnBtn+ PwrCtrl+ MRL- AttnInd- PwrInd- HotPlug+ Surprise- Interlock- NoCompl+ LLActRep+
[    5.371399] pciehp 0000:00:16.5:pcie004: Slot #197 AttnBtn+ PwrCtrl+ MRL- AttnInd- PwrInd- HotPlug+ Surprise- Interlock- NoCompl+ LLActRep+
[    5.371812] pciehp 0000:00:16.6:pcie004: Slot #198 AttnBtn+ PwrCtrl+ MRL- AttnInd- PwrInd- HotPlug+ Surprise- Interlock- NoCompl+ LLActRep+
[    5.371974] pciehp 0000:00:16.7:pcie004: Slot #199 AttnBtn+ PwrCtrl+ MRL- AttnInd- PwrInd- HotPlug+ Surprise- Interlock- NoCompl+ LLActRep+
[    5.372139] pciehp 0000:00:17.0:pcie004: Slot #224 AttnBtn+ PwrCtrl+ MRL- AttnInd- PwrInd- HotPlug+ Surprise- Interlock- NoCompl+ LLActRep+
[    5.372294] pciehp 0000:00:17.1:pcie004: Slot #225 AttnBtn+ PwrCtrl+ MRL- AttnInd- PwrInd- HotPlug+ Surprise- Interlock- NoCompl+ LLActRep+
[    5.372461] pciehp 0000:00:17.2:pcie004: Slot #226 AttnBtn+ PwrCtrl+ MRL- AttnInd- PwrInd- HotPlug+ Surprise- Interlock- NoCompl+ LLActRep+
[    5.372626] pciehp 0000:00:17.3:pcie004: Slot #227 AttnBtn+ PwrCtrl+ MRL- AttnInd- PwrInd- HotPlug+ Surprise- Interlock- NoCompl+ LLActRep+
[    5.372792] pciehp 0000:00:17.4:pcie004: Slot #228 AttnBtn+ PwrCtrl+ MRL- AttnInd- PwrInd- HotPlug+ Surprise- Interlock- NoCompl+ LLActRep+
[    5.372950] pciehp 0000:00:17.5:pcie004: Slot #229 AttnBtn+ PwrCtrl+ MRL- AttnInd- PwrInd- HotPlug+ Surprise- Interlock- NoCompl+ LLActRep+
[    5.373105] pciehp 0000:00:17.6:pcie004: Slot #230 AttnBtn+ PwrCtrl+ MRL- AttnInd- PwrInd- HotPlug+ Surprise- Interlock- NoCompl+ LLActRep+
[    5.373262] pciehp 0000:00:17.7:pcie004: Slot #231 AttnBtn+ PwrCtrl+ MRL- AttnInd- PwrInd- HotPlug+ Surprise- Interlock- NoCompl+ LLActRep+
[    5.373420] pciehp 0000:00:18.0:pcie004: Slot #256 AttnBtn+ PwrCtrl+ MRL- AttnInd- PwrInd- HotPlug+ Surprise- Interlock- NoCompl+ LLActRep+
[    5.373576] pciehp 0000:00:18.1:pcie004: Slot #257 AttnBtn+ PwrCtrl+ MRL- AttnInd- PwrInd- HotPlug+ Surprise- Interlock- NoCompl+ LLActRep+
[    5.373743] pciehp 0000:00:18.2:pcie004: Slot #258 AttnBtn+ PwrCtrl+ MRL- AttnInd- PwrInd- HotPlug+ Surprise- Interlock- NoCompl+ LLActRep+
[    5.373902] pciehp 0000:00:18.3:pcie004: Slot #259 AttnBtn+ PwrCtrl+ MRL- AttnInd- PwrInd- HotPlug+ Surprise- Interlock- NoCompl+ LLActRep+
[    5.374058] pciehp 0000:00:18.4:pcie004: Slot #260 AttnBtn+ PwrCtrl+ MRL- AttnInd- PwrInd- HotPlug+ Surprise- Interlock- NoCompl+ LLActRep+
[    5.374213] pciehp 0000:00:18.5:pcie004: Slot #261 AttnBtn+ PwrCtrl+ MRL- AttnInd- PwrInd- HotPlug+ Surprise- Interlock- NoCompl+ LLActRep+
[    5.374374] pciehp 0000:00:18.6:pcie004: Slot #262 AttnBtn+ PwrCtrl+ MRL- AttnInd- PwrInd- HotPlug+ Surprise- Interlock- NoCompl+ LLActRep+
[    5.374532] pciehp 0000:00:18.7:pcie004: Slot #263 AttnBtn+ PwrCtrl+ MRL- AttnInd- PwrInd- HotPlug+ Surprise- Interlock- NoCompl+ LLActRep+
[    5.374772] intel_idle: does not run on family 6 model 165
[    5.375072] ACPI: AC Adapter [ACAD] (on-line)
[    5.375201] input: Power Button as /devices/LNXSYSTM:00/LNXPWRBN:00/input/input0
[    5.375297] ACPI: Power Button [PWRF]
[    5.376485] Serial: 8250/16550 driver, 32 ports, IRQ sharing enabled
[    5.399516] 00:05: ttyS0 at I/O 0x3f8 (irq = 4, base_baud = 115200) is a 16550A
[    5.403850] Linux agpgart interface v0.103
[    5.403965] agpgart-intel 0000:00:00.0: Intel 440BX Chipset
[    5.405157] agpgart-intel 0000:00:00.0: AGP aperture is 256M @ 0x0
[    5.413099] loop: module loaded
[    5.413684] ata_piix 0000:00:07.1: version 2.13
[    5.414097] scsi host0: ata_piix
[    5.414371] scsi host1: ata_piix
[    5.414427] ata1: PATA max UDMA/33 cmd 0x1f0 ctl 0x3f6 bmdma 0x1060 irq 14
[    5.414638] ata2: PATA max UDMA/33 cmd 0x170 ctl 0x376 bmdma 0x1068 irq 15
[    5.415103] libphy: Fixed MDIO Bus: probed
[    5.415231] tun: Universal TUN/TAP device driver, 1.6
[    5.415725] PPP generic driver version 2.4.2
[    5.416355] ehci_hcd: USB 2.0 'Enhanced' Host Controller (EHCI) Driver
[    5.416564] ehci-pci: EHCI PCI platform driver
[    5.417525] ehci-pci 0000:02:03.0: EHCI Host Controller
[    5.417658] ehci-pci 0000:02:03.0: new USB bus registered, assigned bus number 1
[    5.418070] ehci-pci 0000:02:03.0: cache line size of 64 is not supported
[    5.418118] ehci-pci 0000:02:03.0: irq 17, io mem 0xfd5ef000
[    5.432618] ehci-pci 0000:02:03.0: USB 2.0 started, EHCI 1.00
[    5.432923] usb usb1: New USB device found, idVendor=1d6b, idProduct=0002, bcdDevice= 4.17
[    5.432989] usb usb1: New USB device strings: Mfr=3, Product=2, SerialNumber=1
[    5.433045] usb usb1: Product: EHCI Host Controller
[    5.433084] usb usb1: Manufacturer: Linux 4.17.12+ ehci_hcd
[    5.433126] usb usb1: SerialNumber: 0000:02:03.0
[    5.433340] hub 1-0:1.0: USB hub found
