[    0.000000] Linux version 4.17.12+ (root@parallels-Parallels-Virtual-Platform) (gcc version 7.5.0 (Ubuntu 7.5.0-3ubuntu1~18.04)) #8 SMP Thu Nov 19 18:28:25 CST 2020
[    0.000000] Command line: BOOT_IMAGE=/boot/vmlinuz-4.17.12+ root=UUID=b214da3c-eaae-4adf-bfcc-c64b050618e8 ro quiet splash vt.handoff=1
[    0.000000] KERNEL supported cpus:
[    0.000000]   Intel GenuineIntel
[    0.000000]   AMD AuthenticAMD
[    0.000000]   Centaur CentaurHauls
[    0.000000] Disabled fast string operations
[    0.000000] x86/fpu: Supporting XSAVE feature 0x001: 'x87 floating point registers'
[    0.000000] x86/fpu: Supporting XSAVE feature 0x002: 'SSE registers'
[    0.000000] x86/fpu: Supporting XSAVE feature 0x004: 'AVX registers'
[    0.000000] x86/fpu: xstate_offset[2]:  576, xstate_sizes[2]:  256
[    0.000000] x86/fpu: Enabled xstate features 0x7, context size is 832 bytes, using 'standard' format.
[    0.000000] e820: BIOS-provided physical RAM map:
[    0.000000] BIOS-e820: [mem 0x0000000000000000-0x000000000009fbff] usable
[    0.000000] BIOS-e820: [mem 0x000000000009fc00-0x000000000009ffff] reserved
[    0.000000] BIOS-e820: [mem 0x00000000000dc000-0x00000000000fffff] reserved
[    0.000000] BIOS-e820: [mem 0x0000000000100000-0x00000000affebfff] usable
[    0.000000] BIOS-e820: [mem 0x00000000affec000-0x00000000affedfff] reserved
[    0.000000] BIOS-e820: [mem 0x00000000affee000-0x00000000afffafff] ACPI data
[    0.000000] BIOS-e820: [mem 0x00000000afffb000-0x00000000afffffff] ACPI NVS
[    0.000000] BIOS-e820: [mem 0x00000000fec00000-0x00000000fec00fff] reserved
[    0.000000] BIOS-e820: [mem 0x00000000fed00000-0x00000000fed00fff] reserved
[    0.000000] BIOS-e820: [mem 0x00000000fed04000-0x00000000fed04fff] reserved
[    0.000000] BIOS-e820: [mem 0x00000000fee00000-0x00000000fee00fff] reserved
[    0.000000] BIOS-e820: [mem 0x00000000ffc00000-0x00000000ffffffff] reserved
[    0.000000] BIOS-e820: [mem 0x0000000100000000-0x000000014fffffff] usable
[    0.000000] NX (Execute Disable) protection: active
[    0.000000] SMBIOS 2.7 present.
[    0.000000] DMI: Parallels Software International Inc. Parallels Virtual Platform/Parallels Virtual Platform, BIOS 16.1.0 (48950) 10/17/2020
[    0.000000] Hypervisor detected: KVM
[    0.000000] e820: update [mem 0x00000000-0x00000fff] usable ==> reserved
[    0.000000] e820: remove [mem 0x000a0000-0x000fffff] usable
[    0.000000] e820: last_pfn = 0x150000 max_arch_pfn = 0x400000000
[    0.000000] MTRR default type: write-back
[    0.000000] MTRR fixed ranges enabled:
[    0.000000]   00000-9FFFF write-back
[    0.000000]   A0000-BFFFF uncachable
[    0.000000]   C0000-C7FFF write-protect
[    0.000000]   C8000-EFFFF uncachable
[    0.000000]   F0000-FFFFF write-protect
[    0.000000] MTRR variable ranges enabled:
[    0.000000]   0 base 0B0000000 mask FF0000000 uncachable
[    0.000000]   1 base 0F0000000 mask FF0000000 uncachable
[    0.000000]   2 base 000000000 mask F00000000 write-back
[    0.000000]   3 base 100000000 mask FC0000000 write-back
[    0.000000]   4 base 140000000 mask FF0000000 write-back
[    0.000000]   5 disabled
[    0.000000]   6 disabled
[    0.000000]   7 disabled
[    0.000000] x86/PAT: Configuration [0-7]: WB  WC  UC- UC  WB  WP  UC- WT  
[    0.000000] e820: last_pfn = 0xaffec max_arch_pfn = 0x400000000
[    0.000000] found SMP MP-table at [mem 0x0009fc30-0x0009fc3f] mapped at [        (ptrval)]
[    0.000000] Scanning 1 areas for low memory corruption
[    0.000000] Base memory trampoline at [        (ptrval)] 99000 size 24576
[    0.000000] BRK [0x7b14a000, 0x7b14afff] PGTABLE
[    0.000000] BRK [0x7b14b000, 0x7b14bfff] PGTABLE
[    0.000000] BRK [0x7b14c000, 0x7b14cfff] PGTABLE
[    0.000000] BRK [0x7b14d000, 0x7b14dfff] PGTABLE
[    0.000000] BRK [0x7b14e000, 0x7b14efff] PGTABLE
[    0.000000] BRK [0x7b14f000, 0x7b14ffff] PGTABLE
[    0.000000] RAMDISK: [mem 0x0b2ed000-0x2196dfff]
[    0.000000] ACPI: Early table checksum verification disabled
[    0.000000] ACPI: RSDP 0x00000000000E0000 000024 (v02 PRLS  )
[    0.000000] ACPI: XSDT 0x00000000AFFF2D40 00004C (v01 PRLS   PRLS_OEM 00000001 INTL 20051216)
[    0.000000] ACPI: FACP 0x00000000AFFEE0C0 0000F4 (v03 PRLS   PRLS_OEM 00000001 INTL 20051216)
[    0.000000] ACPI: DSDT 0x00000000AFFEE440 004853 (v02 PRLS   PRLSACPI 00001001 INTL 20160527)
[    0.000000] ACPI: FACS 0x00000000AFFEE1C0 000040
[    0.000000] ACPI: FACS 0x00000000AFFEE1C0 000040
[    0.000000] ACPI: APIC 0x00000000AFFEE200 000216 (v01 PRLS   PRLS_OEM 00000001 INTL 20051216)
[    0.000000] ACPI: HPET 0x00000000AFFF2CC0 000038 (v00 PRLS   PRLS_OEM 00000001 INTL 20051216)
[    0.000000] ACPI: MCFG 0x00000000AFFF2D00 00003C (v01 PRLS   PRLS_OEM 00000001 INTL 20051216)
[    0.000000] ACPI: OEM1 0x00000000AFFF2DC0 000394 (v01 PRLS   PRLS_OEM 00000001 INTL 20051216)
[    0.000000] ACPI: Local APIC address 0xfee00000
[    0.000000] No NUMA configuration found
[    0.000000] Faking a node at [mem 0x0000000000000000-0x000000014fffffff]
[    0.000000] NODE_DATA(0) allocated [mem 0x14ffd2000-0x14fffcfff]
[    0.000000] kvm-clock: cpu 0, msr 1:4ff51001, primary cpu clock
[    0.000000] kvm-clock: Using msrs 4b564d01 and 4b564d00
[    0.000000] kvm-clock: using sched offset of 3526271998 cycles
[    0.000000] clocksource: kvm-clock: mask: 0xffffffffffffffff max_cycles: 0x1cd42e4dffb, max_idle_ns: 881590591483 ns
[    0.000000] Zone ranges:
[    0.000000]   DMA      [mem 0x0000000000001000-0x0000000000ffffff]
[    0.000000]   DMA32    [mem 0x0000000001000000-0x00000000ffffffff]
[    0.000000]   Normal   [mem 0x0000000100000000-0x000000014fffffff]
[    0.000000]   Device   empty
[    0.000000] Movable zone start for each node
[    0.000000] Early memory node ranges
[    0.000000]   node   0: [mem 0x0000000000001000-0x000000000009efff]
[    0.000000]   node   0: [mem 0x0000000000100000-0x00000000affebfff]
[    0.000000]   node   0: [mem 0x0000000100000000-0x000000014fffffff]
[    0.000000] Reserved but unavailable: 118 pages
[    0.000000] Initmem setup node 0 [mem 0x0000000000001000-0x000000014fffffff]
[    0.000000] On node 0 totalpages: 1048458
[    0.000000]   DMA zone: 64 pages used for memmap
[    0.000000]   DMA zone: 21 pages reserved
[    0.000000]   DMA zone: 3998 pages, LIFO batch:0
[    0.000000]   DMA32 zone: 11200 pages used for memmap
[    0.000000]   DMA32 zone: 716780 pages, LIFO batch:31
[    0.000000]   Normal zone: 5120 pages used for memmap
[    0.000000]   Normal zone: 327680 pages, LIFO batch:31
[    0.000000] ACPI: PM-Timer IO Port: 0x4008
[    0.000000] ACPI: Local APIC address 0xfee00000
[    0.000000] ACPI: LAPIC_NMI (acpi_id[0x00] high edge lint[0x1])
[    0.000000] ACPI: LAPIC_NMI (acpi_id[0x01] high edge lint[0x1])
[    0.000000] ACPI: LAPIC_NMI (acpi_id[0x02] high edge lint[0x1])
[    0.000000] ACPI: LAPIC_NMI (acpi_id[0x03] high edge lint[0x1])
[    0.000000] ACPI: LAPIC_NMI (acpi_id[0x04] high edge lint[0x1])
[    0.000000] ACPI: LAPIC_NMI (acpi_id[0x05] high edge lint[0x1])
[    0.000000] ACPI: LAPIC_NMI (acpi_id[0x06] high edge lint[0x1])
[    0.000000] ACPI: LAPIC_NMI (acpi_id[0x07] high edge lint[0x1])
[    0.000000] ACPI: LAPIC_NMI (acpi_id[0x08] high edge lint[0x1])
[    0.000000] ACPI: LAPIC_NMI (acpi_id[0x09] high edge lint[0x1])
[    0.000000] ACPI: LAPIC_NMI (acpi_id[0x0a] high edge lint[0x1])
[    0.000000] ACPI: LAPIC_NMI (acpi_id[0x0b] high edge lint[0x1])
[    0.000000] ACPI: LAPIC_NMI (acpi_id[0x0c] high edge lint[0x1])
[    0.000000] ACPI: LAPIC_NMI (acpi_id[0x0d] high edge lint[0x1])
[    0.000000] ACPI: LAPIC_NMI (acpi_id[0x0e] high edge lint[0x1])
[    0.000000] ACPI: LAPIC_NMI (acpi_id[0x0f] high edge lint[0x1])
[    0.000000] ACPI: LAPIC_NMI (acpi_id[0x10] high edge lint[0x1])
[    0.000000] ACPI: LAPIC_NMI (acpi_id[0x11] high edge lint[0x1])
[    0.000000] ACPI: LAPIC_NMI (acpi_id[0x12] high edge lint[0x1])
[    0.000000] ACPI: LAPIC_NMI (acpi_id[0x13] high edge lint[0x1])
[    0.000000] ACPI: LAPIC_NMI (acpi_id[0x14] high edge lint[0x1])
[    0.000000] ACPI: LAPIC_NMI (acpi_id[0x15] high edge lint[0x1])
[    0.000000] ACPI: LAPIC_NMI (acpi_id[0x16] high edge lint[0x1])
[    0.000000] ACPI: LAPIC_NMI (acpi_id[0x17] high edge lint[0x1])
[    0.000000] ACPI: LAPIC_NMI (acpi_id[0x18] high edge lint[0x1])
[    0.000000] ACPI: LAPIC_NMI (acpi_id[0x19] high edge lint[0x1])
[    0.000000] ACPI: LAPIC_NMI (acpi_id[0x1a] high edge lint[0x1])
[    0.000000] ACPI: LAPIC_NMI (acpi_id[0x1b] high edge lint[0x1])
[    0.000000] ACPI: LAPIC_NMI (acpi_id[0x1c] high edge lint[0x1])
[    0.000000] ACPI: LAPIC_NMI (acpi_id[0x1d] high edge lint[0x1])
[    0.000000] ACPI: LAPIC_NMI (acpi_id[0x1e] high edge lint[0x1])
[    0.000000] ACPI: LAPIC_NMI (acpi_id[0x1f] high edge lint[0x1])
[    0.000000] IOAPIC[0]: apic_id 0, version 2, address 0xfec00000, GSI 0-23
[    0.000000] ACPI: INT_SRC_OVR (bus 0 bus_irq 0 global_irq 2 dfl dfl)
[    0.000000] ACPI: INT_SRC_OVR (bus 0 bus_irq 14 global_irq 14 dfl edge)
[    0.000000] ACPI: INT_SRC_OVR (bus 0 bus_irq 15 global_irq 15 dfl edge)
[    0.000000] ACPI: IRQ0 used by override.
[    0.000000] ACPI: IRQ9 used by override.
[    0.000000] ACPI: IRQ14 used by override.
[    0.000000] ACPI: IRQ15 used by override.
[    0.000000] Using ACPI (MADT) for SMP configuration information
[    0.000000] ACPI: HPET id: 0x8086a701 base: 0xfed00000
[    0.000000] smpboot: Allowing 32 CPUs, 28 hotplug CPUs
[    0.000000] PM: Registered nosave memory: [mem 0x00000000-0x00000fff]
[    0.000000] PM: Registered nosave memory: [mem 0x0009f000-0x0009ffff]
[    0.000000] PM: Registered nosave memory: [mem 0x000a0000-0x000dbfff]
[    0.000000] PM: Registered nosave memory: [mem 0x000dc000-0x000fffff]
[    0.000000] PM: Registered nosave memory: [mem 0xaffec000-0xaffedfff]
[    0.000000] PM: Registered nosave memory: [mem 0xaffee000-0xafffafff]
[    0.000000] PM: Registered nosave memory: [mem 0xafffb000-0xafffffff]
[    0.000000] PM: Registered nosave memory: [mem 0xb0000000-0xfebfffff]
[    0.000000] PM: Registered nosave memory: [mem 0xfec00000-0xfec00fff]
[    0.000000] PM: Registered nosave memory: [mem 0xfec01000-0xfecfffff]
[    0.000000] PM: Registered nosave memory: [mem 0xfed00000-0xfed00fff]
[    0.000000] PM: Registered nosave memory: [mem 0xfed01000-0xfed03fff]
[    0.000000] PM: Registered nosave memory: [mem 0xfed04000-0xfed04fff]
[    0.000000] PM: Registered nosave memory: [mem 0xfed05000-0xfedfffff]
[    0.000000] PM: Registered nosave memory: [mem 0xfee00000-0xfee00fff]
[    0.000000] PM: Registered nosave memory: [mem 0xfee01000-0xffbfffff]
[    0.000000] PM: Registered nosave memory: [mem 0xffc00000-0xffffffff]
[    0.000000] e820: [mem 0xb0000000-0xfebfffff] available for PCI devices
[    0.000000] Booting paravirtualized kernel on KVM
[    0.000000] clocksource: refined-jiffies: mask: 0xffffffff max_cycles: 0xffffffff, max_idle_ns: 7645519600211568 ns
[    0.000000] random: get_random_bytes called from start_kernel+0x99/0x55a with crng_init=0
[    0.000000] setup_percpu: NR_CPUS:8192 nr_cpumask_bits:32 nr_cpu_ids:32 nr_node_ids:1
[    0.000000] percpu: Embedded 46 pages/cpu @        (ptrval) s151552 r8192 d28672 u262144
[    0.000000] pcpu-alloc: s151552 r8192 d28672 u262144 alloc=1*2097152
[    0.000000] pcpu-alloc: [0] 00 01 02 03 04 05 06 07 [0] 08 09 10 11 12 13 14 15 
[    0.000000] pcpu-alloc: [0] 16 17 18 19 20 21 22 23 [0] 24 25 26 27 28 29 30 31 
[    0.000000] Built 1 zonelists, mobility grouping on.  Total pages: 1032053
[    0.000000] Policy zone: Normal
[    0.000000] Kernel command line: BOOT_IMAGE=/boot/vmlinuz-4.17.12+ root=UUID=b214da3c-eaae-4adf-bfcc-c64b050618e8 ro quiet splash vt.handoff=1
[    0.000000] Calgary: detecting Calgary via BIOS EBDA area
[    0.000000] Calgary: Unable to locate Rio Grande table in EBDA - bailing!
[    0.000000] Memory: 3660504K/4193832K available (12300K kernel code, 2516K rwdata, 4216K rodata, 2436K init, 2384K bss, 533328K reserved, 0K cma-reserved)
[    0.000000] SLUB: HWalign=64, Order=0-3, MinObjects=0, CPUs=32, Nodes=1
[    0.000000] Kernel/User page tables isolation: enabled
[    0.000000] ftrace: allocating 40301 entries in 158 pages
[    0.004000] Hierarchical RCU implementation.
[    0.004000] 	RCU restricting CPUs from NR_CPUS=8192 to nr_cpu_ids=32.
[    0.004000] 	Tasks RCU enabled.
[    0.004000] RCU: Adjusting geometry for rcu_fanout_leaf=16, nr_cpu_ids=32
[    0.004000] NR_IRQS: 524544, nr_irqs: 680, preallocated irqs: 16
[    0.004000] Console: colour dummy device 80x25
[    0.004000] console [tty0] enabled
[    0.004000] ACPI: Core revision 20180313
[    0.004000] clocksource: hpet: mask: 0xffffffff max_cycles: 0xffffffff, max_idle_ns: 119453777892 ns
[    0.004000] hpet clockevent registered
[    0.004000] APIC: Switch to symmetric I/O mode setup
[    0.004000] x2apic enabled
[    0.004000] Switched APIC routing to physical x2apic.
[    0.004000] ..TIMER: vector=0x30 apic1=0 pin1=2 apic2=-1 pin2=-1
[    0.004007] tsc: Detected 1392.000 MHz processor
[    0.004010] clocksource: tsc-early: mask: 0xffffffffffffffff max_cycles: 0x14109b0720d, max_idle_ns: 440795259878 ns
[    0.004012] Calibrating delay loop (skipped) preset value.. 2784.00 BogoMIPS (lpj=5568000)
[    0.004014] pid_max: default: 32768 minimum: 301
[    0.004083] Security Framework initialized
[    0.004084] Yama: becoming mindful.
[    0.004170] AppArmor: AppArmor initialized
[    0.005875] Dentry cache hash table entries: 524288 (order: 10, 4194304 bytes)
[    0.006708] Inode-cache hash table entries: 262144 (order: 9, 2097152 bytes)
[    0.006738] Mount-cache hash table entries: 8192 (order: 4, 65536 bytes)
[    0.006759] Mountpoint-cache hash table entries: 8192 (order: 4, 65536 bytes)
[    0.008176] Disabled fast string operations
[    0.008180] CPU: Physical Processor ID: 0
[    0.008181] CPU: Processor Core ID: 0
[    0.008205] mce: CPU supports 0 MCE banks
[    0.008217] Last level iTLB entries: 4KB 64, 2MB 8, 4MB 8
[    0.008218] Last level dTLB entries: 4KB 64, 2MB 0, 4MB 0, 1GB 4
[    0.008219] Spectre V2 : Mitigation: Full generic retpoline
[    0.008220] Spectre V2 : Spectre v2 mitigation: Filling RSB on context switch
[    0.008221] Speculative Store Bypass: Vulnerable
[    0.008301] Freeing SMP alternatives memory: 36K
[    0.009042] TSC deadline timer enabled
[    0.009049] smpboot: CPU0: Intel(R) Core(TM) i5-8257U CPU @ 1.40GHz (family: 0x6, model: 0x8e, stepping: 0xa)
[    0.009163] Performance Events: unsupported p6 CPU model 142 no PMU driver, software events only.
[    0.009203] Hierarchical SRCU implementation.
[    0.009935] NMI watchdog: Perf event create on CPU 0 failed with -2
[    0.009935] NMI watchdog: Perf NMI watchdog permanently disabled
[    0.010364] smp: Bringing up secondary CPUs ...
[    0.010504] hhhhhh
[    0.010513] x86: Booting SMP configuration:
[    0.010514] .... node  #0, CPUs:        #1
[    0.004000] kvm-clock: cpu 1, msr 1:4ff51041, secondary cpu clock
[    0.004000] Disabled fast string operations
[    0.004000] mce: CPU supports 0 MCE banks
[    0.010933] hhhhhh
[    0.010933]   #2
[    0.004000] kvm-clock: cpu 2, msr 1:4ff51081, secondary cpu clock
[    0.004000] Disabled fast string operations
[    0.004000] mce: CPU supports 0 MCE banks
[    0.010933] hhhhhh
[    0.010933]   #3
[    0.004000] kvm-clock: cpu 3, msr 1:4ff510c1, secondary cpu clock
[    0.004000] Disabled fast string operations
[    0.004000] mce: CPU supports 0 MCE banks
[    0.012269] smp: Brought up 1 node, 4 CPUs
[    0.012269] smpboot: Max logical packages: 8
[    0.012269] smpboot: Total of 4 processors activated (11136.00 BogoMIPS)
[    0.020136] devtmpfs: initialized
[    0.020164] x86/mm: Memory block size: 128MB
[    0.020565] evm: security.selinux
[    0.020567] evm: security.SMACK64
[    0.020568] evm: security.SMACK64EXEC
[    0.020568] evm: security.SMACK64TRANSMUTE
[    0.020569] evm: security.SMACK64MMAP
[    0.020570] evm: security.apparmor
[    0.020570] evm: security.ima
[    0.020571] evm: security.capability
[    0.020616] PM: Registering ACPI NVS region [mem 0xafffb000-0xafffffff] (20480 bytes)
[    0.020616] clocksource: jiffies: mask: 0xffffffff max_cycles: 0xffffffff, max_idle_ns: 7645041785100000 ns
[    0.020616] futex hash table entries: 8192 (order: 7, 524288 bytes)
[    0.020616] pinctrl core: initialized pinctrl subsystem
[    0.020744] RTC time: 11:45:16, date: 11/19/20
[    0.021083] NET: Registered protocol family 16
[    0.021162] audit: initializing netlink subsys (disabled)
[    0.021174] audit: type=2000 audit(1605786316.020:1): state=initialized audit_enabled=0 res=1
[    0.021174] cpuidle: using governor ladder
[    0.021174] cpuidle: using governor menu
[    0.021174] ACPI: bus type PCI registered
[    0.021174] acpiphp: ACPI Hot Plug PCI Controller Driver version: 0.5
[    0.021174] PCI: MMCONFIG for domain 0000 [bus 00-0f] at [mem 0xfc000000-0xfcffffff] (base 0xfc000000)
[    0.021174] PCI: not using MMCONFIG
[    0.021174] PCI: Using configuration type 1 for base access
[    0.024502] HugeTLB registered 2.00 MiB page size, pre-allocated 0 pages
[    0.024502] ACPI: Added _OSI(Module Device)
[    0.024502] ACPI: Added _OSI(Processor Device)
[    0.024502] ACPI: Added _OSI(3.0 _SCP Extensions)
[    0.024502] ACPI: Added _OSI(Processor Aggregator Device)
[    0.024502] ACPI: Added _OSI(Linux-Dell-Video)
[    0.028560] ACPI: 1 ACPI AML tables successfully acquired and loaded
[    0.029853] ACPI: EC: EC started
[    0.029853] ACPI: EC: interrupt blocked
[    0.029853] ACPI: \_SB_.PCI0.PX40.EC__: Used as first EC
[    0.029853] ACPI: \_SB_.PCI0.PX40.EC__: GPE=0xa, EC_CMD/EC_SC=0x66, EC_DATA=0x62
[    0.029853] ACPI: \_SB_.PCI0.PX40.EC__: Used as boot DSDT EC to handle transactions
[    0.029853] ACPI: Interpreter enabled
[    0.029853] ACPI: (supports S0 S3 S4 S5)
[    0.029853] ACPI: Using IOAPIC for interrupt routing
[    0.029853] PCI: MMCONFIG for domain 0000 [bus 00-0f] at [mem 0xfc000000-0xfcffffff] (base 0xfc000000)
[    0.029853] PCI: MMCONFIG at [mem 0xfc000000-0xfcffffff] reserved in ACPI motherboard resources
[    0.029853] pmd_set_huge: Cannot satisfy [mem 0xfc000000-0xfc200000] with a huge-page mapping due to MTRR override.
[    0.029853] PCI: Using host bridge windows from ACPI; if necessary, use "pci=nocrs" and report a bug
[    0.029853] ACPI: Enabled 3 GPEs in block 00 to 0F
[    0.032000] ACPI: PCI Root Bridge [PCI0] (domain 0000 [bus 00-7f])
[    0.032000] acpi PNP0A08:00: _OSC: OS supports [ExtendedConfig ASPM ClockPM Segments MSI]
[    0.032000] acpi PNP0A08:00: _OSC failed (AE_NOT_FOUND); disabling ASPM
[    0.032000] acpi PNP0A08:00: [Firmware Info]: MMCONFIG for domain 0000 [bus 00-0f] only partially covers this bridge
[    0.032000] acpi PNP0A08:00: ignoring host bridge window [mem 0x000d0000-0x000dffff window] (conflicts with Reserved [mem 0x000dc000-0x000fffff])
[    0.032000] PCI host bridge to bus 0000:00
[    0.032000] pci_bus 0000:00: root bus resource [io  0x0000-0x0cf7 window]
[    0.032000] pci_bus 0000:00: root bus resource [io  0x0d00-0xffff window]
[    0.032000] pci_bus 0000:00: root bus resource [mem 0x000a0000-0x000bffff window]
[    0.032000] pci_bus 0000:00: root bus resource [mem 0x000c0000-0x000cffff window]
[    0.032000] pci_bus 0000:00: root bus resource [mem 0xb0000000-0xfebfffff window]
[    0.032000] pci_bus 0000:00: root bus resource [bus 00-7f]
[    0.032000] pci 0000:00:00.0: [8086:29a0] type 00 class 0x060000
[    0.036120] pci 0000:00:01.0: [8086:2981] type 01 class 0x060401
[    0.036237] pci 0000:00:01.0: PME# supported from D0 D3hot D3cold
[    0.036316] pci 0000:00:03.0: [1ab8:4000] type 00 class 0xff0000
[    0.036333] pci 0000:00:03.0: reg 0x10: [io  0x8000-0x801f]
[    0.036481] pci 0000:00:05.0: [1af4:1000] type 00 class 0x020000
[    0.036604] pci 0000:00:05.0: reg 0x10: [io  0x8200-0x823f]
[    0.036642] pci 0000:00:05.0: reg 0x14: [mem 0xee000000-0xee000fff]
[    0.038520] pci 0000:00:0a.0: [1011:0022] type 01 class 0x060400
[    0.038694] pci 0000:00:0e.0: [1af4:1002] type 00 class 0x050000
[    0.038728] pci 0000:00:0e.0: reg 0x10: [io  0xb000-0xb01f]
[    0.038936] pci 0000:00:1d.0: [8086:2658] type 00 class 0x0c0300
[    0.039022] pci 0000:00:1d.0: reg 0x20: [io  0xb200-0xb21f]
[    0.039172] pci 0000:00:1d.6: [1033:0194] type 00 class 0x0c0330
[    0.039420] pci 0000:00:1d.6: reg 0x10: [mem 0xef100000-0xef100fff]
[    0.040553] pci 0000:00:1d.7: [8086:265c] type 00 class 0x0c0320
[    0.040719] pci 0000:00:1d.7: reg 0x10: [mem 0xef140000-0xef1403ff]
[    0.041667] pci 0000:00:1e.0: [8086:244e] type 01 class 0x060400
[    0.041920] pci 0000:00:1f.0: [8086:2810] type 00 class 0x060100
[    0.042048] pci 0000:00:1f.0: quirk: [io  0x4000-0x407f] claimed by ICH6 ACPI/GPIO/TCO
[    0.042212] pci 0000:00:1f.1: [8086:244b] type 00 class 0x010180
[    0.042306] pci 0000:00:1f.1: reg 0x20: [io  0xe000-0xe00f]
[    0.042340] pci 0000:00:1f.1: legacy IDE quirk: reg 0x10: [io  0x01f0-0x01f7]
[    0.042342] pci 0000:00:1f.1: legacy IDE quirk: reg 0x14: [io  0x03f6]
[    0.042344] pci 0000:00:1f.1: legacy IDE quirk: reg 0x18: [io  0x0170-0x0177]
[    0.042346] pci 0000:00:1f.1: legacy IDE quirk: reg 0x1c: [io  0x0376]
[    0.042530] pci 0000:00:1f.2: [8086:2821] type 00 class 0x010601
[    0.042706] pci 0000:00:1f.2: reg 0x10: [io  0xe200-0xe207]
[    0.042806] pci 0000:00:1f.2: reg 0x14: [io  0xe400-0xe403]
[    0.042898] pci 0000:00:1f.2: reg 0x18: [io  0xe600-0xe607]
[    0.042998] pci 0000:00:1f.2: reg 0x1c: [io  0xe800-0xe803]
[    0.043096] pci 0000:00:1f.2: reg 0x20: [io  0xea00-0xea0f]
[    0.043188] pci 0000:00:1f.2: reg 0x24: [mem 0xf0200000-0xf0201fff]
[    0.043368] pci 0000:00:1f.2: PME# supported from D3hot
[    0.043512] pci 0000:00:1f.3: [8086:283e] type 00 class 0x0c0500
[    0.043616] pci 0000:00:1f.3: reg 0x10: [mem 0xf0240000-0xf0240fff]
[    0.043930] pci 0000:00:1f.3: reg 0x20: [io  0xec00-0xec1f]
[    0.044220] pci 0000:00:1f.4: [8086:2445] type 00 class 0x040100
[    0.044270] pci 0000:00:1f.4: reg 0x10: [io  0xee00-0xeeff]
[    0.044304] pci 0000:00:1f.4: reg 0x14: [io  0xf000-0xf0ff]
[    0.044712] pci 0000:01:00.0: [1ab8:4005] type 00 class 0x030000
[    0.045215] pci 0000:01:00.0: reg 0x10: [io  0x6000-0x601f]
[    0.045699] pci 0000:01:00.0: reg 0x14: [mem 0xb0000000-0xb3ffffff pref]
[    0.049930] pci 0000:01:00.0: reg 0x30: [mem 0xe2000000-0xe200ffff pref]
[    0.050086] pci 0000:00:01.0: PCI bridge to [bus 01] (subtractive decode)
[    0.050094] pci 0000:00:01.0:   bridge window [io  0x6000-0x7fff]
[    0.050100] pci 0000:00:01.0:   bridge window [mem 0xe2000000-0xedffffff]
[    0.050110] pci 0000:00:01.0:   bridge window [mem 0xb0000000-0xdfffffff 64bit pref]
[    0.050112] pci 0000:00:01.0:   bridge window [io  0x0000-0x0cf7 window] (subtractive decode)
[    0.050116] pci 0000:00:01.0:   bridge window [io  0x0d00-0xffff window] (subtractive decode)
[    0.050118] pci 0000:00:01.0:   bridge window [mem 0x000a0000-0x000bffff window] (subtractive decode)
[    0.050120] pci 0000:00:01.0:   bridge window [mem 0x000c0000-0x000cffff window] (subtractive decode)
[    0.050122] pci 0000:00:01.0:   bridge window [mem 0xb0000000-0xfebfffff window] (subtractive decode)
[    0.050218] pci 0000:00:0a.0: PCI bridge to [bus 02]
[    0.050224] pci 0000:00:0a.0:   bridge window [io  0x9000-0xafff]
[    0.050230] pci 0000:00:0a.0:   bridge window [mem 0xee100000-0xef0fffff]
[    0.050234] pci 0000:00:0a.0:   bridge window [mem 0xe0000000-0xe0ffffff pref]
[    0.050506] pci 0000:00:1e.0: PCI bridge to [bus 03] (subtractive decode)
[    0.050512] pci 0000:00:1e.0:   bridge window [io  0xc000-0xdfff]
[    0.050518] pci 0000:00:1e.0:   bridge window [mem 0xef200000-0xf01fffff]
[    0.050528] pci 0000:00:1e.0:   bridge window [mem 0xe1000000-0xe1ffffff 64bit pref]
[    0.050530] pci 0000:00:1e.0:   bridge window [io  0x0000-0x0cf7 window] (subtractive decode)
[    0.050534] pci 0000:00:1e.0:   bridge window [io  0x0d00-0xffff window] (subtractive decode)
[    0.050536] pci 0000:00:1e.0:   bridge window [mem 0x000a0000-0x000bffff window] (subtractive decode)
[    0.050538] pci 0000:00:1e.0:   bridge window [mem 0x000c0000-0x000cffff window] (subtractive decode)
[    0.050542] pci 0000:00:1e.0:   bridge window [mem 0xb0000000-0xfebfffff window] (subtractive decode)
[    0.050624] ACPI Error: AE_NOT_FOUND, Evaluating _CRS (20180313/pci_link-274)
[    0.050648] ACPI: PCI Interrupt Link [LNKA] (IRQs) *0, disabled.
[    0.053094] ACPI: EC: interrupt unblocked
[    0.053100] ACPI: EC: event unblocked
[    0.053104] ACPI: \_SB_.PCI0.PX40.EC__: GPE=0xa, EC_CMD/EC_SC=0x66, EC_DATA=0x62
[    0.053105] ACPI: \_SB_.PCI0.PX40.EC__: Used as boot DSDT EC to handle transactions and events
[    0.053159] pci 0000:01:00.0: vgaarb: setting as boot VGA device
[    0.053159] pci 0000:01:00.0: vgaarb: VGA device added: decodes=io+mem,owns=io+mem,locks=none
[    0.053159] pci 0000:01:00.0: vgaarb: bridge control possible
[    0.053159] vgaarb: loaded
[    0.053159] SCSI subsystem initialized
[    0.053273] libata version 3.00 loaded.
[    0.053273] ACPI: bus type USB registered
[    0.053273] usbcore: registered new interface driver usbfs
[    0.053273] usbcore: registered new interface driver hub
[    0.053273] usbcore: registered new device driver usb
[    0.053273] pps_core: LinuxPPS API ver. 1 registered
[    0.053273] pps_core: Software ver. 5.3.6 - Copyright 2005-2007 Rodolfo Giometti <giometti@linux.it>
[    0.053273] PTP clock support registered
[    0.053273] EDAC MC: Ver: 3.0.0
[    0.056047] PCI: Using ACPI for IRQ routing
[    0.056380] PCI: pci_cache_line_size set to 64 bytes
[    0.056421] e820: reserve RAM buffer [mem 0x0009fc00-0x0009ffff]
[    0.056422] e820: reserve RAM buffer [mem 0xaffec000-0xafffffff]
[    0.056572] NetLabel: Initializing
[    0.056573] NetLabel:  domain hash size = 128
[    0.056574] NetLabel:  protocols = UNLABELED CIPSOv4 CALIPSO
[    0.056600] NetLabel:  unlabeled traffic allowed by default
[    0.057646] hpet0: at MMIO 0xfed00000, IRQs 2, 8, 0, 0, 0, 0, 0, 0
[    0.057651] hpet0: 8 comparators, 64-bit 16.000000 MHz counter
[    0.060105] clocksource: Switched to clocksource kvm-clock
[    0.073154] VFS: Disk quotas dquot_6.6.0
[    0.073172] VFS: Dquot-cache hash table entries: 512 (order 0, 4096 bytes)
[    0.073304] AppArmor: AppArmor Filesystem Enabled
[    0.073335] pnp: PnP ACPI init
[    0.073628] pnp 00:00: Plug and Play ACPI device, IDs PNP0303 (active)
[    0.073653] pnp 00:01: Plug and Play ACPI device, IDs PNP0f03 (active)
[    0.073683] pnp 00:02: Plug and Play ACPI device, IDs PNP0b00 (active)
[    0.073746] system 00:03: [mem 0xff000000-0xffffffff] could not be reserved
[    0.073749] system 00:03: Plug and Play ACPI device, IDs PNP0c01 (active)
[    0.073784] system 00:04: [io  0x04d0-0x04d1] has been reserved
[    0.073786] system 00:04: [mem 0xfc000000-0xfcffffff] has been reserved
[    0.073789] system 00:04: Plug and Play ACPI device, IDs PNP0c02 (active)
[    0.100040] pnp: PnP ACPI: found 5 devices
[    0.112319] clocksource: acpi_pm: mask: 0xffffff max_cycles: 0xffffff, max_idle_ns: 2085701024 ns
[    0.112375] pci 0000:00:01.0: PCI bridge to [bus 01]
[    0.112381] pci 0000:00:01.0:   bridge window [io  0x6000-0x7fff]
[    0.112389] pci 0000:00:01.0:   bridge window [mem 0xe2000000-0xedffffff]
[    0.112396] pci 0000:00:01.0:   bridge window [mem 0xb0000000-0xdfffffff 64bit pref]
[    0.112407] pci 0000:00:0a.0: PCI bridge to [bus 02]
[    0.112430] pci 0000:00:0a.0:   bridge window [io  0x9000-0xafff]
[    0.112442] pci 0000:00:0a.0:   bridge window [mem 0xee100000-0xef0fffff]
[    0.112472] pci 0000:00:0a.0:   bridge window [mem 0xe0000000-0xe0ffffff pref]
[    0.112481] pci 0000:00:1e.0: PCI bridge to [bus 03]
[    0.112485] pci 0000:00:1e.0:   bridge window [io  0xc000-0xdfff]
[    0.112492] pci 0000:00:1e.0:   bridge window [mem 0xef200000-0xf01fffff]
[    0.112497] pci 0000:00:1e.0:   bridge window [mem 0xe1000000-0xe1ffffff 64bit pref]
[    0.112507] pci_bus 0000:00: resource 4 [io  0x0000-0x0cf7 window]
[    0.112509] pci_bus 0000:00: resource 5 [io  0x0d00-0xffff window]
[    0.112512] pci_bus 0000:00: resource 6 [mem 0x000a0000-0x000bffff window]
[    0.112514] pci_bus 0000:00: resource 7 [mem 0x000c0000-0x000cffff window]
[    0.112516] pci_bus 0000:00: resource 8 [mem 0xb0000000-0xfebfffff window]
[    0.112518] pci_bus 0000:01: resource 0 [io  0x6000-0x7fff]
[    0.112520] pci_bus 0000:01: resource 1 [mem 0xe2000000-0xedffffff]
[    0.112522] pci_bus 0000:01: resource 2 [mem 0xb0000000-0xdfffffff 64bit pref]
[    0.112524] pci_bus 0000:01: resource 4 [io  0x0000-0x0cf7 window]
[    0.112526] pci_bus 0000:01: resource 5 [io  0x0d00-0xffff window]
[    0.112528] pci_bus 0000:01: resource 6 [mem 0x000a0000-0x000bffff window]
[    0.112530] pci_bus 0000:01: resource 7 [mem 0x000c0000-0x000cffff window]
[    0.112532] pci_bus 0000:01: resource 8 [mem 0xb0000000-0xfebfffff window]
[    0.112534] pci_bus 0000:02: resource 0 [io  0x9000-0xafff]
[    0.112536] pci_bus 0000:02: resource 1 [mem 0xee100000-0xef0fffff]
[    0.112538] pci_bus 0000:02: resource 2 [mem 0xe0000000-0xe0ffffff pref]
[    0.112540] pci_bus 0000:03: resource 0 [io  0xc000-0xdfff]
[    0.112542] pci_bus 0000:03: resource 1 [mem 0xef200000-0xf01fffff]
[    0.112544] pci_bus 0000:03: resource 2 [mem 0xe1000000-0xe1ffffff 64bit pref]
[    0.112546] pci_bus 0000:03: resource 4 [io  0x0000-0x0cf7 window]
[    0.112548] pci_bus 0000:03: resource 5 [io  0x0d00-0xffff window]
[    0.112550] pci_bus 0000:03: resource 6 [mem 0x000a0000-0x000bffff window]
[    0.112552] pci_bus 0000:03: resource 7 [mem 0x000c0000-0x000cffff window]
[    0.112554] pci_bus 0000:03: resource 8 [mem 0xb0000000-0xfebfffff window]
[    0.112710] NET: Registered protocol family 2
[    0.113201] tcp_listen_portaddr_hash hash table entries: 2048 (order: 3, 32768 bytes)
[    0.113231] TCP established hash table entries: 32768 (order: 6, 262144 bytes)
[    0.113397] TCP bind hash table entries: 32768 (order: 7, 524288 bytes)
[    0.113615] TCP: Hash tables configured (established 32768 bind 32768)
[    0.114350] UDP hash table entries: 2048 (order: 4, 65536 bytes)
[    0.114388] UDP-Lite hash table entries: 2048 (order: 4, 65536 bytes)
[    0.114555] NET: Registered protocol family 1
[    0.117271] pci 0000:01:00.0: Video device with shadowed ROM at [mem 0x000c0000-0x000dffff]
[    0.117278] PCI: CLS 0 bytes, default 64
[    0.117341] Unpacking initramfs...
[    4.543795] Freeing initrd memory: 367108K
[    4.543845] PCI-DMA: Using software bounce buffering for IO (SWIOTLB)
[    4.543848] software IO TLB [mem 0xabfec000-0xaffec000] (64MB) mapped at [        (ptrval)-        (ptrval)]
[    4.543946] Scanning for low memory corruption every 60 seconds
[    4.545030] Initialise system trusted keyrings
[    4.545045] Key type blacklist registered
[    4.545136] workingset: timestamp_bits=36 max_order=20 bucket_order=0
[    4.546825] zbud: loaded
[    4.547387] squashfs: version 4.0 (2009/01/31) Phillip Lougher
[    4.547745] fuse init (API version 7.26)
[    4.547848] pstore: using deflate compression
[    4.551966] Key type asymmetric registered
[    4.551967] Asymmetric key parser 'x509' registered
[    4.552031] Block layer SCSI generic (bsg) driver version 0.4 loaded (major 244)
[    4.552153] io scheduler noop registered
[    4.552154] io scheduler deadline registered
[    4.552210] io scheduler cfq registered (default)
[    4.552454] vesafb: mode is 800x600x32, linelength=3200, pages=0
[    4.552455] vesafb: scrolling: redraw
[    4.552456] vesafb: Truecolor: size=8:8:8:8, shift=24:16:8:0
[    4.552466] vesafb: framebuffer at 0xb0000000, mapped to 0x        (ptrval), using 1920k, total 1920k
[    4.553877] Console: switching to colour frame buffer device 100x37
[    4.554828] fb0: VESA VGA frame buffer device
[    4.554842] intel_idle: Please enable MWAIT in BIOS SETUP
[    4.565889] ACPI: AC Adapter [ADP0] (on-line)
[    4.566011] input: Power Button as /devices/LNXSYSTM:00/LNXPWRBN:00/input/input0
[    4.566106] ACPI: Power Button [PWRF]
[    4.566185] input: Sleep Button as /devices/LNXSYSTM:00/LNXSLPBN:00/input/input1
[    4.566203] ACPI: Sleep Button [SLPF]
[    4.567549] virtio-pci 0000:00:05.0: virtio_pci: leaving for legacy driver
[    4.568133] virtio-pci 0000:00:0e.0: virtio_pci: leaving for legacy driver
[    4.568539] Serial: 8250/16550 driver, 32 ports, IRQ sharing enabled
[    4.572994] Linux agpgart interface v0.103
[    4.578145] loop: module loaded
[    4.578659] ata_piix 0000:00:1f.1: version 2.13
[    4.579187] scsi host0: ata_piix
[    4.579419] scsi host1: ata_piix
[    4.579452] ata1: PATA max UDMA/100 cmd 0x1f0 ctl 0x3f6 bmdma 0xe000 irq 14
[    4.579454] ata2: PATA max UDMA/100 cmd 0x170 ctl 0x376 bmdma 0xe008 irq 15
[    4.579535] libphy: Fixed MDIO Bus: probed
[    4.579537] tun: Universal TUN/TAP device driver, 1.6
[    4.579614] PPP generic driver version 2.4.2
[    4.579686] ehci_hcd: USB 2.0 'Enhanced' Host Controller (EHCI) Driver
[    4.579692] ehci-pci: EHCI PCI platform driver
[    4.579913] ehci-pci 0000:00:1d.7: EHCI Host Controller
[    4.579921] ehci-pci 0000:00:1d.7: new USB bus registered, assigned bus number 1
[    4.580170] ehci-pci 0000:00:1d.7: Enabling legacy PCI PM
[    4.580195] ehci-pci 0000:00:1d.7: cache line size of 64 is not supported
[    4.580228] ehci-pci 0000:00:1d.7: irq 19, io mem 0xef140000
[    4.657434] random: fast init done
[    4.742423] ACPI: Battery Slot [BAT0] (battery present)
[    4.960368] ehci-pci 0000:00:1d.7: USB 2.0 started, EHCI 1.00
[    4.961614] usb usb1: New USB device found, idVendor=1d6b, idProduct=0002, bcdDevice= 4.17
[    4.961624] usb usb1: New USB device strings: Mfr=3, Product=2, SerialNumber=1
[    4.961630] usb usb1: Product: EHCI Host Controller
[    4.961636] usb usb1: Manufacturer: Linux 4.17.12+ ehci_hcd
[    4.961646] usb usb1: SerialNumber: 0000:00:1d.7
[    4.962420] hub 1-0:1.0: USB hub found
[    4.962520] hub 1-0:1.0: 15 ports detected
[    4.963765] ehci-platform: EHCI generic platform driver
[    4.963788] ohci_hcd: USB 1.1 'Open' Host Controller (OHCI) Driver
[    4.963799] ohci-pci: OHCI PCI platform driver
[    4.963813] ohci-platform: OHCI generic platform driver
[    4.963831] uhci_hcd: USB Universal Host Controller Interface driver
[    4.964182] uhci_hcd 0000:00:1d.0: UHCI Host Controller
[    4.964200] uhci_hcd 0000:00:1d.0: new USB bus registered, assigned bus number 2
[    4.964226] uhci_hcd 0000:00:1d.0: detected 2 ports
[    4.964558] uhci_hcd 0000:00:1d.0: irq 18, io base 0x0000b200
[    4.965028] usb usb2: New USB device found, idVendor=1d6b, idProduct=0001, bcdDevice= 4.17
[    4.965032] usb usb2: New USB device strings: Mfr=3, Product=2, SerialNumber=1
[    4.965036] usb usb2: Product: UHCI Host Controller
[    4.965039] usb usb2: Manufacturer: Linux 4.17.12+ uhci_hcd
[    4.965041] usb usb2: SerialNumber: 0000:00:1d.0
[    4.965328] hub 2-0:1.0: USB hub found
[    4.965408] hub 2-0:1.0: 2 ports detected
[    4.966237] xhci_hcd 0000:00:1d.6: xHCI Host Controller
[    4.966244] xhci_hcd 0000:00:1d.6: new USB bus registered, assigned bus number 3
[    4.966570] xhci_hcd 0000:00:1d.6: hcc params 0x01c15001 hci version 0x100 quirks 0x00000014
[    4.966582] xhci_hcd 0000:00:1d.6: cache line size of 64 is not supported
[    4.967198] usb usb3: New USB device found, idVendor=1d6b, idProduct=0002, bcdDevice= 4.17
[    4.967201] usb usb3: New USB device strings: Mfr=3, Product=2, SerialNumber=1
[    4.967204] usb usb3: Product: xHCI Host Controller
[    4.967206] usb usb3: Manufacturer: Linux 4.17.12+ xhci-hcd
[    4.967209] usb usb3: SerialNumber: 0000:00:1d.6
[    4.967489] hub 3-0:1.0: USB hub found
[    4.967584] hub 3-0:1.0: 2 ports detected
[    4.968152] xhci_hcd 0000:00:1d.6: xHCI Host Controller
[    4.968158] xhci_hcd 0000:00:1d.6: new USB bus registered, assigned bus number 4
[    4.968164] xhci_hcd 0000:00:1d.6: Host supports USB 3.0  SuperSpeed
[    4.968414] usb usb4: We don't know the algorithms for LPM for this host, disabling LPM.
[    4.968622] usb usb4: New USB device found, idVendor=1d6b, idProduct=0003, bcdDevice= 4.17
[    4.968625] usb usb4: New USB device strings: Mfr=3, Product=2, SerialNumber=1
[    4.968627] usb usb4: Product: xHCI Host Controller
[    4.968630] usb usb4: Manufacturer: Linux 4.17.12+ xhci-hcd
[    4.968632] usb usb4: SerialNumber: 0000:00:1d.6
[    4.968855] hub 4-0:1.0: USB hub found
[    4.968920] hub 4-0:1.0: 12 ports detected
[    4.970344] i8042: PNP: PS/2 Controller [PNP0303:KBC,PNP0f03:PS2M] at 0x60,0x64 irq 1,12
[    4.971712] serio: i8042 KBD port at 0x60,0x64 irq 1
[    4.971724] serio: i8042 AUX port at 0x60,0x64 irq 12
[    4.971987] mousedev: PS/2 mouse device common for all mice
[    4.972815] input: AT Translated Set 2 keyboard as /devices/platform/i8042/serio0/input/input2
[    4.973111] rtc_cmos 00:02: registered as rtc0
[    4.973135] rtc_cmos 00:02: alarms up to one day, y3k, 242 bytes nvram, hpet irqs
[    4.973145] i2c /dev entries driver
[    4.973255] device-mapper: uevent: version 1.0.3
[    4.973421] device-mapper: ioctl: 4.39.0-ioctl (2018-04-03) initialised: dm-devel@redhat.com
[    4.973732] ledtrig-cpu: registered to indicate activity on CPUs
[    4.974762] NET: Registered protocol family 10
[    4.981511] Segment Routing with IPv6
[    4.981542] NET: Registered protocol family 17
[    4.981696] Key type dns_resolver registered
[    4.982308] RAS: Correctable Errors collector initialized.
[    4.982349] sched_clock: Marking stable (4982248000, 0)->(5084184000, -101936000)
[    4.983221] registered taskstats version 1
[    4.983239] Loading compiled-in X.509 certificates
[    4.986002] Loaded X.509 cert 'Build time autogenerated kernel key: 81a1cd4665f7072cd47bc6025be662f24b20be42'
[    4.986033] zswap: loaded using pool lzo/zbud
[    4.990197] Key type big_key registered
[    4.990205] Key type trusted registered
[    4.992102] Key type encrypted registered
[    4.992106] AppArmor: AppArmor sha1 policy hashing enabled
[    4.992112] ima: No TPM chip found, activating TPM-bypass! (rc=-19)
[    4.992124] ima: Allocated hash algorithm: sha1
[    4.992141] evm: HMAC attrs: 0x1
[    4.992557]   Magic number: 12:859:782
[    4.992771] rtc_cmos 00:02: setting system clock to 2020-11-19 11:45:21 UTC (1605786321)
[    4.995085] Freeing unused kernel memory: 2436K
[    5.008963] Write protecting the kernel read-only data: 20480k
[    5.010698] Freeing unused kernel memory: 2008K
[    5.016734] Freeing unused kernel memory: 1928K
[    5.028057] x86/mm: Checked W+X mappings: passed, no W+X pages found.
[    5.028059] x86/mm: Checking user space page tables
[    5.035762] x86/mm: Checked W+X mappings: passed, no W+X pages found.
[    5.149571] ahci 0000:00:1f.2: version 3.0
[    5.149801] ahci 0000:00:1f.2: SSS flag set, parallel bus scan disabled
[    5.149881] ahci 0000:00:1f.2: AHCI 0001.0100 32 slots 6 ports 3 Gbps 0x3f impl SATA mode
[    5.149882] ahci 0000:00:1f.2: flags: 64bit ncq stag pm led only slum part 
[    5.151796] scsi host2: ahci
[    5.152784] scsi host3: ahci
[    5.159339] scsi host4: ahci
[    5.159908] scsi host5: ahci
[    5.160084] scsi host6: ahci
[    5.160237] scsi host7: ahci
[    5.160270] ata3: SATA max UDMA/133 abar m8192@0xf0200000 port 0xf0200100 irq 28
[    5.160271] ata4: SATA max UDMA/133 abar m8192@0xf0200000 port 0xf0200180 irq 28
[    5.160271] ata5: SATA max UDMA/133 abar m8192@0xf0200000 port 0xf0200200 irq 28
[    5.160272] ata6: SATA max UDMA/133 abar m8192@0xf0200000 port 0xf0200280 irq 28
[    5.160273] ata7: SATA max UDMA/133 abar m8192@0xf0200000 port 0xf0200300 irq 28
[    5.160273] ata8: SATA max UDMA/133 abar m8192@0xf0200000 port 0xf0200380 irq 28
[    5.166443] virtio_net virtio0 enp0s5: renamed from eth0
[    5.304305] usb 2-1: new full-speed USB device number 2 using uhci_hcd
[    5.462769] usb 2-1: New USB device found, idVendor=203a, idProduct=fffc, bcdDevice= 1.00
[    5.462772] usb 2-1: New USB device strings: Mfr=1, Product=2, SerialNumber=3
[    5.462774] usb 2-1: Product: Virtual Mouse
[    5.462779] usb 2-1: Manufacturer: Parallels
[    5.462781] usb 2-1: SerialNumber: PW3.0
[    5.474309] ata3: SATA link up 1.5 Gbps (SStatus 113 SControl 300)
[    5.474480] ata3.00: ATA-8: Ubuntu Linux 18.04 Desktop-0, F.BJP2J4, max UDMA/100
[    5.474482] ata3.00: 268435456 sectors, multi 0: LBA48 NCQ (depth 31/32)
[    5.474639] ata3.00: configured for UDMA/100
[    5.475001] scsi 2:0:0:0: Direct-Access     ATA      Ubuntu Linux 18. P2J4 PQ: 0 ANSI: 5
[    5.475392] sd 2:0:0:0: Attached scsi generic sg0 type 0
[    5.475527] sd 2:0:0:0: [sda] 268435456 512-byte logical blocks: (137 GB/128 GiB)
[    5.475529] sd 2:0:0:0: [sda] 4096-byte physical blocks
[    5.475540] sd 2:0:0:0: [sda] Write Protect is off
[    5.475542] sd 2:0:0:0: [sda] Mode Sense: 00 3a 00 00
[    5.475556] sd 2:0:0:0: [sda] Write cache: enabled, read cache: enabled, doesn't support DPO or FUA
[    5.476912]  sda: sda1 sda2 < sda5 >
[    5.477594] sd 2:0:0:0: [sda] Attached SCSI disk
[    5.487239] hidraw: raw HID events driver (C) Jiri Kosina
[    5.503235] usbcore: registered new interface driver usbhid
[    5.503236] usbhid: USB HID core driver
[    5.508742] input: Parallels Virtual Mouse as /devices/pci0000:00/0000:00:1d.0/usb2/2-1/2-1:1.0/0003:203A:FFFC.0001/input/input5
[    5.509069] hid-generic 0003:203A:FFFC.0001: input,hidraw0: USB HID v1.10 Mouse [Parallels Virtual Mouse] on usb-0000:00:1d.0-1/input0
[    5.509262] input: Parallels Virtual Mouse as /devices/pci0000:00/0000:00:1d.0/usb2/2-1/2-1:1.1/0003:203A:FFFC.0002/input/input6
[    5.509540] hid-generic 0003:203A:FFFC.0002: input,hidraw1: USB HID v1.10 Mouse [Parallels Virtual Mouse] on usb-0000:00:1d.0-1/input1
[    5.564940] tsc: Refined TSC clocksource calibration: 1392.002 MHz
[    5.565000] clocksource: tsc: mask: 0xffffffffffffffff max_cycles: 0x14109cfe60a, max_idle_ns: 440795261359 ns
[    5.791148] ata4: SATA link up 1.5 Gbps (SStatus 113 SControl 300)
[    5.791421] ata4.00: ATAPI: Virtual DVD-ROM [1], FWR1, max UDMA/25
[    5.791691] ata4.00: configured for UDMA/25
[    5.792308] scsi 3:0:0:0: CD-ROM                     Virtual DVD-ROM  R103 PQ: 0 ANSI: 5
[    5.821090] sr 3:0:0:0: [sr0] scsi3-mmc drive: 44x/44x cd/rw xa/form2 cdda tray
[    5.821100] cdrom: Uniform CD-ROM driver Revision: 3.20
[    5.821567] sr 3:0:0:0: Attached scsi CD-ROM sr0
[    5.821775] sr 3:0:0:0: Attached scsi generic sg1 type 5
[    6.135382] ata5: SATA link down (SStatus 0 SControl 300)
[    6.223007] input: ImExPS/2 Generic Explorer Mouse as /devices/platform/i8042/serio1/input/input4
[    6.449630] ata6: SATA link down (SStatus 0 SControl 300)
[    6.762364] ata7: SATA link down (SStatus 0 SControl 300)
[    7.073308] ata8: SATA link down (SStatus 0 SControl 300)
[    7.122812] EXT4-fs (sda1): mounted filesystem with ordered data mode. Opts: (null)
[    7.285802] systemd[1]: systemd 237 running in system mode. (+PAM +AUDIT +SELINUX +IMA +APPARMOR +SMACK +SYSVINIT +UTMP +LIBCRYPTSETUP +GCRYPT +GNUTLS +ACL +XZ +LZ4 +SECCOMP +BLKID +ELFUTILS +KMOD -IDN2 +IDN -PCRE2 default-hierarchy=hybrid)
[    7.285824] systemd[1]: Detected virtualization kvm.
[    7.285836] systemd[1]: Detected architecture x86-64.
[    7.291770] systemd[1]: Set hostname to <parallels-Parallels-Virtual-Platform>.
[    7.387079] systemd[1]: Unnecessary job for sys-devices-virtual-misc-vmbus\x21hv_fcopy.device was removed.
[    7.387084] systemd[1]: Unnecessary job for sys-devices-virtual-misc-vmbus\x21hv_vss.device was removed.
[    7.387284] random: systemd: uninitialized urandom read (16 bytes read)
[    7.387439] systemd[1]: Created slice User and Session Slice.
[    7.387478] random: systemd: uninitialized urandom read (16 bytes read)
[    7.387484] systemd[1]: Reached target Remote File Systems.
[    7.387530] random: systemd: uninitialized urandom read (16 bytes read)
[    7.387649] systemd[1]: Set up automount Arbitrary Executable File Formats File System Automount Point.
[    7.387740] systemd[1]: Created slice System Slice.
[    7.406309] EXT4-fs (sda1): re-mounted. Opts: errors=remount-ro
[    7.410852] lp: driver loaded but no devices found
[    7.414980] ppdev: user-space parallel port driver
[    7.438406] systemd-journald[287]: Received request to flush runtime journal from PID 1
[    7.457665] Adding 2097148k swap on /swapfile.  Priority:-2 extents:7 across:2263036k SSFS
[    7.678174] shpchp: Standard Hot Plug PCI Controller Driver version: 0.4
[    7.687947] lpc_ich 0000:00:1f.0: RCBA is disabled by hardware/BIOS, device disabled
[    7.863029] RAPL PMU: API unit is 2^-32 Joules, 5 fixed counters, 10737418240 ms ovfl timer
[    7.863031] RAPL PMU: hw unit of domain pp0-core 2^-0 Joules
[    7.863031] RAPL PMU: hw unit of domain package 2^-0 Joules
[    7.863032] RAPL PMU: hw unit of domain dram 2^-0 Joules
[    7.863032] RAPL PMU: hw unit of domain pp1-gpu 2^-0 Joules
[    7.863032] RAPL PMU: hw unit of domain psys 2^-0 Joules
[    7.874342] gpio_ich: GPIO from 462 to 511 on gpio_ich
[    7.898620] cryptd: max_cpu_qlen set to 1000
[    8.043188] snd_intel8x0 0000:00:1f.4: enable Parallels VM optimization
[    8.103871] AVX2 version of gcm_enc/dec engaged.
[    8.103872] AES CTR mode by8 optimization enabled
[    8.244160] audit: type=1400 audit(1605786324.728:2): apparmor="STATUS" operation="profile_load" profile="unconfined" name="libreoffice-oopslash" pid=646 comm="apparmor_parser"
[    8.250935] audit: type=1400 audit(1605786324.752:3): apparmor="STATUS" operation="profile_load" profile="unconfined" name="libreoffice-senddoc" pid=650 comm="apparmor_parser"
[    8.255750] audit: type=1400 audit(1605786324.756:4): apparmor="STATUS" operation="profile_load" profile="unconfined" name="/usr/bin/man" pid=648 comm="apparmor_parser"
[    8.255752] audit: type=1400 audit(1605786324.756:5): apparmor="STATUS" operation="profile_load" profile="unconfined" name="man_filter" pid=648 comm="apparmor_parser"
[    8.255754] audit: type=1400 audit(1605786324.756:6): apparmor="STATUS" operation="profile_load" profile="unconfined" name="man_groff" pid=648 comm="apparmor_parser"
[    8.280313] audit: type=1400 audit(1605786324.780:7): apparmor="STATUS" operation="profile_load" profile="unconfined" name="libreoffice-xpdfimport" pid=655 comm="apparmor_parser"
[    8.327841] audit: type=1400 audit(1605786324.828:8): apparmor="STATUS" operation="profile_load" profile="unconfined" name="/sbin/dhclient" pid=647 comm="apparmor_parser"
[    8.327843] audit: type=1400 audit(1605786324.828:9): apparmor="STATUS" operation="profile_load" profile="unconfined" name="/usr/lib/NetworkManager/nm-dhcp-client.action" pid=647 comm="apparmor_parser"
[    8.327845] audit: type=1400 audit(1605786324.828:10): apparmor="STATUS" operation="profile_load" profile="unconfined" name="/usr/lib/NetworkManager/nm-dhcp-helper" pid=647 comm="apparmor_parser"
[    8.327846] audit: type=1400 audit(1605786324.828:11): apparmor="STATUS" operation="profile_load" profile="unconfined" name="/usr/lib/connman/scripts/dhclient-script" pid=647 comm="apparmor_parser"
[    8.512240] snd_intel8x0 0000:00:1f.4: intel8x0_measure_ac97_clock: measured 75446 usecs (3694 samples)
[    8.512242] snd_intel8x0 0000:00:1f.4: clocking to 47056
[   11.506942] IPv6: ADDRCONF(NETDEV_UP): enp0s5: link is not ready
[   69.855336] pid: 1740, RSS: 205
[   69.855949] pid: 1740, RSS: 205
[   69.873074] pid: 1741, RSS: 20
[   69.873080] pid: 1741, RSS: 20
[   69.893033] pid: 1742, RSS: 20
[   69.893037] pid: 1742, RSS: 20
[   69.912989] pid: 1743, RSS: 20
[   69.912991] pid: 1743, RSS: 20
[   69.932949] pid: 1744, RSS: 20
[   69.932952] pid: 1744, RSS: 20
[   69.952911] pid: 1745, RSS: 20
[   69.952913] pid: 1745, RSS: 20
[   69.972876] pid: 1746, RSS: 20
[   69.972881] pid: 1746, RSS: 20
[   69.992836] pid: 1747, RSS: 20
[   69.992840] pid: 1747, RSS: 20
[   70.012797] pid: 1748, RSS: 20
[   70.012801] pid: 1748, RSS: 20
[   70.032760] pid: 1749, RSS: 20
[   70.032764] pid: 1749, RSS: 20
[   70.052736] pid: 1750, RSS: 20
[   70.052740] pid: 1750, RSS: 20
[   70.072678] pid: 1741, RSS: 20
[   70.072680] pid: 1741, RSS: 20
[   70.092779] pid: 1743, RSS: 20
[   70.092782] pid: 1743, RSS: 20
[   70.112605] pid: 1742, RSS: 20
[   70.112609] pid: 1742, RSS: 20
[   70.132562] pid: 1747, RSS: 20
[   70.132565] pid: 1747, RSS: 20
[   70.152524] pid: 1744, RSS: 20
[   70.152527] pid: 1744, RSS: 20
[   70.172545] pid: 1748, RSS: 20
[   70.172548] pid: 1748, RSS: 20
[   70.192499] pid: 1745, RSS: 20
[   70.192503] pid: 1745, RSS: 20
[   70.212491] pid: 1749, RSS: 20
[   70.212493] pid: 1749, RSS: 20
[   70.232471] pid: 1746, RSS: 20
[   70.232472] pid: 1746, RSS: 20
[   70.252596] pid: 1750, RSS: 20
[   70.252599] pid: 1750, RSS: 20
[   70.272291] pid: 1741, RSS: 20
[   70.272294] pid: 1741, RSS: 20
[   70.292322] pid: 1742, RSS: 20
[   70.292325] pid: 1742, RSS: 20
[   70.312217] pid: 1747, RSS: 20
[   70.312220] pid: 1747, RSS: 20
[   70.332225] pid: 1745, RSS: 20
[   70.332228] pid: 1745, RSS: 20
[   70.352150] pid: 1744, RSS: 20
[   70.352152] pid: 1744, RSS: 20
[   70.372154] pid: 1746, RSS: 20
[   70.372158] pid: 1746, RSS: 20
[   70.392136] pid: 1749, RSS: 20
[   70.392140] pid: 1749, RSS: 20
[   70.412085] pid: 1748, RSS: 20
[   70.412087] pid: 1748, RSS: 20
[   70.432014] pid: 1743, RSS: 20
[   70.432016] pid: 1743, RSS: 20
[   70.451980] pid: 1750, RSS: 20
[   70.451982] pid: 1750, RSS: 20
[   70.471983] pid: 1741, RSS: 20
[   70.471986] pid: 1741, RSS: 20
[   70.491933] pid: 1747, RSS: 20
[   70.491937] pid: 1747, RSS: 20
[   70.511914] pid: 1742, RSS: 20
[   70.511916] pid: 1742, RSS: 20
[   70.531846] pid: 1744, RSS: 20
[   70.531849] pid: 1744, RSS: 20
[   70.551850] pid: 1745, RSS: 20
[   70.551852] pid: 1745, RSS: 20
[   70.571845] pid: 1748, RSS: 20
[   70.571848] pid: 1748, RSS: 20
[   70.591776] pid: 1749, RSS: 20
[   70.591778] pid: 1749, RSS: 20
[   70.611880] pid: 1746, RSS: 20
[   70.611881] pid: 1746, RSS: 20
[   70.631710] pid: 1743, RSS: 20
[   70.631712] pid: 1743, RSS: 20
[   70.651641] pid: 1750, RSS: 20
[   70.651643] pid: 1750, RSS: 20
[   70.671650] pid: 1741, RSS: 20
[   70.671653] pid: 1741, RSS: 20
[   70.691574] pid: 1747, RSS: 20
[   70.691577] pid: 1747, RSS: 20
[   70.711742] pid: 1744, RSS: 20
[   70.711744] pid: 1744, RSS: 20
[   70.731507] pid: 1742, RSS: 20
[   70.731510] pid: 1742, RSS: 20
[   70.751493] pid: 1743, RSS: 20
[   70.751498] pid: 1743, RSS: 20
[   70.771445] pid: 1749, RSS: 20
[   70.771449] pid: 1749, RSS: 20
[   70.791443] pid: 1748, RSS: 20
[   70.791448] pid: 1748, RSS: 20
[   70.811404] pid: 1745, RSS: 20
[   70.811407] pid: 1745, RSS: 20
[   70.831337] pid: 1750, RSS: 20
[   70.831339] pid: 1750, RSS: 20
[   70.851337] pid: 1746, RSS: 20
[   70.851339] pid: 1746, RSS: 20
[   70.871311] pid: 1741, RSS: 20
[   70.871313] pid: 1741, RSS: 20
[   70.891235] pid: 1742, RSS: 20
[   70.891237] pid: 1742, RSS: 20
[   70.911345] pid: 1747, RSS: 20
[   70.911347] pid: 1747, RSS: 20
[   70.931240] pid: 1743, RSS: 20
[   70.931243] pid: 1743, RSS: 20
[   70.951217] pid: 1749, RSS: 20
[   70.951222] pid: 1749, RSS: 20
[   70.971100] pid: 1745, RSS: 20
[   70.971103] pid: 1745, RSS: 20
[   70.991101] pid: 1748, RSS: 20
[   70.991103] pid: 1748, RSS: 20
[   71.011101] pid: 1750, RSS: 20
[   71.011103] pid: 1750, RSS: 20
[   71.031113] pid: 1744, RSS: 20
[   71.031115] pid: 1744, RSS: 20
[   71.051008] pid: 1746, RSS: 20
[   71.051010] pid: 1746, RSS: 20
[   71.070934] pid: 1741, RSS: 20
[   71.070938] pid: 1741, RSS: 20
[   71.090896] pid: 1742, RSS: 20
[   71.090898] pid: 1742, RSS: 20
[   71.110931] pid: 1743, RSS: 20
[   71.110933] pid: 1743, RSS: 20
[   71.130870] pid: 1745, RSS: 20
[   71.130872] pid: 1745, RSS: 20
[   71.150795] pid: 1747, RSS: 20
[   71.150798] pid: 1747, RSS: 20
[   71.170773] pid: 1749, RSS: 20
[   71.170778] pid: 1749, RSS: 20
[   71.190781] pid: 1748, RSS: 20
[   71.190785] pid: 1748, RSS: 20
[   71.210769] pid: 1750, RSS: 20
[   71.210771] pid: 1750, RSS: 20
[   71.230770] pid: 1746, RSS: 20
[   71.230772] pid: 1746, RSS: 20
[   71.250656] pid: 1744, RSS: 20
[   71.250679] pid: 1744, RSS: 20
[   71.270634] pid: 1741, RSS: 20
[   71.270636] pid: 1741, RSS: 20
[   71.290578] pid: 1742, RSS: 20
[   71.290583] pid: 1742, RSS: 20
[   71.310581] pid: 1745, RSS: 20
[   71.310583] pid: 1745, RSS: 20
[   71.330499] pid: 1747, RSS: 20
[   71.330502] pid: 1747, RSS: 20
[   71.350698] pid: 1743, RSS: 20
[   71.350700] pid: 1743, RSS: 20
[   71.370473] pid: 1749, RSS: 20
[   71.370476] pid: 1749, RSS: 20
[   71.390441] pid: 1744, RSS: 20
[   71.390448] pid: 1744, RSS: 20
[   71.410449] pid: 1750, RSS: 20
[   71.410451] pid: 1750, RSS: 20
[   71.430351] pid: 1748, RSS: 20
[   71.430354] pid: 1748, RSS: 20
[   71.450387] pid: 1746, RSS: 20
[   71.450389] pid: 1746, RSS: 20
[   71.470367] pid: 1741, RSS: 20
[   71.470369] pid: 1741, RSS: 20
[   71.490400] pid: 1742, RSS: 20
[   71.490401] pid: 1742, RSS: 20
[   71.510390] pid: 1749, RSS: 20
[   71.510392] pid: 1749, RSS: 20
[   71.530249] pid: 1747, RSS: 20
[   71.530251] pid: 1747, RSS: 20
[   71.550274] pid: 1745, RSS: 20
[   71.550276] pid: 1745, RSS: 20
[   71.570292] pid: 1748, RSS: 20
[   71.570294] pid: 1748, RSS: 20
[   71.590114] pid: 1744, RSS: 20
[   71.590117] pid: 1744, RSS: 20
[   71.610199] pid: 1750, RSS: 20
[   71.610201] pid: 1750, RSS: 20
[   71.630123] pid: 1743, RSS: 20
[   71.630125] pid: 1743, RSS: 20
[   71.650138] pid: 1746, RSS: 20
[   71.650140] pid: 1746, RSS: 20
[   71.669995] pid: 1741, RSS: 20
[   71.669997] pid: 1741, RSS: 20
[   71.689981] pid: 1742, RSS: 20
[   71.689983] pid: 1742, RSS: 20
[   71.710005] pid: 1747, RSS: 20
[   71.710008] pid: 1747, RSS: 20
[   71.729939] pid: 1749, RSS: 20
[   71.729942] pid: 1749, RSS: 20
[   71.749959] pid: 1744, RSS: 20
[   71.749961] pid: 1744, RSS: 20
[   71.769880] pid: 1745, RSS: 20
[   71.769883] pid: 1745, RSS: 20
[   71.789817] pid: 1743, RSS: 20
[   71.789820] pid: 1743, RSS: 20
[   71.797856] pid: 1748, RSS: 20
[   71.817817] pid: 1746, RSS: 20
[   71.817820] pid: 1746, RSS: 20
[   71.837766] pid: 1750, RSS: 20
[   71.837770] pid: 1750, RSS: 20
[   71.857719] pid: 1748, RSS: 20
[   71.857723] pid: 1748, RSS: 20
[   71.877767] pid: 1741, RSS: 20
[   71.877770] pid: 1741, RSS: 20
[   71.897702] pid: 1742, RSS: 20
[   71.897704] pid: 1742, RSS: 20
[   71.917729] pid: 1749, RSS: 20
[   71.917732] pid: 1749, RSS: 20
[   71.937710] pid: 1747, RSS: 20
[   71.937727] pid: 1747, RSS: 20
[   71.957711] pid: 1745, RSS: 20
[   71.957713] pid: 1745, RSS: 20
[   71.977575] pid: 1744, RSS: 20
[   71.977579] pid: 1744, RSS: 20
[   71.997513] pid: 1743, RSS: 20
[   71.997518] pid: 1743, RSS: 20
[   72.017485] pid: 1750, RSS: 20
[   72.017490] pid: 1750, RSS: 20
[   72.037459] pid: 1746, RSS: 20
[   72.037465] pid: 1746, RSS: 20
[   72.057421] pid: 1748, RSS: 20
[   72.057424] pid: 1748, RSS: 20
[   72.077416] pid: 1741, RSS: 20
[   72.077423] pid: 1741, RSS: 20
[   72.097368] pid: 1742, RSS: 20
[   72.097374] pid: 1742, RSS: 20
[   72.117332] pid: 1749, RSS: 880
[   72.117334] pid: 1749, RSS: 880
[   72.137308] pid: 1747, RSS: 682
[   72.137314] pid: 1747, RSS: 682
[   72.157274] pid: 1744, RSS: 20
[   72.157277] pid: 1744, RSS: 20
[   72.177258] pid: 1745, RSS: 484
[   72.177262] pid: 1745, RSS: 484
[   72.197297] pid: 1743, RSS: 286
[   72.197305] pid: 1743, RSS: 286
[   72.217183] pid: 1750, RSS: 20
[   72.217185] pid: 1750, RSS: 20
[   72.237225] pid: 1746, RSS: 20
[   72.237227] pid: 1746, RSS: 20
[   72.257227] pid: 1748, RSS: 20
[   72.257230] pid: 1748, RSS: 20
[   72.277135] pid: 1749, RSS: 880
[   72.277137] pid: 1749, RSS: 880
[   72.297102] pid: 1747, RSS: 682
[   72.297107] pid: 1747, RSS: 682
[   72.317050] pid: 1741, RSS: 20
[   72.317057] pid: 1741, RSS: 20
[   72.337016] pid: 1742, RSS: 20
[   72.337019] pid: 1742, RSS: 20
[   72.356999] pid: 1744, RSS: 20
[   72.357006] pid: 1744, RSS: 20
[   72.376963] pid: 1750, RSS: 20
[   72.376965] pid: 1750, RSS: 20
[   72.396945] pid: 1746, RSS: 20
[   72.396952] pid: 1746, RSS: 20
[   72.416912] pid: 1745, RSS: 484
[   72.416916] pid: 1745, RSS: 484
[   72.436893] pid: 1743, RSS: 286
[   72.436899] pid: 1743, RSS: 286
[   72.456862] pid: 1748, RSS: 20
[   72.456867] pid: 1748, RSS: 20
[   72.476832] pid: 1749, RSS: 880
[   72.476834] pid: 1749, RSS: 880
[   72.496808] pid: 1747, RSS: 682
[   72.496811] pid: 1747, RSS: 682
[   72.516780] pid: 1741, RSS: 20
[   72.516783] pid: 1741, RSS: 20
[   72.536754] pid: 1742, RSS: 20
[   72.536756] pid: 1742, RSS: 20
[   72.556748] pid: 1744, RSS: 20
[   72.556753] pid: 1744, RSS: 20
[   72.576706] pid: 1750, RSS: 20
[   72.576711] pid: 1750, RSS: 20
[   72.596822] pid: 1746, RSS: 20
[   72.596825] pid: 1746, RSS: 20
[   72.616661] pid: 1749, RSS: 880
[   72.616668] pid: 1749, RSS: 880
[   72.636625] pid: 1747, RSS: 682
[   72.636628] pid: 1747, RSS: 682
[   72.656609] pid: 1748, RSS: 20
[   72.656615] pid: 1748, RSS: 20
[   72.676578] pid: 1745, RSS: 484
[   72.676583] pid: 1745, RSS: 484
[   72.696560] pid: 1743, RSS: 286
[   72.696587] pid: 1743, RSS: 286
[   72.716528] pid: 1741, RSS: 20
[   72.716533] pid: 1741, RSS: 20
[   72.736520] pid: 1742, RSS: 20
[   72.736526] pid: 1742, RSS: 20
[   72.756519] pid: 1744, RSS: 20
[   72.756527] pid: 1744, RSS: 20
[   72.776481] pid: 1750, RSS: 20
[   72.776499] pid: 1750, RSS: 20
[   72.796435] pid: 1746, RSS: 20
[   72.796442] pid: 1746, RSS: 20
[   72.816397] pid: 1749, RSS: 880
[   72.816403] pid: 1749, RSS: 880
[   72.836377] pid: 1747, RSS: 682
[   72.836384] pid: 1747, RSS: 682
[   72.856343] pid: 1748, RSS: 20
[   72.856348] pid: 1748, RSS: 20
[   72.876316] pid: 1745, RSS: 484
[   72.876319] pid: 1745, RSS: 484
[   72.896292] pid: 1743, RSS: 286
[   72.896296] pid: 1743, RSS: 286
[   72.916266] pid: 1741, RSS: 20
[   72.916270] pid: 1741, RSS: 20
[   72.936236] pid: 1742, RSS: 20
[   72.936238] pid: 1742, RSS: 20
[   72.956215] pid: 1749, RSS: 880
[   72.956220] pid: 1749, RSS: 880
[   72.976200] pid: 1744, RSS: 20
[   72.976208] pid: 1744, RSS: 20
[   72.996172] pid: 1747, RSS: 682
[   72.996180] pid: 1747, RSS: 682
[   73.016169] pid: 1750, RSS: 20
[   73.016178] pid: 1750, RSS: 20
[   73.036115] pid: 1746, RSS: 20
[   73.036122] pid: 1746, RSS: 20
[   73.056125] pid: 1748, RSS: 20
[   73.056190] pid: 1748, RSS: 20
[   73.076070] pid: 1749, RSS: 880
[   73.076078] pid: 1749, RSS: 880
[   73.096067] pid: 1747, RSS: 682
[   73.096076] pid: 1747, RSS: 682
[   73.116017] pid: 1741, RSS: 20
[   73.116025] pid: 1741, RSS: 20
[   73.135979] pid: 1742, RSS: 20
[   73.135983] pid: 1742, RSS: 20
[   73.155950] pid: 1745, RSS: 484
[   73.155953] pid: 1745, RSS: 484
[   73.175930] pid: 1744, RSS: 20
[   73.175935] pid: 1744, RSS: 20
[   73.195903] pid: 1743, RSS: 286
[   73.195907] pid: 1743, RSS: 286
[   73.215897] pid: 1750, RSS: 20
[   73.215904] pid: 1750, RSS: 20
[   73.235852] pid: 1746, RSS: 20
[   73.235857] pid: 1746, RSS: 20
[   73.255825] pid: 1748, RSS: 20
[   73.255830] pid: 1748, RSS: 20
[   73.275807] pid: 1749, RSS: 880
[   73.275815] pid: 1749, RSS: 880
[   73.295776] pid: 1747, RSS: 682
[   73.295781] pid: 1747, RSS: 682
[   73.315760] pid: 1741, RSS: 20
[   73.315767] pid: 1741, RSS: 20
[   73.335725] pid: 1742, RSS: 20
[   73.335728] pid: 1742, RSS: 20
[   73.355713] pid: 1744, RSS: 20
[   73.355721] pid: 1744, RSS: 20
[   73.375683] pid: 1750, RSS: 20
[   73.375687] pid: 1750, RSS: 20
[   73.395657] pid: 1746, RSS: 20
[   73.395659] pid: 1746, RSS: 20
[   73.415633] pid: 1745, RSS: 484
[   73.415636] pid: 1745, RSS: 484
[   73.435622] pid: 1743, RSS: 286
[   73.435628] pid: 1743, RSS: 286
[   73.455633] pid: 1749, RSS: 880
[   73.455639] pid: 1749, RSS: 880
[   73.475569] pid: 1747, RSS: 682
[   73.475574] pid: 1747, RSS: 682
[   73.495545] pid: 1748, RSS: 20
[   73.495548] pid: 1748, RSS: 20
[   73.515521] pid: 1741, RSS: 20
[   73.515524] pid: 1741, RSS: 20
[   73.535502] pid: 1742, RSS: 20
[   73.535506] pid: 1742, RSS: 20
[   73.555475] pid: 1744, RSS: 20
[   73.555478] pid: 1744, RSS: 20
[   73.575456] pid: 1750, RSS: 20
[   73.575460] pid: 1750, RSS: 20
[   73.595431] pid: 1746, RSS: 20
[   73.595435] pid: 1746, RSS: 20
[   73.615419] pid: 1749, RSS: 880
[   73.615427] pid: 1749, RSS: 880
[   73.635389] pid: 1747, RSS: 682
[   73.635394] pid: 1747, RSS: 682
[   73.655373] pid: 1748, RSS: 20
[   73.655381] pid: 1748, RSS: 20
[   73.675348] pid: 1745, RSS: 484
[   73.675354] pid: 1745, RSS: 484
[   73.695317] pid: 1743, RSS: 286
[   73.695320] pid: 1743, RSS: 286
[   73.715299] pid: 1741, RSS: 20
[   73.715305] pid: 1741, RSS: 20
[   73.735270] pid: 1742, RSS: 20
[   73.735273] pid: 1742, RSS: 20
[   73.755252] pid: 1744, RSS: 20
[   73.755256] pid: 1744, RSS: 20
[   73.775224] pid: 1749, RSS: 880
[   73.775226] pid: 1749, RSS: 880
[   73.795416] pid: 1750, RSS: 20
[   73.795418] pid: 1750, RSS: 20
[   73.815240] pid: 1747, RSS: 682
[   73.815242] pid: 1747, RSS: 682
[   73.835162] pid: 1746, RSS: 20
[   73.835167] pid: 1746, RSS: 20
[   73.855138] pid: 1748, RSS: 20
[   73.855144] pid: 1748, RSS: 20
[   73.875122] pid: 1745, RSS: 484
[   73.875156] pid: 1745, RSS: 484
[   73.895094] pid: 1743, RSS: 286
[   73.895099] pid: 1743, RSS: 286
[   73.915068] pid: 1749, RSS: 880
[   73.915072] pid: 1749, RSS: 880
[   73.935055] pid: 1747, RSS: 682
[   73.935062] pid: 1747, RSS: 682
[   73.955025] pid: 1741, RSS: 20
[   73.955029] pid: 1741, RSS: 20
[   73.975010] pid: 1742, RSS: 20
[   73.975017] pid: 1742, RSS: 20
[   73.994980] pid: 1744, RSS: 20
[   73.994985] pid: 1744, RSS: 20
[   74.014963] pid: 1746, RSS: 20
[   74.014969] pid: 1746, RSS: 20
[   74.034933] pid: 1750, RSS: 20
[   74.034936] pid: 1750, RSS: 20
[   74.054917] pid: 1748, RSS: 20
[   74.054924] pid: 1748, RSS: 20
[   74.074885] pid: 1749, RSS: 880
[   74.074888] pid: 1749, RSS: 880
[   74.094887] pid: 1747, RSS: 682
[   74.094894] pid: 1747, RSS: 682
[   74.114845] pid: 1741, RSS: 20
[   74.114850] pid: 1741, RSS: 20
[   74.134818] pid: 1742, RSS: 20
[   74.134821] pid: 1742, RSS: 20
[   74.154805] pid: 1745, RSS: 484
[   74.154811] pid: 1745, RSS: 484
[   74.174780] pid: 1743, RSS: 286
[   74.174786] pid: 1743, RSS: 286
[   74.194764] pid: 1744, RSS: 20
[   74.194772] pid: 1744, RSS: 20
[   74.214731] pid: 1746, RSS: 20
[   74.214736] pid: 1746, RSS: 20
[   74.234712] pid: 1750, RSS: 20
[   74.234719] pid: 1750, RSS: 20
[   74.254681] pid: 1749, RSS: 880
[   74.254684] pid: 1749, RSS: 880
[   74.274666] pid: 1747, RSS: 682
[   74.274672] pid: 1747, RSS: 682
[   74.294647] pid: 1748, RSS: 20
[   74.294654] pid: 1748, RSS: 20
[   74.314630] pid: 1741, RSS: 20
[   74.314638] pid: 1741, RSS: 20
[   74.334604] pid: 1742, RSS: 20
[   74.334609] pid: 1742, RSS: 20
[   74.354591] pid: 1744, RSS: 20
[   74.354599] pid: 1744, RSS: 20
[   74.374571] pid: 1746, RSS: 20
[   74.374579] pid: 1746, RSS: 20
[   74.394549] pid: 1750, RSS: 20
[   74.394557] pid: 1750, RSS: 20
[   74.414529] pid: 1749, RSS: 880
[   74.414536] pid: 1749, RSS: 880
[   74.434503] pid: 1747, RSS: 682
[   74.434508] pid: 1747, RSS: 682
[   74.454482] pid: 1745, RSS: 484
[   74.454488] pid: 1745, RSS: 484
[   74.474462] pid: 1743, RSS: 286
[   74.474468] pid: 1743, RSS: 286
[   74.494441] pid: 1748, RSS: 20
[   74.494446] pid: 1748, RSS: 20
[   74.514423] pid: 1741, RSS: 20
[   74.514427] pid: 1741, RSS: 20
[   74.534402] pid: 1742, RSS: 20
[   74.534407] pid: 1742, RSS: 20
[   74.554402] pid: 1744, RSS: 20
[   74.554408] pid: 1744, RSS: 20
[   74.574365] pid: 1749, RSS: 880
[   74.574372] pid: 1749, RSS: 880
[   74.594345] pid: 1747, RSS: 682
[   74.594351] pid: 1747, RSS: 682
[   74.614325] pid: 1746, RSS: 20
[   74.614331] pid: 1746, RSS: 20
[   74.634306] pid: 1750, RSS: 20
[   74.634312] pid: 1750, RSS: 20
[   74.654283] pid: 1748, RSS: 20
[   74.654287] pid: 1748, RSS: 20
[   74.674269] pid: 1745, RSS: 484
[   74.674276] pid: 1745, RSS: 484
[   74.694239] pid: 1743, RSS: 286
[   74.694241] pid: 1743, RSS: 286
[   74.714230] pid: 1749, RSS: 880
[   74.714237] pid: 1749, RSS: 880
[   74.734199] pid: 1747, RSS: 682
[   74.734202] pid: 1747, RSS: 682
[   74.754181] pid: 1741, RSS: 20
[   74.754186] pid: 1741, RSS: 20
[   74.774160] pid: 1742, RSS: 20
[   74.774162] pid: 1742, RSS: 20
[   74.794184] pid: 1744, RSS: 20
[   74.794188] pid: 1744, RSS: 20
[   74.814300] pid: 1746, RSS: 20
[   74.814305] pid: 1746, RSS: 20
[   74.834137] pid: 1750, RSS: 20
[   74.834141] pid: 1750, RSS: 20
[   74.854085] pid: 1748, RSS: 20
[   74.854090] pid: 1748, RSS: 20
[   74.874067] pid: 1749, RSS: 880
[   74.874073] pid: 1749, RSS: 880
[   74.894051] pid: 1747, RSS: 682
[   74.894059] pid: 1747, RSS: 682
[   74.914024] pid: 1745, RSS: 484
[   74.914029] pid: 1745, RSS: 484
[   74.934012] pid: 1743, RSS: 286
[   74.934019] pid: 1743, RSS: 286
[   74.953981] pid: 1741, RSS: 20
[   74.953983] pid: 1741, RSS: 20
[   74.973970] pid: 1742, RSS: 20
[   74.973977] pid: 1742, RSS: 20
[   74.993941] pid: 1744, RSS: 20
[   74.993943] pid: 1744, RSS: 20
[   75.013947] pid: 1750, RSS: 20
[   75.013954] pid: 1750, RSS: 20
[   75.033910] pid: 1746, RSS: 20
[   75.033917] pid: 1746, RSS: 20
[   75.053889] pid: 1748, RSS: 20
[   75.053894] pid: 1748, RSS: 20
[   75.073875] pid: 1749, RSS: 880
[   75.073882] pid: 1749, RSS: 880
[   75.093841] pid: 1747, RSS: 682
[   75.093844] pid: 1747, RSS: 682
[   75.113829] pid: 1741, RSS: 20
[   75.113835] pid: 1741, RSS: 20
[   75.133802] pid: 1742, RSS: 20
[   75.133805] pid: 1742, RSS: 20
[   75.153785] pid: 1745, RSS: 484
[   75.153790] pid: 1745, RSS: 484
[   75.173796] pid: 1743, RSS: 286
[   75.173798] pid: 1743, RSS: 286
[   75.193936] pid: 1744, RSS: 20
[   75.193943] pid: 1744, RSS: 20
[   75.213726] pid: 1750, RSS: 20
[   75.213731] pid: 1750, RSS: 20
[   75.233714] pid: 1746, RSS: 20
[   75.233719] pid: 1746, RSS: 20
[   75.253682] pid: 1749, RSS: 880
[   75.253685] pid: 1749, RSS: 880
[   75.273671] pid: 1747, RSS: 682
[   75.273678] pid: 1747, RSS: 682
[   75.293648] pid: 1748, RSS: 20
[   75.293652] pid: 1748, RSS: 20
[   75.313632] pid: 1741, RSS: 20
[   75.313638] pid: 1741, RSS: 20
[   75.333611] pid: 1742, RSS: 20
[   75.333616] pid: 1742, RSS: 20
[   75.353591] pid: 1750, RSS: 20
[   75.353594] pid: 1750, RSS: 20
[   75.373574] pid: 1744, RSS: 20
[   75.373577] pid: 1744, RSS: 20
[   75.393555] pid: 1749, RSS: 880
[   75.393557] pid: 1749, RSS: 880
[   75.413564] pid: 1747, RSS: 682
[   75.413568] pid: 1747, RSS: 682
[   75.433574] pid: 1746, RSS: 20
[   75.433578] pid: 1746, RSS: 20
[   75.453704] pid: 1745, RSS: 484
[   75.453706] pid: 1745, RSS: 484
[   75.473486] pid: 1743, RSS: 286
[   75.473490] pid: 1743, RSS: 286
[   75.493490] pid: 1748, RSS: 20
[   75.493494] pid: 1748, RSS: 20
[   75.513462] pid: 1749, RSS: 880
[   75.513468] pid: 1749, RSS: 880
[   75.533436] pid: 1747, RSS: 682
[   75.533438] pid: 1747, RSS: 682
[   75.553427] pid: 1741, RSS: 20
[   75.553434] pid: 1741, RSS: 20
[   75.573404] pid: 1742, RSS: 20
[   75.573407] pid: 1742, RSS: 20
[   75.593391] pid: 1750, RSS: 20
[   75.593397] pid: 1750, RSS: 20
[   75.613365] pid: 1744, RSS: 20
[   75.613368] pid: 1744, RSS: 20
[   75.633357] pid: 1746, RSS: 20
[   75.633364] pid: 1746, RSS: 20
[   75.653335] pid: 1748, RSS: 20
[   75.653339] pid: 1748, RSS: 20
[   75.673326] pid: 1743, RSS: 286
[   75.673334] pid: 1743, RSS: 286
[   75.693301] pid: 1745, RSS: 484
[   75.693306] pid: 1745, RSS: 484
[   75.713287] pid: 1749, RSS: 880
[   75.713295] pid: 1749, RSS: 880
[   75.733266] pid: 1747, RSS: 682
[   75.733270] pid: 1747, RSS: 682
[   75.753248] pid: 1741, RSS: 20
[   75.753253] pid: 1741, RSS: 20
[   75.773236] pid: 1742, RSS: 20
[   75.773243] pid: 1742, RSS: 20
[   75.793213] pid: 1750, RSS: 20
[   75.793217] pid: 1750, RSS: 20
[   75.813196] pid: 1744, RSS: 20
[   75.813200] pid: 1744, RSS: 20
[   75.833174] pid: 1746, RSS: 20
[   75.833177] pid: 1746, RSS: 20
[   75.853156] pid: 1748, RSS: 20
[   75.853158] pid: 1748, RSS: 20
[   75.873144] pid: 1749, RSS: 880
[   75.873149] pid: 1749, RSS: 880
[   75.893126] pid: 1747, RSS: 682
[   75.893130] pid: 1747, RSS: 682
[   75.913150] pid: 1743, RSS: 286
[   75.913154] pid: 1743, RSS: 286
[   75.933116] pid: 1745, RSS: 484
[   75.933120] pid: 1745, RSS: 484
[   75.953072] pid: 1741, RSS: 20
[   75.953077] pid: 1741, RSS: 20
[   75.973096] pid: 1742, RSS: 20
[   75.973102] pid: 1742, RSS: 20
[   75.993043] pid: 1750, RSS: 20
[   75.993049] pid: 1750, RSS: 20
[   76.013019] pid: 1744, RSS: 20
[   76.013022] pid: 1744, RSS: 20
[   76.033010] pid: 1746, RSS: 20
[   76.033017] pid: 1746, RSS: 20
[   76.052983] pid: 1749, RSS: 880
[   76.052986] pid: 1749, RSS: 880
[   76.072976] pid: 1747, RSS: 682
[   76.072983] pid: 1747, RSS: 682
[   76.092949] pid: 1748, RSS: 20
[   76.092952] pid: 1748, RSS: 20
[   76.112934] pid: 1741, RSS: 20
[   76.112939] pid: 1741, RSS: 20
[   76.132915] pid: 1743, RSS: 286
[   76.132919] pid: 1743, RSS: 286
[   76.152895] pid: 1742, RSS: 20
[   76.152898] pid: 1742, RSS: 20
[   76.172879] pid: 1745, RSS: 484
[   76.172881] pid: 1745, RSS: 484
[   76.192927] pid: 1750, RSS: 20
[   76.192929] pid: 1750, RSS: 20
[   76.212902] pid: 1744, RSS: 20
[   76.212905] pid: 1744, RSS: 20
[   76.232826] pid: 1746, RSS: 20
[   76.232828] pid: 1746, RSS: 20
[   76.252879] pid: 1749, RSS: 880
[   76.252881] pid: 1749, RSS: 880
[   76.272793] pid: 1747, RSS: 682
[   76.272796] pid: 1747, RSS: 682
[   76.292778] pid: 1748, RSS: 20
[   76.292782] pid: 1748, RSS: 20
[   76.312765] pid: 1749, RSS: 880
[   76.312770] pid: 1749, RSS: 880
[   76.332753] pid: 1747, RSS: 682
[   76.332759] pid: 1747, RSS: 682
[   76.352747] pid: 1741, RSS: 20
[   76.352751] pid: 1741, RSS: 20
[   76.372725] pid: 1742, RSS: 20
[   76.372731] pid: 1742, RSS: 20
[   76.392701] pid: 1750, RSS: 20
[   76.392704] pid: 1750, RSS: 20
[   76.412730] pid: 1744, RSS: 20
[   76.412739] pid: 1744, RSS: 20
[   76.432678] pid: 1746, RSS: 20
[   76.432684] pid: 1746, RSS: 20
[   76.452657] pid: 1743, RSS: 286
[   76.452662] pid: 1743, RSS: 286
[   76.472647] pid: 1745, RSS: 484
[   76.472654] pid: 1745, RSS: 484
[   76.492623] pid: 1748, RSS: 20
[   76.492625] pid: 1748, RSS: 20
[   76.512612] pid: 1749, RSS: 880
[   76.512617] pid: 1749, RSS: 880
[   76.532595] pid: 1747, RSS: 682
[   76.532600] pid: 1747, RSS: 682
[   76.552588] pid: 1741, RSS: 20
[   76.552595] pid: 1741, RSS: 20
[   76.572565] pid: 1742, RSS: 20
[   76.572569] pid: 1742, RSS: 20
[   76.593069] pid: 1750, RSS: 20
[   76.593111] pid: 1750, RSS: 20
[   76.612576] pid: 1744, RSS: 20
[   76.612586] pid: 1744, RSS: 20
[   76.632531] pid: 1746, RSS: 20
[   76.632539] pid: 1746, RSS: 20
[   76.652602] pid: 1748, RSS: 20
[   76.652607] pid: 1748, RSS: 20
[   76.672490] pid: 1749, RSS: 880
[   76.672495] pid: 1749, RSS: 880
[   76.692474] pid: 1747, RSS: 682
[   76.692481] pid: 1747, RSS: 682
[   76.712462] pid: 1743, RSS: 286
[   76.712468] pid: 1743, RSS: 286
[   76.732449] pid: 1745, RSS: 484
[   76.732456] pid: 1745, RSS: 484
[   76.752430] pid: 1741, RSS: 20
[   76.752435] pid: 1741, RSS: 20
[   76.772415] pid: 1742, RSS: 20
[   76.772420] pid: 1742, RSS: 20
[   76.792395] pid: 1744, RSS: 20
[   76.792399] pid: 1744, RSS: 20
[   76.812380] pid: 1746, RSS: 20
[   76.812383] pid: 1746, RSS: 20
[   76.832499] pid: 1750, RSS: 20
[   76.832502] pid: 1750, RSS: 20
[   76.852383] pid: 1749, RSS: 880
[   76.852386] pid: 1749, RSS: 880
[   76.872497] pid: 1747, RSS: 682
[   76.872502] pid: 1747, RSS: 682
[   76.892437] pid: 1748, RSS: 20
[   76.892440] pid: 1748, RSS: 20
[   76.912380] pid: 1743, RSS: 286
[   76.912383] pid: 1743, RSS: 286
[   76.932322] pid: 1745, RSS: 484
[   76.932326] pid: 1745, RSS: 484
[   76.952311] pid: 1741, RSS: 20
[   76.952316] pid: 1741, RSS: 20
[   76.972257] pid: 1742, RSS: 20
[   76.972260] pid: 1742, RSS: 20
[   76.992254] pid: 1744, RSS: 20
[   76.992261] pid: 1744, RSS: 20
[   77.012227] pid: 1746, RSS: 20
[   77.012230] pid: 1746, RSS: 20
[   77.032221] pid: 1749, RSS: 880
[   77.032228] pid: 1749, RSS: 880
[   77.052196] pid: 1750, RSS: 20
[   77.052199] pid: 1750, RSS: 20
[   77.072191] pid: 1747, RSS: 682
[   77.072197] pid: 1747, RSS: 682
[   77.092171] pid: 1748, RSS: 20
[   77.092176] pid: 1748, RSS: 20
[   77.112161] pid: 1749, RSS: 880
[   77.112223] pid: 1749, RSS: 880
[   77.132142] pid: 1741, RSS: 20
[   77.132147] pid: 1741, RSS: 20
[   77.152125] pid: 1747, RSS: 682
[   77.152129] pid: 1747, RSS: 682
[   77.172114] pid: 1743, RSS: 286
[   77.172121] pid: 1743, RSS: 286
[   77.192092] pid: 1742, RSS: 20
[   77.192096] pid: 1742, RSS: 20
[   77.212085] pid: 1745, RSS: 484
[   77.212093] pid: 1745, RSS: 484
[   77.232060] pid: 1744, RSS: 20
[   77.232063] pid: 1744, RSS: 20
[   77.252049] pid: 1746, RSS: 20
[   77.252054] pid: 1746, RSS: 20
[   77.272038] pid: 1750, RSS: 20
[   77.272045] pid: 1750, RSS: 20
[   77.292029] pid: 1748, RSS: 20
[   77.292037] pid: 1748, RSS: 20
[   77.312001] pid: 1749, RSS: 880
[   77.312004] pid: 1749, RSS: 880
[   77.331992] pid: 1747, RSS: 682
[   77.331997] pid: 1747, RSS: 682
[   77.351975] pid: 1741, RSS: 20
[   77.351977] pid: 1741, RSS: 20
[   77.371985] pid: 1742, RSS: 20
[   77.371993] pid: 1742, RSS: 20
[   77.391956] pid: 1744, RSS: 20
[   77.391962] pid: 1744, RSS: 20
[   77.411938] pid: 1746, RSS: 20
[   77.411942] pid: 1746, RSS: 20
[   77.431925] pid: 1750, RSS: 20
[   77.431930] pid: 1750, RSS: 20
[   77.451959] pid: 1743, RSS: 286
[   77.451964] pid: 1743, RSS: 286
[   77.471895] pid: 1745, RSS: 484
[   77.471898] pid: 1745, RSS: 484
[   77.491882] pid: 1748, RSS: 20
[   77.491885] pid: 1748, RSS: 20
[   77.511890] pid: 1749, RSS: 880
[   77.511894] pid: 1749, RSS: 880
[   77.531855] pid: 1747, RSS: 682
[   77.531858] pid: 1747, RSS: 682
[   77.551846] pid: 1741, RSS: 20
[   77.551852] pid: 1741, RSS: 20
[   77.571835] pid: 1742, RSS: 20
[   77.571841] pid: 1742, RSS: 20
[   77.591910] pid: 1744, RSS: 20
[   77.591917] pid: 1744, RSS: 20
[   77.611811] pid: 1746, RSS: 20
[   77.611817] pid: 1746, RSS: 20
[   77.631789] pid: 1750, RSS: 20
[   77.631792] pid: 1750, RSS: 20
[   77.651784] pid: 1749, RSS: 880
[   77.651791] pid: 1749, RSS: 880
[   77.671761] pid: 1747, RSS: 682
[   77.671764] pid: 1747, RSS: 682
[   77.691757] pid: 1748, RSS: 20
[   77.691763] pid: 1748, RSS: 20
[   77.711735] pid: 1743, RSS: 286
[   77.711738] pid: 1743, RSS: 286
[   77.731734] pid: 1745, RSS: 484
[   77.731741] pid: 1745, RSS: 484
[   77.751710] pid: 1741, RSS: 20
[   77.751714] pid: 1741, RSS: 20
[   77.771706] pid: 1742, RSS: 20
[   77.771713] pid: 1742, RSS: 20
[   77.791682] pid: 1744, RSS: 20
[   77.791685] pid: 1744, RSS: 20
[   77.811673] pid: 1746, RSS: 20
[   77.811679] pid: 1746, RSS: 20
[   77.831661] pid: 1750, RSS: 20
[   77.831668] pid: 1750, RSS: 20
[   77.851645] pid: 1749, RSS: 880
[   77.851650] pid: 1749, RSS: 880
[   77.871632] pid: 1747, RSS: 682
[   77.871636] pid: 1747, RSS: 682
[   77.891615] pid: 1748, RSS: 20
[   77.891617] pid: 1748, RSS: 20
[   77.911627] pid: 1743, RSS: 286
[   77.911635] pid: 1743, RSS: 286
[   77.931605] pid: 1745, RSS: 484
[   77.931616] pid: 1745, RSS: 484
[   77.951589] pid: 1741, RSS: 20
[   77.951595] pid: 1741, RSS: 20
[   77.971562] pid: 1749, RSS: 880
[   77.971564] pid: 1749, RSS: 880
[   77.991653] pid: 1747, RSS: 682
[   77.991656] pid: 1747, RSS: 682
[   78.011614] pid: 1742, RSS: 20
[   78.011617] pid: 1742, RSS: 20
[   78.031549] pid: 1744, RSS: 20
[   78.031555] pid: 1744, RSS: 20
[   78.051561] pid: 1746, RSS: 20
[   78.051564] pid: 1746, RSS: 20
[   78.071496] pid: 1750, RSS: 20
[   78.071498] pid: 1750, RSS: 20
[   78.091515] pid: 1748, RSS: 20
[   78.091517] pid: 1748, RSS: 20
[   78.111570] pid: 1749, RSS: 880
[   78.111572] pid: 1749, RSS: 880
[   78.131538] pid: 1747, RSS: 682
[   78.131543] pid: 1747, RSS: 682
[   78.151508] pid: 1741, RSS: 20
[   78.151510] pid: 1741, RSS: 20
[   78.171428] pid: 1743, RSS: 286
[   78.171431] pid: 1743, RSS: 286
[   78.191583] pid: 1745, RSS: 484
[   78.191585] pid: 1745, RSS: 484
[   78.211477] pid: 1742, RSS: 20
[   78.211479] pid: 1742, RSS: 20
[   78.231491] pid: 1744, RSS: 20
[   78.231493] pid: 1744, RSS: 20
[   78.251375] pid: 1746, RSS: 20
[   78.251377] pid: 1746, RSS: 20
[   78.271483] pid: 1750, RSS: 20
[   78.271485] pid: 1750, RSS: 20
[   78.291390] pid: 1748, RSS: 20
[   78.291392] pid: 1748, RSS: 20
[   78.311427] pid: 1749, RSS: 880
[   78.311429] pid: 1749, RSS: 880
[   78.331431] pid: 1747, RSS: 682
[   78.331433] pid: 1747, RSS: 682
[   78.351354] pid: 1741, RSS: 20
[   78.351356] pid: 1741, RSS: 20
[   78.371764] pid: 1742, RSS: 20
[   78.371767] pid: 1742, RSS: 20
[   78.391291] pid: 1744, RSS: 20
[   78.391293] pid: 1744, RSS: 20
[   78.411278] pid: 1746, RSS: 20
[   78.411281] pid: 1746, RSS: 20
[   78.431336] pid: 1750, RSS: 20
[   78.431339] pid: 1750, RSS: 20
[   78.451358] pid: 1743, RSS: 286
[   78.451360] pid: 1743, RSS: 286
[   78.471259] pid: 1745, RSS: 484
[   78.471261] pid: 1745, RSS: 484
[   78.491334] pid: 1749, RSS: 880
[   78.491336] pid: 1749, RSS: 880
[   78.511254] pid: 1747, RSS: 682
[   78.511257] pid: 1747, RSS: 682
[   78.531244] pid: 1748, RSS: 20
[   78.531246] pid: 1748, RSS: 20
[   78.551241] pid: 1741, RSS: 20
[   78.551244] pid: 1741, RSS: 20
[   78.571220] pid: 1744, RSS: 20
[   78.571223] pid: 1744, RSS: 20
[   78.591275] pid: 1742, RSS: 20
[   78.591277] pid: 1742, RSS: 20
[   78.611164] pid: 1746, RSS: 20
[   78.611166] pid: 1746, RSS: 20
[   78.631151] pid: 1750, RSS: 20
[   78.631153] pid: 1750, RSS: 20
[   78.651211] pid: 1749, RSS: 880
[   78.651214] pid: 1749, RSS: 880
[   78.671127] pid: 1747, RSS: 682
[   78.671129] pid: 1747, RSS: 682
[   78.691116] pid: 1748, RSS: 20
[   78.691118] pid: 1748, RSS: 20
[   78.711104] pid: 1743, RSS: 286
[   78.711106] pid: 1743, RSS: 286
[   78.731114] pid: 1745, RSS: 484
[   78.731118] pid: 1745, RSS: 484
[   78.751081] pid: 1741, RSS: 20
[   78.751083] pid: 1741, RSS: 20
[   78.771069] pid: 1747, RSS: 682
[   78.771071] pid: 1747, RSS: 682
[   78.791058] pid: 1749, RSS: 880
[   78.791061] pid: 1749, RSS: 880
[   78.811046] pid: 1744, RSS: 20
[   78.811048] pid: 1744, RSS: 20
[   78.831102] pid: 1742, RSS: 20
[   78.831105] pid: 1742, RSS: 20
[   78.851022] pid: 1746, RSS: 20
[   78.851025] pid: 1746, RSS: 20
[   78.871052] pid: 1750, RSS: 20
[   78.871054] pid: 1750, RSS: 20
[   78.891053] pid: 1748, RSS: 20
[   78.891058] pid: 1748, RSS: 20
[   78.911023] pid: 1747, RSS: 682
[   78.911025] pid: 1747, RSS: 682
[   78.931018] pid: 1749, RSS: 880
[   78.931020] pid: 1749, RSS: 880
[   78.950965] pid: 1743, RSS: 286
[   78.950968] pid: 1743, RSS: 286
[   78.970952] pid: 1745, RSS: 484
[   78.970957] pid: 1745, RSS: 484
[   78.991077] pid: 1741, RSS: 20
[   78.991078] pid: 1741, RSS: 20
[   79.010930] pid: 1744, RSS: 20
[   79.010932] pid: 1744, RSS: 20
[   79.031003] pid: 1746, RSS: 20
[   79.031005] pid: 1746, RSS: 20
[   79.050906] pid: 1742, RSS: 20
[   79.050908] pid: 1742, RSS: 20
[   79.071000] pid: 1750, RSS: 20
[   79.071004] pid: 1750, RSS: 20
[   79.090925] pid: 1748, RSS: 20
[   79.090927] pid: 1748, RSS: 20
[   79.111195] pid: 1747, RSS: 682
[   79.111197] pid: 1747, RSS: 682
[   79.131126] pid: 1749, RSS: 880
[   79.131130] pid: 1749, RSS: 880
[   79.150857] pid: 1741, RSS: 20
[   79.150862] pid: 1741, RSS: 20
[   79.170837] pid: 1744, RSS: 20
[   79.170839] pid: 1744, RSS: 20
[   79.190843] pid: 1743, RSS: 286
[   79.190847] pid: 1743, RSS: 286
[   79.210812] pid: 1745, RSS: 484
[   79.210814] pid: 1745, RSS: 484
[   79.230842] pid: 1742, RSS: 20
[   79.230845] pid: 1742, RSS: 20
[   79.250832] pid: 1746, RSS: 20
[   79.250835] pid: 1746, RSS: 20
[   79.270813] pid: 1750, RSS: 20
[   79.270816] pid: 1750, RSS: 20
[   79.290808] pid: 1749, RSS: 880
[   79.290810] pid: 1749, RSS: 880
[   79.310913] pid: 1747, RSS: 682
[   79.310916] pid: 1747, RSS: 682
[   79.330794] pid: 1748, RSS: 20
[   79.330797] pid: 1748, RSS: 20
[   79.351057] pid: 1741, RSS: 20
[   79.351062] pid: 1741, RSS: 20
[   79.370870] pid: 1744, RSS: 20
[   79.370877] pid: 1744, RSS: 20
[   79.390862] pid: 1742, RSS: 20
[   79.390864] pid: 1742, RSS: 20
[   79.410756] pid: 1746, RSS: 20
[   79.410758] pid: 1746, RSS: 20
[   79.430746] pid: 1750, RSS: 20
[   79.430748] pid: 1750, RSS: 20
[   79.450701] pid: 1749, RSS: 880
[   79.450704] pid: 1749, RSS: 880
[   79.470690] pid: 1747, RSS: 682
[   79.470692] pid: 1747, RSS: 682
[   79.490699] pid: 1743, RSS: 286
[   79.490701] pid: 1743, RSS: 286
[   79.510824] pid: 1745, RSS: 484
[   79.510827] pid: 1745, RSS: 484
[   79.530644] pid: 1748, RSS: 20
[   79.530647] pid: 1748, RSS: 20
[   79.550722] pid: 1741, RSS: 20
[   79.550725] pid: 1741, RSS: 20
[   79.570883] pid: 1749, RSS: 880
[   79.570887] pid: 1749, RSS: 880
[   79.590721] pid: 1747, RSS: 682
[   79.590723] pid: 1747, RSS: 682
[   79.610638] pid: 1744, RSS: 20
[   79.610642] pid: 1744, RSS: 20
[   79.630593] pid: 1742, RSS: 20
[   79.630596] pid: 1742, RSS: 20
[   79.650699] pid: 1746, RSS: 20
[   79.650701] pid: 1746, RSS: 20
[   79.670687] pid: 1750, RSS: 20
[   79.670689] pid: 1750, RSS: 20
[   79.690701] pid: 1748, RSS: 20
[   79.690703] pid: 1748, RSS: 20
[   79.710654] pid: 1743, RSS: 286
[   79.710656] pid: 1743, RSS: 286
[   79.730576] pid: 1745, RSS: 484
[   79.730578] pid: 1745, RSS: 484
[   79.750566] pid: 1749, RSS: 880
[   79.750568] pid: 1749, RSS: 880
[   79.770556] pid: 1747, RSS: 682
[   79.770558] pid: 1747, RSS: 682
[   79.790549] pid: 1741, RSS: 20
[   79.790552] pid: 1741, RSS: 20
[   79.810568] pid: 1744, RSS: 20
[   79.810571] pid: 1744, RSS: 20
[   79.830593] pid: 1742, RSS: 20
[   79.830595] pid: 1742, RSS: 20
[   79.850515] pid: 1746, RSS: 20
[   79.850517] pid: 1746, RSS: 20
[   79.870573] pid: 1750, RSS: 20
[   79.870575] pid: 1750, RSS: 20
[   79.890511] pid: 1748, RSS: 20
[   79.890513] pid: 1748, RSS: 20
[   79.910478] pid: 1749, RSS: 880
[   79.910482] pid: 1749, RSS: 880
[   79.930503] pid: 1747, RSS: 682
[   79.930507] pid: 1747, RSS: 682
[   79.950500] pid: 1743, RSS: 286
[   79.950502] pid: 1743, RSS: 286
[   79.970490] pid: 1745, RSS: 484
[   79.970492] pid: 1745, RSS: 484
[   79.990514] pid: 1741, RSS: 20
[   79.990517] pid: 1741, RSS: 20
[   80.010402] pid: 1744, RSS: 20
[   80.010405] pid: 1744, RSS: 20
[   80.030465] pid: 1742, RSS: 20
[   80.030470] pid: 1742, RSS: 20
[   80.050380] pid: 1746, RSS: 20
[   80.050383] pid: 1746, RSS: 20
[   80.070392] pid: 1750, RSS: 20
[   80.070394] pid: 1750, RSS: 20
[   80.090358] pid: 1749, RSS: 880
[   80.090360] pid: 1749, RSS: 880
[   80.110386] pid: 1747, RSS: 682
[   80.110392] pid: 1747, RSS: 682
[   80.130367] pid: 1748, RSS: 20
[   80.130370] pid: 1748, RSS: 20
[   80.150329] pid: 1741, RSS: 20
[   80.150331] pid: 1741, RSS: 20
[   80.170321] pid: 1744, RSS: 20
[   80.170324] pid: 1744, RSS: 20
[   80.190444] pid: 1743, RSS: 286
[   80.190446] pid: 1743, RSS: 286
[   80.210298] pid: 1745, RSS: 484
[   80.210300] pid: 1745, RSS: 484
[   80.230366] pid: 1746, RSS: 20
[   80.230368] pid: 1746, RSS: 20
[   80.250353] pid: 1742, RSS: 20
[   80.250356] pid: 1742, RSS: 20
[   80.270315] pid: 1750, RSS: 20
[   80.270317] pid: 1750, RSS: 20
[   80.290359] pid: 1749, RSS: 880
[   80.290361] pid: 1749, RSS: 880
[   80.310251] pid: 1747, RSS: 682
[   80.310256] pid: 1747, RSS: 682
[   80.330347] pid: 1748, RSS: 20
[   80.330349] pid: 1748, RSS: 20
[   80.350265] pid: 1741, RSS: 20
[   80.350268] pid: 1741, RSS: 20
[   80.370237] pid: 1749, RSS: 880
[   80.370240] pid: 1749, RSS: 880
[   80.390282] pid: 1747, RSS: 682
[   80.390284] pid: 1747, RSS: 682
[   80.410206] pid: 1744, RSS: 20
[   80.410209] pid: 1744, RSS: 20
[   80.430224] pid: 1746, RSS: 20
[   80.430229] pid: 1746, RSS: 20
[   80.450187] pid: 1742, RSS: 20
[   80.450189] pid: 1742, RSS: 20
[   80.470210] pid: 1750, RSS: 20
[   80.470212] pid: 1750, RSS: 20
[   80.490208] pid: 1743, RSS: 286
[   80.490210] pid: 1743, RSS: 286
[   80.510212] pid: 1745, RSS: 484
[   80.510217] pid: 1745, RSS: 484
[   80.530198] pid: 1748, RSS: 20
[   80.530200] pid: 1748, RSS: 20
[   80.550143] pid: 1749, RSS: 880
[   80.550146] pid: 1749, RSS: 880
[   80.570156] pid: 1747, RSS: 682
[   80.570160] pid: 1747, RSS: 682
[   80.590124] pid: 1741, RSS: 20
[   80.590127] pid: 1741, RSS: 20
[   80.610119] pid: 1744, RSS: 20
[   80.610123] pid: 1744, RSS: 20
[   80.630105] pid: 1742, RSS: 20
[   80.630107] pid: 1742, RSS: 20
[   80.650142] pid: 1746, RSS: 20
[   80.650144] pid: 1746, RSS: 20
[   80.670259] pid: 1750, RSS: 20
[   80.670262] pid: 1750, RSS: 20
[   80.690113] pid: 1748, RSS: 20
[   80.690115] pid: 1748, RSS: 20
[   80.710128] pid: 1743, RSS: 286
[   80.710133] pid: 1743, RSS: 286
[   80.730402] pid: 1745, RSS: 484
[   80.730405] pid: 1745, RSS: 484
[   80.750057] pid: 1749, RSS: 880
[   80.750062] pid: 1749, RSS: 880
[   80.770044] pid: 1747, RSS: 682
[   80.770047] pid: 1747, RSS: 682
[   80.790050] pid: 1741, RSS: 20
[   80.790057] pid: 1741, RSS: 20
[   80.810029] pid: 1744, RSS: 20
[   80.810034] pid: 1744, RSS: 20
[   80.830083] pid: 1742, RSS: 20
[   80.830086] pid: 1742, RSS: 20
[   80.850156] pid: 1746, RSS: 20
[   80.850159] pid: 1746, RSS: 20
[   80.869998] pid: 1750, RSS: 20
[   80.870000] pid: 1750, RSS: 20
[   80.890225] pid: 1749, RSS: 880
[   80.890231] pid: 1749, RSS: 880
[   80.909985] pid: 1747, RSS: 682
[   80.909989] pid: 1747, RSS: 682
[   80.930048] pid: 1748, RSS: 20
[   80.930051] pid: 1748, RSS: 20
[   80.949963] pid: 1743, RSS: 286
[   80.949965] pid: 1743, RSS: 286
[   80.969954] pid: 1745, RSS: 484
[   80.969956] pid: 1745, RSS: 484
[   80.990102] pid: 1741, RSS: 20
[   80.990104] pid: 1741, RSS: 20
[   81.009936] pid: 1744, RSS: 20
[   81.009938] pid: 1744, RSS: 20
[   81.030065] pid: 1742, RSS: 20
[   81.030066] pid: 1742, RSS: 20
[   81.049987] pid: 1746, RSS: 20
[   81.049989] pid: 1746, RSS: 20
[   81.069910] pid: 1750, RSS: 20
[   81.069912] pid: 1750, RSS: 20
[   81.089901] pid: 1749, RSS: 880
[   81.089903] pid: 1749, RSS: 880
[   81.109912] pid: 1747, RSS: 682
[   81.109916] pid: 1747, RSS: 682
[   81.129925] pid: 1748, RSS: 20
[   81.129928] pid: 1748, RSS: 20
[   81.149913] pid: 1741, RSS: 20
[   81.149916] pid: 1741, RSS: 20
[   81.169865] pid: 1749, RSS: 880
[   81.169867] pid: 1749, RSS: 880
[   81.189936] pid: 1747, RSS: 682
[   81.189938] pid: 1747, RSS: 682
[   81.209886] pid: 1744, RSS: 20
[   81.209890] pid: 1744, RSS: 20
[   81.229919] pid: 1743, RSS: 286
[   81.229921] pid: 1743, RSS: 286
[   81.249870] pid: 1745, RSS: 484
[   81.249874] pid: 1745, RSS: 484
[   81.269819] pid: 1746, RSS: 20
[   81.269821] pid: 1746, RSS: 20
[   81.290086] pid: 1742, RSS: 20
[   81.290088] pid: 1742, RSS: 20
[   81.310049] pid: 1750, RSS: 20
[   81.310054] pid: 1750, RSS: 20
[   81.329808] pid: 1748, RSS: 20
[   81.329810] pid: 1748, RSS: 20
[   81.349805] pid: 1749, RSS: 880
[   81.349808] pid: 1749, RSS: 880
[   81.369780] pid: 1747, RSS: 682
[   81.369782] pid: 1747, RSS: 682
[   81.389796] pid: 1741, RSS: 20
[   81.389800] pid: 1741, RSS: 20
[   81.409766] pid: 1744, RSS: 20
[   81.409769] pid: 1744, RSS: 20
[   81.429802] pid: 1746, RSS: 20
[   81.429806] pid: 1746, RSS: 20
[   81.449783] pid: 1742, RSS: 20
[   81.449786] pid: 1742, RSS: 20
[   81.469776] pid: 1750, RSS: 20
[   81.469779] pid: 1750, RSS: 20
[   81.489734] pid: 1743, RSS: 286
[   81.489736] pid: 1743, RSS: 286
[   81.509746] pid: 1745, RSS: 484
[   81.509750] pid: 1745, RSS: 484
[   81.529890] pid: 1748, RSS: 20
[   81.529892] pid: 1748, RSS: 20
[   81.549716] pid: 1749, RSS: 880
[   81.549720] pid: 1749, RSS: 880
[   81.569759] pid: 1747, RSS: 682
[   81.569762] pid: 1747, RSS: 682
[   81.589757] pid: 1741, RSS: 20
[   81.589760] pid: 1741, RSS: 20
[   81.609727] pid: 1744, RSS: 20
[   81.609731] pid: 1744, RSS: 20
[   81.629825] pid: 1746, RSS: 20
[   81.629827] pid: 1746, RSS: 20
[   81.649826] pid: 1742, RSS: 20
[   81.649828] pid: 1742, RSS: 20
[   81.669815] pid: 1750, RSS: 20
[   81.669817] pid: 1750, RSS: 20
[   81.689778] pid: 1749, RSS: 880
[   81.689780] pid: 1749, RSS: 880
[   81.709731] pid: 1747, RSS: 682
[   81.709733] pid: 1747, RSS: 682
[   81.729814] pid: 1748, RSS: 20
[   81.729816] pid: 1748, RSS: 20
[   81.749770] pid: 1743, RSS: 286
[   81.749772] pid: 1743, RSS: 286
[   81.769780] pid: 1745, RSS: 484
[   81.769782] pid: 1745, RSS: 484
[   81.789889] pid: 1741, RSS: 20
[   81.789894] pid: 1741, RSS: 20
[   81.809744] pid: 1744, RSS: 20
[   81.809747] pid: 1744, RSS: 20
[   81.829790] pid: 1746, RSS: 20
[   81.829791] pid: 1746, RSS: 20
[   81.849747] pid: 1742, RSS: 20
[   81.849750] pid: 1742, RSS: 20
[   81.869749] pid: 1750, RSS: 20
[   81.869751] pid: 1750, RSS: 20
[   81.889798] pid: 1749, RSS: 880
[   81.889800] pid: 1749, RSS: 880
[   81.909757] pid: 1747, RSS: 682
[   81.909760] pid: 1747, RSS: 682
[   81.929835] pid: 1748, RSS: 20
[   81.929837] pid: 1748, RSS: 20
[   81.949915] pid: 1743, RSS: 286
[   81.949917] pid: 1743, RSS: 286
[   81.969827] pid: 1745, RSS: 484
[   81.969829] pid: 1745, RSS: 484
[   81.989839] pid: 1741, RSS: 20
[   81.989840] pid: 1741, RSS: 20
[   82.009851] pid: 1749, RSS: 880
[   82.009857] pid: 1749, RSS: 880
[   82.029837] pid: 1747, RSS: 682
[   82.029839] pid: 1747, RSS: 682
[   82.049769] pid: 1744, RSS: 20
[   82.049772] pid: 1744, RSS: 20
[   82.069771] pid: 1746, RSS: 20
[   82.069773] pid: 1746, RSS: 20
[   82.089859] pid: 1742, RSS: 20
[   82.089862] pid: 1742, RSS: 20
[   82.109795] pid: 1750, RSS: 20
[   82.109799] pid: 1750, RSS: 20
[   82.129777] pid: 1748, RSS: 20
[   82.129779] pid: 1748, RSS: 20
[   82.149982] pid: 1749, RSS: 880
[   82.149984] pid: 1749, RSS: 880
[   82.169851] pid: 1747, RSS: 682
[   82.169853] pid: 1747, RSS: 682
[   82.189785] pid: 1741, RSS: 20
[   82.189787] pid: 1741, RSS: 20
[   82.209788] pid: 1744, RSS: 20
[   82.209791] pid: 1744, RSS: 20
[   82.229792] pid: 1743, RSS: 286
[   82.229795] pid: 1743, RSS: 286
[   82.249807] pid: 1745, RSS: 484
[   82.249809] pid: 1745, RSS: 484
[   82.269861] pid: 1746, RSS: 20
[   82.269863] pid: 1746, RSS: 20
[   82.290072] pid: 1742, RSS: 20
[   82.290075] pid: 1742, RSS: 20
[   82.310022] pid: 1750, RSS: 20
[   82.310025] pid: 1750, RSS: 20
[   82.330164] pid: 1748, RSS: 20
[   82.330166] pid: 1748, RSS: 20
[   82.350307] pid: 1747, RSS: 682
[   82.350309] pid: 1747, RSS: 682
[   82.370526] pid: 1749, RSS: 880
[   82.370529] pid: 1749, RSS: 880
[   82.390594] pid: 1741, RSS: 20
[   82.390596] pid: 1741, RSS: 20
[   82.410734] pid: 1744, RSS: 20
[   82.410737] pid: 1744, RSS: 20
[   82.430900] pid: 1746, RSS: 20
[   82.430902] pid: 1746, RSS: 20
[   82.451060] pid: 1742, RSS: 20
[   82.451062] pid: 1742, RSS: 20
[   82.471161] pid: 1750, RSS: 20
[   82.471162] pid: 1750, RSS: 20
[   82.491419] pid: 1743, RSS: 286
[   82.491422] pid: 1743, RSS: 286
[   82.511451] pid: 1745, RSS: 484
[   82.511453] pid: 1745, RSS: 484
[   82.531589] pid: 1747, RSS: 682
[   82.531591] pid: 1747, RSS: 682
[   82.551770] pid: 1749, RSS: 880
[   82.551772] pid: 1749, RSS: 880
[   82.571913] pid: 1748, RSS: 20
[   82.571914] pid: 1748, RSS: 20
[   82.592017] pid: 1741, RSS: 20
[   82.592020] pid: 1741, RSS: 20
[   82.612158] pid: 1744, RSS: 20
[   82.612159] pid: 1744, RSS: 20
[   82.632300] pid: 1746, RSS: 20
[   82.632302] pid: 1746, RSS: 20
[   82.652450] pid: 1742, RSS: 20
[   82.652452] pid: 1742, RSS: 20
[   82.672591] pid: 1750, RSS: 20
[   82.672593] pid: 1750, RSS: 20
[   82.692787] pid: 1747, RSS: 682
[   82.692790] pid: 1747, RSS: 682
[   82.712870] pid: 1749, RSS: 880
[   82.712873] pid: 1749, RSS: 880
[   82.733153] pid: 1748, RSS: 20
[   82.733155] pid: 1748, RSS: 20
[   82.753440] pid: 1745, RSS: 484
[   82.753442] pid: 1745, RSS: 484
[   82.773372] pid: 1743, RSS: 286
[   82.773374] pid: 1743, RSS: 286
[   82.793585] pid: 1741, RSS: 20
[   82.793587] pid: 1741, RSS: 20
[   82.813585] pid: 1747, RSS: 682
[   82.813589] pid: 1747, RSS: 682
[   82.833757] pid: 1744, RSS: 20
[   82.833759] pid: 1744, RSS: 20
[   82.853874] pid: 1749, RSS: 880
[   82.853877] pid: 1749, RSS: 880
[   82.874011] pid: 1746, RSS: 20
[   82.874013] pid: 1746, RSS: 20
[   82.894249] pid: 1742, RSS: 20
[   82.894254] pid: 1742, RSS: 20
[   82.914335] pid: 1750, RSS: 20
[   82.914337] pid: 1750, RSS: 20
[   82.934478] pid: 1748, RSS: 20
[   82.934479] pid: 1748, RSS: 20
[   82.954690] pid: 1743, RSS: 286
[   82.954692] pid: 1743, RSS: 286
[   82.974762] pid: 1747, RSS: 682
[   82.974766] pid: 1747, RSS: 682
[   82.994904] pid: 1745, RSS: 484
[   82.994906] pid: 1745, RSS: 484
[   83.015008] pid: 1749, RSS: 880
[   83.015010] pid: 1749, RSS: 880
[   83.035150] pid: 1741, RSS: 20
[   83.035153] pid: 1741, RSS: 20
[   83.055294] pid: 1744, RSS: 20
[   83.055296] pid: 1744, RSS: 20
[   83.075452] pid: 1746, RSS: 20
[   83.075456] pid: 1746, RSS: 20
[   83.095578] pid: 1750, RSS: 20
[   83.095581] pid: 1750, RSS: 20
[   83.115721] pid: 1742, RSS: 20
[   83.115724] pid: 1742, RSS: 20
[   83.135915] pid: 1748, RSS: 20
[   83.135917] pid: 1748, RSS: 20
[   83.156006] pid: 1747, RSS: 682
[   83.156008] pid: 1747, RSS: 682
[   83.176148] pid: 1749, RSS: 880
[   83.176151] pid: 1749, RSS: 880
[   83.196290] pid: 1741, RSS: 20
[   83.196291] pid: 1741, RSS: 20
[   83.216441] pid: 1744, RSS: 20
[   83.216444] pid: 1744, RSS: 20
[   83.236616] pid: 1743, RSS: 286
[   83.236618] pid: 1743, RSS: 286
[   83.256718] pid: 1745, RSS: 484
[   83.256721] pid: 1745, RSS: 484
[   83.276902] pid: 1746, RSS: 20
[   83.276904] pid: 1746, RSS: 20
[   83.296992] pid: 1750, RSS: 20
[   83.296994] pid: 1750, RSS: 20
[   83.317246] pid: 1742, RSS: 20
[   83.317248] pid: 1742, RSS: 20
[   83.337266] pid: 1747, RSS: 682
[   83.337268] pid: 1747, RSS: 682
[   83.357483] pid: 1749, RSS: 880
[   83.357485] pid: 1749, RSS: 880
[   83.377495] pid: 1748, RSS: 20
[   83.377497] pid: 1748, RSS: 20
[   83.397643] pid: 1741, RSS: 20
[   83.397645] pid: 1741, RSS: 20
[   83.417748] pid: 1744, RSS: 20
[   83.417750] pid: 1744, RSS: 20
[   83.437874] pid: 1746, RSS: 20
[   83.437877] pid: 1746, RSS: 20
[   83.457998] pid: 1750, RSS: 20
[   83.458000] pid: 1750, RSS: 20
[   83.478139] pid: 1742, RSS: 20
[   83.478142] pid: 1742, RSS: 20
[   83.498250] pid: 1747, RSS: 682
[   83.498252] pid: 1747, RSS: 682
[   83.518460] pid: 1749, RSS: 880
[   83.518462] pid: 1749, RSS: 880
[   83.538842] pid: 1743, RSS: 286
[   83.538844] pid: 1743, RSS: 286
[   83.558628] pid: 1745, RSS: 484
[   83.558630] pid: 1745, RSS: 484
[   83.578754] pid: 1748, RSS: 20
[   83.578756] pid: 1748, RSS: 20
[   83.599003] pid: 1741, RSS: 20
[   83.599005] pid: 1741, RSS: 20
[   83.619278] pid: 1747, RSS: 682
[   83.619281] pid: 1747, RSS: 682
[   83.639132] pid: 1744, RSS: 20
[   83.639135] pid: 1744, RSS: 20
[   83.659258] pid: 1749, RSS: 880
[   83.659261] pid: 1749, RSS: 880
[   83.679383] pid: 1746, RSS: 20
[   83.679385] pid: 1746, RSS: 20
[   83.699552] pid: 1750, RSS: 20
[   83.699554] pid: 1750, RSS: 20
[   83.719635] pid: 1742, RSS: 20
[   83.719637] pid: 1742, RSS: 20
[   83.739760] pid: 1748, RSS: 20
[   83.739763] pid: 1748, RSS: 20
[   83.759887] pid: 1745, RSS: 484
[   83.759889] pid: 1745, RSS: 484
[   83.780055] pid: 1743, RSS: 286
[   83.780058] pid: 1743, RSS: 286
[   83.800141] pid: 1747, RSS: 682
[   83.800144] pid: 1747, RSS: 682
[   83.820276] pid: 1749, RSS: 880
[   83.820278] pid: 1749, RSS: 880
[   83.840466] pid: 1741, RSS: 20
[   83.840468] pid: 1741, RSS: 20
[   83.860532] pid: 1744, RSS: 20
[   83.860534] pid: 1744, RSS: 20
[   83.880685] pid: 1746, RSS: 20
[   83.880688] pid: 1746, RSS: 20
[   83.900768] pid: 1750, RSS: 20
[   83.900770] pid: 1750, RSS: 20
[   83.920989] pid: 1742, RSS: 20
[   83.920991] pid: 1742, RSS: 20
[   83.941021] pid: 1748, RSS: 20
[   83.941024] pid: 1748, RSS: 20
[   83.961190] pid: 1747, RSS: 682
[   83.961192] pid: 1747, RSS: 682
[   83.981271] pid: 1749, RSS: 880
[   83.981274] pid: 1749, RSS: 880
[   84.001398] pid: 1745, RSS: 484
[   84.001402] pid: 1745, RSS: 484
[   84.021717] pid: 1743, RSS: 286
[   84.021719] pid: 1743, RSS: 286
[   84.041665] pid: 1741, RSS: 20
[   84.041667] pid: 1741, RSS: 20
[   84.061775] pid: 1744, RSS: 20
[   84.061778] pid: 1744, RSS: 20
[   84.081899] pid: 1746, RSS: 20
[   84.081901] pid: 1746, RSS: 20
[   84.102025] pid: 1750, RSS: 20
[   84.102097] pid: 1750, RSS: 20
[   84.122160] pid: 1742, RSS: 20
[   84.122162] pid: 1742, RSS: 20
[   84.142276] pid: 1747, RSS: 682
[   84.142279] pid: 1747, RSS: 682
[   84.162402] pid: 1749, RSS: 880
[   84.162404] pid: 1749, RSS: 880
[   84.182528] pid: 1748, RSS: 20
[   84.182529] pid: 1748, RSS: 20
[   84.202663] pid: 1741, RSS: 20
[   84.202665] pid: 1741, RSS: 20
[   84.222779] pid: 1744, RSS: 20
[   84.222781] pid: 1744, RSS: 20
[   84.242906] pid: 1745, RSS: 484
[   84.242909] pid: 1745, RSS: 484
[   84.263092] pid: 1743, RSS: 286
[   84.263094] pid: 1743, RSS: 286
[   84.283235] pid: 1746, RSS: 20
[   84.283238] pid: 1746, RSS: 20
[   84.303276] pid: 1750, RSS: 20
[   84.303278] pid: 1750, RSS: 20
[   84.323387] pid: 1742, RSS: 20
[   84.323390] pid: 1742, RSS: 20
[   84.343496] pid: 1747, RSS: 682
[   84.343498] pid: 1747, RSS: 682
[   84.363621] pid: 1749, RSS: 880
[   84.363623] pid: 1749, RSS: 880
[   84.383766] pid: 1748, RSS: 20
[   84.383768] pid: 1748, RSS: 20
[   84.403909] pid: 1741, RSS: 20
[   84.403911] pid: 1741, RSS: 20
[   84.423943] pid: 1744, RSS: 20
[   84.423945] pid: 1744, RSS: 20
[   84.444073] pid: 1747, RSS: 682
[   84.444075] pid: 1747, RSS: 682
[   84.464185] pid: 1749, RSS: 880
[   84.464187] pid: 1749, RSS: 880
[   84.484326] pid: 1746, RSS: 20
[   84.484330] pid: 1746, RSS: 20
[   84.504504] pid: 1750, RSS: 20
[   84.504506] pid: 1750, RSS: 20
[   84.524512] pid: 1742, RSS: 20
[   84.524514] pid: 1742, RSS: 20
[   84.544622] pid: 1745, RSS: 484
[   84.544624] pid: 1745, RSS: 484
[   84.564768] pid: 1743, RSS: 286
[   84.564770] pid: 1743, RSS: 286
[   84.584878] pid: 1748, RSS: 20
[   84.584881] pid: 1748, RSS: 20
[   84.604960] pid: 1747, RSS: 682
[   84.604963] pid: 1747, RSS: 682
[   84.625075] pid: 1749, RSS: 880
[   84.625077] pid: 1749, RSS: 880
[   84.645181] pid: 1741, RSS: 20
[   84.645185] pid: 1741, RSS: 20
[   84.665278] pid: 1744, RSS: 20
[   84.665281] pid: 1744, RSS: 20
[   84.685392] pid: 1746, RSS: 20
[   84.685395] pid: 1746, RSS: 20
[   84.705499] pid: 1750, RSS: 20
[   84.705501] pid: 1750, RSS: 20
[   84.725611] pid: 1742, RSS: 20
[   84.725614] pid: 1742, RSS: 20
[   84.745721] pid: 1748, RSS: 20
[   84.745723] pid: 1748, RSS: 20
[   84.765836] pid: 1745, RSS: 484
[   84.765839] pid: 1745, RSS: 484
[   84.785967] pid: 1743, RSS: 286
[   84.785971] pid: 1743, RSS: 286
[   84.806213] pid: 1747, RSS: 682
[   84.806216] pid: 1747, RSS: 682
[   84.826168] pid: 1749, RSS: 880
[   84.826170] pid: 1749, RSS: 880
[   84.846360] pid: 1741, RSS: 20
[   84.846362] pid: 1741, RSS: 20
[   84.866463] pid: 1744, RSS: 20
[   84.866468] pid: 1744, RSS: 20
[   84.886523] pid: 1746, RSS: 20
[   84.886526] pid: 1746, RSS: 20
[   84.906627] pid: 1750, RSS: 20
[   84.906630] pid: 1750, RSS: 20
[   84.926805] pid: 1742, RSS: 20
[   84.926807] pid: 1742, RSS: 20
[   84.946836] pid: 1747, RSS: 682
[   84.946839] pid: 1747, RSS: 682
[   84.966993] pid: 1749, RSS: 880
[   84.966995] pid: 1749, RSS: 880
[   84.987058] pid: 1748, RSS: 20
[   84.987060] pid: 1748, RSS: 20
[   85.007168] pid: 1745, RSS: 484
[   85.007170] pid: 1745, RSS: 484
[   85.027280] pid: 1743, RSS: 286
[   85.027282] pid: 1743, RSS: 286
[   85.047392] pid: 1741, RSS: 20
[   85.047395] pid: 1741, RSS: 20
[   85.067503] pid: 1744, RSS: 20
[   85.067506] pid: 1744, RSS: 20
[   85.087618] pid: 1746, RSS: 20
[   85.087624] pid: 1746, RSS: 20
[   85.107840] pid: 1750, RSS: 20
[   85.107843] pid: 1750, RSS: 20
[   85.127900] pid: 1742, RSS: 20
[   85.127903] pid: 1742, RSS: 20
[   85.147951] pid: 1747, RSS: 682
