[    0.000000] Linux version 4.15.0-123-generic (buildd@lcy01-amd64-017) (gcc version 7.5.0 (Ubuntu 7.5.0-3ubuntu1~18.04)) #126-Ubuntu SMP Wed Oct 21 09:40:11 UTC 2020 (Ubuntu 4.15.0-123.126-generic 4.15.18)
[    0.000000] Command line: BOOT_IMAGE=/boot/vmlinuz-4.15.0-123-generic root=UUID=b214da3c-eaae-4adf-bfcc-c64b050618e8 ro quiet splash vt.handoff=1
[    0.000000] KERNEL supported cpus:
[    0.000000]   Intel GenuineIntel
[    0.000000]   AMD AuthenticAMD
[    0.000000]   Centaur CentaurHauls
[    0.000000] Disabled fast string operations
[    0.000000] x86/fpu: Supporting XSAVE feature 0x001: 'x87 floating point registers'
[    0.000000] x86/fpu: Supporting XSAVE feature 0x002: 'SSE registers'
[    0.000000] x86/fpu: Supporting XSAVE feature 0x004: 'AVX registers'
[    0.000000] x86/fpu: xstate_offset[2]:  576, xstate_sizes[2]:  256
[    0.000000] x86/fpu: Enabled xstate features 0x7, context size is 832 bytes, using 'standard' format.
[    0.000000] e820: BIOS-provided physical RAM map:
[    0.000000] BIOS-e820: [mem 0x0000000000000000-0x000000000009fbff] usable
[    0.000000] BIOS-e820: [mem 0x000000000009fc00-0x000000000009ffff] reserved
[    0.000000] BIOS-e820: [mem 0x00000000000dc000-0x00000000000fffff] reserved
[    0.000000] BIOS-e820: [mem 0x0000000000100000-0x00000000affebfff] usable
[    0.000000] BIOS-e820: [mem 0x00000000affec000-0x00000000affedfff] reserved
[    0.000000] BIOS-e820: [mem 0x00000000affee000-0x00000000afffafff] ACPI data
[    0.000000] BIOS-e820: [mem 0x00000000afffb000-0x00000000afffffff] ACPI NVS
[    0.000000] BIOS-e820: [mem 0x00000000fec00000-0x00000000fec00fff] reserved
[    0.000000] BIOS-e820: [mem 0x00000000fed00000-0x00000000fed00fff] reserved
[    0.000000] BIOS-e820: [mem 0x00000000fed04000-0x00000000fed04fff] reserved
[    0.000000] BIOS-e820: [mem 0x00000000fee00000-0x00000000fee00fff] reserved
[    0.000000] BIOS-e820: [mem 0x00000000ffc00000-0x00000000ffffffff] reserved
[    0.000000] BIOS-e820: [mem 0x0000000100000000-0x000000014fffffff] usable
[    0.000000] NX (Execute Disable) protection: active
[    0.000000] SMBIOS 2.7 present.
[    0.000000] DMI: Parallels Software International Inc. Parallels Virtual Platform/Parallels Virtual Platform, BIOS 16.1.0 (48950) 10/17/2020
[    0.000000] Hypervisor detected: KVM
[    0.000000] e820: update [mem 0x00000000-0x00000fff] usable ==> reserved
[    0.000000] e820: remove [mem 0x000a0000-0x000fffff] usable
[    0.000000] e820: last_pfn = 0x150000 max_arch_pfn = 0x400000000
[    0.000000] MTRR default type: write-back
[    0.000000] MTRR fixed ranges enabled:
[    0.000000]   00000-9FFFF write-back
[    0.000000]   A0000-BFFFF uncachable
[    0.000000]   C0000-C7FFF write-protect
[    0.000000]   C8000-EFFFF uncachable
[    0.000000]   F0000-FFFFF write-protect
[    0.000000] MTRR variable ranges enabled:
[    0.000000]   0 base 0B0000000 mask FF0000000 uncachable
[    0.000000]   1 base 0F0000000 mask FF0000000 uncachable
[    0.000000]   2 base 000000000 mask F00000000 write-back
[    0.000000]   3 base 100000000 mask FC0000000 write-back
[    0.000000]   4 base 140000000 mask FF0000000 write-back
[    0.000000]   5 disabled
[    0.000000]   6 disabled
[    0.000000]   7 disabled
[    0.000000] x86/PAT: Configuration [0-7]: WB  WC  UC- UC  WB  WP  UC- WT  
[    0.000000] e820: last_pfn = 0xaffec max_arch_pfn = 0x400000000
[    0.000000] found SMP MP-table at [mem 0x0009fc30-0x0009fc3f]
[    0.000000] Scanning 1 areas for low memory corruption
[    0.000000] RAMDISK: [mem 0x333ef000-0x359eefff]
[    0.000000] ACPI: Early table checksum verification disabled
[    0.000000] ACPI: RSDP 0x00000000000E0000 000024 (v02 PRLS  )
[    0.000000] ACPI: XSDT 0x00000000AFFF2D40 00004C (v01 PRLS   PRLS_OEM 00000001 INTL 20051216)
[    0.000000] ACPI: FACP 0x00000000AFFEE0C0 0000F4 (v03 PRLS   PRLS_OEM 00000001 INTL 20051216)
[    0.000000] ACPI: DSDT 0x00000000AFFEE440 004853 (v02 PRLS   PRLSACPI 00001001 INTL 20160527)
[    0.000000] ACPI: FACS 0x00000000AFFEE1C0 000040
[    0.000000] ACPI: FACS 0x00000000AFFEE1C0 000040
[    0.000000] ACPI: APIC 0x00000000AFFEE200 000216 (v01 PRLS   PRLS_OEM 00000001 INTL 20051216)
[    0.000000] ACPI: HPET 0x00000000AFFF2CC0 000038 (v00 PRLS   PRLS_OEM 00000001 INTL 20051216)
[    0.000000] ACPI: MCFG 0x00000000AFFF2D00 00003C (v01 PRLS   PRLS_OEM 00000001 INTL 20051216)
[    0.000000] ACPI: OEM1 0x00000000AFFF2DC0 000394 (v01 PRLS   PRLS_OEM 00000001 INTL 20051216)
[    0.000000] ACPI: Local APIC address 0xfee00000
[    0.000000] No NUMA configuration found
[    0.000000] Faking a node at [mem 0x0000000000000000-0x000000014fffffff]
[    0.000000] NODE_DATA(0) allocated [mem 0x14ffd2000-0x14fffcfff]
[    0.000000] kvm-clock: cpu 0, msr 1:4ff51001, primary cpu clock
[    0.000000] kvm-clock: Using msrs 4b564d01 and 4b564d00
[    0.000000] kvm-clock: using sched offset of 2672210998 cycles
[    0.000000] clocksource: kvm-clock: mask: 0xffffffffffffffff max_cycles: 0x1cd42e4dffb, max_idle_ns: 881590591483 ns
[    0.000000] Zone ranges:
[    0.000000]   DMA      [mem 0x0000000000001000-0x0000000000ffffff]
[    0.000000]   DMA32    [mem 0x0000000001000000-0x00000000ffffffff]
[    0.000000]   Normal   [mem 0x0000000100000000-0x000000014fffffff]
[    0.000000]   Device   empty
[    0.000000] Movable zone start for each node
[    0.000000] Early memory node ranges
[    0.000000]   node   0: [mem 0x0000000000001000-0x000000000009efff]
[    0.000000]   node   0: [mem 0x0000000000100000-0x00000000affebfff]
[    0.000000]   node   0: [mem 0x0000000100000000-0x000000014fffffff]
[    0.000000] Reserved but unavailable: 98 pages
[    0.000000] Initmem setup node 0 [mem 0x0000000000001000-0x000000014fffffff]
[    0.000000] On node 0 totalpages: 1048458
[    0.000000]   DMA zone: 64 pages used for memmap
[    0.000000]   DMA zone: 21 pages reserved
[    0.000000]   DMA zone: 3998 pages, LIFO batch:0
[    0.000000]   DMA32 zone: 11200 pages used for memmap
[    0.000000]   DMA32 zone: 716780 pages, LIFO batch:31
[    0.000000]   Normal zone: 5120 pages used for memmap
[    0.000000]   Normal zone: 327680 pages, LIFO batch:31
[    0.000000] ACPI: PM-Timer IO Port: 0x4008
[    0.000000] ACPI: Local APIC address 0xfee00000
[    0.000000] ACPI: LAPIC_NMI (acpi_id[0x00] high edge lint[0x1])
[    0.000000] ACPI: LAPIC_NMI (acpi_id[0x01] high edge lint[0x1])
[    0.000000] ACPI: LAPIC_NMI (acpi_id[0x02] high edge lint[0x1])
[    0.000000] ACPI: LAPIC_NMI (acpi_id[0x03] high edge lint[0x1])
[    0.000000] ACPI: LAPIC_NMI (acpi_id[0x04] high edge lint[0x1])
[    0.000000] ACPI: LAPIC_NMI (acpi_id[0x05] high edge lint[0x1])
[    0.000000] ACPI: LAPIC_NMI (acpi_id[0x06] high edge lint[0x1])
[    0.000000] ACPI: LAPIC_NMI (acpi_id[0x07] high edge lint[0x1])
[    0.000000] ACPI: LAPIC_NMI (acpi_id[0x08] high edge lint[0x1])
[    0.000000] ACPI: LAPIC_NMI (acpi_id[0x09] high edge lint[0x1])
[    0.000000] ACPI: LAPIC_NMI (acpi_id[0x0a] high edge lint[0x1])
[    0.000000] ACPI: LAPIC_NMI (acpi_id[0x0b] high edge lint[0x1])
[    0.000000] ACPI: LAPIC_NMI (acpi_id[0x0c] high edge lint[0x1])
[    0.000000] ACPI: LAPIC_NMI (acpi_id[0x0d] high edge lint[0x1])
[    0.000000] ACPI: LAPIC_NMI (acpi_id[0x0e] high edge lint[0x1])
[    0.000000] ACPI: LAPIC_NMI (acpi_id[0x0f] high edge lint[0x1])
[    0.000000] ACPI: LAPIC_NMI (acpi_id[0x10] high edge lint[0x1])
[    0.000000] ACPI: LAPIC_NMI (acpi_id[0x11] high edge lint[0x1])
[    0.000000] ACPI: LAPIC_NMI (acpi_id[0x12] high edge lint[0x1])
[    0.000000] ACPI: LAPIC_NMI (acpi_id[0x13] high edge lint[0x1])
[    0.000000] ACPI: LAPIC_NMI (acpi_id[0x14] high edge lint[0x1])
[    0.000000] ACPI: LAPIC_NMI (acpi_id[0x15] high edge lint[0x1])
[    0.000000] ACPI: LAPIC_NMI (acpi_id[0x16] high edge lint[0x1])
[    0.000000] ACPI: LAPIC_NMI (acpi_id[0x17] high edge lint[0x1])
[    0.000000] ACPI: LAPIC_NMI (acpi_id[0x18] high edge lint[0x1])
[    0.000000] ACPI: LAPIC_NMI (acpi_id[0x19] high edge lint[0x1])
[    0.000000] ACPI: LAPIC_NMI (acpi_id[0x1a] high edge lint[0x1])
[    0.000000] ACPI: LAPIC_NMI (acpi_id[0x1b] high edge lint[0x1])
[    0.000000] ACPI: LAPIC_NMI (acpi_id[0x1c] high edge lint[0x1])
[    0.000000] ACPI: LAPIC_NMI (acpi_id[0x1d] high edge lint[0x1])
[    0.000000] ACPI: LAPIC_NMI (acpi_id[0x1e] high edge lint[0x1])
[    0.000000] ACPI: LAPIC_NMI (acpi_id[0x1f] high edge lint[0x1])
[    0.000000] IOAPIC[0]: apic_id 0, version 2, address 0xfec00000, GSI 0-23
[    0.000000] ACPI: INT_SRC_OVR (bus 0 bus_irq 0 global_irq 2 dfl dfl)
[    0.000000] ACPI: INT_SRC_OVR (bus 0 bus_irq 14 global_irq 14 dfl edge)
[    0.000000] ACPI: INT_SRC_OVR (bus 0 bus_irq 15 global_irq 15 dfl edge)
[    0.000000] ACPI: IRQ0 used by override.
[    0.000000] ACPI: IRQ9 used by override.
[    0.000000] ACPI: IRQ14 used by override.
[    0.000000] ACPI: IRQ15 used by override.
[    0.000000] Using ACPI (MADT) for SMP configuration information
[    0.000000] ACPI: HPET id: 0x8086a701 base: 0xfed00000
[    0.000000] TSC deadline timer available
[    0.000000] smpboot: Allowing 32 CPUs, 28 hotplug CPUs
[    0.000000] PM: Registered nosave memory: [mem 0x00000000-0x00000fff]
[    0.000000] PM: Registered nosave memory: [mem 0x0009f000-0x0009ffff]
[    0.000000] PM: Registered nosave memory: [mem 0x000a0000-0x000dbfff]
[    0.000000] PM: Registered nosave memory: [mem 0x000dc000-0x000fffff]
[    0.000000] PM: Registered nosave memory: [mem 0xaffec000-0xaffedfff]
[    0.000000] PM: Registered nosave memory: [mem 0xaffee000-0xafffafff]
[    0.000000] PM: Registered nosave memory: [mem 0xafffb000-0xafffffff]
[    0.000000] PM: Registered nosave memory: [mem 0xb0000000-0xfebfffff]
[    0.000000] PM: Registered nosave memory: [mem 0xfec00000-0xfec00fff]
[    0.000000] PM: Registered nosave memory: [mem 0xfec01000-0xfecfffff]
[    0.000000] PM: Registered nosave memory: [mem 0xfed00000-0xfed00fff]
[    0.000000] PM: Registered nosave memory: [mem 0xfed01000-0xfed03fff]
[    0.000000] PM: Registered nosave memory: [mem 0xfed04000-0xfed04fff]
[    0.000000] PM: Registered nosave memory: [mem 0xfed05000-0xfedfffff]
[    0.000000] PM: Registered nosave memory: [mem 0xfee00000-0xfee00fff]
[    0.000000] PM: Registered nosave memory: [mem 0xfee01000-0xffbfffff]
[    0.000000] PM: Registered nosave memory: [mem 0xffc00000-0xffffffff]
[    0.000000] e820: [mem 0xb0000000-0xfebfffff] available for PCI devices
[    0.000000] Booting paravirtualized kernel on KVM
[    0.000000] clocksource: refined-jiffies: mask: 0xffffffff max_cycles: 0xffffffff, max_idle_ns: 7645519600211568 ns
[    0.000000] random: get_random_bytes called from start_kernel+0x99/0x500 with crng_init=0
[    0.000000] setup_percpu: NR_CPUS:8192 nr_cpumask_bits:32 nr_cpu_ids:32 nr_node_ids:1
[    0.000000] percpu: Embedded 45 pages/cpu s147456 r8192 d28672 u262144
[    0.000000] pcpu-alloc: s147456 r8192 d28672 u262144 alloc=1*2097152
[    0.000000] pcpu-alloc: [0] 00 01 02 03 04 05 06 07 [0] 08 09 10 11 12 13 14 15 
[    0.000000] pcpu-alloc: [0] 16 17 18 19 20 21 22 23 [0] 24 25 26 27 28 29 30 31 
[    0.000000] Built 1 zonelists, mobility grouping on.  Total pages: 1032053
[    0.000000] Policy zone: Normal
[    0.000000] Kernel command line: BOOT_IMAGE=/boot/vmlinuz-4.15.0-123-generic root=UUID=b214da3c-eaae-4adf-bfcc-c64b050618e8 ro quiet splash vt.handoff=1
[    0.000000] Calgary: detecting Calgary via BIOS EBDA area
[    0.000000] Calgary: Unable to locate Rio Grande table in EBDA - bailing!
[    0.000000] Memory: 3988528K/4193832K available (12300K kernel code, 2482K rwdata, 4272K rodata, 2436K init, 2724K bss, 205304K reserved, 0K cma-reserved)
[    0.000000] SLUB: HWalign=64, Order=0-3, MinObjects=0, CPUs=32, Nodes=1
[    0.000000] Kernel/User page tables isolation: enabled
[    0.000000] ftrace: allocating 39402 entries in 154 pages
[    0.004000] Hierarchical RCU implementation.
[    0.004000] 	RCU restricting CPUs from NR_CPUS=8192 to nr_cpu_ids=32.
[    0.004000] 	Tasks RCU enabled.
[    0.004000] RCU: Adjusting geometry for rcu_fanout_leaf=16, nr_cpu_ids=32
[    0.004000] NR_IRQS: 524544, nr_irqs: 680, preallocated irqs: 16
[    0.004000] vt handoff: transparent VT on vt#1
[    0.004000] Console: colour dummy device 80x25
[    0.004000] console [tty0] enabled
[    0.004000] ACPI: Core revision 20170831
[    0.004000] ACPI: 1 ACPI AML tables successfully acquired and loaded
[    0.004000] clocksource: hpet: mask: 0xffffffff max_cycles: 0xffffffff, max_idle_ns: 119453777892 ns
[    0.004000] hpet clockevent registered
[    0.004000] APIC: Switch to symmetric I/O mode setup
[    0.004000] x2apic enabled
[    0.004000] Switched APIC routing to physical x2apic.
[    0.004000] ..TIMER: vector=0x30 apic1=0 pin1=2 apic2=-1 pin2=-1
[    0.004007] tsc: Detected 1392.000 MHz processor
[    0.004010] Calibrating delay loop (skipped) preset value.. 2784.00 BogoMIPS (lpj=5568000)
[    0.004012] pid_max: default: 32768 minimum: 301
[    0.004060] Security Framework initialized
[    0.004063] Yama: becoming mindful.
[    0.004139] AppArmor: AppArmor initialized
[    0.006098] Dentry cache hash table entries: 524288 (order: 10, 4194304 bytes)
[    0.008913] Inode-cache hash table entries: 262144 (order: 9, 2097152 bytes)
[    0.008943] Mount-cache hash table entries: 8192 (order: 4, 65536 bytes)
[    0.009344] Mountpoint-cache hash table entries: 8192 (order: 4, 65536 bytes)
[    0.009588] Disabled fast string operations
[    0.009627] Last level iTLB entries: 4KB 64, 2MB 8, 4MB 8
[    0.009628] Last level dTLB entries: 4KB 64, 2MB 0, 4MB 0, 1GB 4
[    0.009630] Spectre V1 : Mitigation: usercopy/swapgs barriers and __user pointer sanitization
[    0.009632] Spectre V2 : Mitigation: Full generic retpoline
[    0.009633] Spectre V2 : Spectre v2 / SpectreRSB mitigation: Filling RSB on context switch
[    0.009634] Speculative Store Bypass: Vulnerable
[    0.009671] SRBDS: Unknown: Dependent on hypervisor status
[    0.009672] MDS: Vulnerable: Clear CPU buffers attempted, no microcode
[    0.009877] Freeing SMP alternatives memory: 36K
[    0.011368] smpboot: CPU0: Intel(R) Core(TM) i5-8257U CPU @ 1.40GHz (family: 0x6, model: 0x8e, stepping: 0xa)
[    0.011462] Performance Events: unsupported p6 CPU model 142 no PMU driver, software events only.
[    0.011504] Hierarchical SRCU implementation.
[    0.012000] NMI watchdog: Perf event create on CPU 0 failed with -2
[    0.012000] NMI watchdog: Perf NMI watchdog permanently disabled
[    0.012000] smp: Bringing up secondary CPUs ...
[    0.012000] x86: Booting SMP configuration:
[    0.012000] .... node  #0, CPUs:        #1
[    0.004000] kvm-clock: cpu 1, msr 1:4ff51041, secondary cpu clock
[    0.004000] Disabled fast string operations
[    0.012000]   #2
[    0.004000] kvm-clock: cpu 2, msr 1:4ff51081, secondary cpu clock
[    0.004000] Disabled fast string operations
[    0.012000]   #3
[    0.004000] kvm-clock: cpu 3, msr 1:4ff510c1, secondary cpu clock
[    0.004000] Disabled fast string operations
[    0.012000] smp: Brought up 1 node, 4 CPUs
[    0.012000] smpboot: Max logical packages: 8
[    0.012000] smpboot: Total of 4 processors activated (11136.00 BogoMIPS)
[    0.016129] devtmpfs: initialized
[    0.016129] x86/mm: Memory block size: 128MB
[    0.016432] evm: security.selinux
[    0.016434] evm: security.SMACK64
[    0.016434] evm: security.SMACK64EXEC
[    0.016435] evm: security.SMACK64TRANSMUTE
[    0.016436] evm: security.SMACK64MMAP
[    0.016437] evm: security.apparmor
[    0.016438] evm: security.ima
[    0.016438] evm: security.capability
[    0.016473] PM: Registering ACPI NVS region [mem 0xafffb000-0xafffffff] (20480 bytes)
[    0.016473] clocksource: jiffies: mask: 0xffffffff max_cycles: 0xffffffff, max_idle_ns: 7645041785100000 ns
[    0.016473] futex hash table entries: 8192 (order: 7, 524288 bytes)
[    0.016482] pinctrl core: initialized pinctrl subsystem
[    0.016696] RTC time: 11:29:35, date: 11/19/20
[    0.016989] NET: Registered protocol family 16
[    0.017056] audit: initializing netlink subsys (disabled)
[    0.017067] audit: type=2000 audit(1605785375.016:1): state=initialized audit_enabled=0 res=1
[    0.017067] cpuidle: using governor ladder
[    0.017067] cpuidle: using governor menu
[    0.017067] ACPI: bus type PCI registered
[    0.017067] acpiphp: ACPI Hot Plug PCI Controller Driver version: 0.5
[    0.017067] PCI: MMCONFIG for domain 0000 [bus 00-0f] at [mem 0xfc000000-0xfcffffff] (base 0xfc000000)
[    0.017067] PCI: not using MMCONFIG
[    0.017067] PCI: Using configuration type 1 for base access
[    0.020480] HugeTLB registered 2.00 MiB page size, pre-allocated 0 pages
[    0.020480] ACPI: Added _OSI(Module Device)
[    0.020480] ACPI: Added _OSI(Processor Device)
[    0.020480] ACPI: Added _OSI(3.0 _SCP Extensions)
[    0.020480] ACPI: Added _OSI(Processor Aggregator Device)
[    0.020480] ACPI: Added _OSI(Linux-Dell-Video)
[    0.020480] ACPI: Added _OSI(Linux-Lenovo-NV-HDMI-Audio)
[    0.020480] ACPI: Added _OSI(Linux-HPI-Hybrid-Graphics)
[    0.020480] ACPI: Executed 1 blocks of module-level executable AML code
[    0.021177] ACPI: EC: EC started
[    0.021178] ACPI: EC: interrupt blocked
[    0.021203] ACPI: \_SB_.PCI0.PX40.EC__: Used as first EC
[    0.021205] ACPI: \_SB_.PCI0.PX40.EC__: GPE=0xa, EC_CMD/EC_SC=0x66, EC_DATA=0x62
[    0.021206] ACPI: \_SB_.PCI0.PX40.EC__: Used as boot DSDT EC to handle transactions
[    0.021207] ACPI: Interpreter enabled
[    0.021224] ACPI: (supports S0 S3 S4 S5)
[    0.021226] ACPI: Using IOAPIC for interrupt routing
[    0.021253] PCI: MMCONFIG for domain 0000 [bus 00-0f] at [mem 0xfc000000-0xfcffffff] (base 0xfc000000)
[    0.021313] PCI: MMCONFIG at [mem 0xfc000000-0xfcffffff] reserved in ACPI motherboard resources
[    0.021329] pmd_set_huge: Cannot satisfy [mem 0xfc000000-0xfc200000] with a huge-page mapping due to MTRR override.
[    0.021374] PCI: Using host bridge windows from ACPI; if necessary, use "pci=nocrs" and report a bug
[    0.021680] ACPI: Enabled 3 GPEs in block 00 to 0F
[    0.030225] ACPI: PCI Root Bridge [PCI0] (domain 0000 [bus 00-7f])
[    0.030238] acpi PNP0A08:00: _OSC: OS supports [ExtendedConfig ASPM ClockPM Segments MSI]
[    0.030243] acpi PNP0A08:00: _OSC failed (AE_NOT_FOUND); disabling ASPM
[    0.030251] acpi PNP0A08:00: [Firmware Info]: MMCONFIG for domain 0000 [bus 00-0f] only partially covers this bridge
[    0.030266] acpi PNP0A08:00: ignoring host bridge window [mem 0x000d0000-0x000dffff window] (conflicts with Reserved [mem 0x000dc000-0x000fffff])
[    0.030422] PCI host bridge to bus 0000:00
[    0.030424] pci_bus 0000:00: root bus resource [io  0x0000-0x0cf7 window]
[    0.030426] pci_bus 0000:00: root bus resource [io  0x0d00-0xffff window]
[    0.030427] pci_bus 0000:00: root bus resource [mem 0x000a0000-0x000bffff window]
[    0.030428] pci_bus 0000:00: root bus resource [mem 0x000c0000-0x000cffff window]
[    0.030430] pci_bus 0000:00: root bus resource [mem 0xb0000000-0xfebfffff window]
[    0.030431] pci_bus 0000:00: root bus resource [bus 00-7f]
[    0.030445] pci 0000:00:00.0: [8086:29a0] type 00 class 0x060000
[    0.030591] pci 0000:00:01.0: [8086:2981] type 01 class 0x060401
[    0.030680] pci 0000:00:01.0: PME# supported from D0 D3hot D3cold
[    0.030753] pci 0000:00:03.0: [1ab8:4000] type 00 class 0xff0000
[    0.030773] pci 0000:00:03.0: reg 0x10: [io  0x8000-0x801f]
[    0.030883] pci 0000:00:05.0: [1af4:1000] type 00 class 0x020000
[    0.031333] pci 0000:00:05.0: reg 0x10: [io  0x8200-0x823f]
[    0.031381] pci 0000:00:05.0: reg 0x14: [mem 0xee000000-0xee000fff]
[    0.032282] pci 0000:00:0a.0: [1011:0022] type 01 class 0x060400
[    0.032462] pci 0000:00:0e.0: [1af4:1002] type 00 class 0x050000
[    0.032494] pci 0000:00:0e.0: reg 0x10: [io  0xb000-0xb01f]
[    0.032709] pci 0000:00:1d.0: [8086:2658] type 00 class 0x0c0300
[    0.032797] pci 0000:00:1d.0: reg 0x20: [io  0xb200-0xb21f]
[    0.032902] pci 0000:00:1d.6: [1033:0194] type 00 class 0x0c0330
[    0.032987] pci 0000:00:1d.6: reg 0x10: [mem 0xef100000-0xef100fff]
[    0.033499] pci 0000:00:1d.7: [8086:265c] type 00 class 0x0c0320
[    0.034705] pci 0000:00:1d.7: reg 0x10: [mem 0xef140000-0xef1403ff]
[    0.036073] pci 0000:00:1e.0: [8086:244e] type 01 class 0x060400
[    0.036186] pci 0000:00:1f.0: [8086:2810] type 00 class 0x060100
[    0.036247] pci 0000:00:1f.0: quirk: [io  0x4000-0x407f] claimed by ICH6 ACPI/GPIO/TCO
[    0.036313] pci 0000:00:1f.1: [8086:244b] type 00 class 0x010180
[    0.036360] pci 0000:00:1f.1: reg 0x20: [io  0xe000-0xe00f]
[    0.036377] pci 0000:00:1f.1: legacy IDE quirk: reg 0x10: [io  0x01f0-0x01f7]
[    0.036379] pci 0000:00:1f.1: legacy IDE quirk: reg 0x14: [io  0x03f6]
[    0.036380] pci 0000:00:1f.1: legacy IDE quirk: reg 0x18: [io  0x0170-0x0177]
[    0.036381] pci 0000:00:1f.1: legacy IDE quirk: reg 0x1c: [io  0x0376]
[    0.036469] pci 0000:00:1f.2: [8086:2821] type 00 class 0x010601
[    0.036568] pci 0000:00:1f.2: reg 0x10: [io  0xe200-0xe207]
[    0.036606] pci 0000:00:1f.2: reg 0x14: [io  0xe400-0xe403]
[    0.036659] pci 0000:00:1f.2: reg 0x18: [io  0xe600-0xe607]
[    0.036775] pci 0000:00:1f.2: reg 0x1c: [io  0xe800-0xe803]
[    0.036824] pci 0000:00:1f.2: reg 0x20: [io  0xea00-0xea0f]
[    0.036873] pci 0000:00:1f.2: reg 0x24: [mem 0xf0200000-0xf0201fff]
[    0.037087] pci 0000:00:1f.2: PME# supported from D3hot
[    0.037149] pci 0000:00:1f.3: [8086:283e] type 00 class 0x0c0500
[    0.037252] pci 0000:00:1f.3: reg 0x10: [mem 0xf0240000-0xf0240fff]
[    0.038279] pci 0000:00:1f.3: reg 0x20: [io  0xec00-0xec1f]
[    0.038450] pci 0000:00:1f.4: [8086:2445] type 00 class 0x040100
[    0.038475] pci 0000:00:1f.4: reg 0x10: [io  0xee00-0xeeff]
[    0.038492] pci 0000:00:1f.4: reg 0x14: [io  0xf000-0xf0ff]
[    0.038691] pci 0000:01:00.0: [1ab8:4005] type 00 class 0x030000
[    0.039682] pci 0000:01:00.0: reg 0x10: [io  0x6000-0x601f]
[    0.040240] pci 0000:01:00.0: reg 0x14: [mem 0xb0000000-0xb3ffffff pref]
[    0.044242] pci 0000:01:00.0: reg 0x30: [mem 0xe2000000-0xe200ffff pref]
[    0.044400] pci 0000:00:01.0: PCI bridge to [bus 01] (subtractive decode)
[    0.044408] pci 0000:00:01.0:   bridge window [io  0x6000-0x7fff]
[    0.044414] pci 0000:00:01.0:   bridge window [mem 0xe2000000-0xedffffff]
[    0.044424] pci 0000:00:01.0:   bridge window [mem 0xb0000000-0xdfffffff 64bit pref]
[    0.044426] pci 0000:00:01.0:   bridge window [io  0x0000-0x0cf7 window] (subtractive decode)
[    0.044430] pci 0000:00:01.0:   bridge window [io  0x0d00-0xffff window] (subtractive decode)
[    0.044432] pci 0000:00:01.0:   bridge window [mem 0x000a0000-0x000bffff window] (subtractive decode)
[    0.044434] pci 0000:00:01.0:   bridge window [mem 0x000c0000-0x000cffff window] (subtractive decode)
[    0.044440] pci 0000:00:01.0:   bridge window [mem 0xb0000000-0xfebfffff window] (subtractive decode)
[    0.044538] pci 0000:00:0a.0: PCI bridge to [bus 02]
[    0.044544] pci 0000:00:0a.0:   bridge window [io  0x9000-0xafff]
[    0.044550] pci 0000:00:0a.0:   bridge window [mem 0xee100000-0xef0fffff]
[    0.044556] pci 0000:00:0a.0:   bridge window [mem 0xe0000000-0xe0ffffff pref]
[    0.044790] pci 0000:00:1e.0: PCI bridge to [bus 03] (subtractive decode)
[    0.044796] pci 0000:00:1e.0:   bridge window [io  0xc000-0xdfff]
[    0.044802] pci 0000:00:1e.0:   bridge window [mem 0xef200000-0xf01fffff]
[    0.044812] pci 0000:00:1e.0:   bridge window [mem 0xe1000000-0xe1ffffff 64bit pref]
[    0.044814] pci 0000:00:1e.0:   bridge window [io  0x0000-0x0cf7 window] (subtractive decode)
[    0.044816] pci 0000:00:1e.0:   bridge window [io  0x0d00-0xffff window] (subtractive decode)
[    0.044818] pci 0000:00:1e.0:   bridge window [mem 0x000a0000-0x000bffff window] (subtractive decode)
[    0.044820] pci 0000:00:1e.0:   bridge window [mem 0x000c0000-0x000cffff window] (subtractive decode)
[    0.044824] pci 0000:00:1e.0:   bridge window [mem 0xb0000000-0xfebfffff window] (subtractive decode)
[    0.044904] ACPI Exception: AE_NOT_FOUND, Evaluating _CRS (20170831/pci_link-274)
[    0.044916] ACPI: PCI Interrupt Link [LNKA] (IRQs) *0, disabled.
[    0.048010] ACPI: EC: interrupt unblocked
[    0.048010] ACPI: EC: event unblocked
[    0.048010] ACPI: \_SB_.PCI0.PX40.EC__: GPE=0xa, EC_CMD/EC_SC=0x66, EC_DATA=0x62
[    0.048013] ACPI: \_SB_.PCI0.PX40.EC__: Used as boot DSDT EC to handle transactions and events
[    0.048229] SCSI subsystem initialized
[    0.048267] libata version 3.00 loaded.
[    0.048267] pci 0000:01:00.0: vgaarb: setting as boot VGA device
[    0.048267] pci 0000:01:00.0: vgaarb: VGA device added: decodes=io+mem,owns=io+mem,locks=none
[    0.048267] pci 0000:01:00.0: vgaarb: bridge control possible
[    0.048267] vgaarb: loaded
[    0.048267] ACPI: bus type USB registered
[    0.048267] usbcore: registered new interface driver usbfs
[    0.048267] usbcore: registered new interface driver hub
[    0.048267] usbcore: registered new device driver usb
[    0.048267] EDAC MC: Ver: 3.0.0
[    0.048267] PCI: Using ACPI for IRQ routing
[    0.048372] PCI: pci_cache_line_size set to 64 bytes
[    0.048416] e820: reserve RAM buffer [mem 0x0009fc00-0x0009ffff]
[    0.048417] e820: reserve RAM buffer [mem 0xaffec000-0xafffffff]
[    0.048561] NetLabel: Initializing
[    0.048562] NetLabel:  domain hash size = 128
[    0.048563] NetLabel:  protocols = UNLABELED CIPSOv4 CALIPSO
[    0.048575] NetLabel:  unlabeled traffic allowed by default
[    0.049564] hpet0: at MMIO 0xfed00000, IRQs 2, 8, 0, 0, 0, 0, 0, 0
[    0.049568] hpet0: 8 comparators, 64-bit 16.000000 MHz counter
[    0.053112] clocksource: Switched to clocksource kvm-clock
[    0.064421] VFS: Disk quotas dquot_6.6.0
[    0.064451] VFS: Dquot-cache hash table entries: 512 (order 0, 4096 bytes)
[    0.064631] AppArmor: AppArmor Filesystem Enabled
[    0.064656] pnp: PnP ACPI init
[    0.064912] pnp 00:00: Plug and Play ACPI device, IDs PNP0303 (active)
[    0.064935] pnp 00:01: Plug and Play ACPI device, IDs PNP0f03 (active)
[    0.064963] pnp 00:02: Plug and Play ACPI device, IDs PNP0b00 (active)
[    0.065022] system 00:03: [mem 0xff000000-0xffffffff] could not be reserved
[    0.065026] system 00:03: Plug and Play ACPI device, IDs PNP0c01 (active)
[    0.065062] system 00:04: [io  0x04d0-0x04d1] has been reserved
[    0.065063] system 00:04: [mem 0xfc000000-0xfcffffff] has been reserved
[    0.065066] system 00:04: Plug and Play ACPI device, IDs PNP0c02 (active)
[    0.092096] pnp: PnP ACPI: found 5 devices
[    0.103747] clocksource: acpi_pm: mask: 0xffffff max_cycles: 0xffffff, max_idle_ns: 2085701024 ns
[    0.103765] pci 0000:00:01.0: PCI bridge to [bus 01]
[    0.103771] pci 0000:00:01.0:   bridge window [io  0x6000-0x7fff]
[    0.103778] pci 0000:00:01.0:   bridge window [mem 0xe2000000-0xedffffff]
[    0.103782] pci 0000:00:01.0:   bridge window [mem 0xb0000000-0xdfffffff 64bit pref]
[    0.103789] pci 0000:00:0a.0: PCI bridge to [bus 02]
[    0.103792] pci 0000:00:0a.0:   bridge window [io  0x9000-0xafff]
[    0.103797] pci 0000:00:0a.0:   bridge window [mem 0xee100000-0xef0fffff]
[    0.103801] pci 0000:00:0a.0:   bridge window [mem 0xe0000000-0xe0ffffff pref]
[    0.103809] pci 0000:00:1e.0: PCI bridge to [bus 03]
[    0.103813] pci 0000:00:1e.0:   bridge window [io  0xc000-0xdfff]
[    0.103818] pci 0000:00:1e.0:   bridge window [mem 0xef200000-0xf01fffff]
[    0.103822] pci 0000:00:1e.0:   bridge window [mem 0xe1000000-0xe1ffffff 64bit pref]
[    0.103830] pci_bus 0000:00: resource 4 [io  0x0000-0x0cf7 window]
[    0.103832] pci_bus 0000:00: resource 5 [io  0x0d00-0xffff window]
[    0.103833] pci_bus 0000:00: resource 6 [mem 0x000a0000-0x000bffff window]
[    0.103835] pci_bus 0000:00: resource 7 [mem 0x000c0000-0x000cffff window]
[    0.103837] pci_bus 0000:00: resource 8 [mem 0xb0000000-0xfebfffff window]
[    0.103838] pci_bus 0000:01: resource 0 [io  0x6000-0x7fff]
[    0.103840] pci_bus 0000:01: resource 1 [mem 0xe2000000-0xedffffff]
[    0.103841] pci_bus 0000:01: resource 2 [mem 0xb0000000-0xdfffffff 64bit pref]
[    0.103843] pci_bus 0000:01: resource 4 [io  0x0000-0x0cf7 window]
[    0.103844] pci_bus 0000:01: resource 5 [io  0x0d00-0xffff window]
[    0.103846] pci_bus 0000:01: resource 6 [mem 0x000a0000-0x000bffff window]
[    0.103847] pci_bus 0000:01: resource 7 [mem 0x000c0000-0x000cffff window]
[    0.103849] pci_bus 0000:01: resource 8 [mem 0xb0000000-0xfebfffff window]
[    0.103851] pci_bus 0000:02: resource 0 [io  0x9000-0xafff]
[    0.103852] pci_bus 0000:02: resource 1 [mem 0xee100000-0xef0fffff]
[    0.103854] pci_bus 0000:02: resource 2 [mem 0xe0000000-0xe0ffffff pref]
[    0.103855] pci_bus 0000:03: resource 0 [io  0xc000-0xdfff]
[    0.103857] pci_bus 0000:03: resource 1 [mem 0xef200000-0xf01fffff]
[    0.103858] pci_bus 0000:03: resource 2 [mem 0xe1000000-0xe1ffffff 64bit pref]
[    0.103860] pci_bus 0000:03: resource 4 [io  0x0000-0x0cf7 window]
[    0.103862] pci_bus 0000:03: resource 5 [io  0x0d00-0xffff window]
[    0.103863] pci_bus 0000:03: resource 6 [mem 0x000a0000-0x000bffff window]
[    0.103865] pci_bus 0000:03: resource 7 [mem 0x000c0000-0x000cffff window]
[    0.103866] pci_bus 0000:03: resource 8 [mem 0xb0000000-0xfebfffff window]
[    0.104032] NET: Registered protocol family 2
[    0.104354] TCP established hash table entries: 32768 (order: 6, 262144 bytes)
[    0.104478] TCP bind hash table entries: 32768 (order: 7, 524288 bytes)
[    0.104678] TCP: Hash tables configured (established 32768 bind 32768)
[    0.104772] UDP hash table entries: 2048 (order: 4, 65536 bytes)
[    0.104810] UDP-Lite hash table entries: 2048 (order: 4, 65536 bytes)
[    0.105420] NET: Registered protocol family 1
[    0.107536] pci 0000:01:00.0: Video device with shadowed ROM at [mem 0x000c0000-0x000dffff]
[    0.107540] PCI: CLS 0 bytes, default 64
[    0.107588] Unpacking initramfs...
[    0.557392] Freeing initrd memory: 38912K
[    0.557427] PCI-DMA: Using software bounce buffering for IO (SWIOTLB)
[    0.557430] software IO TLB: mapped [mem 0xabfec000-0xaffec000] (64MB)
[    0.557470] clocksource: tsc: mask: 0xffffffffffffffff max_cycles: 0x14109b0720d, max_idle_ns: 440795259878 ns
[    0.557524] Scanning for low memory corruption every 60 seconds
[    0.558371] Initialise system trusted keyrings
[    0.558388] Key type blacklist registered
[    0.558470] workingset: timestamp_bits=36 max_order=20 bucket_order=0
[    0.559239] zbud: loaded
[    0.559686] squashfs: version 4.0 (2009/01/31) Phillip Lougher
[    0.559977] fuse init (API version 7.26)
[    0.564616] Key type asymmetric registered
[    0.564619] Asymmetric key parser 'x509' registered
[    0.564658] Block layer SCSI generic (bsg) driver version 0.4 loaded (major 246)
[    0.564737] io scheduler noop registered
[    0.564738] io scheduler deadline registered
[    0.564761] io scheduler cfq registered (default)
[    0.564982] vesafb: mode is 800x600x32, linelength=3200, pages=0
[    0.564983] vesafb: scrolling: redraw
[    0.564984] vesafb: Truecolor: size=8:8:8:8, shift=24:16:8:0
[    0.564993] vesafb: framebuffer at 0xb0000000, mapped to 0x        (ptrval), using 1920k, total 1920k
[    0.565102] Console: switching to colour frame buffer device 100x37
[    0.565114] fb0: VESA VGA frame buffer device
[    0.565126] intel_idle: Please enable MWAIT in BIOS SETUP
[    0.573081] ACPI: AC Adapter [ADP0] (on-line)
[    0.573150] input: Power Button as /devices/LNXSYSTM:00/LNXPWRBN:00/input/input0
[    0.573207] ACPI: Power Button [PWRF]
[    0.573250] input: Sleep Button as /devices/LNXSYSTM:00/LNXSLPBN:00/input/input1
[    0.573259] ACPI: Sleep Button [SLPF]
[    0.573870] virtio-pci 0000:00:05.0: virtio_pci: leaving for legacy driver
[    0.574129] virtio-pci 0000:00:0e.0: virtio_pci: leaving for legacy driver
[    0.574397] Serial: 8250/16550 driver, 32 ports, IRQ sharing enabled
[    0.576846] Linux agpgart interface v0.103
[    0.580465] loop: module loaded
[    0.580573] ata_piix 0000:00:1f.1: version 2.13
[    0.581054] scsi host0: ata_piix
[    0.581203] scsi host1: ata_piix
[    0.581229] ata1: PATA max UDMA/100 cmd 0x1f0 ctl 0x3f6 bmdma 0xe000 irq 14
[    0.581231] ata2: PATA max UDMA/100 cmd 0x170 ctl 0x376 bmdma 0xe008 irq 15
[    0.581311] libphy: Fixed MDIO Bus: probed
[    0.581312] tun: Universal TUN/TAP device driver, 1.6
[    0.581351] PPP generic driver version 2.4.2
[    0.581418] ehci_hcd: USB 2.0 'Enhanced' Host Controller (EHCI) Driver
[    0.581421] ehci-pci: EHCI PCI platform driver
[    0.581619] ehci-pci 0000:00:1d.7: EHCI Host Controller
[    0.581627] ehci-pci 0000:00:1d.7: new USB bus registered, assigned bus number 1
[    0.581746] ehci-pci 0000:00:1d.7: Enabling legacy PCI PM
[    0.581759] ehci-pci 0000:00:1d.7: cache line size of 64 is not supported
[    0.581780] ehci-pci 0000:00:1d.7: irq 19, io mem 0xef140000
[    0.596306] ehci-pci 0000:00:1d.7: USB 2.0 started, EHCI 1.00
[    0.597418] usb usb1: New USB device found, idVendor=1d6b, idProduct=0002
[    0.597422] usb usb1: New USB device strings: Mfr=3, Product=2, SerialNumber=1
[    0.597427] usb usb1: Product: EHCI Host Controller
[    0.597430] usb usb1: Manufacturer: Linux 4.15.0-123-generic ehci_hcd
[    0.597432] usb usb1: SerialNumber: 0000:00:1d.7
[    0.597839] hub 1-0:1.0: USB hub found
[    0.597918] hub 1-0:1.0: 15 ports detected
[    0.599179] ehci-platform: EHCI generic platform driver
[    0.599200] ohci_hcd: USB 1.1 'Open' Host Controller (OHCI) Driver
[    0.599209] ohci-pci: OHCI PCI platform driver
[    0.599231] ohci-platform: OHCI generic platform driver
[    0.599244] uhci_hcd: USB Universal Host Controller Interface driver
[    0.599553] uhci_hcd 0000:00:1d.0: UHCI Host Controller
[    0.599561] uhci_hcd 0000:00:1d.0: new USB bus registered, assigned bus number 2
[    0.599573] uhci_hcd 0000:00:1d.0: detected 2 ports
[    0.599811] uhci_hcd 0000:00:1d.0: irq 18, io base 0x0000b200
[    0.599984] usb usb2: New USB device found, idVendor=1d6b, idProduct=0001
[    0.599987] usb usb2: New USB device strings: Mfr=3, Product=2, SerialNumber=1
[    0.599989] usb usb2: Product: UHCI Host Controller
[    0.599992] usb usb2: Manufacturer: Linux 4.15.0-123-generic uhci_hcd
[    0.599994] usb usb2: SerialNumber: 0000:00:1d.0
[    0.600272] hub 2-0:1.0: USB hub found
[    0.600281] hub 2-0:1.0: 2 ports detected
[    0.600682] xhci_hcd 0000:00:1d.6: xHCI Host Controller
[    0.600689] xhci_hcd 0000:00:1d.6: new USB bus registered, assigned bus number 3
[    0.600998] xhci_hcd 0000:00:1d.6: hcc params 0x01c15001 hci version 0x100 quirks 0x0000000000000014
[    0.601008] xhci_hcd 0000:00:1d.6: cache line size of 64 is not supported
[    0.601249] usb usb3: New USB device found, idVendor=1d6b, idProduct=0002
[    0.601252] usb usb3: New USB device strings: Mfr=3, Product=2, SerialNumber=1
[    0.601254] usb usb3: Product: xHCI Host Controller
[    0.601256] usb usb3: Manufacturer: Linux 4.15.0-123-generic xhci-hcd
[    0.601258] usb usb3: SerialNumber: 0000:00:1d.6
[    0.601423] hub 3-0:1.0: USB hub found
[    0.601457] hub 3-0:1.0: 2 ports detected
[    0.601651] xhci_hcd 0000:00:1d.6: xHCI Host Controller
[    0.601655] xhci_hcd 0000:00:1d.6: new USB bus registered, assigned bus number 4
[    0.601659] xhci_hcd 0000:00:1d.6: Host supports USB 3.0  SuperSpeed
[    0.601749] usb usb4: We don't know the algorithms for LPM for this host, disabling LPM.
[    0.601781] usb usb4: New USB device found, idVendor=1d6b, idProduct=0003
[    0.601783] usb usb4: New USB device strings: Mfr=3, Product=2, SerialNumber=1
[    0.601786] usb usb4: Product: xHCI Host Controller
[    0.601787] usb usb4: Manufacturer: Linux 4.15.0-123-generic xhci-hcd
[    0.601789] usb usb4: SerialNumber: 0000:00:1d.6
[    0.601941] hub 4-0:1.0: USB hub found
[    0.601971] hub 4-0:1.0: 12 ports detected
[    0.602959] i8042: PNP: PS/2 Controller [PNP0303:KBC,PNP0f03:PS2M] at 0x60,0x64 irq 1,12
[    0.603325] serio: i8042 KBD port at 0x60,0x64 irq 1
[    0.603331] serio: i8042 AUX port at 0x60,0x64 irq 12
[    0.603573] mousedev: PS/2 mouse device common for all mice
[    0.604192] input: AT Translated Set 2 keyboard as /devices/platform/i8042/serio0/input/input2
[    0.604836] rtc_cmos 00:02: rtc core: registered rtc_cmos as rtc0
[    0.604904] rtc_cmos 00:02: alarms up to one day, y3k, 242 bytes nvram, hpet irqs
[    0.604914] i2c /dev entries driver
[    0.604997] device-mapper: uevent: version 1.0.3
[    0.605147] device-mapper: ioctl: 4.37.0-ioctl (2017-09-20) initialised: dm-devel@redhat.com
[    0.605387] ledtrig-cpu: registered to indicate activity on CPUs
[    0.606146] NET: Registered protocol family 10
[    0.611873] Segment Routing with IPv6
[    0.611906] NET: Registered protocol family 17
[    0.612062] Key type dns_resolver registered
[    0.612395] mce: Using 0 MCE banks
[    0.612412] RAS: Correctable Errors collector initialized.
[    0.612430] sched_clock: Marking stable (612364000, 0)->(728671000, -116307000)
[    0.613328] registered taskstats version 1
[    0.613344] Loading compiled-in X.509 certificates
[    0.616704] Loaded X.509 cert 'Build time autogenerated kernel key: 423d6fc95fe30468112015aeb92af84ef3acf368'
[    0.616729] zswap: loaded using pool lzo/zbud
[    0.620894] Key type big_key registered
[    0.620898] Key type trusted registered
[    0.622668] Key type encrypted registered
[    0.622674] AppArmor: AppArmor sha1 policy hashing enabled
[    0.622680] ima: No TPM chip found, activating TPM-bypass! (rc=-19)
[    0.622689] ima: Allocated hash algorithm: sha1
[    0.622706] evm: HMAC attrs: 0x1
[    0.622974]   Magic number: 12:550:479
[    0.623186] rtc_cmos 00:02: setting system clock to 2020-11-19 11:29:35 UTC (1605785375)
[    0.623344] BIOS EDD facility v0.16 2004-Jun-25, 0 devices found
[    0.623346] EDD information not available.
[    0.664417] random: fast init done
[    0.720868] ACPI: Battery Slot [BAT0] (battery present)
[    0.753693] Freeing unused kernel image memory: 2436K
[    0.768100] Write protecting the kernel read-only data: 20480k
[    0.769019] Freeing unused kernel image memory: 2008K
[    0.769628] Freeing unused kernel image memory: 1872K
[    0.775981] x86/mm: Checked W+X mappings: passed, no W+X pages found.
[    0.775984] x86/mm: Checking user space page tables
[    0.781866] x86/mm: Checked W+X mappings: passed, no W+X pages found.
[    0.793230] random: systemd-udevd: uninitialized urandom read (16 bytes read)
[    0.793314] random: systemd-udevd: uninitialized urandom read (16 bytes read)
[    0.793319] random: systemd-udevd: uninitialized urandom read (16 bytes read)
[    0.878835] prl_tg: loading out-of-tree module taints kernel.
[    0.878856] prl_tg: module license 'Parallels' taints kernel.
[    0.878860] Disabling lock debugging due to kernel taint
[    0.878928] prl_tg: module verification failed: signature and/or required key missing - tainting kernel
[    0.879254] Parallels ToolGate driver 1.7.1 loaded
[    0.879940] detected Parallels ToolGate, base addr 00008000, IRQ 25
[    0.891487] ahci 0000:00:1f.2: version 3.0
[    0.891798] ahci 0000:00:1f.2: SSS flag set, parallel bus scan disabled
[    0.891869] ahci 0000:00:1f.2: AHCI 0001.0100 32 slots 6 ports 3 Gbps 0x3f impl SATA mode
[    0.891871] ahci 0000:00:1f.2: flags: 64bit ncq stag pm led only slum part 
[    0.895008] scsi host2: ahci
[    0.895080] scsi host3: ahci
[    0.897898] scsi host4: ahci
[    0.898531] scsi host5: ahci
[    0.898589] scsi host6: ahci
[    0.898637] scsi host7: ahci
[    0.898659] ata3: SATA max UDMA/133 abar m8192@0xf0200000 port 0xf0200100 irq 29
[    0.898660] ata4: SATA max UDMA/133 abar m8192@0xf0200000 port 0xf0200180 irq 29
[    0.898661] ata5: SATA max UDMA/133 abar m8192@0xf0200000 port 0xf0200200 irq 29
[    0.898661] ata6: SATA max UDMA/133 abar m8192@0xf0200000 port 0xf0200280 irq 29
[    0.898662] ata7: SATA max UDMA/133 abar m8192@0xf0200000 port 0xf0200300 irq 29
[    0.898662] ata8: SATA max UDMA/133 abar m8192@0xf0200000 port 0xf0200380 irq 29
[    0.919092] virtio_net virtio0 enp0s5: renamed from eth0
[    0.920873] Parallels Video (VTG+DRM/KMS) driver 1.7.0 loaded
[    0.920890] Usedrm flag is set and aperture only capability is present -> will start DRM/KMS interface and use aperture memory!
[    0.921143] Parallels Video DRM ToolGate: memory physaddr b0000000, size 64Mb, capabilities 30001
[    0.921196] detected Parallels Video DRM ToolGate, base addr 00006000, IRQ 30
[    0.921237] checking generic (b0000000 1e0000) vs hw (b0000000 4000000)
[    0.921237] fb: switching to prldrmfb from VESA VGA
[    0.921250] Console: switching to colour dummy device 80x25
[    0.922812] fbcon: prldrmfb (fb0) is primary device
[    0.922843] Console: switching to colour frame buffer device 100x37
[    0.922854] prl_vid 0000:01:00.0: fb0: prldrmfb frame buffer device
[    0.936182] usb 2-1: new full-speed USB device number 2 using uhci_hcd
[    0.936222] [drm] Initialized prl_vid 1.7.0 20201118 for 0000:01:00.0 on minor 0
[    1.094981] usb 2-1: New USB device found, idVendor=203a, idProduct=fffc
[    1.094983] usb 2-1: New USB device strings: Mfr=1, Product=2, SerialNumber=3
[    1.094985] usb 2-1: Product: Virtual Mouse
[    1.094986] usb 2-1: Manufacturer: Parallels
[    1.094987] usb 2-1: SerialNumber: PW3.0
[    1.110669] hidraw: raw HID events driver (C) Jiri Kosina
[    1.122656] usbcore: registered new interface driver usbhid
[    1.122658] usbhid: USB HID core driver
[    1.125028] input: Parallels Virtual Mouse as /devices/pci0000:00/0000:00:1d.0/usb2/2-1/2-1:1.0/0003:203A:FFFC.0001/input/input5
[    1.125187] hid-generic 0003:203A:FFFC.0001: input,hidraw0: USB HID v1.10 Mouse [Parallels Virtual Mouse] on usb-0000:00:1d.0-1/input0
[    1.125342] input: Parallels Virtual Mouse as /devices/pci0000:00/0000:00:1d.0/usb2/2-1/2-1:1.1/0003:203A:FFFC.0002/input/input6
[    1.125472] hid-generic 0003:203A:FFFC.0002: input,hidraw1: USB HID v1.10 Mouse [Parallels Virtual Mouse] on usb-0000:00:1d.0-1/input1
[    1.211383] ata3: SATA link up 1.5 Gbps (SStatus 113 SControl 300)
[    1.211545] ata3.00: ATA-8: Ubuntu Linux 18.04 Desktop-0, F.BJP2J4, max UDMA/100
[    1.211548] ata3.00: 268435456 sectors, multi 0: LBA48 NCQ (depth 31/32)
[    1.211695] ata3.00: configured for UDMA/100
[    1.212149] scsi 2:0:0:0: Direct-Access     ATA      Ubuntu Linux 18. P2J4 PQ: 0 ANSI: 5
[    1.212758] sd 2:0:0:0: Attached scsi generic sg0 type 0
[    1.213204] sd 2:0:0:0: [sda] 268435456 512-byte logical blocks: (137 GB/128 GiB)
[    1.213206] sd 2:0:0:0: [sda] 4096-byte physical blocks
[    1.213255] sd 2:0:0:0: [sda] Write Protect is off
[    1.213257] sd 2:0:0:0: [sda] Mode Sense: 00 3a 00 00
[    1.213342] sd 2:0:0:0: [sda] Write cache: enabled, read cache: enabled, doesn't support DPO or FUA
[    1.214693]  sda: sda1 sda2 < sda5 >
[    1.215520] sd 2:0:0:0: [sda] Attached SCSI disk
[    1.525627] ata4: SATA link up 1.5 Gbps (SStatus 113 SControl 300)
[    1.525813] ata4.00: ATAPI: Virtual DVD-ROM [1], FWR1, max UDMA/25
[    1.525929] ata4.00: configured for UDMA/25
[    1.526340] scsi 3:0:0:0: CD-ROM                     Virtual DVD-ROM  R103 PQ: 0 ANSI: 5
[    1.552858] sr 3:0:0:0: [sr0] scsi3-mmc drive: 44x/44x cd/rw xa/form2 cdda tray
[    1.552867] cdrom: Uniform CD-ROM driver Revision: 3.20
[    1.553302] sr 3:0:0:0: Attached scsi CD-ROM sr0
[    1.553528] sr 3:0:0:0: Attached scsi generic sg1 type 5
[    1.866080] ata5: SATA link down (SStatus 0 SControl 300)
[    1.953183] input: ImExPS/2 Generic Explorer Mouse as /devices/platform/i8042/serio1/input/input4
[    2.179873] ata6: SATA link down (SStatus 0 SControl 300)
[    2.493631] ata7: SATA link down (SStatus 0 SControl 300)
[    2.804149] ata8: SATA link down (SStatus 0 SControl 300)
[    2.863740] EXT4-fs (sda1): mounted filesystem with ordered data mode. Opts: (null)
[    2.963727] ip_tables: (C) 2000-2006 Netfilter Core Team
[    2.970452] systemd[1]: systemd 237 running in system mode. (+PAM +AUDIT +SELINUX +IMA +APPARMOR +SMACK +SYSVINIT +UTMP +LIBCRYPTSETUP +GCRYPT +GNUTLS +ACL +XZ +LZ4 +SECCOMP +BLKID +ELFUTILS +KMOD -IDN2 +IDN -PCRE2 default-hierarchy=hybrid)
[    2.970473] systemd[1]: Detected virtualization kvm.
[    2.970479] systemd[1]: Detected architecture x86-64.
[    2.976120] systemd[1]: Set hostname to <parallels-Parallels-Virtual-Platform>.
[    3.075894] systemd[1]: Unnecessary job for sys-devices-virtual-misc-vmbus\x21hv_fcopy.device was removed.
[    3.075900] systemd[1]: Unnecessary job for sys-devices-virtual-misc-vmbus\x21hv_vss.device was removed.
[    3.076151] systemd[1]: Reached target Remote File Systems.
[    3.076388] systemd[1]: Set up automount Arbitrary Executable File Formats File System Automount Point.
[    3.076524] systemd[1]: Created slice User and Session Slice.
[    3.076564] systemd[1]: Started Forward Password Requests to Wall Directory Watch.
[    3.095497] EXT4-fs (sda1): re-mounted. Opts: errors=remount-ro
[    3.103745] lp: driver loaded but no devices found
[    3.116862] ppdev: user-space parallel port driver
[    3.137200] systemd-journald[289]: Received request to flush runtime journal from PID 1
[    3.158518] Adding 2097148k swap on /swapfile.  Priority:-2 extents:7 across:2263036k SSFS
[    3.313465] lpc_ich 0000:00:1f.0: RCBA is disabled by hardware/BIOS, device disabled
[    3.313472] ACPI Warning: SystemIO range 0x0000000000004028-0x000000000000402F conflicts with OpRegion 0x0000000000004000-0x000000000000404E (\PMIO) (20170831/utaddress-247)
[    3.313477] ACPI Warning: SystemIO range 0x0000000000004028-0x000000000000402F conflicts with OpRegion 0x0000000000004000-0x000000000000404E (\PMIO) (20170831/utaddress-247)
[    3.313481] ACPI: If an ACPI driver is available for this device, you should use it instead of the native driver
[    3.313529] lpc_ich: Resource conflict(s) found affecting gpio_ich
[    3.314266] shpchp: Standard Hot Plug PCI Controller Driver version: 0.4
[    3.394573] RAPL PMU: API unit is 2^-32 Joules, 5 fixed counters, 10737418240 ms ovfl timer
[    3.394574] RAPL PMU: hw unit of domain pp0-core 2^-0 Joules
[    3.394574] RAPL PMU: hw unit of domain package 2^-0 Joules
[    3.394575] RAPL PMU: hw unit of domain dram 2^-0 Joules
[    3.394575] RAPL PMU: hw unit of domain pp1-gpu 2^-0 Joules
[    3.394575] RAPL PMU: hw unit of domain psys 2^-0 Joules
[    3.448607] gpio_ich: GPIO from 462 to 511 on gpio_ich
[    3.450453] AVX2 version of gcm_enc/dec engaged.
[    3.450454] AES CTR mode by8 optimization enabled
[    3.546706] snd_intel8x0 0000:00:1f.4: enable Parallels VM optimization
[    3.723608] audit: type=1400 audit(1605785378.596:2): apparmor="STATUS" operation="profile_load" profile="unconfined" name="libreoffice-oopslash" pid=654 comm="apparmor_parser"
[    3.725262] audit: type=1400 audit(1605785378.600:3): apparmor="STATUS" operation="profile_load" profile="unconfined" name="/usr/bin/man" pid=655 comm="apparmor_parser"
[    3.725627] audit: type=1400 audit(1605785378.600:4): apparmor="STATUS" operation="profile_load" profile="unconfined" name="man_filter" pid=655 comm="apparmor_parser"
[    3.725986] audit: type=1400 audit(1605785378.600:5): apparmor="STATUS" operation="profile_load" profile="unconfined" name="man_groff" pid=655 comm="apparmor_parser"
[    3.757450] audit: type=1400 audit(1605785378.632:6): apparmor="STATUS" operation="profile_load" profile="unconfined" name="libreoffice-senddoc" pid=663 comm="apparmor_parser"
[    3.779065] audit: type=1400 audit(1605785378.652:7): apparmor="STATUS" operation="profile_load" profile="unconfined" name="libreoffice-xpdfimport" pid=666 comm="apparmor_parser"
[    3.837901] audit: type=1400 audit(1605785378.712:8): apparmor="STATUS" operation="profile_load" profile="unconfined" name="/sbin/dhclient" pid=653 comm="apparmor_parser"
[    3.838329] audit: type=1400 audit(1605785378.712:9): apparmor="STATUS" operation="profile_load" profile="unconfined" name="/usr/lib/NetworkManager/nm-dhcp-client.action" pid=653 comm="apparmor_parser"
[    3.838653] audit: type=1400 audit(1605785378.712:10): apparmor="STATUS" operation="profile_load" profile="unconfined" name="/usr/lib/NetworkManager/nm-dhcp-helper" pid=653 comm="apparmor_parser"
[    3.938691] snd_intel8x0 0000:00:1f.4: intel8x0_measure_ac97_clock: measured 59082 usecs (2909 samples)
[    3.938693] snd_intel8x0 0000:00:1f.4: clocking to 46795
[    5.413165] kauditd_printk_skb: 11 callbacks suppressed
[    5.413166] audit: type=1400 audit(1605785380.288:22): apparmor="STATUS" operation="profile_load" profile="unconfined" name="/usr/bin/evince" pid=656 comm="apparmor_parser"
[    5.413645] audit: type=1400 audit(1605785380.288:23): apparmor="STATUS" operation="profile_load" profile="unconfined" name="/usr/bin/evince//sanitized_helper" pid=656 comm="apparmor_parser"
[    5.414476] audit: type=1400 audit(1605785380.288:24): apparmor="STATUS" operation="profile_load" profile="unconfined" name="/usr/bin/evince-previewer" pid=656 comm="apparmor_parser"
[    5.414851] audit: type=1400 audit(1605785380.288:25): apparmor="STATUS" operation="profile_load" profile="unconfined" name="/usr/bin/evince-previewer//sanitized_helper" pid=656 comm="apparmor_parser"
[    5.415425] audit: type=1400 audit(1605785380.288:26): apparmor="STATUS" operation="profile_load" profile="unconfined" name="/usr/bin/evince-thumbnailer" pid=656 comm="apparmor_parser"
[    5.425082] audit: type=1400 audit(1605785380.300:27): apparmor="STATUS" operation="profile_load" profile="unconfined" name="snap.gnome-calculator.gnome-calculator" pid=697 comm="apparmor_parser"
[    5.425177] audit: type=1400 audit(1605785380.300:28): apparmor="STATUS" operation="profile_load" profile="unconfined" name="snap.core.hook.configure" pid=696 comm="apparmor_parser"
[    5.426109] audit: type=1400 audit(1605785380.300:29): apparmor="STATUS" operation="profile_load" profile="unconfined" name="snap.gnome-characters.gnome-characters" pid=698 comm="apparmor_parser"
[    5.429941] audit: type=1400 audit(1605785380.304:30): apparmor="STATUS" operation="profile_load" profile="unconfined" name="snap.gnome-logs.gnome-logs" pid=703 comm="apparmor_parser"
[    5.430229] audit: type=1400 audit(1605785380.304:31): apparmor="STATUS" operation="profile_load" profile="unconfined" name="snap.gnome-system-monitor.gnome-system-monitor" pid=704 comm="apparmor_parser"
[    6.629003] Parallels Linux shared folders filesystem driver 2.0.1 loaded
[    6.874576] IPv6: ADDRCONF(NETDEV_UP): enp0s5: link is not ready
[   87.209441] random: crng init done
[   87.209447] random: 7 urandom warning(s) missed due to ratelimiting
