[    0.000000] Linux version 4.17.12+ (root@parallels-Parallels-Virtual-Platform) (gcc version 7.5.0 (Ubuntu 7.5.0-3ubuntu1~18.04)) #8 SMP Thu Nov 19 18:28:25 CST 2020
[    0.000000] Command line: BOOT_IMAGE=/boot/vmlinuz-4.17.12+ root=UUID=b214da3c-eaae-4adf-bfcc-c64b050618e8 ro quiet splash vt.handoff=1
[    0.000000] KERNEL supported cpus:
[    0.000000]   Intel GenuineIntel
[    0.000000]   AMD AuthenticAMD
[    0.000000]   Centaur CentaurHauls
[    0.000000] Disabled fast string operations
[    0.000000] x86/fpu: Supporting XSAVE feature 0x001: 'x87 floating point registers'
[    0.000000] x86/fpu: Supporting XSAVE feature 0x002: 'SSE registers'
[    0.000000] x86/fpu: Supporting XSAVE feature 0x004: 'AVX registers'
[    0.000000] x86/fpu: xstate_offset[2]:  576, xstate_sizes[2]:  256
[    0.000000] x86/fpu: Enabled xstate features 0x7, context size is 832 bytes, using 'standard' format.
[    0.000000] e820: BIOS-provided physical RAM map:
[    0.000000] BIOS-e820: [mem 0x0000000000000000-0x000000000009fbff] usable
[    0.000000] BIOS-e820: [mem 0x000000000009fc00-0x000000000009ffff] reserved
[    0.000000] BIOS-e820: [mem 0x00000000000dc000-0x00000000000fffff] reserved
[    0.000000] BIOS-e820: [mem 0x0000000000100000-0x00000000affebfff] usable
[    0.000000] BIOS-e820: [mem 0x00000000affec000-0x00000000affedfff] reserved
[    0.000000] BIOS-e820: [mem 0x00000000affee000-0x00000000afffafff] ACPI data
[    0.000000] BIOS-e820: [mem 0x00000000afffb000-0x00000000afffffff] ACPI NVS
[    0.000000] BIOS-e820: [mem 0x00000000fec00000-0x00000000fec00fff] reserved
[    0.000000] BIOS-e820: [mem 0x00000000fed00000-0x00000000fed00fff] reserved
[    0.000000] BIOS-e820: [mem 0x00000000fed04000-0x00000000fed04fff] reserved
[    0.000000] BIOS-e820: [mem 0x00000000fee00000-0x00000000fee00fff] reserved
[    0.000000] BIOS-e820: [mem 0x00000000ffc00000-0x00000000ffffffff] reserved
[    0.000000] BIOS-e820: [mem 0x0000000100000000-0x000000014fffffff] usable
[    0.000000] NX (Execute Disable) protection: active
[    0.000000] SMBIOS 2.7 present.
[    0.000000] DMI: Parallels Software International Inc. Parallels Virtual Platform/Parallels Virtual Platform, BIOS 16.1.0 (48950) 10/17/2020
[    0.000000] Hypervisor detected: KVM
[    0.000000] e820: update [mem 0x00000000-0x00000fff] usable ==> reserved
[    0.000000] e820: remove [mem 0x000a0000-0x000fffff] usable
[    0.000000] e820: last_pfn = 0x150000 max_arch_pfn = 0x400000000
[    0.000000] MTRR default type: write-back
[    0.000000] MTRR fixed ranges enabled:
[    0.000000]   00000-9FFFF write-back
[    0.000000]   A0000-BFFFF uncachable
[    0.000000]   C0000-C7FFF write-protect
[    0.000000]   C8000-EFFFF uncachable
[    0.000000]   F0000-FFFFF write-protect
[    0.000000] MTRR variable ranges enabled:
[    0.000000]   0 base 0B0000000 mask FF0000000 uncachable
[    0.000000]   1 base 0F0000000 mask FF0000000 uncachable
[    0.000000]   2 base 000000000 mask F00000000 write-back
[    0.000000]   3 base 100000000 mask FC0000000 write-back
[    0.000000]   4 base 140000000 mask FF0000000 write-back
[    0.000000]   5 disabled
[    0.000000]   6 disabled
[    0.000000]   7 disabled
[    0.000000] x86/PAT: Configuration [0-7]: WB  WC  UC- UC  WB  WP  UC- WT  
[    0.000000] e820: last_pfn = 0xaffec max_arch_pfn = 0x400000000
[    0.000000] found SMP MP-table at [mem 0x0009fc30-0x0009fc3f] mapped at [        (ptrval)]
[    0.000000] Scanning 1 areas for low memory corruption
[    0.000000] Base memory trampoline at [        (ptrval)] 99000 size 24576
[    0.000000] BRK [0x0614a000, 0x0614afff] PGTABLE
[    0.000000] BRK [0x0614b000, 0x0614bfff] PGTABLE
[    0.000000] BRK [0x0614c000, 0x0614cfff] PGTABLE
[    0.000000] BRK [0x0614d000, 0x0614dfff] PGTABLE
[    0.000000] BRK [0x0614e000, 0x0614efff] PGTABLE
[    0.000000] BRK [0x0614f000, 0x0614ffff] PGTABLE
[    0.000000] RAMDISK: [mem 0x0b2ed000-0x2196dfff]
[    0.000000] ACPI: Early table checksum verification disabled
[    0.000000] ACPI: RSDP 0x00000000000E0000 000024 (v02 PRLS  )
[    0.000000] ACPI: XSDT 0x00000000AFFF2D40 00004C (v01 PRLS   PRLS_OEM 00000001 INTL 20051216)
[    0.000000] ACPI: FACP 0x00000000AFFEE0C0 0000F4 (v03 PRLS   PRLS_OEM 00000001 INTL 20051216)
[    0.000000] ACPI: DSDT 0x00000000AFFEE440 004853 (v02 PRLS   PRLSACPI 00001001 INTL 20160527)
[    0.000000] ACPI: FACS 0x00000000AFFEE1C0 000040
[    0.000000] ACPI: FACS 0x00000000AFFEE1C0 000040
[    0.000000] ACPI: APIC 0x00000000AFFEE200 000216 (v01 PRLS   PRLS_OEM 00000001 INTL 20051216)
[    0.000000] ACPI: HPET 0x00000000AFFF2CC0 000038 (v00 PRLS   PRLS_OEM 00000001 INTL 20051216)
[    0.000000] ACPI: MCFG 0x00000000AFFF2D00 00003C (v01 PRLS   PRLS_OEM 00000001 INTL 20051216)
[    0.000000] ACPI: OEM1 0x00000000AFFF2DC0 000394 (v01 PRLS   PRLS_OEM 00000001 INTL 20051216)
[    0.000000] ACPI: Local APIC address 0xfee00000
[    0.000000] No NUMA configuration found
[    0.000000] Faking a node at [mem 0x0000000000000000-0x000000014fffffff]
[    0.000000] NODE_DATA(0) allocated [mem 0x14ffd2000-0x14fffcfff]
[    0.000000] kvm-clock: cpu 0, msr 1:4ff51001, primary cpu clock
[    0.000000] kvm-clock: Using msrs 4b564d01 and 4b564d00
[    0.000000] kvm-clock: using sched offset of 5583062998 cycles
[    0.000000] clocksource: kvm-clock: mask: 0xffffffffffffffff max_cycles: 0x1cd42e4dffb, max_idle_ns: 881590591483 ns
[    0.000000] Zone ranges:
[    0.000000]   DMA      [mem 0x0000000000001000-0x0000000000ffffff]
[    0.000000]   DMA32    [mem 0x0000000001000000-0x00000000ffffffff]
[    0.000000]   Normal   [mem 0x0000000100000000-0x000000014fffffff]
[    0.000000]   Device   empty
[    0.000000] Movable zone start for each node
[    0.000000] Early memory node ranges
[    0.000000]   node   0: [mem 0x0000000000001000-0x000000000009efff]
[    0.000000]   node   0: [mem 0x0000000000100000-0x00000000affebfff]
[    0.000000]   node   0: [mem 0x0000000100000000-0x000000014fffffff]
[    0.000000] Reserved but unavailable: 118 pages
[    0.000000] Initmem setup node 0 [mem 0x0000000000001000-0x000000014fffffff]
[    0.000000] On node 0 totalpages: 1048458
[    0.000000]   DMA zone: 64 pages used for memmap
[    0.000000]   DMA zone: 21 pages reserved
[    0.000000]   DMA zone: 3998 pages, LIFO batch:0
[    0.000000]   DMA32 zone: 11200 pages used for memmap
[    0.000000]   DMA32 zone: 716780 pages, LIFO batch:31
[    0.000000]   Normal zone: 5120 pages used for memmap
[    0.000000]   Normal zone: 327680 pages, LIFO batch:31
[    0.000000] ACPI: PM-Timer IO Port: 0x4008
[    0.000000] ACPI: Local APIC address 0xfee00000
[    0.000000] ACPI: LAPIC_NMI (acpi_id[0x00] high edge lint[0x1])
[    0.000000] ACPI: LAPIC_NMI (acpi_id[0x01] high edge lint[0x1])
[    0.000000] ACPI: LAPIC_NMI (acpi_id[0x02] high edge lint[0x1])
[    0.000000] ACPI: LAPIC_NMI (acpi_id[0x03] high edge lint[0x1])
[    0.000000] ACPI: LAPIC_NMI (acpi_id[0x04] high edge lint[0x1])
[    0.000000] ACPI: LAPIC_NMI (acpi_id[0x05] high edge lint[0x1])
[    0.000000] ACPI: LAPIC_NMI (acpi_id[0x06] high edge lint[0x1])
[    0.000000] ACPI: LAPIC_NMI (acpi_id[0x07] high edge lint[0x1])
[    0.000000] ACPI: LAPIC_NMI (acpi_id[0x08] high edge lint[0x1])
[    0.000000] ACPI: LAPIC_NMI (acpi_id[0x09] high edge lint[0x1])
[    0.000000] ACPI: LAPIC_NMI (acpi_id[0x0a] high edge lint[0x1])
[    0.000000] ACPI: LAPIC_NMI (acpi_id[0x0b] high edge lint[0x1])
[    0.000000] ACPI: LAPIC_NMI (acpi_id[0x0c] high edge lint[0x1])
[    0.000000] ACPI: LAPIC_NMI (acpi_id[0x0d] high edge lint[0x1])
[    0.000000] ACPI: LAPIC_NMI (acpi_id[0x0e] high edge lint[0x1])
[    0.000000] ACPI: LAPIC_NMI (acpi_id[0x0f] high edge lint[0x1])
[    0.000000] ACPI: LAPIC_NMI (acpi_id[0x10] high edge lint[0x1])
[    0.000000] ACPI: LAPIC_NMI (acpi_id[0x11] high edge lint[0x1])
[    0.000000] ACPI: LAPIC_NMI (acpi_id[0x12] high edge lint[0x1])
[    0.000000] ACPI: LAPIC_NMI (acpi_id[0x13] high edge lint[0x1])
[    0.000000] ACPI: LAPIC_NMI (acpi_id[0x14] high edge lint[0x1])
[    0.000000] ACPI: LAPIC_NMI (acpi_id[0x15] high edge lint[0x1])
[    0.000000] ACPI: LAPIC_NMI (acpi_id[0x16] high edge lint[0x1])
[    0.000000] ACPI: LAPIC_NMI (acpi_id[0x17] high edge lint[0x1])
[    0.000000] ACPI: LAPIC_NMI (acpi_id[0x18] high edge lint[0x1])
[    0.000000] ACPI: LAPIC_NMI (acpi_id[0x19] high edge lint[0x1])
[    0.000000] ACPI: LAPIC_NMI (acpi_id[0x1a] high edge lint[0x1])
[    0.000000] ACPI: LAPIC_NMI (acpi_id[0x1b] high edge lint[0x1])
[    0.000000] ACPI: LAPIC_NMI (acpi_id[0x1c] high edge lint[0x1])
[    0.000000] ACPI: LAPIC_NMI (acpi_id[0x1d] high edge lint[0x1])
[    0.000000] ACPI: LAPIC_NMI (acpi_id[0x1e] high edge lint[0x1])
[    0.000000] ACPI: LAPIC_NMI (acpi_id[0x1f] high edge lint[0x1])
[    0.000000] IOAPIC[0]: apic_id 0, version 2, address 0xfec00000, GSI 0-23
[    0.000000] ACPI: INT_SRC_OVR (bus 0 bus_irq 0 global_irq 2 dfl dfl)
[    0.000000] ACPI: INT_SRC_OVR (bus 0 bus_irq 14 global_irq 14 dfl edge)
[    0.000000] ACPI: INT_SRC_OVR (bus 0 bus_irq 15 global_irq 15 dfl edge)
[    0.000000] ACPI: IRQ0 used by override.
[    0.000000] ACPI: IRQ9 used by override.
[    0.000000] ACPI: IRQ14 used by override.
[    0.000000] ACPI: IRQ15 used by override.
[    0.000000] Using ACPI (MADT) for SMP configuration information
[    0.000000] ACPI: HPET id: 0x8086a701 base: 0xfed00000
[    0.000000] smpboot: Allowing 32 CPUs, 28 hotplug CPUs
[    0.000000] PM: Registered nosave memory: [mem 0x00000000-0x00000fff]
[    0.000000] PM: Registered nosave memory: [mem 0x0009f000-0x0009ffff]
[    0.000000] PM: Registered nosave memory: [mem 0x000a0000-0x000dbfff]
[    0.000000] PM: Registered nosave memory: [mem 0x000dc000-0x000fffff]
[    0.000000] PM: Registered nosave memory: [mem 0xaffec000-0xaffedfff]
[    0.000000] PM: Registered nosave memory: [mem 0xaffee000-0xafffafff]
[    0.000000] PM: Registered nosave memory: [mem 0xafffb000-0xafffffff]
[    0.000000] PM: Registered nosave memory: [mem 0xb0000000-0xfebfffff]
[    0.000000] PM: Registered nosave memory: [mem 0xfec00000-0xfec00fff]
[    0.000000] PM: Registered nosave memory: [mem 0xfec01000-0xfecfffff]
[    0.000000] PM: Registered nosave memory: [mem 0xfed00000-0xfed00fff]
[    0.000000] PM: Registered nosave memory: [mem 0xfed01000-0xfed03fff]
[    0.000000] PM: Registered nosave memory: [mem 0xfed04000-0xfed04fff]
[    0.000000] PM: Registered nosave memory: [mem 0xfed05000-0xfedfffff]
[    0.000000] PM: Registered nosave memory: [mem 0xfee00000-0xfee00fff]
[    0.000000] PM: Registered nosave memory: [mem 0xfee01000-0xffbfffff]
[    0.000000] PM: Registered nosave memory: [mem 0xffc00000-0xffffffff]
[    0.000000] e820: [mem 0xb0000000-0xfebfffff] available for PCI devices
[    0.000000] Booting paravirtualized kernel on KVM
[    0.000000] clocksource: refined-jiffies: mask: 0xffffffff max_cycles: 0xffffffff, max_idle_ns: 7645519600211568 ns
[    0.000000] random: get_random_bytes called from start_kernel+0x99/0x55a with crng_init=0
[    0.000000] setup_percpu: NR_CPUS:8192 nr_cpumask_bits:32 nr_cpu_ids:32 nr_node_ids:1
[    0.000000] percpu: Embedded 46 pages/cpu @        (ptrval) s151552 r8192 d28672 u262144
[    0.000000] pcpu-alloc: s151552 r8192 d28672 u262144 alloc=1*2097152
[    0.000000] pcpu-alloc: [0] 00 01 02 03 04 05 06 07 [0] 08 09 10 11 12 13 14 15 
[    0.000000] pcpu-alloc: [0] 16 17 18 19 20 21 22 23 [0] 24 25 26 27 28 29 30 31 
[    0.000000] Built 1 zonelists, mobility grouping on.  Total pages: 1032053
[    0.000000] Policy zone: Normal
[    0.000000] Kernel command line: BOOT_IMAGE=/boot/vmlinuz-4.17.12+ root=UUID=b214da3c-eaae-4adf-bfcc-c64b050618e8 ro quiet splash vt.handoff=1
[    0.000000] Calgary: detecting Calgary via BIOS EBDA area
[    0.000000] Calgary: Unable to locate Rio Grande table in EBDA - bailing!
[    0.000000] Memory: 3660504K/4193832K available (12300K kernel code, 2516K rwdata, 4216K rodata, 2436K init, 2384K bss, 533328K reserved, 0K cma-reserved)
[    0.000000] SLUB: HWalign=64, Order=0-3, MinObjects=0, CPUs=32, Nodes=1
[    0.000000] Kernel/User page tables isolation: enabled
[    0.000000] ftrace: allocating 40301 entries in 158 pages
[    0.004000] Hierarchical RCU implementation.
[    0.004000] 	RCU restricting CPUs from NR_CPUS=8192 to nr_cpu_ids=32.
[    0.004000] 	Tasks RCU enabled.
[    0.004000] RCU: Adjusting geometry for rcu_fanout_leaf=16, nr_cpu_ids=32
[    0.004000] NR_IRQS: 524544, nr_irqs: 680, preallocated irqs: 16
[    0.004000] Console: colour dummy device 80x25
[    0.004000] console [tty0] enabled
[    0.004000] ACPI: Core revision 20180313
[    0.004000] clocksource: hpet: mask: 0xffffffff max_cycles: 0xffffffff, max_idle_ns: 119453777892 ns
[    0.004000] hpet clockevent registered
[    0.004000] APIC: Switch to symmetric I/O mode setup
[    0.004000] x2apic enabled
[    0.004000] Switched APIC routing to physical x2apic.
[    0.004000] ..TIMER: vector=0x30 apic1=0 pin1=2 apic2=-1 pin2=-1
[    0.004008] tsc: Detected 1392.000 MHz processor
[    0.004010] clocksource: tsc-early: mask: 0xffffffffffffffff max_cycles: 0x14109b0720d, max_idle_ns: 440795259878 ns
[    0.004012] Calibrating delay loop (skipped) preset value.. 2784.00 BogoMIPS (lpj=5568000)
[    0.004014] pid_max: default: 32768 minimum: 301
[    0.004087] Security Framework initialized
[    0.004088] Yama: becoming mindful.
[    0.004176] AppArmor: AppArmor initialized
[    0.005871] Dentry cache hash table entries: 524288 (order: 10, 4194304 bytes)
[    0.006674] Inode-cache hash table entries: 262144 (order: 9, 2097152 bytes)
[    0.006705] Mount-cache hash table entries: 8192 (order: 4, 65536 bytes)
[    0.006725] Mountpoint-cache hash table entries: 8192 (order: 4, 65536 bytes)
[    0.008207] Disabled fast string operations
[    0.008211] CPU: Physical Processor ID: 0
[    0.008212] CPU: Processor Core ID: 0
[    0.008236] mce: CPU supports 0 MCE banks
[    0.008248] Last level iTLB entries: 4KB 64, 2MB 8, 4MB 8
[    0.008249] Last level dTLB entries: 4KB 64, 2MB 0, 4MB 0, 1GB 4
[    0.008251] Spectre V2 : Mitigation: Full generic retpoline
[    0.008252] Spectre V2 : Spectre v2 mitigation: Filling RSB on context switch
[    0.008253] Speculative Store Bypass: Vulnerable
[    0.008335] Freeing SMP alternatives memory: 36K
[    0.009016] TSC deadline timer enabled
[    0.009023] smpboot: CPU0: Intel(R) Core(TM) i5-8257U CPU @ 1.40GHz (family: 0x6, model: 0x8e, stepping: 0xa)
[    0.009135] Performance Events: unsupported p6 CPU model 142 no PMU driver, software events only.
[    0.009176] Hierarchical SRCU implementation.
[    0.009874] NMI watchdog: Perf event create on CPU 0 failed with -2
[    0.009874] NMI watchdog: Perf NMI watchdog permanently disabled
[    0.010300] smp: Bringing up secondary CPUs ...
[    0.010455] hhhhhh
[    0.010463] x86: Booting SMP configuration:
[    0.010464] .... node  #0, CPUs:        #1
[    0.004000] kvm-clock: cpu 1, msr 1:4ff51041, secondary cpu clock
[    0.004000] Disabled fast string operations
[    0.004000] mce: CPU supports 0 MCE banks
[    0.010863] hhhhhh
[    0.010863]   #2
[    0.004000] kvm-clock: cpu 2, msr 1:4ff51081, secondary cpu clock
[    0.004000] Disabled fast string operations
[    0.004000] mce: CPU supports 0 MCE banks
[    0.010863] hhhhhh
[    0.010863]   #3
[    0.004000] kvm-clock: cpu 3, msr 1:4ff510c1, secondary cpu clock
[    0.004000] Disabled fast string operations
[    0.004000] mce: CPU supports 0 MCE banks
[    0.012155] smp: Brought up 1 node, 4 CPUs
[    0.012155] smpboot: Max logical packages: 8
[    0.012155] smpboot: Total of 4 processors activated (11136.00 BogoMIPS)
[    0.020100] devtmpfs: initialized
[    0.020180] x86/mm: Memory block size: 128MB
[    0.020567] evm: security.selinux
[    0.020568] evm: security.SMACK64
[    0.020569] evm: security.SMACK64EXEC
[    0.020570] evm: security.SMACK64TRANSMUTE
[    0.020571] evm: security.SMACK64MMAP
[    0.020571] evm: security.apparmor
[    0.020572] evm: security.ima
[    0.020573] evm: security.capability
[    0.020619] PM: Registering ACPI NVS region [mem 0xafffb000-0xafffffff] (20480 bytes)
[    0.020619] clocksource: jiffies: mask: 0xffffffff max_cycles: 0xffffffff, max_idle_ns: 7645041785100000 ns
[    0.020619] futex hash table entries: 8192 (order: 7, 524288 bytes)
[    0.020619] pinctrl core: initialized pinctrl subsystem
[    0.020720] RTC time: 12:17:56, date: 11/19/20
[    0.021087] NET: Registered protocol family 16
[    0.021164] audit: initializing netlink subsys (disabled)
[    0.021176] audit: type=2000 audit(1605788276.020:1): state=initialized audit_enabled=0 res=1
[    0.021176] cpuidle: using governor ladder
[    0.021176] cpuidle: using governor menu
[    0.021176] ACPI: bus type PCI registered
[    0.021176] acpiphp: ACPI Hot Plug PCI Controller Driver version: 0.5
[    0.021176] PCI: MMCONFIG for domain 0000 [bus 00-0f] at [mem 0xfc000000-0xfcffffff] (base 0xfc000000)
[    0.021176] PCI: not using MMCONFIG
[    0.021176] PCI: Using configuration type 1 for base access
[    0.024189] HugeTLB registered 2.00 MiB page size, pre-allocated 0 pages
[    0.024522] ACPI: Added _OSI(Module Device)
[    0.024523] ACPI: Added _OSI(Processor Device)
[    0.024524] ACPI: Added _OSI(3.0 _SCP Extensions)
[    0.024525] ACPI: Added _OSI(Processor Aggregator Device)
[    0.024526] ACPI: Added _OSI(Linux-Dell-Video)
[    0.028380] ACPI: 1 ACPI AML tables successfully acquired and loaded
[    0.029439] ACPI: EC: EC started
[    0.029439] ACPI: EC: interrupt blocked
[    0.029439] ACPI: \_SB_.PCI0.PX40.EC__: Used as first EC
[    0.029439] ACPI: \_SB_.PCI0.PX40.EC__: GPE=0xa, EC_CMD/EC_SC=0x66, EC_DATA=0x62
[    0.029439] ACPI: \_SB_.PCI0.PX40.EC__: Used as boot DSDT EC to handle transactions
[    0.029439] ACPI: Interpreter enabled
[    0.029439] ACPI: (supports S0 S3 S4 S5)
[    0.029439] ACPI: Using IOAPIC for interrupt routing
[    0.029439] PCI: MMCONFIG for domain 0000 [bus 00-0f] at [mem 0xfc000000-0xfcffffff] (base 0xfc000000)
[    0.029439] PCI: MMCONFIG at [mem 0xfc000000-0xfcffffff] reserved in ACPI motherboard resources
[    0.029439] pmd_set_huge: Cannot satisfy [mem 0xfc000000-0xfc200000] with a huge-page mapping due to MTRR override.
[    0.029439] PCI: Using host bridge windows from ACPI; if necessary, use "pci=nocrs" and report a bug
[    0.029579] ACPI: Enabled 3 GPEs in block 00 to 0F
[    0.032000] ACPI: PCI Root Bridge [PCI0] (domain 0000 [bus 00-7f])
[    0.032000] acpi PNP0A08:00: _OSC: OS supports [ExtendedConfig ASPM ClockPM Segments MSI]
[    0.032000] acpi PNP0A08:00: _OSC failed (AE_NOT_FOUND); disabling ASPM
[    0.032000] acpi PNP0A08:00: [Firmware Info]: MMCONFIG for domain 0000 [bus 00-0f] only partially covers this bridge
[    0.032000] acpi PNP0A08:00: ignoring host bridge window [mem 0x000d0000-0x000dffff window] (conflicts with Reserved [mem 0x000dc000-0x000fffff])
[    0.032000] PCI host bridge to bus 0000:00
[    0.032000] pci_bus 0000:00: root bus resource [io  0x0000-0x0cf7 window]
[    0.032000] pci_bus 0000:00: root bus resource [io  0x0d00-0xffff window]
[    0.032000] pci_bus 0000:00: root bus resource [mem 0x000a0000-0x000bffff window]
[    0.032000] pci_bus 0000:00: root bus resource [mem 0x000c0000-0x000cffff window]
[    0.032000] pci_bus 0000:00: root bus resource [mem 0xb0000000-0xfebfffff window]
[    0.032000] pci_bus 0000:00: root bus resource [bus 00-7f]
[    0.032000] pci 0000:00:00.0: [8086:29a0] type 00 class 0x060000
[    0.032000] pci 0000:00:01.0: [8086:2981] type 01 class 0x060401
[    0.032000] pci 0000:00:01.0: PME# supported from D0 D3hot D3cold
[    0.032000] pci 0000:00:03.0: [1ab8:4000] type 00 class 0xff0000
[    0.032000] pci 0000:00:03.0: reg 0x10: [io  0x8000-0x801f]
[    0.032000] pci 0000:00:05.0: [1af4:1000] type 00 class 0x020000
[    0.032000] pci 0000:00:05.0: reg 0x10: [io  0x8200-0x823f]
[    0.032000] pci 0000:00:05.0: reg 0x14: [mem 0xee000000-0xee000fff]
[    0.036715] pci 0000:00:0a.0: [1011:0022] type 01 class 0x060400
[    0.036802] pci 0000:00:0e.0: [1af4:1002] type 00 class 0x050000
[    0.036818] pci 0000:00:0e.0: reg 0x10: [io  0xb000-0xb01f]
[    0.036923] pci 0000:00:1d.0: [8086:2658] type 00 class 0x0c0300
[    0.036967] pci 0000:00:1d.0: reg 0x20: [io  0xb200-0xb21f]
[    0.037044] pci 0000:00:1d.6: [1033:0194] type 00 class 0x0c0330
[    0.037191] pci 0000:00:1d.6: reg 0x10: [mem 0xef100000-0xef100fff]
[    0.038826] pci 0000:00:1d.7: [8086:265c] type 00 class 0x0c0320
[    0.038970] pci 0000:00:1d.7: reg 0x10: [mem 0xef140000-0xef1403ff]
[    0.040506] pci 0000:00:1e.0: [8086:244e] type 01 class 0x060400
[    0.040621] pci 0000:00:1f.0: [8086:2810] type 00 class 0x060100
[    0.040682] pci 0000:00:1f.0: quirk: [io  0x4000-0x407f] claimed by ICH6 ACPI/GPIO/TCO
[    0.040750] pci 0000:00:1f.1: [8086:244b] type 00 class 0x010180
[    0.040798] pci 0000:00:1f.1: reg 0x20: [io  0xe000-0xe00f]
[    0.040815] pci 0000:00:1f.1: legacy IDE quirk: reg 0x10: [io  0x01f0-0x01f7]
[    0.040816] pci 0000:00:1f.1: legacy IDE quirk: reg 0x14: [io  0x03f6]
[    0.040817] pci 0000:00:1f.1: legacy IDE quirk: reg 0x18: [io  0x0170-0x0177]
[    0.040818] pci 0000:00:1f.1: legacy IDE quirk: reg 0x1c: [io  0x0376]
[    0.040911] pci 0000:00:1f.2: [8086:2821] type 00 class 0x010601
[    0.040986] pci 0000:00:1f.2: reg 0x10: [io  0xe200-0xe207]
[    0.041034] pci 0000:00:1f.2: reg 0x14: [io  0xe400-0xe403]
[    0.041080] pci 0000:00:1f.2: reg 0x18: [io  0xe600-0xe607]
[    0.041127] pci 0000:00:1f.2: reg 0x1c: [io  0xe800-0xe803]
[    0.041174] pci 0000:00:1f.2: reg 0x20: [io  0xea00-0xea0f]
[    0.041218] pci 0000:00:1f.2: reg 0x24: [mem 0xf0200000-0xf0201fff]
[    0.041302] pci 0000:00:1f.2: PME# supported from D3hot
[    0.041375] pci 0000:00:1f.3: [8086:283e] type 00 class 0x0c0500
[    0.041422] pci 0000:00:1f.3: reg 0x10: [mem 0xf0240000-0xf0240fff]
[    0.041574] pci 0000:00:1f.3: reg 0x20: [io  0xec00-0xec1f]
[    0.041711] pci 0000:00:1f.4: [8086:2445] type 00 class 0x040100
[    0.041736] pci 0000:00:1f.4: reg 0x10: [io  0xee00-0xeeff]
[    0.041752] pci 0000:00:1f.4: reg 0x14: [io  0xf000-0xf0ff]
[    0.041953] pci 0000:01:00.0: [1ab8:4005] type 00 class 0x030000
[    0.042858] pci 0000:01:00.0: reg 0x10: [io  0x6000-0x601f]
[    0.043706] pci 0000:01:00.0: reg 0x14: [mem 0xb0000000-0xb3ffffff pref]
[    0.047933] pci 0000:01:00.0: reg 0x30: [mem 0xe2000000-0xe200ffff pref]
[    0.048000] pci 0000:00:01.0: PCI bridge to [bus 01] (subtractive decode)
[    0.048000] pci 0000:00:01.0:   bridge window [io  0x6000-0x7fff]
[    0.048000] pci 0000:00:01.0:   bridge window [mem 0xe2000000-0xedffffff]
[    0.048009] pci 0000:00:01.0:   bridge window [mem 0xb0000000-0xdfffffff 64bit pref]
[    0.048011] pci 0000:00:01.0:   bridge window [io  0x0000-0x0cf7 window] (subtractive decode)
[    0.048012] pci 0000:00:01.0:   bridge window [io  0x0d00-0xffff window] (subtractive decode)
[    0.048013] pci 0000:00:01.0:   bridge window [mem 0x000a0000-0x000bffff window] (subtractive decode)
[    0.048014] pci 0000:00:01.0:   bridge window [mem 0x000c0000-0x000cffff window] (subtractive decode)
[    0.048019] pci 0000:00:01.0:   bridge window [mem 0xb0000000-0xfebfffff window] (subtractive decode)
[    0.048065] pci 0000:00:0a.0: PCI bridge to [bus 02]
[    0.048068] pci 0000:00:0a.0:   bridge window [io  0x9000-0xafff]
[    0.048071] pci 0000:00:0a.0:   bridge window [mem 0xee100000-0xef0fffff]
[    0.048074] pci 0000:00:0a.0:   bridge window [mem 0xe0000000-0xe0ffffff pref]
[    0.048200] pci 0000:00:1e.0: PCI bridge to [bus 03] (subtractive decode)
[    0.048203] pci 0000:00:1e.0:   bridge window [io  0xc000-0xdfff]
[    0.048206] pci 0000:00:1e.0:   bridge window [mem 0xef200000-0xf01fffff]
[    0.048211] pci 0000:00:1e.0:   bridge window [mem 0xe1000000-0xe1ffffff 64bit pref]
[    0.048212] pci 0000:00:1e.0:   bridge window [io  0x0000-0x0cf7 window] (subtractive decode)
[    0.048213] pci 0000:00:1e.0:   bridge window [io  0x0d00-0xffff window] (subtractive decode)
[    0.048215] pci 0000:00:1e.0:   bridge window [mem 0x000a0000-0x000bffff window] (subtractive decode)
[    0.048216] pci 0000:00:1e.0:   bridge window [mem 0x000c0000-0x000cffff window] (subtractive decode)
[    0.048218] pci 0000:00:1e.0:   bridge window [mem 0xb0000000-0xfebfffff window] (subtractive decode)
[    0.048255] ACPI Error: AE_NOT_FOUND, Evaluating _CRS (20180313/pci_link-274)
[    0.048268] ACPI: PCI Interrupt Link [LNKA] (IRQs) *0, disabled.
[    0.050128] ACPI: EC: interrupt unblocked
[    0.050134] ACPI: EC: event unblocked
[    0.050138] ACPI: \_SB_.PCI0.PX40.EC__: GPE=0xa, EC_CMD/EC_SC=0x66, EC_DATA=0x62
[    0.050140] ACPI: \_SB_.PCI0.PX40.EC__: Used as boot DSDT EC to handle transactions and events
[    0.052026] pci 0000:01:00.0: vgaarb: setting as boot VGA device
[    0.052028] pci 0000:01:00.0: vgaarb: VGA device added: decodes=io+mem,owns=io+mem,locks=none
[    0.052030] pci 0000:01:00.0: vgaarb: bridge control possible
[    0.052031] vgaarb: loaded
[    0.052294] SCSI subsystem initialized
[    0.052322] libata version 3.00 loaded.
[    0.052322] ACPI: bus type USB registered
[    0.052322] usbcore: registered new interface driver usbfs
[    0.052322] usbcore: registered new interface driver hub
[    0.052330] usbcore: registered new device driver usb
[    0.052330] pps_core: LinuxPPS API ver. 1 registered
[    0.052330] pps_core: Software ver. 5.3.6 - Copyright 2005-2007 Rodolfo Giometti <giometti@linux.it>
[    0.052330] PTP clock support registered
[    0.052330] EDAC MC: Ver: 3.0.0
[    0.052330] PCI: Using ACPI for IRQ routing
[    0.052366] PCI: pci_cache_line_size set to 64 bytes
[    0.052406] e820: reserve RAM buffer [mem 0x0009fc00-0x0009ffff]
[    0.052408] e820: reserve RAM buffer [mem 0xaffec000-0xafffffff]
[    0.052567] NetLabel: Initializing
[    0.052569] NetLabel:  domain hash size = 128
[    0.052570] NetLabel:  protocols = UNLABELED CIPSOv4 CALIPSO
[    0.052615] NetLabel:  unlabeled traffic allowed by default
[    0.053252] hpet0: at MMIO 0xfed00000, IRQs 2, 8, 0, 0, 0, 0, 0, 0
[    0.053257] hpet0: 8 comparators, 64-bit 16.000000 MHz counter
[    0.056105] clocksource: Switched to clocksource kvm-clock
[    0.069767] VFS: Disk quotas dquot_6.6.0
[    0.069785] VFS: Dquot-cache hash table entries: 512 (order 0, 4096 bytes)
[    0.069910] AppArmor: AppArmor Filesystem Enabled
[    0.069935] pnp: PnP ACPI init
[    0.070245] pnp 00:00: Plug and Play ACPI device, IDs PNP0303 (active)
[    0.070271] pnp 00:01: Plug and Play ACPI device, IDs PNP0f03 (active)
[    0.070305] pnp 00:02: Plug and Play ACPI device, IDs PNP0b00 (active)
[    0.070371] system 00:03: [mem 0xff000000-0xffffffff] could not be reserved
[    0.070375] system 00:03: Plug and Play ACPI device, IDs PNP0c01 (active)
[    0.070414] system 00:04: [io  0x04d0-0x04d1] has been reserved
[    0.070416] system 00:04: [mem 0xfc000000-0xfcffffff] has been reserved
[    0.070419] system 00:04: Plug and Play ACPI device, IDs PNP0c02 (active)
[    0.097754] pnp: PnP ACPI: found 5 devices
[    0.110318] clocksource: acpi_pm: mask: 0xffffff max_cycles: 0xffffff, max_idle_ns: 2085701024 ns
[    0.110358] pci 0000:00:01.0: PCI bridge to [bus 01]
[    0.110363] pci 0000:00:01.0:   bridge window [io  0x6000-0x7fff]
[    0.110369] pci 0000:00:01.0:   bridge window [mem 0xe2000000-0xedffffff]
[    0.110373] pci 0000:00:01.0:   bridge window [mem 0xb0000000-0xdfffffff 64bit pref]
[    0.110380] pci 0000:00:0a.0: PCI bridge to [bus 02]
[    0.110383] pci 0000:00:0a.0:   bridge window [io  0x9000-0xafff]
[    0.110390] pci 0000:00:0a.0:   bridge window [mem 0xee100000-0xef0fffff]
[    0.110394] pci 0000:00:0a.0:   bridge window [mem 0xe0000000-0xe0ffffff pref]
[    0.110401] pci 0000:00:1e.0: PCI bridge to [bus 03]
[    0.110403] pci 0000:00:1e.0:   bridge window [io  0xc000-0xdfff]
[    0.110408] pci 0000:00:1e.0:   bridge window [mem 0xef200000-0xf01fffff]
[    0.110412] pci 0000:00:1e.0:   bridge window [mem 0xe1000000-0xe1ffffff 64bit pref]
[    0.110421] pci_bus 0000:00: resource 4 [io  0x0000-0x0cf7 window]
[    0.110422] pci_bus 0000:00: resource 5 [io  0x0d00-0xffff window]
[    0.110424] pci_bus 0000:00: resource 6 [mem 0x000a0000-0x000bffff window]
[    0.110426] pci_bus 0000:00: resource 7 [mem 0x000c0000-0x000cffff window]
[    0.110427] pci_bus 0000:00: resource 8 [mem 0xb0000000-0xfebfffff window]
[    0.110429] pci_bus 0000:01: resource 0 [io  0x6000-0x7fff]
[    0.110430] pci_bus 0000:01: resource 1 [mem 0xe2000000-0xedffffff]
[    0.110432] pci_bus 0000:01: resource 2 [mem 0xb0000000-0xdfffffff 64bit pref]
[    0.110434] pci_bus 0000:01: resource 4 [io  0x0000-0x0cf7 window]
[    0.110435] pci_bus 0000:01: resource 5 [io  0x0d00-0xffff window]
[    0.110437] pci_bus 0000:01: resource 6 [mem 0x000a0000-0x000bffff window]
[    0.110438] pci_bus 0000:01: resource 7 [mem 0x000c0000-0x000cffff window]
[    0.110440] pci_bus 0000:01: resource 8 [mem 0xb0000000-0xfebfffff window]
[    0.110442] pci_bus 0000:02: resource 0 [io  0x9000-0xafff]
[    0.110443] pci_bus 0000:02: resource 1 [mem 0xee100000-0xef0fffff]
[    0.110445] pci_bus 0000:02: resource 2 [mem 0xe0000000-0xe0ffffff pref]
[    0.110446] pci_bus 0000:03: resource 0 [io  0xc000-0xdfff]
[    0.110448] pci_bus 0000:03: resource 1 [mem 0xef200000-0xf01fffff]
[    0.110449] pci_bus 0000:03: resource 2 [mem 0xe1000000-0xe1ffffff 64bit pref]
[    0.110451] pci_bus 0000:03: resource 4 [io  0x0000-0x0cf7 window]
[    0.110452] pci_bus 0000:03: resource 5 [io  0x0d00-0xffff window]
[    0.110454] pci_bus 0000:03: resource 6 [mem 0x000a0000-0x000bffff window]
[    0.110455] pci_bus 0000:03: resource 7 [mem 0x000c0000-0x000cffff window]
[    0.110457] pci_bus 0000:03: resource 8 [mem 0xb0000000-0xfebfffff window]
[    0.110587] NET: Registered protocol family 2
[    0.110966] tcp_listen_portaddr_hash hash table entries: 2048 (order: 3, 32768 bytes)
[    0.110990] TCP established hash table entries: 32768 (order: 6, 262144 bytes)
[    0.111119] TCP bind hash table entries: 32768 (order: 7, 524288 bytes)
[    0.111295] TCP: Hash tables configured (established 32768 bind 32768)
[    0.111877] UDP hash table entries: 2048 (order: 4, 65536 bytes)
[    0.111906] UDP-Lite hash table entries: 2048 (order: 4, 65536 bytes)
[    0.112054] NET: Registered protocol family 1
[    0.114135] pci 0000:01:00.0: Video device with shadowed ROM at [mem 0x000c0000-0x000dffff]
[    0.114151] PCI: CLS 0 bytes, default 64
[    0.114251] Unpacking initramfs...
[    4.401507] Freeing initrd memory: 367108K
[    4.401578] PCI-DMA: Using software bounce buffering for IO (SWIOTLB)
[    4.401581] software IO TLB [mem 0xabfec000-0xaffec000] (64MB) mapped at [        (ptrval)-        (ptrval)]
[    4.401730] Scanning for low memory corruption every 60 seconds
[    4.402804] Initialise system trusted keyrings
[    4.402827] Key type blacklist registered
[    4.402987] workingset: timestamp_bits=36 max_order=20 bucket_order=0
[    4.404077] zbud: loaded
[    4.404789] squashfs: version 4.0 (2009/01/31) Phillip Lougher
[    4.405972] fuse init (API version 7.26)
[    4.406107] pstore: using deflate compression
[    4.411162] Key type asymmetric registered
[    4.411164] Asymmetric key parser 'x509' registered
[    4.411203] Block layer SCSI generic (bsg) driver version 0.4 loaded (major 244)
[    4.411298] io scheduler noop registered
[    4.411301] io scheduler deadline registered
[    4.411352] io scheduler cfq registered (default)
[    4.411599] vesafb: mode is 800x600x32, linelength=3200, pages=0
[    4.411600] vesafb: scrolling: redraw
[    4.411601] vesafb: Truecolor: size=8:8:8:8, shift=24:16:8:0
[    4.411612] vesafb: framebuffer at 0xb0000000, mapped to 0x        (ptrval), using 1920k, total 1920k
[    4.413057] Console: switching to colour frame buffer device 100x37
[    4.414008] fb0: VESA VGA frame buffer device
[    4.414023] intel_idle: Please enable MWAIT in BIOS SETUP
[    4.422024] ACPI: AC Adapter [ADP0] (on-line)
[    4.422135] input: Power Button as /devices/LNXSYSTM:00/LNXPWRBN:00/input/input0
[    4.422212] ACPI: Power Button [PWRF]
[    4.422269] input: Sleep Button as /devices/LNXSYSTM:00/LNXSLPBN:00/input/input1
[    4.422278] ACPI: Sleep Button [SLPF]
[    4.423453] virtio-pci 0000:00:05.0: virtio_pci: leaving for legacy driver
[    4.424202] virtio-pci 0000:00:0e.0: virtio_pci: leaving for legacy driver
[    4.424536] Serial: 8250/16550 driver, 32 ports, IRQ sharing enabled
[    4.427942] Linux agpgart interface v0.103
[    4.433283] loop: module loaded
[    4.433791] ata_piix 0000:00:1f.1: version 2.13
[    4.434319] scsi host0: ata_piix
[    4.434550] scsi host1: ata_piix
[    4.434583] ata1: PATA max UDMA/100 cmd 0x1f0 ctl 0x3f6 bmdma 0xe000 irq 14
[    4.434585] ata2: PATA max UDMA/100 cmd 0x170 ctl 0x376 bmdma 0xe008 irq 15
[    4.434682] libphy: Fixed MDIO Bus: probed
[    4.434686] tun: Universal TUN/TAP device driver, 1.6
[    4.434753] PPP generic driver version 2.4.2
[    4.434807] ehci_hcd: USB 2.0 'Enhanced' Host Controller (EHCI) Driver
[    4.434809] ehci-pci: EHCI PCI platform driver
[    4.435029] ehci-pci 0000:00:1d.7: EHCI Host Controller
[    4.435038] ehci-pci 0000:00:1d.7: new USB bus registered, assigned bus number 1
[    4.435233] ehci-pci 0000:00:1d.7: Enabling legacy PCI PM
[    4.435242] ehci-pci 0000:00:1d.7: cache line size of 64 is not supported
[    4.435265] ehci-pci 0000:00:1d.7: irq 19, io mem 0xef140000
[    4.448166] ehci-pci 0000:00:1d.7: USB 2.0 started, EHCI 1.00
[    4.448728] usb usb1: New USB device found, idVendor=1d6b, idProduct=0002, bcdDevice= 4.17
[    4.448732] usb usb1: New USB device strings: Mfr=3, Product=2, SerialNumber=1
[    4.448736] usb usb1: Product: EHCI Host Controller
[    4.448740] usb usb1: Manufacturer: Linux 4.17.12+ ehci_hcd
[    4.448744] usb usb1: SerialNumber: 0000:00:1d.7
[    4.449165] hub 1-0:1.0: USB hub found
[    4.449188] hub 1-0:1.0: 15 ports detected
[    4.449770] ehci-platform: EHCI generic platform driver
[    4.449788] ohci_hcd: USB 1.1 'Open' Host Controller (OHCI) Driver
[    4.449796] ohci-pci: OHCI PCI platform driver
[    4.449805] ohci-platform: OHCI generic platform driver
[    4.449811] uhci_hcd: USB Universal Host Controller Interface driver
[    4.450002] uhci_hcd 0000:00:1d.0: UHCI Host Controller
[    4.450007] uhci_hcd 0000:00:1d.0: new USB bus registered, assigned bus number 2
[    4.450017] uhci_hcd 0000:00:1d.0: detected 2 ports
[    4.450183] uhci_hcd 0000:00:1d.0: irq 18, io base 0x0000b200
[    4.450414] usb usb2: New USB device found, idVendor=1d6b, idProduct=0001, bcdDevice= 4.17
[    4.450417] usb usb2: New USB device strings: Mfr=3, Product=2, SerialNumber=1
[    4.450418] usb usb2: Product: UHCI Host Controller
[    4.450420] usb usb2: Manufacturer: Linux 4.17.12+ uhci_hcd
[    4.450421] usb usb2: SerialNumber: 0000:00:1d.0
[    4.450568] hub 2-0:1.0: USB hub found
[    4.450591] hub 2-0:1.0: 2 ports detected
[    4.450931] xhci_hcd 0000:00:1d.6: xHCI Host Controller
[    4.450934] xhci_hcd 0000:00:1d.6: new USB bus registered, assigned bus number 3
[    4.451686] xhci_hcd 0000:00:1d.6: hcc params 0x01c15001 hci version 0x100 quirks 0x00000014
[    4.451692] xhci_hcd 0000:00:1d.6: cache line size of 64 is not supported
[    4.451999] usb usb3: New USB device found, idVendor=1d6b, idProduct=0002, bcdDevice= 4.17
[    4.452000] usb usb3: New USB device strings: Mfr=3, Product=2, SerialNumber=1
[    4.452031] usb usb3: Product: xHCI Host Controller
[    4.452032] usb usb3: Manufacturer: Linux 4.17.12+ xhci-hcd
[    4.452034] usb usb3: SerialNumber: 0000:00:1d.6
[    4.452217] hub 3-0:1.0: USB hub found
[    4.452259] hub 3-0:1.0: 2 ports detected
[    4.452510] xhci_hcd 0000:00:1d.6: xHCI Host Controller
[    4.452513] xhci_hcd 0000:00:1d.6: new USB bus registered, assigned bus number 4
[    4.452516] xhci_hcd 0000:00:1d.6: Host supports USB 3.0  SuperSpeed
[    4.452803] usb usb4: We don't know the algorithms for LPM for this host, disabling LPM.
[    4.452951] usb usb4: New USB device found, idVendor=1d6b, idProduct=0003, bcdDevice= 4.17
[    4.452953] usb usb4: New USB device strings: Mfr=3, Product=2, SerialNumber=1
[    4.452955] usb usb4: Product: xHCI Host Controller
[    4.452956] usb usb4: Manufacturer: Linux 4.17.12+ xhci-hcd
[    4.452957] usb usb4: SerialNumber: 0000:00:1d.6
[    4.453190] hub 4-0:1.0: USB hub found
[    4.453233] hub 4-0:1.0: 12 ports detected
[    4.453971] i8042: PNP: PS/2 Controller [PNP0303:KBC,PNP0f03:PS2M] at 0x60,0x64 irq 1,12
[    4.454257] serio: i8042 KBD port at 0x60,0x64 irq 1
[    4.454262] serio: i8042 AUX port at 0x60,0x64 irq 12
[    4.454411] mousedev: PS/2 mouse device common for all mice
[    4.454634] input: AT Translated Set 2 keyboard as /devices/platform/i8042/serio0/input/input2
[    4.454968] rtc_cmos 00:02: registered as rtc0
[    4.454982] rtc_cmos 00:02: alarms up to one day, y3k, 242 bytes nvram, hpet irqs
[    4.454987] i2c /dev entries driver
[    4.455048] device-mapper: uevent: version 1.0.3
[    4.455133] device-mapper: ioctl: 4.39.0-ioctl (2018-04-03) initialised: dm-devel@redhat.com
[    4.455266] ledtrig-cpu: registered to indicate activity on CPUs
[    4.455792] NET: Registered protocol family 10
[    4.460231] Segment Routing with IPv6
[    4.460251] NET: Registered protocol family 17
[    4.460376] Key type dns_resolver registered
[    4.460920] RAS: Correctable Errors collector initialized.
[    4.460966] sched_clock: Marking stable (4460843000, 0)->(4562165000, -101322000)
[    4.461780] registered taskstats version 1
[    4.461794] Loading compiled-in X.509 certificates
[    4.464237] Loaded X.509 cert 'Build time autogenerated kernel key: 81a1cd4665f7072cd47bc6025be662f24b20be42'
[    4.464270] zswap: loaded using pool lzo/zbud
[    4.467956] Key type big_key registered
[    4.467960] Key type trusted registered
[    4.469873] Key type encrypted registered
[    4.469878] AppArmor: AppArmor sha1 policy hashing enabled
[    4.469884] ima: No TPM chip found, activating TPM-bypass! (rc=-19)
[    4.469898] ima: Allocated hash algorithm: sha1
[    4.469921] evm: HMAC attrs: 0x1
[    4.470326]   Magic number: 12:450:279
[    4.470337] usb usb1-port7: hash matches
[    4.470349] event_source tracepoint: hash matches
[    4.470361] tty tty16: hash matches
[    4.470540] rtc_cmos 00:02: setting system clock to 2020-11-19 12:18:00 UTC (1605788280)
[    4.521079] random: fast init done
[    4.589316] ACPI: Battery Slot [BAT0] (battery present)
[    4.595743] Freeing unused kernel memory: 2436K
[    4.608177] Write protecting the kernel read-only data: 20480k
[    4.609893] Freeing unused kernel memory: 2008K
[    4.614228] Freeing unused kernel memory: 1928K
[    4.622315] x86/mm: Checked W+X mappings: passed, no W+X pages found.
[    4.622317] x86/mm: Checking user space page tables
[    4.629072] x86/mm: Checked W+X mappings: passed, no W+X pages found.
[    4.742266] ahci 0000:00:1f.2: version 3.0
[    4.742956] ahci 0000:00:1f.2: SSS flag set, parallel bus scan disabled
[    4.743033] ahci 0000:00:1f.2: AHCI 0001.0100 32 slots 6 ports 3 Gbps 0x3f impl SATA mode
[    4.743035] ahci 0000:00:1f.2: flags: 64bit ncq stag pm led only slum part 
[    4.743975] scsi host2: ahci
[    4.744274] scsi host3: ahci
[    4.744341] scsi host4: ahci
[    4.744459] scsi host5: ahci
[    4.744557] scsi host6: ahci
[    4.744614] scsi host7: ahci
[    4.744640] ata3: SATA max UDMA/133 abar m8192@0xf0200000 port 0xf0200100 irq 28
[    4.744641] ata4: SATA max UDMA/133 abar m8192@0xf0200000 port 0xf0200180 irq 28
[    4.744641] ata5: SATA max UDMA/133 abar m8192@0xf0200000 port 0xf0200200 irq 28
[    4.744642] ata6: SATA max UDMA/133 abar m8192@0xf0200000 port 0xf0200280 irq 28
[    4.744643] ata7: SATA max UDMA/133 abar m8192@0xf0200000 port 0xf0200300 irq 28
[    4.744643] ata8: SATA max UDMA/133 abar m8192@0xf0200000 port 0xf0200380 irq 28
[    4.764054] virtio_net virtio0 enp0s5: renamed from eth0
[    4.784043] usb 2-1: new full-speed USB device number 2 using uhci_hcd
[    4.943333] usb 2-1: New USB device found, idVendor=203a, idProduct=fffc, bcdDevice= 1.00
[    4.943338] usb 2-1: New USB device strings: Mfr=1, Product=2, SerialNumber=3
[    4.943340] usb 2-1: Product: Virtual Mouse
[    4.943341] usb 2-1: Manufacturer: Parallels
[    4.943342] usb 2-1: SerialNumber: PW3.0
[    4.967923] hidraw: raw HID events driver (C) Jiri Kosina
[    4.983701] usbcore: registered new interface driver usbhid
[    4.983702] usbhid: USB HID core driver
[    4.989226] input: Parallels Virtual Mouse as /devices/pci0000:00/0000:00:1d.0/usb2/2-1/2-1:1.0/0003:203A:FFFC.0001/input/input5
[    4.989558] hid-generic 0003:203A:FFFC.0001: input,hidraw0: USB HID v1.10 Mouse [Parallels Virtual Mouse] on usb-0000:00:1d.0-1/input0
[    4.989765] input: Parallels Virtual Mouse as /devices/pci0000:00/0000:00:1d.0/usb2/2-1/2-1:1.1/0003:203A:FFFC.0002/input/input6
[    4.990041] hid-generic 0003:203A:FFFC.0002: input,hidraw1: USB HID v1.10 Mouse [Parallels Virtual Mouse] on usb-0000:00:1d.0-1/input1
[    5.058531] ata3: SATA link up 1.5 Gbps (SStatus 113 SControl 300)
[    5.058780] ata3.00: ATA-8: Ubuntu Linux 18.04 Desktop-0, F.BJP2J4, max UDMA/100
[    5.058783] ata3.00: 268435456 sectors, multi 0: LBA48 NCQ (depth 31/32)
[    5.059126] ata3.00: configured for UDMA/100
[    5.059507] scsi 2:0:0:0: Direct-Access     ATA      Ubuntu Linux 18. P2J4 PQ: 0 ANSI: 5
[    5.060078] sd 2:0:0:0: Attached scsi generic sg0 type 0
[    5.060366] sd 2:0:0:0: [sda] 268435456 512-byte logical blocks: (137 GB/128 GiB)
[    5.060368] sd 2:0:0:0: [sda] 4096-byte physical blocks
[    5.060426] sd 2:0:0:0: [sda] Write Protect is off
[    5.060428] sd 2:0:0:0: [sda] Mode Sense: 00 3a 00 00
[    5.060516] sd 2:0:0:0: [sda] Write cache: enabled, read cache: enabled, doesn't support DPO or FUA
[    5.062031]  sda: sda1 sda2 < sda5 >
[    5.063027] sd 2:0:0:0: [sda] Attached SCSI disk
[    5.374313] ata4: SATA link up 1.5 Gbps (SStatus 113 SControl 300)
[    5.374579] ata4.00: ATAPI: Virtual DVD-ROM [1], FWR1, max UDMA/25
[    5.374928] ata4.00: configured for UDMA/25
[    5.375565] scsi 3:0:0:0: CD-ROM                     Virtual DVD-ROM  R103 PQ: 0 ANSI: 5
[    5.401011] sr 3:0:0:0: [sr0] scsi3-mmc drive: 44x/44x cd/rw xa/form2 cdda tray
[    5.401023] cdrom: Uniform CD-ROM driver Revision: 3.20
[    5.401395] sr 3:0:0:0: Attached scsi CD-ROM sr0
[    5.401520] sr 3:0:0:0: Attached scsi generic sg1 type 5
[    5.404217] tsc: Refined TSC clocksource calibration: 1392.001 MHz
[    5.404307] clocksource: tsc: mask: 0xffffffffffffffff max_cycles: 0x14109c02c0b, max_idle_ns: 440795260618 ns
[    5.713455] ata5: SATA link down (SStatus 0 SControl 300)
[    5.847357] input: ImExPS/2 Generic Explorer Mouse as /devices/platform/i8042/serio1/input/input4
[    6.024897] ata6: SATA link down (SStatus 0 SControl 300)
[    6.336260] ata7: SATA link down (SStatus 0 SControl 300)
[    6.650907] ata8: SATA link down (SStatus 0 SControl 300)
[    6.726615] EXT4-fs (sda1): mounted filesystem with ordered data mode. Opts: (null)
[    6.888843] systemd[1]: systemd 237 running in system mode. (+PAM +AUDIT +SELINUX +IMA +APPARMOR +SMACK +SYSVINIT +UTMP +LIBCRYPTSETUP +GCRYPT +GNUTLS +ACL +XZ +LZ4 +SECCOMP +BLKID +ELFUTILS +KMOD -IDN2 +IDN -PCRE2 default-hierarchy=hybrid)
[    6.888864] systemd[1]: Detected virtualization kvm.
[    6.888871] systemd[1]: Detected architecture x86-64.
[    6.894289] systemd[1]: Set hostname to <parallels-Parallels-Virtual-Platform>.
[    6.976965] systemd[1]: Unnecessary job for sys-devices-virtual-misc-vmbus\x21hv_fcopy.device was removed.
[    6.976970] systemd[1]: Unnecessary job for sys-devices-virtual-misc-vmbus\x21hv_vss.device was removed.
[    6.977177] random: systemd: uninitialized urandom read (16 bytes read)
[    6.977322] systemd[1]: Created slice System Slice.
[    6.977359] random: systemd: uninitialized urandom read (16 bytes read)
[    6.977417] systemd[1]: Listening on Journal Socket (/dev/log).
[    6.977431] random: systemd: uninitialized urandom read (16 bytes read)
[    6.977464] systemd[1]: Listening on udev Control Socket.
[    6.977494] systemd[1]: Listening on udev Kernel Socket.
[    6.992254] EXT4-fs (sda1): re-mounted. Opts: errors=remount-ro
[    6.999581] lp: driver loaded but no devices found
[    7.004053] ppdev: user-space parallel port driver
[    7.033952] systemd-journald[289]: Received request to flush runtime journal from PID 1
[    7.058401] Adding 2097148k swap on /swapfile.  Priority:-2 extents:7 across:2263036k SSFS
[    7.283018] shpchp: Standard Hot Plug PCI Controller Driver version: 0.4
[    7.284079] lpc_ich 0000:00:1f.0: RCBA is disabled by hardware/BIOS, device disabled
[    7.378758] RAPL PMU: API unit is 2^-32 Joules, 5 fixed counters, 10737418240 ms ovfl timer
[    7.378759] RAPL PMU: hw unit of domain pp0-core 2^-0 Joules
[    7.378760] RAPL PMU: hw unit of domain package 2^-0 Joules
[    7.378760] RAPL PMU: hw unit of domain dram 2^-0 Joules
[    7.378760] RAPL PMU: hw unit of domain pp1-gpu 2^-0 Joules
[    7.378761] RAPL PMU: hw unit of domain psys 2^-0 Joules
[    7.396604] cryptd: max_cpu_qlen set to 1000
[    7.445241] AVX2 version of gcm_enc/dec engaged.
[    7.445242] AES CTR mode by8 optimization enabled
[    7.454376] gpio_ich: GPIO from 462 to 511 on gpio_ich
[    7.580254] snd_intel8x0 0000:00:1f.4: enable Parallels VM optimization
[    7.728249] audit: type=1400 audit(1605788283.752:2): apparmor="STATUS" operation="profile_load" profile="unconfined" name="libreoffice-oopslash" pid=633 comm="apparmor_parser"
[    7.749742] audit: type=1400 audit(1605788283.776:3): apparmor="STATUS" operation="profile_load" profile="unconfined" name="/usr/bin/man" pid=630 comm="apparmor_parser"
[    7.749744] audit: type=1400 audit(1605788283.776:4): apparmor="STATUS" operation="profile_load" profile="unconfined" name="man_filter" pid=630 comm="apparmor_parser"
[    7.749746] audit: type=1400 audit(1605788283.776:5): apparmor="STATUS" operation="profile_load" profile="unconfined" name="man_groff" pid=630 comm="apparmor_parser"
[    7.749747] audit: type=1400 audit(1605788283.776:6): apparmor="STATUS" operation="profile_load" profile="unconfined" name="libreoffice-senddoc" pid=639 comm="apparmor_parser"
[    7.797896] audit: type=1400 audit(1605788283.824:7): apparmor="STATUS" operation="profile_load" profile="unconfined" name="libreoffice-xpdfimport" pid=645 comm="apparmor_parser"
[    7.851230] audit: type=1400 audit(1605788283.876:8): apparmor="STATUS" operation="profile_load" profile="unconfined" name="/sbin/dhclient" pid=636 comm="apparmor_parser"
[    7.851233] audit: type=1400 audit(1605788283.876:9): apparmor="STATUS" operation="profile_load" profile="unconfined" name="/usr/lib/NetworkManager/nm-dhcp-client.action" pid=636 comm="apparmor_parser"
[    7.851234] audit: type=1400 audit(1605788283.876:10): apparmor="STATUS" operation="profile_load" profile="unconfined" name="/usr/lib/NetworkManager/nm-dhcp-helper" pid=636 comm="apparmor_parser"
[    7.851235] audit: type=1400 audit(1605788283.876:11): apparmor="STATUS" operation="profile_load" profile="unconfined" name="/usr/lib/connman/scripts/dhclient-script" pid=636 comm="apparmor_parser"
[    7.992948] snd_intel8x0 0000:00:1f.4: intel8x0_measure_ac97_clock: measured 66125 usecs (3249 samples)
[    7.992950] snd_intel8x0 0000:00:1f.4: clocking to 46892
[   10.539595] random: crng init done
[   10.539599] random: 7 urandom warning(s) missed due to ratelimiting
[   10.756669] IPv6: ADDRCONF(NETDEV_UP): enp0s5: link is not ready
[  157.243872] pid: 1793, RSS: 200
[  157.245035] pid: 1793, RSS: 200
[  157.245833] pid: 1795, RSS: 20
[  157.261820] pid: 1794, RSS: 20
[  157.261821] pid: 1796, RSS: 20
[  157.261822] pid: 1797, RSS: 20
[  157.261827] pid: 1796, RSS: 20
[  157.261827] pid: 1794, RSS: 20
[  157.261828] pid: 1797, RSS: 20
[  157.265826] pid: 1795, RSS: 20
[  157.265833] pid: 1795, RSS: 20
[  157.281821] pid: 1800, RSS: 20
[  157.281822] pid: 1799, RSS: 20
[  157.281826] pid: 1800, RSS: 20
[  157.281827] pid: 1799, RSS: 20
[  157.281838] pid: 1801, RSS: 20
[  157.281842] pid: 1801, RSS: 20
[  157.285821] pid: 1802, RSS: 20
[  157.285825] pid: 1802, RSS: 20
[  157.301819] pid: 1797, RSS: 20
[  157.301822] pid: 1803, RSS: 20
[  157.301823] pid: 1798, RSS: 20
[  157.301823] pid: 1797, RSS: 20
[  157.301826] pid: 1798, RSS: 20
[  157.301826] pid: 1803, RSS: 20
[  157.305819] pid: 1802, RSS: 20
[  157.305822] pid: 1802, RSS: 20
[  157.321821] pid: 1801, RSS: 20
[  157.321824] pid: 1796, RSS: 20
[  157.321825] pid: 1794, RSS: 20
[  157.321825] pid: 1801, RSS: 20
[  157.321829] pid: 1794, RSS: 20
[  157.321830] pid: 1796, RSS: 20
[  157.325823] pid: 1795, RSS: 20
[  157.325827] pid: 1795, RSS: 20
[  157.341821] pid: 1803, RSS: 20
[  157.341822] pid: 1798, RSS: 20
[  157.341823] pid: 1797, RSS: 20
[  157.341824] pid: 1803, RSS: 20
[  157.341825] pid: 1798, RSS: 20
[  157.341826] pid: 1797, RSS: 20
[  157.345824] pid: 1802, RSS: 20
[  157.345827] pid: 1802, RSS: 20
[  157.361824] pid: 1799, RSS: 20
[  157.361826] pid: 1799, RSS: 20
[  157.361827] pid: 1801, RSS: 20
[  157.361828] pid: 1800, RSS: 20
[  157.361831] pid: 1801, RSS: 20
[  157.361832] pid: 1800, RSS: 20
[  157.365824] pid: 1795, RSS: 20
[  157.365825] pid: 1795, RSS: 20
[  157.381826] pid: 1796, RSS: 20
[  157.381826] pid: 1794, RSS: 20
[  157.381828] pid: 1797, RSS: 20
[  157.381828] pid: 1796, RSS: 20
[  157.381829] pid: 1794, RSS: 20
[  157.381831] pid: 1797, RSS: 20
[  157.385826] pid: 1802, RSS: 20
[  157.385832] pid: 1802, RSS: 20
[  157.401831] pid: 1801, RSS: 20
[  157.401832] pid: 1803, RSS: 20
[  157.401832] pid: 1798, RSS: 20
[  157.401836] pid: 1803, RSS: 20
[  157.401836] pid: 1801, RSS: 20
[  157.401837] pid: 1798, RSS: 20
[  157.405831] pid: 1795, RSS: 20
[  157.405836] pid: 1795, RSS: 20
[  157.421830] pid: 1800, RSS: 20
[  157.421831] pid: 1797, RSS: 20
[  157.421832] pid: 1799, RSS: 20
[  157.421833] pid: 1800, RSS: 20
[  157.421833] pid: 1797, RSS: 20
[  157.421836] pid: 1799, RSS: 20
[  157.425830] pid: 1802, RSS: 20
[  157.425832] pid: 1802, RSS: 20
[  157.441833] pid: 1794, RSS: 20
[  157.441834] pid: 1796, RSS: 20
[  157.441834] pid: 1801, RSS: 20
[  157.441837] pid: 1796, RSS: 20
[  157.441837] pid: 1801, RSS: 20
[  157.441837] pid: 1794, RSS: 20
[  157.445833] pid: 1795, RSS: 20
[  157.445836] pid: 1795, RSS: 20
[  157.461832] pid: 1803, RSS: 20
[  157.461833] pid: 1798, RSS: 20
[  157.461834] pid: 1797, RSS: 20
[  157.461835] pid: 1798, RSS: 20
[  157.461836] pid: 1797, RSS: 20
[  157.461836] pid: 1803, RSS: 20
[  157.465837] pid: 1802, RSS: 20
[  157.465842] pid: 1802, RSS: 20
[  157.481834] pid: 1801, RSS: 20
[  157.481836] pid: 1799, RSS: 20
[  157.481836] pid: 1801, RSS: 20
[  157.481839] pid: 1800, RSS: 20
[  157.481839] pid: 1799, RSS: 20
[  157.481843] pid: 1800, RSS: 20
[  157.485838] pid: 1795, RSS: 20
[  157.485841] pid: 1795, RSS: 20
[  157.501839] pid: 1796, RSS: 20
[  157.501840] pid: 1794, RSS: 20
[  157.501841] pid: 1797, RSS: 20
[  157.501843] pid: 1796, RSS: 20
[  157.501843] pid: 1794, RSS: 20
[  157.501845] pid: 1797, RSS: 20
[  157.505837] pid: 1802, RSS: 20
[  157.505840] pid: 1802, RSS: 20
[  157.521839] pid: 1798, RSS: 20
[  157.521839] pid: 1801, RSS: 20
[  157.521840] pid: 1803, RSS: 20
[  157.521844] pid: 1801, RSS: 20
[  157.521844] pid: 1803, RSS: 20
[  157.521844] pid: 1798, RSS: 20
[  157.525842] pid: 1795, RSS: 20
[  157.525845] pid: 1795, RSS: 20
[  157.541845] pid: 1800, RSS: 20
[  157.541846] pid: 1799, RSS: 20
[  157.541846] pid: 1797, RSS: 20
[  157.541849] pid: 1799, RSS: 20
[  157.541850] pid: 1800, RSS: 20
[  157.541851] pid: 1797, RSS: 20
[  157.545841] pid: 1802, RSS: 20
[  157.545848] pid: 1802, RSS: 20
[  157.561842] pid: 1796, RSS: 20
[  157.561843] pid: 1801, RSS: 20
[  157.561844] pid: 1794, RSS: 20
[  157.561845] pid: 1801, RSS: 20
[  157.561846] pid: 1796, RSS: 20
[  157.561847] pid: 1794, RSS: 20
[  157.565844] pid: 1795, RSS: 20
[  157.565846] pid: 1795, RSS: 20
[  157.581844] pid: 1803, RSS: 20
[  157.581845] pid: 1798, RSS: 20
[  157.581846] pid: 1797, RSS: 20
[  157.581848] pid: 1798, RSS: 20
[  157.581848] pid: 1803, RSS: 20
[  157.581849] pid: 1797, RSS: 20
[  157.585845] pid: 1802, RSS: 20
[  157.585848] pid: 1802, RSS: 20
[  157.601848] pid: 1800, RSS: 20
[  157.601849] pid: 1801, RSS: 20
[  157.601850] pid: 1799, RSS: 20
[  157.601851] pid: 1800, RSS: 20
[  157.601853] pid: 1801, RSS: 20
[  157.601854] pid: 1799, RSS: 20
[  157.605849] pid: 1795, RSS: 20
[  157.605852] pid: 1795, RSS: 20
[  157.621848] pid: 1796, RSS: 20
[  157.621849] pid: 1797, RSS: 20
[  157.621851] pid: 1797, RSS: 20
[  157.621851] pid: 1796, RSS: 20
[  157.621852] pid: 1794, RSS: 20
[  157.621856] pid: 1794, RSS: 20
[  157.625850] pid: 1802, RSS: 20
[  157.625853] pid: 1802, RSS: 20
[  157.641850] pid: 1798, RSS: 20
[  157.641850] pid: 1803, RSS: 20
[  157.641851] pid: 1801, RSS: 20
[  157.641852] pid: 1798, RSS: 20
[  157.641853] pid: 1803, RSS: 20
[  157.641853] pid: 1801, RSS: 20
[  157.645853] pid: 1795, RSS: 20
[  157.645856] pid: 1795, RSS: 20
[  157.661854] pid: 1800, RSS: 20
[  157.661855] pid: 1799, RSS: 20
[  157.661856] pid: 1797, RSS: 20
[  157.661858] pid: 1797, RSS: 20
[  157.661859] pid: 1799, RSS: 20
[  157.661859] pid: 1800, RSS: 20
[  157.665853] pid: 1802, RSS: 20
[  157.665855] pid: 1802, RSS: 20
[  157.681854] pid: 1794, RSS: 20
[  157.681855] pid: 1796, RSS: 20
[  157.681856] pid: 1801, RSS: 20
[  157.681858] pid: 1796, RSS: 20
[  157.681858] pid: 1801, RSS: 20
[  157.681858] pid: 1794, RSS: 20
[  157.685854] pid: 1795, RSS: 20
[  157.685857] pid: 1795, RSS: 20
[  157.701856] pid: 1797, RSS: 20
[  157.701856] pid: 1803, RSS: 20
[  157.701858] pid: 1798, RSS: 20
[  157.701858] pid: 1797, RSS: 20
[  157.701859] pid: 1803, RSS: 20
[  157.701862] pid: 1798, RSS: 20
[  157.705856] pid: 1802, RSS: 866
[  157.705858] pid: 1802, RSS: 866
[  157.721857] pid: 1800, RSS: 20
[  157.721858] pid: 1801, RSS: 20
[  157.721858] pid: 1799, RSS: 20
[  157.721860] pid: 1801, RSS: 20
[  157.721861] pid: 1799, RSS: 20
[  157.721861] pid: 1800, RSS: 20
[  157.725860] pid: 1795, RSS: 20
[  157.725864] pid: 1795, RSS: 20
[  157.741859] pid: 1797, RSS: 20
[  157.741861] pid: 1794, RSS: 20
[  157.741861] pid: 1797, RSS: 20
[  157.741863] pid: 1796, RSS: 20
[  157.741864] pid: 1794, RSS: 20
[  157.741866] pid: 1796, RSS: 20
[  157.745859] pid: 1802, RSS: 866
[  157.745861] pid: 1802, RSS: 866
[  157.761862] pid: 1801, RSS: 20
[  157.761863] pid: 1798, RSS: 20
[  157.761864] pid: 1803, RSS: 20
[  157.761864] pid: 1801, RSS: 20
[  157.761866] pid: 1803, RSS: 20
[  157.761867] pid: 1798, RSS: 20
[  157.765862] pid: 1795, RSS: 20
[  157.765864] pid: 1795, RSS: 20
[  157.781863] pid: 1799, RSS: 20
[  157.781863] pid: 1797, RSS: 20
[  157.781864] pid: 1800, RSS: 20
[  157.781866] pid: 1797, RSS: 20
[  157.781866] pid: 1799, RSS: 20
[  157.781867] pid: 1800, RSS: 20
[  157.785863] pid: 1802, RSS: 866
[  157.785865] pid: 1802, RSS: 866
[  157.801869] pid: 1796, RSS: 20
[  157.801870] pid: 1794, RSS: 20
[  157.801873] pid: 1796, RSS: 20
[  157.801873] pid: 1794, RSS: 20
[  157.801877] pid: 1801, RSS: 20
[  157.801881] pid: 1801, RSS: 20
[  157.805866] pid: 1795, RSS: 20
[  157.805869] pid: 1795, RSS: 20
[  157.821866] pid: 1803, RSS: 20
[  157.821866] pid: 1797, RSS: 20
[  157.821867] pid: 1798, RSS: 20
[  157.821868] pid: 1797, RSS: 20
[  157.821869] pid: 1798, RSS: 20
[  157.821870] pid: 1803, RSS: 20
[  157.825866] pid: 1802, RSS: 866
[  157.825868] pid: 1802, RSS: 866
[  157.841872] pid: 1800, RSS: 20
[  157.841873] pid: 1799, RSS: 20
[  157.841876] pid: 1801, RSS: 20
[  157.841876] pid: 1800, RSS: 20
[  157.841877] pid: 1799, RSS: 20
[  157.841881] pid: 1801, RSS: 20
[  157.845868] pid: 1795, RSS: 20
[  157.845870] pid: 1795, RSS: 20
[  157.861869] pid: 1796, RSS: 20
[  157.861871] pid: 1797, RSS: 20
[  157.861871] pid: 1794, RSS: 20
[  157.861872] pid: 1796, RSS: 20
[  157.861874] pid: 1794, RSS: 20
[  157.861875] pid: 1797, RSS: 20
[  157.865870] pid: 1802, RSS: 866
[  157.865880] pid: 1802, RSS: 866
[  157.881871] pid: 1798, RSS: 20
[  157.881872] pid: 1803, RSS: 20
[  157.881873] pid: 1801, RSS: 20
[  157.881874] pid: 1803, RSS: 20
[  157.881875] pid: 1798, RSS: 20
[  157.881876] pid: 1801, RSS: 20
[  157.885871] pid: 1802, RSS: 866
[  157.885873] pid: 1802, RSS: 866
[  157.901877] pid: 1800, RSS: 20
[  157.901878] pid: 1797, RSS: 20
[  157.901879] pid: 1799, RSS: 20
[  157.901881] pid: 1800, RSS: 20
[  157.901882] pid: 1797, RSS: 20
[  157.901883] pid: 1799, RSS: 20
[  157.905875] pid: 1795, RSS: 20
[  157.905878] pid: 1795, RSS: 20
[  157.921876] pid: 1801, RSS: 20
[  157.921877] pid: 1794, RSS: 20
[  157.921877] pid: 1796, RSS: 272
[  157.921879] pid: 1794, RSS: 20
[  157.921880] pid: 1796, RSS: 272
[  157.921880] pid: 1801, RSS: 20
[  157.925883] pid: 1802, RSS: 866
[  157.925898] pid: 1802, RSS: 866
[  157.941877] pid: 1797, RSS: 20
[  157.941878] pid: 1803, RSS: 20
[  157.941879] pid: 1798, RSS: 470
[  157.941880] pid: 1797, RSS: 20
[  157.941880] pid: 1803, RSS: 20
[  157.941881] pid: 1798, RSS: 470
[  157.945880] pid: 1795, RSS: 20
[  157.945884] pid: 1795, RSS: 20
[  157.961880] pid: 1801, RSS: 20
[  157.961880] pid: 1800, RSS: 667
[  157.961881] pid: 1799, RSS: 20
[  157.961883] pid: 1800, RSS: 667
[  157.961884] pid: 1801, RSS: 20
[  157.961884] pid: 1799, RSS: 20
[  157.965879] pid: 1802, RSS: 866
[  157.965881] pid: 1802, RSS: 866
[  157.981880] pid: 1800, RSS: 667
[  157.981880] pid: 1799, RSS: 20
[  157.981882] pid: 1797, RSS: 20
[  157.981882] pid: 1800, RSS: 667
[  157.981883] pid: 1799, RSS: 20
[  157.981890] pid: 1797, RSS: 20
[  157.985880] pid: 1795, RSS: 20
[  157.985882] pid: 1795, RSS: 20
[  158.001884] pid: 1794, RSS: 20
[  158.001885] pid: 1803, RSS: 20
[  158.001888] pid: 1794, RSS: 20
[  158.001888] pid: 1803, RSS: 20
[  158.005883] pid: 1801, RSS: 20
[  158.005883] pid: 1802, RSS: 866
[  158.005885] pid: 1802, RSS: 866
[  158.005886] pid: 1801, RSS: 20
[  158.021884] pid: 1796, RSS: 272
[  158.021887] pid: 1798, RSS: 470
[  158.021887] pid: 1796, RSS: 272
[  158.021891] pid: 1798, RSS: 470
[  158.025889] pid: 1795, RSS: 20
[  158.025890] pid: 1797, RSS: 20
[  158.025893] pid: 1797, RSS: 20
[  158.025894] pid: 1795, RSS: 20
[  158.041890] pid: 1800, RSS: 667
[  158.041891] pid: 1799, RSS: 20
[  158.041895] pid: 1800, RSS: 667
[  158.041895] pid: 1799, RSS: 20
[  158.045887] pid: 1801, RSS: 20
[  158.045889] pid: 1801, RSS: 20
[  158.045890] pid: 1802, RSS: 866
[  158.045895] pid: 1802, RSS: 866
[  158.061888] pid: 1794, RSS: 20
[  158.061889] pid: 1803, RSS: 20
[  158.061891] pid: 1803, RSS: 20
[  158.061891] pid: 1794, RSS: 20
[  158.065891] pid: 1802, RSS: 866
[  158.065891] pid: 1797, RSS: 20
[  158.065895] pid: 1797, RSS: 20
[  158.065895] pid: 1802, RSS: 866
[  158.081889] pid: 1800, RSS: 667
[  158.081890] pid: 1796, RSS: 272
[  158.081891] pid: 1800, RSS: 667
[  158.081893] pid: 1796, RSS: 272
[  158.085890] pid: 1795, RSS: 20
[  158.085890] pid: 1801, RSS: 20
[  158.085894] pid: 1801, RSS: 20
[  158.085895] pid: 1795, RSS: 20
[  158.101892] pid: 1798, RSS: 470
[  158.101895] pid: 1799, RSS: 20
[  158.101898] pid: 1799, RSS: 20
[  158.101947] pid: 1798, RSS: 470
[  158.105892] pid: 1797, RSS: 20
[  158.105892] pid: 1802, RSS: 866
[  158.105895] pid: 1802, RSS: 866
[  158.105895] pid: 1797, RSS: 20
[  158.121892] pid: 1803, RSS: 20
[  158.121893] pid: 1794, RSS: 20
[  158.121895] pid: 1794, RSS: 20
[  158.121895] pid: 1803, RSS: 20
[  158.125897] pid: 1801, RSS: 20
[  158.125897] pid: 1795, RSS: 20
[  158.125902] pid: 1801, RSS: 20
[  158.125902] pid: 1795, RSS: 20
[  158.141894] pid: 1796, RSS: 272
[  158.141896] pid: 1800, RSS: 667
[  158.141896] pid: 1796, RSS: 272
[  158.141899] pid: 1800, RSS: 667
[  158.145895] pid: 1797, RSS: 20
[  158.145896] pid: 1802, RSS: 866
[  158.145898] pid: 1802, RSS: 866
[  158.145898] pid: 1797, RSS: 20
[  158.161896] pid: 1798, RSS: 470
[  158.161897] pid: 1799, RSS: 20
[  158.161899] pid: 1799, RSS: 20
[  158.161899] pid: 1798, RSS: 470
[  158.165897] pid: 1795, RSS: 20
[  158.165900] pid: 1801, RSS: 20
[  158.165900] pid: 1795, RSS: 20
[  158.165904] pid: 1801, RSS: 20
[  158.181897] pid: 1803, RSS: 20
[  158.181899] pid: 1794, RSS: 20
[  158.181899] pid: 1803, RSS: 20
[  158.181902] pid: 1794, RSS: 20
[  158.185898] pid: 1802, RSS: 866
[  158.185899] pid: 1797, RSS: 20
[  158.185901] pid: 1802, RSS: 866
[  158.185903] pid: 1797, RSS: 20
[  158.201901] pid: 1796, RSS: 272
[  158.201902] pid: 1800, RSS: 667
[  158.201905] pid: 1796, RSS: 272
[  158.201906] pid: 1800, RSS: 667
[  158.205901] pid: 1795, RSS: 20
[  158.205903] pid: 1801, RSS: 20
[  158.205904] pid: 1795, RSS: 20
[  158.205905] pid: 1801, RSS: 20
[  158.221903] pid: 1799, RSS: 20
[  158.221905] pid: 1800, RSS: 667
[  158.221905] pid: 1799, RSS: 20
[  158.221908] pid: 1800, RSS: 667
[  158.225902] pid: 1797, RSS: 20
[  158.225905] pid: 1797, RSS: 20
[  158.229903] pid: 1802, RSS: 866
[  158.229907] pid: 1802, RSS: 866
[  158.241905] pid: 1803, RSS: 20
[  158.241907] pid: 1794, RSS: 20
[  158.241907] pid: 1803, RSS: 20
[  158.241911] pid: 1794, RSS: 20
[  158.245910] pid: 1801, RSS: 20
[  158.245914] pid: 1801, RSS: 20
[  158.249907] pid: 1795, RSS: 20
[  158.249910] pid: 1795, RSS: 20
[  158.261905] pid: 1799, RSS: 20
[  158.261906] pid: 1798, RSS: 470
[  158.261908] pid: 1799, RSS: 20
[  158.261909] pid: 1798, RSS: 470
[  158.265909] pid: 1797, RSS: 20
[  158.265912] pid: 1797, RSS: 20
[  158.269918] pid: 1802, RSS: 866
[  158.269924] pid: 1802, RSS: 866
[  158.281913] pid: 1803, RSS: 20
[  158.281914] pid: 1800, RSS: 667
[  158.281918] pid: 1803, RSS: 20
[  158.281919] pid: 1800, RSS: 667
[  158.285910] pid: 1801, RSS: 20
[  158.285913] pid: 1801, RSS: 20
[  158.289910] pid: 1802, RSS: 866
[  158.289913] pid: 1802, RSS: 866
[  158.301915] pid: 1794, RSS: 20
[  158.301916] pid: 1796, RSS: 272
[  158.301920] pid: 1796, RSS: 272
[  158.301921] pid: 1794, RSS: 20
[  158.305911] pid: 1797, RSS: 20
[  158.305915] pid: 1797, RSS: 20
[  158.309911] pid: 1795, RSS: 20
[  158.309915] pid: 1795, RSS: 20
[  158.321913] pid: 1798, RSS: 470
[  158.321914] pid: 1799, RSS: 20
[  158.321917] pid: 1799, RSS: 20
[  158.321918] pid: 1798, RSS: 470
[  158.325919] pid: 1801, RSS: 20
[  158.325924] pid: 1801, RSS: 20
[  158.329915] pid: 1802, RSS: 866
[  158.329918] pid: 1802, RSS: 866
[  158.341918] pid: 1803, RSS: 20
[  158.341918] pid: 1800, RSS: 667
[  158.341923] pid: 1803, RSS: 20
[  158.341923] pid: 1800, RSS: 667
[  158.345916] pid: 1797, RSS: 20
[  158.345922] pid: 1797, RSS: 20
[  158.349917] pid: 1795, RSS: 20
[  158.349921] pid: 1795, RSS: 20
[  158.361915] pid: 1796, RSS: 272
[  158.361916] pid: 1794, RSS: 20
[  158.361917] pid: 1796, RSS: 272
[  158.361919] pid: 1794, RSS: 20
[  158.365919] pid: 1801, RSS: 20
[  158.365922] pid: 1801, RSS: 20
[  158.369917] pid: 1802, RSS: 866
[  158.369920] pid: 1802, RSS: 866
[  158.381922] pid: 1799, RSS: 20
[  158.381923] pid: 1800, RSS: 667
[  158.381928] pid: 1799, RSS: 20
[  158.381928] pid: 1800, RSS: 667
[  158.385925] pid: 1797, RSS: 20
[  158.385930] pid: 1797, RSS: 20
[  158.389920] pid: 1795, RSS: 20
[  158.389924] pid: 1795, RSS: 20
[  158.401925] pid: 1798, RSS: 470
[  158.401926] pid: 1803, RSS: 20
[  158.401931] pid: 1798, RSS: 470
[  158.401931] pid: 1803, RSS: 20
[  158.405923] pid: 1801, RSS: 20
[  158.405926] pid: 1801, RSS: 20
[  158.409945] pid: 1802, RSS: 866
[  158.409956] pid: 1802, RSS: 866
[  158.421921] pid: 1796, RSS: 272
[  158.421922] pid: 1794, RSS: 20
[  158.421924] pid: 1796, RSS: 272
[  158.421925] pid: 1794, RSS: 20
[  158.429923] pid: 1795, RSS: 20
[  158.429927] pid: 1797, RSS: 20
[  158.429927] pid: 1795, RSS: 20
[  158.429931] pid: 1797, RSS: 20
[  158.441931] pid: 1800, RSS: 667
[  158.441932] pid: 1799, RSS: 20
[  158.441937] pid: 1800, RSS: 667
[  158.441937] pid: 1799, RSS: 20
[  158.449929] pid: 1802, RSS: 866
[  158.449930] pid: 1801, RSS: 20
[  158.449935] pid: 1802, RSS: 866
[  158.449935] pid: 1801, RSS: 20
[  158.461931] pid: 1803, RSS: 20
[  158.461932] pid: 1798, RSS: 470
[  158.461936] pid: 1798, RSS: 470
[  158.461937] pid: 1803, RSS: 20
[  158.469925] pid: 1797, RSS: 20
[  158.469927] pid: 1802, RSS: 866
[  158.469929] pid: 1797, RSS: 20
[  158.469931] pid: 1802, RSS: 866
[  158.481931] pid: 1800, RSS: 667
[  158.481932] pid: 1796, RSS: 272
[  158.481936] pid: 1796, RSS: 272
[  158.481936] pid: 1800, RSS: 667
[  158.489934] pid: 1801, RSS: 20
[  158.489935] pid: 1795, RSS: 20
[  158.489939] pid: 1801, RSS: 20
[  158.489939] pid: 1795, RSS: 20
[  158.501928] pid: 1794, RSS: 20
[  158.501930] pid: 1799, RSS: 20
[  158.501931] pid: 1794, RSS: 20
[  158.501933] pid: 1799, RSS: 20
[  158.509929] pid: 1802, RSS: 866
[  158.509931] pid: 1797, RSS: 20
[  158.509931] pid: 1802, RSS: 866
[  158.509935] pid: 1797, RSS: 20
[  158.521938] pid: 1803, RSS: 20
[  158.521947] pid: 1803, RSS: 20
[  158.521996] pid: 1800, RSS: 667
[  158.522001] pid: 1800, RSS: 667
[  158.529935] pid: 1795, RSS: 20
[  158.529936] pid: 1801, RSS: 20
[  158.529940] pid: 1795, RSS: 20
[  158.529941] pid: 1801, RSS: 20
[  158.541936] pid: 1799, RSS: 20
[  158.541937] pid: 1794, RSS: 20
[  158.541941] pid: 1794, RSS: 20
[  158.541942] pid: 1799, RSS: 20
[  158.549936] pid: 1802, RSS: 866
[  158.549937] pid: 1797, RSS: 20
[  158.549942] pid: 1797, RSS: 20
[  158.549942] pid: 1802, RSS: 866
[  158.561939] pid: 1803, RSS: 20
[  158.561940] pid: 1798, RSS: 470
[  158.561944] pid: 1798, RSS: 470
[  158.561944] pid: 1803, RSS: 20
[  158.569940] pid: 1795, RSS: 20
[  158.569941] pid: 1801, RSS: 20
[  158.569945] pid: 1795, RSS: 20
[  158.569953] pid: 1801, RSS: 20
[  158.581940] pid: 1796, RSS: 272
[  158.581941] pid: 1800, RSS: 667
[  158.581945] pid: 1800, RSS: 667
[  158.581946] pid: 1796, RSS: 272
[  158.589938] pid: 1802, RSS: 866
[  158.589939] pid: 1797, RSS: 20
[  158.589943] pid: 1797, RSS: 20
[  158.589943] pid: 1802, RSS: 866
[  158.601947] pid: 1794, RSS: 20
[  158.601969] pid: 1794, RSS: 20
[  158.601986] pid: 1799, RSS: 20
[  158.601990] pid: 1799, RSS: 20
[  158.609942] pid: 1795, RSS: 20
[  158.609962] pid: 1801, RSS: 20
[  158.609966] pid: 1801, RSS: 20
[  158.610008] pid: 1795, RSS: 20
[  158.621944] pid: 1803, RSS: 20
[  158.621945] pid: 1798, RSS: 470
[  158.621950] pid: 1798, RSS: 470
[  158.621950] pid: 1803, RSS: 20
[  158.629944] pid: 1802, RSS: 866
[  158.629945] pid: 1797, RSS: 20
[  158.629950] pid: 1797, RSS: 20
[  158.629950] pid: 1802, RSS: 866
[  158.641947] pid: 1796, RSS: 272
[  158.641951] pid: 1796, RSS: 272
[  158.642140] pid: 1800, RSS: 667
[  158.642145] pid: 1800, RSS: 667
[  158.649948] pid: 1802, RSS: 866
[  158.649949] pid: 1801, RSS: 20
[  158.649953] pid: 1802, RSS: 866
[  158.649954] pid: 1801, RSS: 20
[  158.661948] pid: 1794, RSS: 20
[  158.661949] pid: 1803, RSS: 20
[  158.661956] pid: 1803, RSS: 20
[  158.661956] pid: 1794, RSS: 20
[  158.669949] pid: 1795, RSS: 20
[  158.669950] pid: 1797, RSS: 20
[  158.669954] pid: 1795, RSS: 20
[  158.669959] pid: 1797, RSS: 20
[  158.681948] pid: 1800, RSS: 667
[  158.681952] pid: 1799, RSS: 20
[  158.681953] pid: 1800, RSS: 667
[  158.681956] pid: 1799, RSS: 20
[  158.689944] pid: 1802, RSS: 866
[  158.689945] pid: 1801, RSS: 20
[  158.689947] pid: 1802, RSS: 866
[  158.689948] pid: 1801, RSS: 20
[  158.701951] pid: 1798, RSS: 470
[  158.701952] pid: 1796, RSS: 272
[  158.701956] pid: 1796, RSS: 272
[  158.701957] pid: 1798, RSS: 470
[  158.709952] pid: 1795, RSS: 20
[  158.709952] pid: 1797, RSS: 20
[  158.709957] pid: 1797, RSS: 20
[  158.709957] pid: 1795, RSS: 20
[  158.721947] pid: 1800, RSS: 667
[  158.721948] pid: 1803, RSS: 20
[  158.721951] pid: 1800, RSS: 667
[  158.721951] pid: 1803, RSS: 20
[  158.729949] pid: 1801, RSS: 20
[  158.729951] pid: 1802, RSS: 866
[  158.729955] pid: 1802, RSS: 866
[  158.729956] pid: 1801, RSS: 20
[  158.741957] pid: 1794, RSS: 20
[  158.741958] pid: 1799, RSS: 20
[  158.741962] pid: 1799, RSS: 20
[  158.741964] pid: 1794, RSS: 20
[  158.749952] pid: 1797, RSS: 20
[  158.749953] pid: 1795, RSS: 20
[  158.749957] pid: 1795, RSS: 20
[  158.749957] pid: 1797, RSS: 20
[  158.761951] pid: 1800, RSS: 667
[  158.761952] pid: 1796, RSS: 272
[  158.761953] pid: 1800, RSS: 667
[  158.761956] pid: 1796, RSS: 272
[  158.769951] pid: 1801, RSS: 20
[  158.769952] pid: 1802, RSS: 866
[  158.769954] pid: 1801, RSS: 20
[  158.769955] pid: 1802, RSS: 866
[  158.781956] pid: 1803, RSS: 20
[  158.781956] pid: 1798, RSS: 470
[  158.781961] pid: 1798, RSS: 470
[  158.781961] pid: 1803, RSS: 20
[  158.789953] pid: 1795, RSS: 20
[  158.789955] pid: 1797, RSS: 20
[  158.789955] pid: 1795, RSS: 20
[  158.789957] pid: 1797, RSS: 20
[  158.801959] pid: 1794, RSS: 20
[  158.801959] pid: 1799, RSS: 20
[  158.801963] pid: 1799, RSS: 20
[  158.801964] pid: 1794, RSS: 20
[  158.809955] pid: 1801, RSS: 20
[  158.809956] pid: 1802, RSS: 866
[  158.809958] pid: 1801, RSS: 20
[  158.809960] pid: 1802, RSS: 866
[  158.821958] pid: 1803, RSS: 20
[  158.821959] pid: 1800, RSS: 667
[  158.821963] pid: 1803, RSS: 20
[  158.821964] pid: 1800, RSS: 667
[  158.829958] pid: 1802, RSS: 866
[  158.829962] pid: 1802, RSS: 866
[  158.837960] pid: 1797, RSS: 20
[  158.837964] pid: 1797, RSS: 20
[  158.841956] pid: 1799, RSS: 20
[  158.841957] pid: 1794, RSS: 20
[  158.841959] pid: 1794, RSS: 20
[  158.841959] pid: 1799, RSS: 20
[  158.849957] pid: 1795, RSS: 20
[  158.849960] pid: 1795, RSS: 20
[  158.857958] pid: 1801, RSS: 20
[  158.857962] pid: 1801, RSS: 20
[  158.861969] pid: 1796, RSS: 272
[  158.861969] pid: 1798, RSS: 470
[  158.861974] pid: 1796, RSS: 272
[  158.861974] pid: 1798, RSS: 470
[  158.869963] pid: 1802, RSS: 866
[  158.869967] pid: 1802, RSS: 866
[  158.877964] pid: 1801, RSS: 20
[  158.877968] pid: 1801, RSS: 20
[  158.881961] pid: 1803, RSS: 20
[  158.881962] pid: 1800, RSS: 667
[  158.881964] pid: 1803, RSS: 20
[  158.881965] pid: 1800, RSS: 667
[  158.889963] pid: 1795, RSS: 20
[  158.889967] pid: 1795, RSS: 20
[  158.897964] pid: 1797, RSS: 20
[  158.897968] pid: 1797, RSS: 20
[  158.901972] pid: 1794, RSS: 20
[  158.901973] pid: 1799, RSS: 20
[  158.901980] pid: 1799, RSS: 20
[  158.901980] pid: 1794, RSS: 20
[  158.909963] pid: 1802, RSS: 866
[  158.909966] pid: 1802, RSS: 866
[  158.917966] pid: 1801, RSS: 20
[  158.917971] pid: 1801, RSS: 20
[  158.921966] pid: 1800, RSS: 667
[  158.921968] pid: 1796, RSS: 272
[  158.921970] pid: 1800, RSS: 667
[  158.921972] pid: 1796, RSS: 272
[  158.929968] pid: 1795, RSS: 20
[  158.929972] pid: 1795, RSS: 20
[  158.937976] pid: 1797, RSS: 20
[  158.937984] pid: 1797, RSS: 20
[  158.941965] pid: 1798, RSS: 470
[  158.941966] pid: 1799, RSS: 20
[  158.941968] pid: 1798, RSS: 470
[  158.941968] pid: 1799, RSS: 20
[  158.949969] pid: 1802, RSS: 866
[  158.949973] pid: 1802, RSS: 866
[  158.957972] pid: 1801, RSS: 20
[  158.957975] pid: 1801, RSS: 20
[  158.961968] pid: 1800, RSS: 667
[  158.961969] pid: 1803, RSS: 20
[  158.961971] pid: 1800, RSS: 667
[  158.961973] pid: 1803, RSS: 20
[  158.969975] pid: 1795, RSS: 20
[  158.969981] pid: 1795, RSS: 20
[  158.977974] pid: 1797, RSS: 20
[  158.977979] pid: 1797, RSS: 20
[  158.981968] pid: 1794, RSS: 20
[  158.981969] pid: 1796, RSS: 272
[  158.981972] pid: 1794, RSS: 20
[  158.981972] pid: 1796, RSS: 272
[  158.989969] pid: 1802, RSS: 866
[  158.989972] pid: 1802, RSS: 866
[  158.997974] pid: 1801, RSS: 20
[  158.997978] pid: 1801, RSS: 20
[  159.001970] pid: 1799, RSS: 20
[  159.001974] pid: 1798, RSS: 470
[  159.001974] pid: 1799, RSS: 20
[  159.001978] pid: 1798, RSS: 470
[  159.009975] pid: 1802, RSS: 866
[  159.009979] pid: 1802, RSS: 866
[  159.017973] pid: 1797, RSS: 20
[  159.017976] pid: 1797, RSS: 20
[  159.021973] pid: 1800, RSS: 667
[  159.021975] pid: 1803, RSS: 20
[  159.021976] pid: 1800, RSS: 667
[  159.021979] pid: 1803, RSS: 20
[  159.029973] pid: 1795, RSS: 20
[  159.029976] pid: 1795, RSS: 20
[  159.037972] pid: 1801, RSS: 20
[  159.037975] pid: 1801, RSS: 20
[  159.041976] pid: 1796, RSS: 272
[  159.041977] pid: 1794, RSS: 20
[  159.041981] pid: 1796, RSS: 272
[  159.041981] pid: 1794, RSS: 20
[  159.049982] pid: 1802, RSS: 866
[  159.049986] pid: 1802, RSS: 866
[  159.061974] pid: 1799, RSS: 20
[  159.061975] pid: 1800, RSS: 667
[  159.061977] pid: 1800, RSS: 667
[  159.061978] pid: 1799, RSS: 20
[  159.065980] pid: 1797, RSS: 20
[  159.065989] pid: 1797, RSS: 20
[  159.069979] pid: 1795, RSS: 20
[  159.069983] pid: 1795, RSS: 20
[  159.081982] pid: 1798, RSS: 470
[  159.081985] pid: 1803, RSS: 20
[  159.081987] pid: 1798, RSS: 470
[  159.081990] pid: 1803, RSS: 20
[  159.085981] pid: 1801, RSS: 20
[  159.085986] pid: 1801, RSS: 20
[  159.089982] pid: 1802, RSS: 866
[  159.089986] pid: 1802, RSS: 866
[  159.101979] pid: 1799, RSS: 20
[  159.101981] pid: 1794, RSS: 20
[  159.101981] pid: 1799, RSS: 20
[  159.101984] pid: 1794, RSS: 20
[  159.105981] pid: 1797, RSS: 20
[  159.105984] pid: 1797, RSS: 20
[  159.109980] pid: 1795, RSS: 20
[  159.109983] pid: 1795, RSS: 20
[  159.121983] pid: 1803, RSS: 20
[  159.121983] pid: 1800, RSS: 667
[  159.121987] pid: 1803, RSS: 20
[  159.121988] pid: 1800, RSS: 667
[  159.125985] pid: 1801, RSS: 20
[  159.125989] pid: 1801, RSS: 20
[  159.129982] pid: 1802, RSS: 866
[  159.129984] pid: 1802, RSS: 866
[  159.141981] pid: 1794, RSS: 20
[  159.141983] pid: 1796, RSS: 272
[  159.141984] pid: 1794, RSS: 20
[  159.141986] pid: 1796, RSS: 272
[  159.145984] pid: 1797, RSS: 20
[  159.145988] pid: 1797, RSS: 20
[  159.149986] pid: 1795, RSS: 20
[  159.149989] pid: 1795, RSS: 20
[  159.161984] pid: 1798, RSS: 470
[  159.161984] pid: 1799, RSS: 20
[  159.161987] pid: 1799, RSS: 20
[  159.161988] pid: 1798, RSS: 470
[  159.165991] pid: 1801, RSS: 20
[  159.165996] pid: 1801, RSS: 20
[  159.169988] pid: 1802, RSS: 866
[  159.169992] pid: 1802, RSS: 866
[  159.181989] pid: 1800, RSS: 667
[  159.181990] pid: 1803, RSS: 20
[  159.181993] pid: 1803, RSS: 20
[  159.181994] pid: 1800, RSS: 667
[  159.185986] pid: 1797, RSS: 20
[  159.185989] pid: 1797, RSS: 20
[  159.189989] pid: 1802, RSS: 866
[  159.189993] pid: 1802, RSS: 866
[  159.201990] pid: 1796, RSS: 272
[  159.201991] pid: 1800, RSS: 667
[  159.201995] pid: 1800, RSS: 667
[  159.201996] pid: 1796, RSS: 272
[  159.205992] pid: 1801, RSS: 20
[  159.206003] pid: 1801, RSS: 20
[  159.209988] pid: 1795, RSS: 20
[  159.209991] pid: 1795, RSS: 20
[  159.221993] pid: 1794, RSS: 20
[  159.221994] pid: 1799, RSS: 20
[  159.221998] pid: 1799, RSS: 20
[  159.221999] pid: 1794, RSS: 20
[  159.225989] pid: 1797, RSS: 20
[  159.225991] pid: 1797, RSS: 20
[  159.229994] pid: 1802, RSS: 866
[  159.230000] pid: 1802, RSS: 866
[  159.241990] pid: 1803, RSS: 20
[  159.241991] pid: 1798, RSS: 470
[  159.241994] pid: 1798, RSS: 470
[  159.241995] pid: 1803, RSS: 20
[  159.249994] pid: 1795, RSS: 20
[  159.249998] pid: 1795, RSS: 20
[  159.253993] pid: 1801, RSS: 20
[  159.253996] pid: 1801, RSS: 20
[  159.261995] pid: 1800, RSS: 667
[  159.261996] pid: 1796, RSS: 272
[  159.262000] pid: 1796, RSS: 272
[  159.262000] pid: 1800, RSS: 667
[  159.269998] pid: 1802, RSS: 866
[  159.270003] pid: 1802, RSS: 866
[  159.273997] pid: 1797, RSS: 20
[  159.274001] pid: 1797, RSS: 20
[  159.281993] pid: 1799, RSS: 20
[  159.281994] pid: 1794, RSS: 20
[  159.281996] pid: 1799, RSS: 20
[  159.281997] pid: 1794, RSS: 20
[  159.289997] pid: 1795, RSS: 20
[  159.290001] pid: 1795, RSS: 20
[  159.294000] pid: 1801, RSS: 20
[  159.294004] pid: 1801, RSS: 20
[  159.301999] pid: 1798, RSS: 470
[  159.302000] pid: 1803, RSS: 20
[  159.302004] pid: 1803, RSS: 20
[  159.302004] pid: 1798, RSS: 470
[  159.310001] pid: 1802, RSS: 866
[  159.310005] pid: 1802, RSS: 866
[  159.314007] pid: 1797, RSS: 20
[  159.314012] pid: 1797, RSS: 20
[  159.322004] pid: 1800, RSS: 667
[  159.322008] pid: 1796, RSS: 272
[  159.322010] pid: 1800, RSS: 667
[  159.322014] pid: 1796, RSS: 272
[  159.330001] pid: 1795, RSS: 20
[  159.330004] pid: 1795, RSS: 20
[  159.334003] pid: 1801, RSS: 20
[  159.334007] pid: 1801, RSS: 20
[  159.342002] pid: 1794, RSS: 20
[  159.342003] pid: 1799, RSS: 20
[  159.342007] pid: 1799, RSS: 20
[  159.342079] pid: 1794, RSS: 20
[  159.350003] pid: 1802, RSS: 866
[  159.350007] pid: 1802, RSS: 866
[  159.354000] pid: 1797, RSS: 20
[  159.354002] pid: 1797, RSS: 20
[  159.362000] pid: 1800, RSS: 667
[  159.362003] pid: 1803, RSS: 20
[  159.362004] pid: 1800, RSS: 667
[  159.362008] pid: 1803, RSS: 20
[  159.370004] pid: 1795, RSS: 20
[  159.370008] pid: 1795, RSS: 20
[  159.374001] pid: 1801, RSS: 20
[  159.374004] pid: 1801, RSS: 20
[  159.382003] pid: 1799, RSS: 20
[  159.382006] pid: 1798, RSS: 470
[  159.382006] pid: 1799, RSS: 20
[  159.382010] pid: 1798, RSS: 470
[  159.390004] pid: 1802, RSS: 866
[  159.390008] pid: 1802, RSS: 866
[  159.394005] pid: 1797, RSS: 20
[  159.394008] pid: 1797, RSS: 20
[  159.402007] pid: 1794, RSS: 20
[  159.402008] pid: 1803, RSS: 20
[  159.402013] pid: 1803, RSS: 20
[  159.402013] pid: 1794, RSS: 20
[  159.410009] pid: 1802, RSS: 866
[  159.410014] pid: 1802, RSS: 866
[  159.414005] pid: 1801, RSS: 20
[  159.414007] pid: 1801, RSS: 20
[  159.422005] pid: 1800, RSS: 667
[  159.422006] pid: 1796, RSS: 272
[  159.422009] pid: 1800, RSS: 667
[  159.422009] pid: 1796, RSS: 272
[  159.430005] pid: 1795, RSS: 20
[  159.430007] pid: 1795, RSS: 20
[  159.434011] pid: 1797, RSS: 20
[  159.434015] pid: 1797, RSS: 20
[  159.442010] pid: 1800, RSS: 667
[  159.442011] pid: 1799, RSS: 20
[  159.442012] pid: 1800, RSS: 667
[  159.442016] pid: 1799, RSS: 20
[  159.450012] pid: 1802, RSS: 866
[  159.450016] pid: 1802, RSS: 866
[  159.458013] pid: 1801, RSS: 20
[  159.458017] pid: 1801, RSS: 20
[  159.462008] pid: 1794, RSS: 20
[  159.462009] pid: 1803, RSS: 20
[  159.462010] pid: 1794, RSS: 20
[  159.462013] pid: 1803, RSS: 20
[  159.470013] pid: 1795, RSS: 20
[  159.470017] pid: 1795, RSS: 20
[  159.478010] pid: 1797, RSS: 20
[  159.478012] pid: 1797, RSS: 20
[  159.482019] pid: 1798, RSS: 470
[  159.482020] pid: 1796, RSS: 272
[  159.482024] pid: 1798, RSS: 470
[  159.482025] pid: 1796, RSS: 272
[  159.490015] pid: 1802, RSS: 866
[  159.490020] pid: 1802, RSS: 866
[  159.498015] pid: 1801, RSS: 20
[  159.498019] pid: 1801, RSS: 20
[  159.502012] pid: 1799, RSS: 20
[  159.502015] pid: 1800, RSS: 667
[  159.502015] pid: 1799, RSS: 20
[  159.502019] pid: 1800, RSS: 667
[  159.510016] pid: 1795, RSS: 20
[  159.510020] pid: 1795, RSS: 20
[  159.518017] pid: 1797, RSS: 20
[  159.518021] pid: 1797, RSS: 20
[  159.522014] pid: 1794, RSS: 20
[  159.522019] pid: 1803, RSS: 20
[  159.522019] pid: 1794, RSS: 20
[  159.522023] pid: 1803, RSS: 20
[  159.530019] pid: 1802, RSS: 866
[  159.530027] pid: 1802, RSS: 866
[  159.538019] pid: 1801, RSS: 20
[  159.538024] pid: 1801, RSS: 20
[  159.542015] pid: 1798, RSS: 470
[  159.542016] pid: 1796, RSS: 272
[  159.542018] pid: 1798, RSS: 470
[  159.542018] pid: 1796, RSS: 272
[  159.550019] pid: 1795, RSS: 20
[  159.550022] pid: 1795, RSS: 20
[  159.558017] pid: 1797, RSS: 20
[  159.558020] pid: 1797, RSS: 20
[  159.562019] pid: 1800, RSS: 667
[  159.562022] pid: 1799, RSS: 20
[  159.562023] pid: 1800, RSS: 667
[  159.562026] pid: 1799, RSS: 20
[  159.570021] pid: 1802, RSS: 866
[  159.570025] pid: 1802, RSS: 866
[  159.578019] pid: 1801, RSS: 20
[  159.578021] pid: 1801, RSS: 20
[  159.582019] pid: 1794, RSS: 20
[  159.582019] pid: 1803, RSS: 20
[  159.582021] pid: 1803, RSS: 20
[  159.582022] pid: 1794, RSS: 20
[  159.590019] pid: 1802, RSS: 866
[  159.590021] pid: 1802, RSS: 866
[  159.598021] pid: 1797, RSS: 20
[  159.598024] pid: 1797, RSS: 20
[  159.602024] pid: 1800, RSS: 667
[  159.602025] pid: 1796, RSS: 272
[  159.602029] pid: 1800, RSS: 667
[  159.602029] pid: 1796, RSS: 272
[  159.610025] pid: 1795, RSS: 20
[  159.610029] pid: 1795, RSS: 20
[  159.618027] pid: 1801, RSS: 20
[  159.618032] pid: 1801, RSS: 20
[  159.622023] pid: 1799, RSS: 20
[  159.622025] pid: 1798, RSS: 470
[  159.622025] pid: 1799, RSS: 20
[  159.622029] pid: 1798, RSS: 470
[  159.630027] pid: 1802, RSS: 866
[  159.630034] pid: 1802, RSS: 866
[  159.638026] pid: 1797, RSS: 20
[  159.638030] pid: 1797, RSS: 20
[  159.642025] pid: 1803, RSS: 20
[  159.642027] pid: 1794, RSS: 20
[  159.642028] pid: 1803, RSS: 20
[  159.642031] pid: 1794, RSS: 20
[  159.650057] pid: 1795, RSS: 20
[  159.650062] pid: 1795, RSS: 20
[  159.658029] pid: 1801, RSS: 20
[  159.658033] pid: 1801, RSS: 20
[  159.662026] pid: 1799, RSS: 20
[  159.662028] pid: 1800, RSS: 667
[  159.662029] pid: 1799, RSS: 20
[  159.662032] pid: 1800, RSS: 667
[  159.670030] pid: 1802, RSS: 866
[  159.670034] pid: 1802, RSS: 866
[  159.678028] pid: 1797, RSS: 20
[  159.678031] pid: 1797, RSS: 20
[  159.682027] pid: 1803, RSS: 20
[  159.682030] pid: 1803, RSS: 20
[  159.690027] pid: 1798, RSS: 470
[  159.690028] pid: 1795, RSS: 20
[  159.690030] pid: 1798, RSS: 470
[  159.690037] pid: 1795, RSS: 20
[  159.698030] pid: 1801, RSS: 20
[  159.698032] pid: 1801, RSS: 20
[  159.702040] pid: 1796, RSS: 272
[  159.702050] pid: 1796, RSS: 272
[  159.710034] pid: 1794, RSS: 20
[  159.710035] pid: 1802, RSS: 866
[  159.710039] pid: 1794, RSS: 20
[  159.710040] pid: 1802, RSS: 866
[  159.718035] pid: 1797, RSS: 20
[  159.718040] pid: 1797, RSS: 20
[  159.722031] pid: 1803, RSS: 20
[  159.722033] pid: 1803, RSS: 20
[  159.730031] pid: 1800, RSS: 667
[  159.730033] pid: 1800, RSS: 667
[  159.730034] pid: 1795, RSS: 20
[  159.730042] pid: 1795, RSS: 20
[  159.734043] pid: 1799, RSS: 20
[  159.734044] pid: 1801, RSS: 20
[  159.734046] pid: 1802, RSS: 866
[  159.738037] pid: 1800, RSS: 667
[  159.754033] pid: 1802, RSS: 866
[  159.754034] pid: 1797, RSS: 20
[  159.754035] pid: 1796, RSS: 272
[  159.754036] pid: 1802, RSS: 866
[  159.754036] pid: 1797, RSS: 20
[  159.754038] pid: 1796, RSS: 272
[  159.758036] pid: 1794, RSS: 20
[  159.758040] pid: 1794, RSS: 20
[  159.774037] pid: 1802, RSS: 866
[  159.774038] pid: 1801, RSS: 20
[  159.774039] pid: 1799, RSS: 20
[  159.774041] pid: 1801, RSS: 20
[  159.774042] pid: 1802, RSS: 866
[  159.774042] pid: 1799, RSS: 20
[  159.778036] pid: 1800, RSS: 667
[  159.778039] pid: 1800, RSS: 667
[  159.794036] pid: 1803, RSS: 20
[  159.794037] pid: 1795, RSS: 20
[  159.794038] pid: 1797, RSS: 20
[  159.794039] pid: 1803, RSS: 20
[  159.794040] pid: 1795, RSS: 20
[  159.794041] pid: 1797, RSS: 20
[  159.798044] pid: 1798, RSS: 470
[  159.798049] pid: 1798, RSS: 470
[  159.814041] pid: 1802, RSS: 866
[  159.814044] pid: 1801, RSS: 20
[  159.814045] pid: 1796, RSS: 272
[  159.814047] pid: 1802, RSS: 866
[  159.814048] pid: 1801, RSS: 20
[  159.814049] pid: 1796, RSS: 272
[  159.818039] pid: 1800, RSS: 667
[  159.818041] pid: 1800, RSS: 667
[  159.834040] pid: 1799, RSS: 20
[  159.834042] pid: 1797, RSS: 20
[  159.834043] pid: 1795, RSS: 20
[  159.834043] pid: 1799, RSS: 20
[  159.834046] pid: 1795, RSS: 20
[  159.834047] pid: 1797, RSS: 20
[  159.838043] pid: 1794, RSS: 20
[  159.838090] pid: 1794, RSS: 20
[  159.854043] pid: 1802, RSS: 866
[  159.854044] pid: 1801, RSS: 20
[  159.854046] pid: 1802, RSS: 866
[  159.854048] pid: 1801, RSS: 20
[  159.858045] pid: 1800, RSS: 667
[  159.858050] pid: 1800, RSS: 667
[  159.866049] pid: 1803, RSS: 20
[  159.866053] pid: 1803, RSS: 20
[  159.874043] pid: 1795, RSS: 20
[  159.874045] pid: 1797, RSS: 20
[  159.874045] pid: 1795, RSS: 20
[  159.874048] pid: 1797, RSS: 20
[  159.878046] pid: 1798, RSS: 470
[  159.878050] pid: 1798, RSS: 470
[  159.886054] pid: 1799, RSS: 20
[  159.886059] pid: 1799, RSS: 20
[  159.894049] pid: 1802, RSS: 866
[  159.894050] pid: 1801, RSS: 20
[  159.894054] pid: 1802, RSS: 866
[  159.894054] pid: 1801, RSS: 20
[  159.898048] pid: 1794, RSS: 20
[  159.898051] pid: 1794, RSS: 20
[  159.906050] pid: 1796, RSS: 272
[  159.906054] pid: 1796, RSS: 272
[  159.914050] pid: 1795, RSS: 20
[  159.914051] pid: 1797, RSS: 20
[  159.914055] pid: 1797, RSS: 20
[  159.914055] pid: 1795, RSS: 20
[  159.918054] pid: 1800, RSS: 667
[  159.918074] pid: 1800, RSS: 667
[  159.926051] pid: 1803, RSS: 20
[  159.926056] pid: 1803, RSS: 20
[  159.934050] pid: 1801, RSS: 20
[  159.934052] pid: 1802, RSS: 866
[  159.934053] pid: 1801, RSS: 20
[  159.934056] pid: 1802, RSS: 866
[  159.938052] pid: 1794, RSS: 20
[  159.938056] pid: 1794, RSS: 20
[  159.946052] pid: 1799, RSS: 20
[  159.946056] pid: 1799, RSS: 20
[  159.954053] pid: 1802, RSS: 866
[  159.954054] pid: 1797, RSS: 20
[  159.954056] pid: 1802, RSS: 866
[  159.954058] pid: 1797, RSS: 20
[  159.958053] pid: 1798, RSS: 470
[  159.958057] pid: 1798, RSS: 470
[  159.966053] pid: 1796, RSS: 272
[  159.966057] pid: 1796, RSS: 272
[  159.974051] pid: 1795, RSS: 20
[  159.974052] pid: 1801, RSS: 20
[  159.974054] pid: 1801, RSS: 20
[  159.974054] pid: 1795, RSS: 20
[  159.978054] pid: 1800, RSS: 667
[  159.978059] pid: 1800, RSS: 667
[  159.986055] pid: 1803, RSS: 20
[  159.986058] pid: 1803, RSS: 20
[  159.994056] pid: 1802, RSS: 866
[  159.994057] pid: 1797, RSS: 20
[  159.994060] pid: 1802, RSS: 866
[  159.994060] pid: 1797, RSS: 20
[  159.998056] pid: 1794, RSS: 20
[  159.998059] pid: 1794, RSS: 20
[  160.006054] pid: 1799, RSS: 20
[  160.006056] pid: 1799, RSS: 20
[  160.014059] pid: 1795, RSS: 20
[  160.014060] pid: 1801, RSS: 20
[  160.014063] pid: 1801, RSS: 20
[  160.014064] pid: 1795, RSS: 20
[  160.018067] pid: 1800, RSS: 667
[  160.018071] pid: 1800, RSS: 667
[  160.026070] pid: 1796, RSS: 272
[  160.026076] pid: 1796, RSS: 272
[  160.034067] pid: 1797, RSS: 20
[  160.034069] pid: 1802, RSS: 866
[  160.034075] pid: 1797, RSS: 20
[  160.034075] pid: 1802, RSS: 866
[  160.038071] pid: 1798, RSS: 470
[  160.038080] pid: 1798, RSS: 470
[  160.046067] pid: 1803, RSS: 20
[  160.046073] pid: 1803, RSS: 20
[  160.054059] pid: 1795, RSS: 20
[  160.054061] pid: 1795, RSS: 20
[  160.058062] pid: 1801, RSS: 20
[  160.058063] pid: 1800, RSS: 667
[  160.058067] pid: 1800, RSS: 667
[  160.058075] pid: 1801, RSS: 20
[  160.066066] pid: 1799, RSS: 20
[  160.066072] pid: 1799, RSS: 20
[  160.074071] pid: 1802, RSS: 866
[  160.074076] pid: 1802, RSS: 866
[  160.078063] pid: 1797, RSS: 20
[  160.078064] pid: 1794, RSS: 20
[  160.078068] pid: 1794, RSS: 20
[  160.078068] pid: 1797, RSS: 20
[  160.086063] pid: 1796, RSS: 272
[  160.086066] pid: 1796, RSS: 272
[  160.094061] pid: 1795, RSS: 20
[  160.094063] pid: 1795, RSS: 20
[  160.098066] pid: 1798, RSS: 470
[  160.098069] pid: 1801, RSS: 20
[  160.098073] pid: 1801, RSS: 20
[  160.098073] pid: 1798, RSS: 470
[  160.106065] pid: 1803, RSS: 20
[  160.106069] pid: 1803, RSS: 20
[  160.114065] pid: 1802, RSS: 866
[  160.114068] pid: 1802, RSS: 866
[  160.118070] pid: 1800, RSS: 667
[  160.118071] pid: 1797, RSS: 20
[  160.118075] pid: 1797, RSS: 20
[  160.118075] pid: 1800, RSS: 667
[  160.126066] pid: 1799, RSS: 20
[  160.126070] pid: 1799, RSS: 20
[  160.134068] pid: 1795, RSS: 20
[  160.134075] pid: 1795, RSS: 20
[  160.138067] pid: 1794, RSS: 20
[  160.138068] pid: 1801, RSS: 20
[  160.138070] pid: 1794, RSS: 20
[  160.138072] pid: 1801, RSS: 20
[  160.146065] pid: 1803, RSS: 20
[  160.146067] pid: 1803, RSS: 20
[  160.154065] pid: 1802, RSS: 866
[  160.154067] pid: 1802, RSS: 866
[  160.158066] pid: 1797, RSS: 20
[  160.158068] pid: 1800, RSS: 667
[  160.158071] pid: 1800, RSS: 667
[  160.158072] pid: 1797, RSS: 20
[  160.166066] pid: 1799, RSS: 20
[  160.166068] pid: 1799, RSS: 20
[  160.174067] pid: 1802, RSS: 866
[  160.174070] pid: 1802, RSS: 866
[  160.178068] pid: 1797, RSS: 20
[  160.178069] pid: 1798, RSS: 470
[  160.178071] pid: 1797, RSS: 20
[  160.178072] pid: 1798, RSS: 470
[  160.186067] pid: 1796, RSS: 272
[  160.186069] pid: 1796, RSS: 272
[  160.194068] pid: 1795, RSS: 20
[  160.194070] pid: 1795, RSS: 20
[  160.198071] pid: 1794, RSS: 20
[  160.198072] pid: 1801, RSS: 20
[  160.198075] pid: 1794, RSS: 20
[  160.198076] pid: 1801, RSS: 20
[  160.206069] pid: 1803, RSS: 20
[  160.206071] pid: 1803, RSS: 20
[  160.214070] pid: 1802, RSS: 866
[  160.214072] pid: 1802, RSS: 866
[  160.218072] pid: 1797, RSS: 20
[  160.218073] pid: 1800, RSS: 667
[  160.218074] pid: 1797, RSS: 20
[  160.218076] pid: 1800, RSS: 667
[  160.226071] pid: 1799, RSS: 20
[  160.226073] pid: 1799, RSS: 20
[  160.234075] pid: 1795, RSS: 20
[  160.234080] pid: 1795, RSS: 20
[  160.238074] pid: 1794, RSS: 20
[  160.238076] pid: 1801, RSS: 20
[  160.238077] pid: 1794, RSS: 20
[  160.238080] pid: 1801, RSS: 20
[  160.246072] pid: 1796, RSS: 272
[  160.246074] pid: 1796, RSS: 272
[  160.254077] pid: 1802, RSS: 866
[  160.254080] pid: 1802, RSS: 866
[  160.258075] pid: 1798, RSS: 470
[  160.258077] pid: 1798, RSS: 470
[  160.266075] pid: 1803, RSS: 20
[  160.266077] pid: 1803, RSS: 20
[  160.274075] pid: 1795, RSS: 20
[  160.274076] pid: 1797, RSS: 20
[  160.274078] pid: 1797, RSS: 20
[  160.274079] pid: 1795, RSS: 20
[  160.278077] pid: 1800, RSS: 667
[  160.278080] pid: 1800, RSS: 667
[  160.286076] pid: 1799, RSS: 20
[  160.286078] pid: 1799, RSS: 20
[  160.294080] pid: 1802, RSS: 866
[  160.294084] pid: 1801, RSS: 20
[  160.294084] pid: 1802, RSS: 866
[  160.294088] pid: 1801, RSS: 20
[  160.298081] pid: 1800, RSS: 667
[  160.298084] pid: 1800, RSS: 667
[  160.306077] pid: 1796, RSS: 272
[  160.306080] pid: 1796, RSS: 272
[  160.314078] pid: 1795, RSS: 20
[  160.314079] pid: 1801, RSS: 20
[  160.314080] pid: 1795, RSS: 20
[  160.314081] pid: 1801, RSS: 20
[  160.318080] pid: 1794, RSS: 20
[  160.318083] pid: 1794, RSS: 20
[  160.326080] pid: 1803, RSS: 20
[  160.326083] pid: 1803, RSS: 20
[  160.334080] pid: 1802, RSS: 866
[  160.334081] pid: 1797, RSS: 20
[  160.334083] pid: 1802, RSS: 866
[  160.334084] pid: 1797, RSS: 20
[  160.338082] pid: 1798, RSS: 470
[  160.338092] pid: 1798, RSS: 470
[  160.346083] pid: 1799, RSS: 20
[  160.346086] pid: 1799, RSS: 20
[  160.354083] pid: 1801, RSS: 20
[  160.354085] pid: 1802, RSS: 866
[  160.354086] pid: 1801, RSS: 20
[  160.354089] pid: 1802, RSS: 866
[  160.358085] pid: 1800, RSS: 667
[  160.358089] pid: 1800, RSS: 667
[  160.366083] pid: 1796, RSS: 272
[  160.366086] pid: 1796, RSS: 272
[  160.374083] pid: 1795, RSS: 20
[  160.374085] pid: 1797, RSS: 20
[  160.374085] pid: 1795, RSS: 20
[  160.374088] pid: 1797, RSS: 20
[  160.378084] pid: 1794, RSS: 20
[  160.378086] pid: 1794, RSS: 20
[  160.386087] pid: 1803, RSS: 20
[  160.386089] pid: 1803, RSS: 20
[  160.394084] pid: 1802, RSS: 866
[  160.394085] pid: 1801, RSS: 20
[  160.394087] pid: 1802, RSS: 866
[  160.394088] pid: 1801, RSS: 20
[  160.398086] pid: 1800, RSS: 667
[  160.398089] pid: 1800, RSS: 667
[  160.406085] pid: 1799, RSS: 20
[  160.406087] pid: 1799, RSS: 20
[  160.414087] pid: 1795, RSS: 20
[  160.414087] pid: 1797, RSS: 20
[  160.414089] pid: 1797, RSS: 20
[  160.414089] pid: 1795, RSS: 20
[  160.418087] pid: 1798, RSS: 470
[  160.418090] pid: 1798, RSS: 470
[  160.426088] pid: 1803, RSS: 20
[  160.426090] pid: 1803, RSS: 20
[  160.434088] pid: 1801, RSS: 20
[  160.434090] pid: 1802, RSS: 866
[  160.434090] pid: 1801, RSS: 20
[  160.434093] pid: 1802, RSS: 866
[  160.438089] pid: 1794, RSS: 20
[  160.438091] pid: 1794, RSS: 20
[  160.446091] pid: 1799, RSS: 20
[  160.446094] pid: 1799, RSS: 20
[  160.454089] pid: 1797, RSS: 20
[  160.454092] pid: 1797, RSS: 20
[  160.458091] pid: 1800, RSS: 667
[  160.458093] pid: 1800, RSS: 667
[  160.466090] pid: 1796, RSS: 272
[  160.466092] pid: 1796, RSS: 272
[  160.474092] pid: 1801, RSS: 20
[  160.474093] pid: 1795, RSS: 20
[  160.474095] pid: 1801, RSS: 20
[  160.474096] pid: 1795, RSS: 20
[  160.478101] pid: 1798, RSS: 470
[  160.478105] pid: 1798, RSS: 470
[  160.486093] pid: 1803, RSS: 20
[  160.486097] pid: 1803, RSS: 20
[  160.494094] pid: 1797, RSS: 20
[  160.494096] pid: 1802, RSS: 866
[  160.494096] pid: 1797, RSS: 20
[  160.494100] pid: 1802, RSS: 866
[  160.498093] pid: 1794, RSS: 20
[  160.498096] pid: 1794, RSS: 20
[  160.506093] pid: 1799, RSS: 20
[  160.506096] pid: 1799, RSS: 20
[  160.514094] pid: 1802, RSS: 866
[  160.514095] pid: 1801, RSS: 20
[  160.514096] pid: 1802, RSS: 866
[  160.514097] pid: 1801, RSS: 20
[  160.518094] pid: 1800, RSS: 667
[  160.518096] pid: 1800, RSS: 667
[  160.526100] pid: 1796, RSS: 272
[  160.526103] pid: 1796, RSS: 272
[  160.534097] pid: 1802, RSS: 866
[  160.534099] pid: 1802, RSS: 866
[  160.534101] pid: 1797, RSS: 20
[  160.534105] pid: 1797, RSS: 20
[  160.538097] pid: 1800, RSS: 667
[  160.538100] pid: 1800, RSS: 667
[  160.546098] pid: 1803, RSS: 20
[  160.546100] pid: 1803, RSS: 20
[  160.554098] pid: 1795, RSS: 20
[  160.554099] pid: 1801, RSS: 20
[  160.554101] pid: 1795, RSS: 20
[  160.554105] pid: 1801, RSS: 20
[  160.558101] pid: 1794, RSS: 20
[  160.558104] pid: 1794, RSS: 20
[  160.566099] pid: 1799, RSS: 20
[  160.566100] pid: 1799, RSS: 20
[  160.574099] pid: 1802, RSS: 866
[  160.574100] pid: 1797, RSS: 20
[  160.574101] pid: 1802, RSS: 866
[  160.574103] pid: 1797, RSS: 20
[  160.578103] pid: 1798, RSS: 470
[  160.578107] pid: 1798, RSS: 470
[  160.586100] pid: 1796, RSS: 272
[  160.586102] pid: 1796, RSS: 272
[  160.594101] pid: 1801, RSS: 20
[  160.594102] pid: 1795, RSS: 20
[  160.594105] pid: 1801, RSS: 20
[  160.594105] pid: 1795, RSS: 20
[  160.598102] pid: 1800, RSS: 667
[  160.598104] pid: 1800, RSS: 667
[  160.606103] pid: 1803, RSS: 20
[  160.606105] pid: 1803, RSS: 20
[  160.614103] pid: 1797, RSS: 20
[  160.614104] pid: 1802, RSS: 866
[  160.614106] pid: 1797, RSS: 20
[  160.614106] pid: 1802, RSS: 866
[  160.618104] pid: 1794, RSS: 20
[  160.618107] pid: 1794, RSS: 20
[  160.626103] pid: 1799, RSS: 20
[  160.626105] pid: 1799, RSS: 20
[  160.634104] pid: 1801, RSS: 20
[  160.634105] pid: 1795, RSS: 20
[  160.634107] pid: 1801, RSS: 20
[  160.634108] pid: 1795, RSS: 20
[  160.638107] pid: 1798, RSS: 470
[  160.638125] pid: 1798, RSS: 470
[  160.646105] pid: 1796, RSS: 272
[  160.646107] pid: 1796, RSS: 272
[  160.654106] pid: 1802, RSS: 866
[  160.654109] pid: 1797, RSS: 20
[  160.654109] pid: 1802, RSS: 866
[  160.654113] pid: 1797, RSS: 20
[  160.658107] pid: 1800, RSS: 667
[  160.658109] pid: 1800, RSS: 667
[  160.666108] pid: 1803, RSS: 20
[  160.666111] pid: 1803, RSS: 20
[  160.674110] pid: 1795, RSS: 20
[  160.674112] pid: 1795, RSS: 20
[  160.678116] pid: 1794, RSS: 20
[  160.678121] pid: 1794, RSS: 20
[  160.686111] pid: 1799, RSS: 20
[  160.686112] pid: 1801, RSS: 20
[  160.686115] pid: 1799, RSS: 20
[  160.686115] pid: 1801, RSS: 20
[  160.694110] pid: 1802, RSS: 866
[  160.694112] pid: 1802, RSS: 866
[  160.698118] pid: 1800, RSS: 667
[  160.698124] pid: 1800, RSS: 667
[  160.706111] pid: 1803, RSS: 20
[  160.706112] pid: 1797, RSS: 20
[  160.706114] pid: 1803, RSS: 20
[  160.706115] pid: 1797, RSS: 20
[  160.714110] pid: 1802, RSS: 866
[  160.714112] pid: 1802, RSS: 866
[  160.718113] pid: 1798, RSS: 470
[  160.718116] pid: 1798, RSS: 470
[  160.726111] pid: 1801, RSS: 20
[  160.726114] pid: 1799, RSS: 20
[  160.726114] pid: 1801, RSS: 20
[  160.726117] pid: 1799, RSS: 20
[  160.734113] pid: 1795, RSS: 20
[  160.734122] pid: 1795, RSS: 20
[  160.738112] pid: 1794, RSS: 20
[  160.738114] pid: 1794, RSS: 20
[  160.746113] pid: 1796, RSS: 272
[  160.746114] pid: 1797, RSS: 20
[  160.746115] pid: 1797, RSS: 20
[  160.746115] pid: 1796, RSS: 272
[  160.754115] pid: 1802, RSS: 866
[  160.754118] pid: 1802, RSS: 866
[  160.758115] pid: 1800, RSS: 667
[  160.758118] pid: 1800, RSS: 667
[  160.766114] pid: 1801, RSS: 20
[  160.766115] pid: 1803, RSS: 20
[  160.766117] pid: 1801, RSS: 20
[  160.766117] pid: 1803, RSS: 20
[  160.774117] pid: 1795, RSS: 20
[  160.774121] pid: 1795, RSS: 20
[  160.778116] pid: 1798, RSS: 470
[  160.778117] pid: 1798, RSS: 470
[  160.786116] pid: 1797, RSS: 20
[  160.786116] pid: 1799, RSS: 20
[  160.786118] pid: 1797, RSS: 20
[  160.786118] pid: 1799, RSS: 20
[  160.794117] pid: 1802, RSS: 866
[  160.794120] pid: 1802, RSS: 866
[  160.798120] pid: 1800, RSS: 667
[  160.798124] pid: 1800, RSS: 667
[  160.806118] pid: 1801, RSS: 20
[  160.806119] pid: 1796, RSS: 272
[  160.806120] pid: 1796, RSS: 272
[  160.806121] pid: 1801, RSS: 20
[  160.814119] pid: 1795, RSS: 20
[  160.814121] pid: 1795, RSS: 20
[  160.818119] pid: 1794, RSS: 20
[  160.818122] pid: 1794, RSS: 20
[  160.826121] pid: 1803, RSS: 20
[  160.826122] pid: 1797, RSS: 20
[  160.826123] pid: 1803, RSS: 20
[  160.826125] pid: 1797, RSS: 20
[  160.834120] pid: 1802, RSS: 866
[  160.834123] pid: 1802, RSS: 866
[  160.838120] pid: 1800, RSS: 667
[  160.838122] pid: 1800, RSS: 667
[  160.846123] pid: 1801, RSS: 20
[  160.846124] pid: 1799, RSS: 20
[  160.846125] pid: 1801, RSS: 20
[  160.846127] pid: 1799, RSS: 20
[  160.854124] pid: 1795, RSS: 20
[  160.854127] pid: 1795, RSS: 20
[  160.858125] pid: 1794, RSS: 20
[  160.858128] pid: 1794, RSS: 20
[  160.866122] pid: 1796, RSS: 272
[  160.866123] pid: 1797, RSS: 20
[  160.866125] pid: 1797, RSS: 20
[  160.866126] pid: 1796, RSS: 272
[  160.874122] pid: 1802, RSS: 866
[  160.874125] pid: 1802, RSS: 866
[  160.878126] pid: 1798, RSS: 470
[  160.878130] pid: 1798, RSS: 470
[  160.886126] pid: 1803, RSS: 20
[  160.886129] pid: 1803, RSS: 20
[  160.894125] pid: 1802, RSS: 866
[  160.894128] pid: 1802, RSS: 866
[  160.898126] pid: 1800, RSS: 667
[  160.898128] pid: 1800, RSS: 667
[  160.902126] pid: 1801, RSS: 20
[  160.902129] pid: 1801, RSS: 20
[  160.906128] pid: 1799, RSS: 20
[  160.906131] pid: 1799, RSS: 20
[  160.914127] pid: 1795, RSS: 20
[  160.914130] pid: 1795, RSS: 20
[  160.918131] pid: 1794, RSS: 20
[  160.918135] pid: 1794, RSS: 20
[  160.922129] pid: 1797, RSS: 20
[  160.922132] pid: 1797, RSS: 20
[  160.926129] pid: 1796, RSS: 272
[  160.926132] pid: 1796, RSS: 272
[  160.934128] pid: 1802, RSS: 866
[  160.934131] pid: 1802, RSS: 866
[  160.938128] pid: 1798, RSS: 470
[  160.938130] pid: 1798, RSS: 470
[  160.942132] pid: 1797, RSS: 20
[  160.942140] pid: 1797, RSS: 20
[  160.946128] pid: 1803, RSS: 20
[  160.946130] pid: 1803, RSS: 20
[  160.954129] pid: 1795, RSS: 20
[  160.954132] pid: 1795, RSS: 20
[  160.958129] pid: 1800, RSS: 667
[  160.958131] pid: 1800, RSS: 667
[  160.962133] pid: 1801, RSS: 20
[  160.962140] pid: 1801, RSS: 20
[  160.966131] pid: 1799, RSS: 20
[  160.966133] pid: 1799, RSS: 20
[  160.974132] pid: 1802, RSS: 866
[  160.974134] pid: 1802, RSS: 866
[  160.978131] pid: 1794, RSS: 20
[  160.978133] pid: 1794, RSS: 20
[  160.982132] pid: 1797, RSS: 20
[  160.982137] pid: 1797, RSS: 20
[  160.986131] pid: 1803, RSS: 20
[  160.986132] pid: 1803, RSS: 20
[  160.994132] pid: 1795, RSS: 20
[  160.994134] pid: 1795, RSS: 20
[  160.998135] pid: 1800, RSS: 667
[  160.998138] pid: 1800, RSS: 667
[  161.002133] pid: 1801, RSS: 20
[  161.002135] pid: 1801, RSS: 20
[  161.006136] pid: 1799, RSS: 20
[  161.006139] pid: 1799, RSS: 20
[  161.014133] pid: 1802, RSS: 866
[  161.014135] pid: 1802, RSS: 866
[  161.018136] pid: 1798, RSS: 470
[  161.018139] pid: 1798, RSS: 470
[  161.022135] pid: 1797, RSS: 20
[  161.022137] pid: 1797, RSS: 20
[  161.026138] pid: 1796, RSS: 272
[  161.026141] pid: 1796, RSS: 272
[  161.034138] pid: 1795, RSS: 20
[  161.034141] pid: 1795, RSS: 20
[  161.038139] pid: 1800, RSS: 667
[  161.038143] pid: 1800, RSS: 667
[  161.042136] pid: 1801, RSS: 20
[  161.042143] pid: 1801, RSS: 20
[  161.046138] pid: 1803, RSS: 20
[  161.046142] pid: 1803, RSS: 20
[  161.054139] pid: 1802, RSS: 866
[  161.054142] pid: 1802, RSS: 866
[  161.058137] pid: 1794, RSS: 20
[  161.058139] pid: 1794, RSS: 20
[  161.062138] pid: 1797, RSS: 20
[  161.062141] pid: 1797, RSS: 20
[  161.066137] pid: 1799, RSS: 20
[  161.066139] pid: 1799, RSS: 20
[  161.074139] pid: 1802, RSS: 866
[  161.074141] pid: 1802, RSS: 866
[  161.078139] pid: 1800, RSS: 667
[  161.078191] pid: 1800, RSS: 667
[  161.082140] pid: 1801, RSS: 20
[  161.082142] pid: 1801, RSS: 20
[  161.086140] pid: 1796, RSS: 272
[  161.086146] pid: 1796, RSS: 272
