[    0.000000] Linux version 4.17.12+ (root@ubuntu) (gcc version 5.4.0 20160609 (Ubuntu 5.4.0-6ubuntu1~16.04.12)) #2 SMP Wed Nov 18 22:08:33 PST 2020
[    0.000000] Command line: BOOT_IMAGE=/boot/vmlinuz-4.17.12+ root=UUID=a61db7ca-8b34-4b50-9a54-afeefc97dd49 ro find_preseed=/preseed.cfg auto noprompt priority=critical locale=en_US
[    0.000000] KERNEL supported cpus:
[    0.000000]   Intel GenuineIntel
[    0.000000]   AMD AuthenticAMD
[    0.000000]   Centaur CentaurHauls
[    0.000000] Disabled fast string operations
[    0.000000] x86/fpu: Supporting XSAVE feature 0x001: 'x87 floating point registers'
[    0.000000] x86/fpu: Supporting XSAVE feature 0x002: 'SSE registers'
[    0.000000] x86/fpu: Supporting XSAVE feature 0x004: 'AVX registers'
[    0.000000] x86/fpu: xstate_offset[2]:  576, xstate_sizes[2]:  256
[    0.000000] x86/fpu: Enabled xstate features 0x7, context size is 832 bytes, using 'compacted' format.
[    0.000000] e820: BIOS-provided physical RAM map:
[    0.000000] BIOS-e820: [mem 0x0000000000000000-0x000000000009e7ff] usable
[    0.000000] BIOS-e820: [mem 0x000000000009e800-0x000000000009ffff] reserved
[    0.000000] BIOS-e820: [mem 0x00000000000dc000-0x00000000000fffff] reserved
[    0.000000] BIOS-e820: [mem 0x0000000000100000-0x00000000bfecffff] usable
[    0.000000] BIOS-e820: [mem 0x00000000bfed0000-0x00000000bfefefff] ACPI data
[    0.000000] BIOS-e820: [mem 0x00000000bfeff000-0x00000000bfefffff] ACPI NVS
[    0.000000] BIOS-e820: [mem 0x00000000bff00000-0x00000000bfffffff] usable
[    0.000000] BIOS-e820: [mem 0x00000000f0000000-0x00000000f7ffffff] reserved
[    0.000000] BIOS-e820: [mem 0x00000000fec00000-0x00000000fec0ffff] reserved
[    0.000000] BIOS-e820: [mem 0x00000000fee00000-0x00000000fee00fff] reserved
[    0.000000] BIOS-e820: [mem 0x00000000fffe0000-0x00000000ffffffff] reserved
[    0.000000] BIOS-e820: [mem 0x0000000100000000-0x000000023fffffff] usable
[    0.000000] NX (Execute Disable) protection: active
[    0.000000] SMBIOS 2.7 present.
[    0.000000] DMI: VMware, Inc. VMware Virtual Platform/440BX Desktop Reference Platform, BIOS 6.00 07/22/2020
[    0.000000] Hypervisor detected: VMware
[    0.000000] vmware: TSC freq read from hypervisor : 3096.001 MHz
[    0.000000] vmware: Host bus clock speed read from hypervisor : 66000000 Hz
[    0.000000] vmware: using sched offset of 10918394756 ns
[    0.000000] e820: update [mem 0x00000000-0x00000fff] usable ==> reserved
[    0.000000] e820: remove [mem 0x000a0000-0x000fffff] usable
[    0.000000] e820: last_pfn = 0x240000 max_arch_pfn = 0x400000000
[    0.000000] MTRR default type: uncachable
[    0.000000] MTRR fixed ranges enabled:
[    0.000000]   00000-9FFFF write-back
[    0.000000]   A0000-BFFFF uncachable
[    0.000000]   C0000-CFFFF write-protect
[    0.000000]   D0000-EFFFF uncachable
[    0.000000]   F0000-FFFFF write-protect
[    0.000000] MTRR variable ranges enabled:
[    0.000000]   0 base 000000000000 mask 1FC000000000 write-back
[    0.000000]   1 base 0000C0000000 mask 1FFFC0000000 uncachable
[    0.000000]   2 disabled
[    0.000000]   3 disabled
[    0.000000]   4 disabled
[    0.000000]   5 disabled
[    0.000000]   6 disabled
[    0.000000]   7 disabled
[    0.000000] x86/PAT: Configuration [0-7]: WB  WC  UC- UC  WB  WP  UC- WT  
[    0.000000] total RAM covered: 261120M
[    0.000000]  gran_size: 64K 	chunk_size: 64K 	num_reg: 8  	lose cover RAM: 0G
[    0.000000]  gran_size: 64K 	chunk_size: 128K 	num_reg: 8  	lose cover RAM: 0G
[    0.000000]  gran_size: 64K 	chunk_size: 256K 	num_reg: 8  	lose cover RAM: 0G
[    0.000000]  gran_size: 64K 	chunk_size: 512K 	num_reg: 8  	lose cover RAM: 0G
[    0.000000]  gran_size: 64K 	chunk_size: 1M 	num_reg: 8  	lose cover RAM: 0G
[    0.000000]  gran_size: 64K 	chunk_size: 2M 	num_reg: 8  	lose cover RAM: 0G
[    0.000000]  gran_size: 64K 	chunk_size: 4M 	num_reg: 8  	lose cover RAM: 0G
[    0.000000]  gran_size: 64K 	chunk_size: 8M 	num_reg: 8  	lose cover RAM: 0G
[    0.000000]  gran_size: 64K 	chunk_size: 16M 	num_reg: 8  	lose cover RAM: 0G
[    0.000000]  gran_size: 64K 	chunk_size: 32M 	num_reg: 8  	lose cover RAM: 0G
[    0.000000]  gran_size: 64K 	chunk_size: 64M 	num_reg: 8  	lose cover RAM: 0G
[    0.000000]  gran_size: 64K 	chunk_size: 128M 	num_reg: 8  	lose cover RAM: 0G
[    0.000000]  gran_size: 64K 	chunk_size: 256M 	num_reg: 8  	lose cover RAM: 0G
[    0.000000]  gran_size: 64K 	chunk_size: 512M 	num_reg: 8  	lose cover RAM: 0G
[    0.000000]  gran_size: 64K 	chunk_size: 1G 	num_reg: 8  	lose cover RAM: 0G
[    0.000000]  gran_size: 64K 	chunk_size: 2G 	num_reg: 8  	lose cover RAM: 0G
[    0.000000]  gran_size: 128K 	chunk_size: 128K 	num_reg: 8  	lose cover RAM: 0G
[    0.000000]  gran_size: 128K 	chunk_size: 256K 	num_reg: 8  	lose cover RAM: 0G
[    0.000000]  gran_size: 128K 	chunk_size: 512K 	num_reg: 8  	lose cover RAM: 0G
[    0.000000]  gran_size: 128K 	chunk_size: 1M 	num_reg: 8  	lose cover RAM: 0G
[    0.000000]  gran_size: 128K 	chunk_size: 2M 	num_reg: 8  	lose cover RAM: 0G
[    0.000000]  gran_size: 128K 	chunk_size: 4M 	num_reg: 8  	lose cover RAM: 0G
[    0.000000]  gran_size: 128K 	chunk_size: 8M 	num_reg: 8  	lose cover RAM: 0G
[    0.000000]  gran_size: 128K 	chunk_size: 16M 	num_reg: 8  	lose cover RAM: 0G
[    0.000000]  gran_size: 128K 	chunk_size: 32M 	num_reg: 8  	lose cover RAM: 0G
[    0.000000]  gran_size: 128K 	chunk_size: 64M 	num_reg: 8  	lose cover RAM: 0G
[    0.000000]  gran_size: 128K 	chunk_size: 128M 	num_reg: 8  	lose cover RAM: 0G
[    0.000000]  gran_size: 128K 	chunk_size: 256M 	num_reg: 8  	lose cover RAM: 0G
[    0.000000]  gran_size: 128K 	chunk_size: 512M 	num_reg: 8  	lose cover RAM: 0G
[    0.000000]  gran_size: 128K 	chunk_size: 1G 	num_reg: 8  	lose cover RAM: 0G
[    0.000000]  gran_size: 128K 	chunk_size: 2G 	num_reg: 8  	lose cover RAM: 0G
[    0.000000]  gran_size: 256K 	chunk_size: 256K 	num_reg: 8  	lose cover RAM: 0G
[    0.000000]  gran_size: 256K 	chunk_size: 512K 	num_reg: 8  	lose cover RAM: 0G
[    0.000000]  gran_size: 256K 	chunk_size: 1M 	num_reg: 8  	lose cover RAM: 0G
[    0.000000]  gran_size: 256K 	chunk_size: 2M 	num_reg: 8  	lose cover RAM: 0G
[    0.000000]  gran_size: 256K 	chunk_size: 4M 	num_reg: 8  	lose cover RAM: 0G
[    0.000000]  gran_size: 256K 	chunk_size: 8M 	num_reg: 8  	lose cover RAM: 0G
[    0.000000]  gran_size: 256K 	chunk_size: 16M 	num_reg: 8  	lose cover RAM: 0G
[    0.000000]  gran_size: 256K 	chunk_size: 32M 	num_reg: 8  	lose cover RAM: 0G
[    0.000000]  gran_size: 256K 	chunk_size: 64M 	num_reg: 8  	lose cover RAM: 0G
[    0.000000]  gran_size: 256K 	chunk_size: 128M 	num_reg: 8  	lose cover RAM: 0G
[    0.000000]  gran_size: 256K 	chunk_size: 256M 	num_reg: 8  	lose cover RAM: 0G
[    0.000000]  gran_size: 256K 	chunk_size: 512M 	num_reg: 8  	lose cover RAM: 0G
[    0.000000]  gran_size: 256K 	chunk_size: 1G 	num_reg: 8  	lose cover RAM: 0G
[    0.000000]  gran_size: 256K 	chunk_size: 2G 	num_reg: 8  	lose cover RAM: 0G
[    0.000000]  gran_size: 512K 	chunk_size: 512K 	num_reg: 8  	lose cover RAM: 0G
[    0.000000]  gran_size: 512K 	chunk_size: 1M 	num_reg: 8  	lose cover RAM: 0G
[    0.000000]  gran_size: 512K 	chunk_size: 2M 	num_reg: 8  	lose cover RAM: 0G
[    0.000000]  gran_size: 512K 	chunk_size: 4M 	num_reg: 8  	lose cover RAM: 0G
[    0.000000]  gran_size: 512K 	chunk_size: 8M 	num_reg: 8  	lose cover RAM: 0G
[    0.000000]  gran_size: 512K 	chunk_size: 16M 	num_reg: 8  	lose cover RAM: 0G
[    0.000000]  gran_size: 512K 	chunk_size: 32M 	num_reg: 8  	lose cover RAM: 0G
[    0.000000]  gran_size: 512K 	chunk_size: 64M 	num_reg: 8  	lose cover RAM: 0G
[    0.000000]  gran_size: 512K 	chunk_size: 128M 	num_reg: 8  	lose cover RAM: 0G
[    0.000000]  gran_size: 512K 	chunk_size: 256M 	num_reg: 8  	lose cover RAM: 0G
[    0.000000]  gran_size: 512K 	chunk_size: 512M 	num_reg: 8  	lose cover RAM: 0G
[    0.000000]  gran_size: 512K 	chunk_size: 1G 	num_reg: 8  	lose cover RAM: 0G
[    0.000000]  gran_size: 512K 	chunk_size: 2G 	num_reg: 8  	lose cover RAM: 0G
[    0.000000]  gran_size: 1M 	chunk_size: 1M 	num_reg: 8  	lose cover RAM: 0G
[    0.000000]  gran_size: 1M 	chunk_size: 2M 	num_reg: 8  	lose cover RAM: 0G
[    0.000000]  gran_size: 1M 	chunk_size: 4M 	num_reg: 8  	lose cover RAM: 0G
[    0.000000]  gran_size: 1M 	chunk_size: 8M 	num_reg: 8  	lose cover RAM: 0G
[    0.000000]  gran_size: 1M 	chunk_size: 16M 	num_reg: 8  	lose cover RAM: 0G
[    0.000000]  gran_size: 1M 	chunk_size: 32M 	num_reg: 8  	lose cover RAM: 0G
[    0.000000]  gran_size: 1M 	chunk_size: 64M 	num_reg: 8  	lose cover RAM: 0G
[    0.000000]  gran_size: 1M 	chunk_size: 128M 	num_reg: 8  	lose cover RAM: 0G
[    0.000000]  gran_size: 1M 	chunk_size: 256M 	num_reg: 8  	lose cover RAM: 0G
[    0.000000]  gran_size: 1M 	chunk_size: 512M 	num_reg: 8  	lose cover RAM: 0G
[    0.000000]  gran_size: 1M 	chunk_size: 1G 	num_reg: 8  	lose cover RAM: 0G
[    0.000000]  gran_size: 1M 	chunk_size: 2G 	num_reg: 8  	lose cover RAM: 0G
[    0.000000]  gran_size: 2M 	chunk_size: 2M 	num_reg: 8  	lose cover RAM: 0G
[    0.000000]  gran_size: 2M 	chunk_size: 4M 	num_reg: 8  	lose cover RAM: 0G
[    0.000000]  gran_size: 2M 	chunk_size: 8M 	num_reg: 8  	lose cover RAM: 0G
[    0.000000]  gran_size: 2M 	chunk_size: 16M 	num_reg: 8  	lose cover RAM: 0G
[    0.000000]  gran_size: 2M 	chunk_size: 32M 	num_reg: 8  	lose cover RAM: 0G
[    0.000000]  gran_size: 2M 	chunk_size: 64M 	num_reg: 8  	lose cover RAM: 0G
[    0.000000]  gran_size: 2M 	chunk_size: 128M 	num_reg: 8  	lose cover RAM: 0G
[    0.000000]  gran_size: 2M 	chunk_size: 256M 	num_reg: 8  	lose cover RAM: 0G
[    0.000000]  gran_size: 2M 	chunk_size: 512M 	num_reg: 8  	lose cover RAM: 0G
[    0.000000]  gran_size: 2M 	chunk_size: 1G 	num_reg: 8  	lose cover RAM: 0G
[    0.000000]  gran_size: 2M 	chunk_size: 2G 	num_reg: 8  	lose cover RAM: 0G
[    0.000000]  gran_size: 4M 	chunk_size: 4M 	num_reg: 8  	lose cover RAM: 0G
[    0.000000]  gran_size: 4M 	chunk_size: 8M 	num_reg: 8  	lose cover RAM: 0G
[    0.000000]  gran_size: 4M 	chunk_size: 16M 	num_reg: 8  	lose cover RAM: 0G
[    0.000000]  gran_size: 4M 	chunk_size: 32M 	num_reg: 8  	lose cover RAM: 0G
[    0.000000]  gran_size: 4M 	chunk_size: 64M 	num_reg: 8  	lose cover RAM: 0G
[    0.000000]  gran_size: 4M 	chunk_size: 128M 	num_reg: 8  	lose cover RAM: 0G
[    0.000000]  gran_size: 4M 	chunk_size: 256M 	num_reg: 8  	lose cover RAM: 0G
[    0.000000]  gran_size: 4M 	chunk_size: 512M 	num_reg: 8  	lose cover RAM: 0G
[    0.000000]  gran_size: 4M 	chunk_size: 1G 	num_reg: 8  	lose cover RAM: 0G
[    0.000000]  gran_size: 4M 	chunk_size: 2G 	num_reg: 8  	lose cover RAM: 0G
[    0.000000]  gran_size: 8M 	chunk_size: 8M 	num_reg: 8  	lose cover RAM: 0G
[    0.000000]  gran_size: 8M 	chunk_size: 16M 	num_reg: 8  	lose cover RAM: 0G
[    0.000000]  gran_size: 8M 	chunk_size: 32M 	num_reg: 8  	lose cover RAM: 0G
[    0.000000]  gran_size: 8M 	chunk_size: 64M 	num_reg: 8  	lose cover RAM: 0G
[    0.000000]  gran_size: 8M 	chunk_size: 128M 	num_reg: 8  	lose cover RAM: 0G
[    0.000000]  gran_size: 8M 	chunk_size: 256M 	num_reg: 8  	lose cover RAM: 0G
[    0.000000]  gran_size: 8M 	chunk_size: 512M 	num_reg: 8  	lose cover RAM: 0G
[    0.000000]  gran_size: 8M 	chunk_size: 1G 	num_reg: 8  	lose cover RAM: 0G
[    0.000000]  gran_size: 8M 	chunk_size: 2G 	num_reg: 8  	lose cover RAM: 0G
[    0.000000]  gran_size: 16M 	chunk_size: 16M 	num_reg: 8  	lose cover RAM: 0G
[    0.000000]  gran_size: 16M 	chunk_size: 32M 	num_reg: 8  	lose cover RAM: 0G
[    0.000000]  gran_size: 16M 	chunk_size: 64M 	num_reg: 8  	lose cover RAM: 0G
[    0.000000]  gran_size: 16M 	chunk_size: 128M 	num_reg: 8  	lose cover RAM: 0G
[    0.000000]  gran_size: 16M 	chunk_size: 256M 	num_reg: 8  	lose cover RAM: 0G
[    0.000000]  gran_size: 16M 	chunk_size: 512M 	num_reg: 8  	lose cover RAM: 0G
[    0.000000]  gran_size: 16M 	chunk_size: 1G 	num_reg: 8  	lose cover RAM: 0G
[    0.000000]  gran_size: 16M 	chunk_size: 2G 	num_reg: 8  	lose cover RAM: 0G
[    0.000000]  gran_size: 32M 	chunk_size: 32M 	num_reg: 8  	lose cover RAM: 0G
[    0.000000]  gran_size: 32M 	chunk_size: 64M 	num_reg: 8  	lose cover RAM: 0G
[    0.000000]  gran_size: 32M 	chunk_size: 128M 	num_reg: 8  	lose cover RAM: 0G
[    0.000000]  gran_size: 32M 	chunk_size: 256M 	num_reg: 8  	lose cover RAM: 0G
[    0.000000]  gran_size: 32M 	chunk_size: 512M 	num_reg: 8  	lose cover RAM: 0G
[    0.000000]  gran_size: 32M 	chunk_size: 1G 	num_reg: 8  	lose cover RAM: 0G
[    0.000000]  gran_size: 32M 	chunk_size: 2G 	num_reg: 8  	lose cover RAM: 0G
[    0.000000]  gran_size: 64M 	chunk_size: 64M 	num_reg: 8  	lose cover RAM: 0G
[    0.000000]  gran_size: 64M 	chunk_size: 128M 	num_reg: 8  	lose cover RAM: 0G
[    0.000000]  gran_size: 64M 	chunk_size: 256M 	num_reg: 8  	lose cover RAM: 0G
[    0.000000]  gran_size: 64M 	chunk_size: 512M 	num_reg: 8  	lose cover RAM: 0G
[    0.000000]  gran_size: 64M 	chunk_size: 1G 	num_reg: 8  	lose cover RAM: 0G
[    0.000000]  gran_size: 64M 	chunk_size: 2G 	num_reg: 8  	lose cover RAM: 0G
[    0.000000]  gran_size: 128M 	chunk_size: 128M 	num_reg: 8  	lose cover RAM: 0G
[    0.000000]  gran_size: 128M 	chunk_size: 256M 	num_reg: 8  	lose cover RAM: 0G
[    0.000000]  gran_size: 128M 	chunk_size: 512M 	num_reg: 8  	lose cover RAM: 0G
[    0.000000]  gran_size: 128M 	chunk_size: 1G 	num_reg: 8  	lose cover RAM: 0G
[    0.000000]  gran_size: 128M 	chunk_size: 2G 	num_reg: 8  	lose cover RAM: 0G
[    0.000000]  gran_size: 256M 	chunk_size: 256M 	num_reg: 8  	lose cover RAM: 0G
[    0.000000]  gran_size: 256M 	chunk_size: 512M 	num_reg: 8  	lose cover RAM: 0G
[    0.000000]  gran_size: 256M 	chunk_size: 1G 	num_reg: 8  	lose cover RAM: 0G
[    0.000000]  gran_size: 256M 	chunk_size: 2G 	num_reg: 8  	lose cover RAM: 0G
[    0.000000]  gran_size: 512M 	chunk_size: 512M 	num_reg: 8  	lose cover RAM: 0G
[    0.000000]  gran_size: 512M 	chunk_size: 1G 	num_reg: 8  	lose cover RAM: 0G
[    0.000000]  gran_size: 512M 	chunk_size: 2G 	num_reg: 8  	lose cover RAM: 0G
[    0.000000]  gran_size: 1G 	chunk_size: 1G 	num_reg: 8  	lose cover RAM: 0G
[    0.000000]  gran_size: 1G 	chunk_size: 2G 	num_reg: 8  	lose cover RAM: 0G
[    0.000000]  gran_size: 2G 	chunk_size: 2G 	num_reg: 7  	lose cover RAM: 1G
[    0.000000] mtrr_cleanup: can not find optimal value
[    0.000000] please specify mtrr_gran_size/mtrr_chunk_size
[    0.000000] e820: update [mem 0xc0000000-0xffffffff] usable ==> reserved
[    0.000000] e820: last_pfn = 0xc0000 max_arch_pfn = 0x400000000
[    0.000000] found SMP MP-table at [mem 0x000f6a70-0x000f6a7f] mapped at [        (ptrval)]
[    0.000000] Scanning 1 areas for low memory corruption
[    0.000000] Base memory trampoline at [        (ptrval)] 98000 size 24576
[    0.000000] Using GB pages for direct mapping
[    0.000000] BRK [0xbdd48000, 0xbdd48fff] PGTABLE
[    0.000000] BRK [0xbdd49000, 0xbdd49fff] PGTABLE
[    0.000000] BRK [0xbdd4a000, 0xbdd4afff] PGTABLE
[    0.000000] BRK [0xbdd4b000, 0xbdd4bfff] PGTABLE
[    0.000000] RAMDISK: [mem 0x1c522000-0x37feffff]
[    0.000000] ACPI: Early table checksum verification disabled
[    0.000000] ACPI: RSDP 0x00000000000F6A00 000024 (v02 PTLTD )
[    0.000000] ACPI: XSDT 0x00000000BFEDB633 00005C (v01 INTEL  440BX    06040000 VMW  01324272)
[    0.000000] ACPI: FACP 0x00000000BFEFEE73 0000F4 (v04 INTEL  440BX    06040000 PTL  000F4240)
[    0.000000] ACPI: DSDT 0x00000000BFEDD001 021E72 (v01 PTLTD  Custom   06040000 MSFT 03000001)
[    0.000000] ACPI: FACS 0x00000000BFEFFFC0 000040
[    0.000000] ACPI: FACS 0x00000000BFEFFFC0 000040
[    0.000000] ACPI: BOOT 0x00000000BFEDCFB4 000028 (v01 PTLTD  $SBFTBL$ 06040000  LTP 00000001)
[    0.000000] ACPI: APIC 0x00000000BFEDC872 000742 (v01 PTLTD  ? APIC   06040000  LTP 00000000)
[    0.000000] ACPI: MCFG 0x00000000BFEDC836 00003C (v01 PTLTD  $PCITBL$ 06040000  LTP 00000001)
[    0.000000] ACPI: SRAT 0x00000000BFEDB72F 0008D0 (v02 VMWARE MEMPLUG  06040000 VMW  00000001)
[    0.000000] ACPI: HPET 0x00000000BFEDB6F7 000038 (v01 VMWARE VMW HPET 06040000 VMW  00000001)
[    0.000000] ACPI: WAET 0x00000000BFEDB6CF 000028 (v01 VMWARE VMW WAET 06040000 VMW  00000001)
[    0.000000] ACPI: Local APIC address 0xfee00000
[    0.000000] system APIC only can use physical flat
[    0.000000] Setting APIC routing to physical flat.
[    0.000000] SRAT: PXM 0 -> APIC 0x00 -> Node 0
[    0.000000] SRAT: PXM 0 -> APIC 0x01 -> Node 0
[    0.000000] SRAT: PXM 0 -> APIC 0x02 -> Node 0
[    0.000000] SRAT: PXM 0 -> APIC 0x03 -> Node 0
[    0.000000] SRAT: PXM 0 -> APIC 0x04 -> Node 0
[    0.000000] SRAT: PXM 0 -> APIC 0x05 -> Node 0
[    0.000000] SRAT: PXM 0 -> APIC 0x06 -> Node 0
[    0.000000] SRAT: PXM 0 -> APIC 0x07 -> Node 0
[    0.000000] SRAT: PXM 0 -> APIC 0x08 -> Node 0
[    0.000000] SRAT: PXM 0 -> APIC 0x09 -> Node 0
[    0.000000] SRAT: PXM 0 -> APIC 0x0a -> Node 0
[    0.000000] SRAT: PXM 0 -> APIC 0x0b -> Node 0
[    0.000000] SRAT: PXM 0 -> APIC 0x0c -> Node 0
[    0.000000] SRAT: PXM 0 -> APIC 0x0d -> Node 0
[    0.000000] SRAT: PXM 0 -> APIC 0x0e -> Node 0
[    0.000000] SRAT: PXM 0 -> APIC 0x0f -> Node 0
[    0.000000] SRAT: PXM 0 -> APIC 0x10 -> Node 0
[    0.000000] SRAT: PXM 0 -> APIC 0x11 -> Node 0
[    0.000000] SRAT: PXM 0 -> APIC 0x12 -> Node 0
[    0.000000] SRAT: PXM 0 -> APIC 0x13 -> Node 0
[    0.000000] SRAT: PXM 0 -> APIC 0x14 -> Node 0
[    0.000000] SRAT: PXM 0 -> APIC 0x15 -> Node 0
[    0.000000] SRAT: PXM 0 -> APIC 0x16 -> Node 0
[    0.000000] SRAT: PXM 0 -> APIC 0x17 -> Node 0
[    0.000000] SRAT: PXM 0 -> APIC 0x18 -> Node 0
[    0.000000] SRAT: PXM 0 -> APIC 0x19 -> Node 0
[    0.000000] SRAT: PXM 0 -> APIC 0x1a -> Node 0
[    0.000000] SRAT: PXM 0 -> APIC 0x1b -> Node 0
[    0.000000] SRAT: PXM 0 -> APIC 0x1c -> Node 0
[    0.000000] SRAT: PXM 0 -> APIC 0x1d -> Node 0
[    0.000000] SRAT: PXM 0 -> APIC 0x1e -> Node 0
[    0.000000] SRAT: PXM 0 -> APIC 0x1f -> Node 0
[    0.000000] SRAT: PXM 0 -> APIC 0x20 -> Node 0
[    0.000000] SRAT: PXM 0 -> APIC 0x21 -> Node 0
[    0.000000] SRAT: PXM 0 -> APIC 0x22 -> Node 0
[    0.000000] SRAT: PXM 0 -> APIC 0x23 -> Node 0
[    0.000000] SRAT: PXM 0 -> APIC 0x24 -> Node 0
[    0.000000] SRAT: PXM 0 -> APIC 0x25 -> Node 0
[    0.000000] SRAT: PXM 0 -> APIC 0x26 -> Node 0
[    0.000000] SRAT: PXM 0 -> APIC 0x27 -> Node 0
[    0.000000] SRAT: PXM 0 -> APIC 0x28 -> Node 0
[    0.000000] SRAT: PXM 0 -> APIC 0x29 -> Node 0
[    0.000000] SRAT: PXM 0 -> APIC 0x2a -> Node 0
[    0.000000] SRAT: PXM 0 -> APIC 0x2b -> Node 0
[    0.000000] SRAT: PXM 0 -> APIC 0x2c -> Node 0
[    0.000000] SRAT: PXM 0 -> APIC 0x2d -> Node 0
[    0.000000] SRAT: PXM 0 -> APIC 0x2e -> Node 0
[    0.000000] SRAT: PXM 0 -> APIC 0x2f -> Node 0
[    0.000000] SRAT: PXM 0 -> APIC 0x30 -> Node 0
[    0.000000] SRAT: PXM 0 -> APIC 0x31 -> Node 0
[    0.000000] SRAT: PXM 0 -> APIC 0x32 -> Node 0
[    0.000000] SRAT: PXM 0 -> APIC 0x33 -> Node 0
[    0.000000] SRAT: PXM 0 -> APIC 0x34 -> Node 0
[    0.000000] SRAT: PXM 0 -> APIC 0x35 -> Node 0
[    0.000000] SRAT: PXM 0 -> APIC 0x36 -> Node 0
[    0.000000] SRAT: PXM 0 -> APIC 0x37 -> Node 0
[    0.000000] SRAT: PXM 0 -> APIC 0x38 -> Node 0
[    0.000000] SRAT: PXM 0 -> APIC 0x39 -> Node 0
[    0.000000] SRAT: PXM 0 -> APIC 0x3a -> Node 0
[    0.000000] SRAT: PXM 0 -> APIC 0x3b -> Node 0
[    0.000000] SRAT: PXM 0 -> APIC 0x3c -> Node 0
[    0.000000] SRAT: PXM 0 -> APIC 0x3d -> Node 0
[    0.000000] SRAT: PXM 0 -> APIC 0x3e -> Node 0
[    0.000000] SRAT: PXM 0 -> APIC 0x3f -> Node 0
[    0.000000] SRAT: PXM 0 -> APIC 0x40 -> Node 0
[    0.000000] SRAT: PXM 0 -> APIC 0x41 -> Node 0
[    0.000000] SRAT: PXM 0 -> APIC 0x42 -> Node 0
[    0.000000] SRAT: PXM 0 -> APIC 0x43 -> Node 0
[    0.000000] SRAT: PXM 0 -> APIC 0x44 -> Node 0
[    0.000000] SRAT: PXM 0 -> APIC 0x45 -> Node 0
[    0.000000] SRAT: PXM 0 -> APIC 0x46 -> Node 0
[    0.000000] SRAT: PXM 0 -> APIC 0x47 -> Node 0
[    0.000000] SRAT: PXM 0 -> APIC 0x48 -> Node 0
[    0.000000] SRAT: PXM 0 -> APIC 0x49 -> Node 0
[    0.000000] SRAT: PXM 0 -> APIC 0x4a -> Node 0
[    0.000000] SRAT: PXM 0 -> APIC 0x4b -> Node 0
[    0.000000] SRAT: PXM 0 -> APIC 0x4c -> Node 0
[    0.000000] SRAT: PXM 0 -> APIC 0x4d -> Node 0
[    0.000000] SRAT: PXM 0 -> APIC 0x4e -> Node 0
[    0.000000] SRAT: PXM 0 -> APIC 0x4f -> Node 0
[    0.000000] SRAT: PXM 0 -> APIC 0x50 -> Node 0
[    0.000000] SRAT: PXM 0 -> APIC 0x51 -> Node 0
[    0.000000] SRAT: PXM 0 -> APIC 0x52 -> Node 0
[    0.000000] SRAT: PXM 0 -> APIC 0x53 -> Node 0
[    0.000000] SRAT: PXM 0 -> APIC 0x54 -> Node 0
[    0.000000] SRAT: PXM 0 -> APIC 0x55 -> Node 0
[    0.000000] SRAT: PXM 0 -> APIC 0x56 -> Node 0
[    0.000000] SRAT: PXM 0 -> APIC 0x57 -> Node 0
[    0.000000] SRAT: PXM 0 -> APIC 0x58 -> Node 0
[    0.000000] SRAT: PXM 0 -> APIC 0x59 -> Node 0
[    0.000000] SRAT: PXM 0 -> APIC 0x5a -> Node 0
[    0.000000] SRAT: PXM 0 -> APIC 0x5b -> Node 0
[    0.000000] SRAT: PXM 0 -> APIC 0x5c -> Node 0
[    0.000000] SRAT: PXM 0 -> APIC 0x5d -> Node 0
[    0.000000] SRAT: PXM 0 -> APIC 0x5e -> Node 0
[    0.000000] SRAT: PXM 0 -> APIC 0x5f -> Node 0
[    0.000000] SRAT: PXM 0 -> APIC 0x60 -> Node 0
[    0.000000] SRAT: PXM 0 -> APIC 0x61 -> Node 0
[    0.000000] SRAT: PXM 0 -> APIC 0x62 -> Node 0
[    0.000000] SRAT: PXM 0 -> APIC 0x63 -> Node 0
[    0.000000] SRAT: PXM 0 -> APIC 0x64 -> Node 0
[    0.000000] SRAT: PXM 0 -> APIC 0x65 -> Node 0
[    0.000000] SRAT: PXM 0 -> APIC 0x66 -> Node 0
[    0.000000] SRAT: PXM 0 -> APIC 0x67 -> Node 0
[    0.000000] SRAT: PXM 0 -> APIC 0x68 -> Node 0
[    0.000000] SRAT: PXM 0 -> APIC 0x69 -> Node 0
[    0.000000] SRAT: PXM 0 -> APIC 0x6a -> Node 0
[    0.000000] SRAT: PXM 0 -> APIC 0x6b -> Node 0
[    0.000000] SRAT: PXM 0 -> APIC 0x6c -> Node 0
[    0.000000] SRAT: PXM 0 -> APIC 0x6d -> Node 0
[    0.000000] SRAT: PXM 0 -> APIC 0x6e -> Node 0
[    0.000000] SRAT: PXM 0 -> APIC 0x6f -> Node 0
[    0.000000] SRAT: PXM 0 -> APIC 0x70 -> Node 0
[    0.000000] SRAT: PXM 0 -> APIC 0x71 -> Node 0
[    0.000000] SRAT: PXM 0 -> APIC 0x72 -> Node 0
[    0.000000] SRAT: PXM 0 -> APIC 0x73 -> Node 0
[    0.000000] SRAT: PXM 0 -> APIC 0x74 -> Node 0
[    0.000000] SRAT: PXM 0 -> APIC 0x75 -> Node 0
[    0.000000] SRAT: PXM 0 -> APIC 0x76 -> Node 0
[    0.000000] SRAT: PXM 0 -> APIC 0x77 -> Node 0
[    0.000000] SRAT: PXM 0 -> APIC 0x78 -> Node 0
[    0.000000] SRAT: PXM 0 -> APIC 0x79 -> Node 0
[    0.000000] SRAT: PXM 0 -> APIC 0x7a -> Node 0
[    0.000000] SRAT: PXM 0 -> APIC 0x7b -> Node 0
[    0.000000] SRAT: PXM 0 -> APIC 0x7c -> Node 0
[    0.000000] SRAT: PXM 0 -> APIC 0x7d -> Node 0
[    0.000000] SRAT: PXM 0 -> APIC 0x7e -> Node 0
[    0.000000] SRAT: PXM 0 -> APIC 0x7f -> Node 0
[    0.000000] ACPI: SRAT: Node 0 PXM 0 [mem 0x00000000-0x0009ffff]
[    0.000000] ACPI: SRAT: Node 0 PXM 0 [mem 0x00100000-0xbfffffff]
[    0.000000] ACPI: SRAT: Node 0 PXM 0 [mem 0x100000000-0x23fffffff]
[    0.000000] ACPI: SRAT: Node 0 PXM 0 [mem 0x240000000-0x203fffffff] hotplug
[    0.000000] NUMA: Node 0 [mem 0x00000000-0x0009ffff] + [mem 0x00100000-0xbfffffff] -> [mem 0x00000000-0xbfffffff]
[    0.000000] NUMA: Node 0 [mem 0x00000000-0xbfffffff] + [mem 0x100000000-0x23fffffff] -> [mem 0x00000000-0x23fffffff]
[    0.000000] NODE_DATA(0) allocated [mem 0x23ffd3000-0x23fffdfff]
[    0.000000] Zone ranges:
[    0.000000]   DMA      [mem 0x0000000000001000-0x0000000000ffffff]
[    0.000000]   DMA32    [mem 0x0000000001000000-0x00000000ffffffff]
[    0.000000]   Normal   [mem 0x0000000100000000-0x000000023fffffff]
[    0.000000]   Device   empty
[    0.000000] Movable zone start for each node
[    0.000000] Early memory node ranges
[    0.000000]   node   0: [mem 0x0000000000001000-0x000000000009dfff]
[    0.000000]   node   0: [mem 0x0000000000100000-0x00000000bfecffff]
[    0.000000]   node   0: [mem 0x00000000bff00000-0x00000000bfffffff]
[    0.000000]   node   0: [mem 0x0000000100000000-0x000000023fffffff]
[    0.000000] Reserved but unavailable: 147 pages
[    0.000000] Initmem setup node 0 [mem 0x0000000000001000-0x000000023fffffff]
[    0.000000] On node 0 totalpages: 2097005
[    0.000000]   DMA zone: 64 pages used for memmap
[    0.000000]   DMA zone: 21 pages reserved
[    0.000000]   DMA zone: 3997 pages, LIFO batch:0
[    0.000000]   DMA32 zone: 12224 pages used for memmap
[    0.000000]   DMA32 zone: 782288 pages, LIFO batch:31
[    0.000000]   Normal zone: 20480 pages used for memmap
[    0.000000]   Normal zone: 1310720 pages, LIFO batch:31
[    0.000000] ACPI: PM-Timer IO Port: 0x1008
[    0.000000] ACPI: Local APIC address 0xfee00000
[    0.000000] system APIC only can use physical flat
[    0.000000] ACPI: LAPIC_NMI (acpi_id[0x00] high edge lint[0x1])
[    0.000000] ACPI: LAPIC_NMI (acpi_id[0x01] high edge lint[0x1])
[    0.000000] ACPI: LAPIC_NMI (acpi_id[0x02] high edge lint[0x1])
[    0.000000] ACPI: LAPIC_NMI (acpi_id[0x03] high edge lint[0x1])
[    0.000000] ACPI: LAPIC_NMI (acpi_id[0x04] high edge lint[0x1])
[    0.000000] ACPI: LAPIC_NMI (acpi_id[0x05] high edge lint[0x1])
[    0.000000] ACPI: LAPIC_NMI (acpi_id[0x06] high edge lint[0x1])
[    0.000000] ACPI: LAPIC_NMI (acpi_id[0x07] high edge lint[0x1])
[    0.000000] ACPI: LAPIC_NMI (acpi_id[0x08] high edge lint[0x1])
[    0.000000] ACPI: LAPIC_NMI (acpi_id[0x09] high edge lint[0x1])
[    0.000000] ACPI: LAPIC_NMI (acpi_id[0x0a] high edge lint[0x1])
[    0.000000] ACPI: LAPIC_NMI (acpi_id[0x0b] high edge lint[0x1])
[    0.000000] ACPI: LAPIC_NMI (acpi_id[0x0c] high edge lint[0x1])
[    0.000000] ACPI: LAPIC_NMI (acpi_id[0x0d] high edge lint[0x1])
[    0.000000] ACPI: LAPIC_NMI (acpi_id[0x0e] high edge lint[0x1])
[    0.000000] ACPI: LAPIC_NMI (acpi_id[0x0f] high edge lint[0x1])
[    0.000000] ACPI: LAPIC_NMI (acpi_id[0x10] high edge lint[0x1])
[    0.000000] ACPI: LAPIC_NMI (acpi_id[0x11] high edge lint[0x1])
[    0.000000] ACPI: LAPIC_NMI (acpi_id[0x12] high edge lint[0x1])
[    0.000000] ACPI: LAPIC_NMI (acpi_id[0x13] high edge lint[0x1])
[    0.000000] ACPI: LAPIC_NMI (acpi_id[0x14] high edge lint[0x1])
[    0.000000] ACPI: LAPIC_NMI (acpi_id[0x15] high edge lint[0x1])
[    0.000000] ACPI: LAPIC_NMI (acpi_id[0x16] high edge lint[0x1])
[    0.000000] ACPI: LAPIC_NMI (acpi_id[0x17] high edge lint[0x1])
[    0.000000] ACPI: LAPIC_NMI (acpi_id[0x18] high edge lint[0x1])
[    0.000000] ACPI: LAPIC_NMI (acpi_id[0x19] high edge lint[0x1])
[    0.000000] ACPI: LAPIC_NMI (acpi_id[0x1a] high edge lint[0x1])
[    0.000000] ACPI: LAPIC_NMI (acpi_id[0x1b] high edge lint[0x1])
[    0.000000] ACPI: LAPIC_NMI (acpi_id[0x1c] high edge lint[0x1])
[    0.000000] ACPI: LAPIC_NMI (acpi_id[0x1d] high edge lint[0x1])
[    0.000000] ACPI: LAPIC_NMI (acpi_id[0x1e] high edge lint[0x1])
[    0.000000] ACPI: LAPIC_NMI (acpi_id[0x1f] high edge lint[0x1])
[    0.000000] ACPI: LAPIC_NMI (acpi_id[0x20] high edge lint[0x1])
[    0.000000] ACPI: LAPIC_NMI (acpi_id[0x21] high edge lint[0x1])
[    0.000000] ACPI: LAPIC_NMI (acpi_id[0x22] high edge lint[0x1])
[    0.000000] ACPI: LAPIC_NMI (acpi_id[0x23] high edge lint[0x1])
[    0.000000] ACPI: LAPIC_NMI (acpi_id[0x24] high edge lint[0x1])
[    0.000000] ACPI: LAPIC_NMI (acpi_id[0x25] high edge lint[0x1])
[    0.000000] ACPI: LAPIC_NMI (acpi_id[0x26] high edge lint[0x1])
[    0.000000] ACPI: LAPIC_NMI (acpi_id[0x27] high edge lint[0x1])
[    0.000000] ACPI: LAPIC_NMI (acpi_id[0x28] high edge lint[0x1])
[    0.000000] ACPI: LAPIC_NMI (acpi_id[0x29] high edge lint[0x1])
[    0.000000] ACPI: LAPIC_NMI (acpi_id[0x2a] high edge lint[0x1])
[    0.000000] ACPI: LAPIC_NMI (acpi_id[0x2b] high edge lint[0x1])
[    0.000000] ACPI: LAPIC_NMI (acpi_id[0x2c] high edge lint[0x1])
[    0.000000] ACPI: LAPIC_NMI (acpi_id[0x2d] high edge lint[0x1])
[    0.000000] ACPI: LAPIC_NMI (acpi_id[0x2e] high edge lint[0x1])
[    0.000000] ACPI: LAPIC_NMI (acpi_id[0x2f] high edge lint[0x1])
[    0.000000] ACPI: LAPIC_NMI (acpi_id[0x30] high edge lint[0x1])
[    0.000000] ACPI: LAPIC_NMI (acpi_id[0x31] high edge lint[0x1])
[    0.000000] ACPI: LAPIC_NMI (acpi_id[0x32] high edge lint[0x1])
[    0.000000] ACPI: LAPIC_NMI (acpi_id[0x33] high edge lint[0x1])
[    0.000000] ACPI: LAPIC_NMI (acpi_id[0x34] high edge lint[0x1])
[    0.000000] ACPI: LAPIC_NMI (acpi_id[0x35] high edge lint[0x1])
[    0.000000] ACPI: LAPIC_NMI (acpi_id[0x36] high edge lint[0x1])
[    0.000000] ACPI: LAPIC_NMI (acpi_id[0x37] high edge lint[0x1])
[    0.000000] ACPI: LAPIC_NMI (acpi_id[0x38] high edge lint[0x1])
[    0.000000] ACPI: LAPIC_NMI (acpi_id[0x39] high edge lint[0x1])
[    0.000000] ACPI: LAPIC_NMI (acpi_id[0x3a] high edge lint[0x1])
[    0.000000] ACPI: LAPIC_NMI (acpi_id[0x3b] high edge lint[0x1])
[    0.000000] ACPI: LAPIC_NMI (acpi_id[0x3c] high edge lint[0x1])
[    0.000000] ACPI: LAPIC_NMI (acpi_id[0x3d] high edge lint[0x1])
[    0.000000] ACPI: LAPIC_NMI (acpi_id[0x3e] high edge lint[0x1])
[    0.000000] ACPI: LAPIC_NMI (acpi_id[0x3f] high edge lint[0x1])
[    0.000000] ACPI: LAPIC_NMI (acpi_id[0x40] high edge lint[0x1])
[    0.000000] ACPI: LAPIC_NMI (acpi_id[0x41] high edge lint[0x1])
[    0.000000] ACPI: LAPIC_NMI (acpi_id[0x42] high edge lint[0x1])
[    0.000000] ACPI: LAPIC_NMI (acpi_id[0x43] high edge lint[0x1])
[    0.000000] ACPI: LAPIC_NMI (acpi_id[0x44] high edge lint[0x1])
[    0.000000] ACPI: LAPIC_NMI (acpi_id[0x45] high edge lint[0x1])
[    0.000000] ACPI: LAPIC_NMI (acpi_id[0x46] high edge lint[0x1])
[    0.000000] ACPI: LAPIC_NMI (acpi_id[0x47] high edge lint[0x1])
[    0.000000] ACPI: LAPIC_NMI (acpi_id[0x48] high edge lint[0x1])
[    0.000000] ACPI: LAPIC_NMI (acpi_id[0x49] high edge lint[0x1])
[    0.000000] ACPI: LAPIC_NMI (acpi_id[0x4a] high edge lint[0x1])
[    0.000000] ACPI: LAPIC_NMI (acpi_id[0x4b] high edge lint[0x1])
[    0.000000] ACPI: LAPIC_NMI (acpi_id[0x4c] high edge lint[0x1])
[    0.000000] ACPI: LAPIC_NMI (acpi_id[0x4d] high edge lint[0x1])
[    0.000000] ACPI: LAPIC_NMI (acpi_id[0x4e] high edge lint[0x1])
[    0.000000] ACPI: LAPIC_NMI (acpi_id[0x4f] high edge lint[0x1])
[    0.000000] ACPI: LAPIC_NMI (acpi_id[0x50] high edge lint[0x1])
[    0.000000] ACPI: LAPIC_NMI (acpi_id[0x51] high edge lint[0x1])
[    0.000000] ACPI: LAPIC_NMI (acpi_id[0x52] high edge lint[0x1])
[    0.000000] ACPI: LAPIC_NMI (acpi_id[0x53] high edge lint[0x1])
[    0.000000] ACPI: LAPIC_NMI (acpi_id[0x54] high edge lint[0x1])
[    0.000000] ACPI: LAPIC_NMI (acpi_id[0x55] high edge lint[0x1])
[    0.000000] ACPI: LAPIC_NMI (acpi_id[0x56] high edge lint[0x1])
[    0.000000] ACPI: LAPIC_NMI (acpi_id[0x57] high edge lint[0x1])
[    0.000000] ACPI: LAPIC_NMI (acpi_id[0x58] high edge lint[0x1])
[    0.000000] ACPI: LAPIC_NMI (acpi_id[0x59] high edge lint[0x1])
[    0.000000] ACPI: LAPIC_NMI (acpi_id[0x5a] high edge lint[0x1])
[    0.000000] ACPI: LAPIC_NMI (acpi_id[0x5b] high edge lint[0x1])
[    0.000000] ACPI: LAPIC_NMI (acpi_id[0x5c] high edge lint[0x1])
[    0.000000] ACPI: LAPIC_NMI (acpi_id[0x5d] high edge lint[0x1])
[    0.000000] ACPI: LAPIC_NMI (acpi_id[0x5e] high edge lint[0x1])
[    0.000000] ACPI: LAPIC_NMI (acpi_id[0x5f] high edge lint[0x1])
[    0.000000] ACPI: LAPIC_NMI (acpi_id[0x60] high edge lint[0x1])
[    0.000000] ACPI: LAPIC_NMI (acpi_id[0x61] high edge lint[0x1])
[    0.000000] ACPI: LAPIC_NMI (acpi_id[0x62] high edge lint[0x1])
[    0.000000] ACPI: LAPIC_NMI (acpi_id[0x63] high edge lint[0x1])
[    0.000000] ACPI: LAPIC_NMI (acpi_id[0x64] high edge lint[0x1])
[    0.000000] ACPI: LAPIC_NMI (acpi_id[0x65] high edge lint[0x1])
[    0.000000] ACPI: LAPIC_NMI (acpi_id[0x66] high edge lint[0x1])
[    0.000000] ACPI: LAPIC_NMI (acpi_id[0x67] high edge lint[0x1])
[    0.000000] ACPI: LAPIC_NMI (acpi_id[0x68] high edge lint[0x1])
[    0.000000] ACPI: LAPIC_NMI (acpi_id[0x69] high edge lint[0x1])
[    0.000000] ACPI: LAPIC_NMI (acpi_id[0x6a] high edge lint[0x1])
[    0.000000] ACPI: LAPIC_NMI (acpi_id[0x6b] high edge lint[0x1])
[    0.000000] ACPI: LAPIC_NMI (acpi_id[0x6c] high edge lint[0x1])
[    0.000000] ACPI: LAPIC_NMI (acpi_id[0x6d] high edge lint[0x1])
[    0.000000] ACPI: LAPIC_NMI (acpi_id[0x6e] high edge lint[0x1])
[    0.000000] ACPI: LAPIC_NMI (acpi_id[0x6f] high edge lint[0x1])
[    0.000000] ACPI: LAPIC_NMI (acpi_id[0x70] high edge lint[0x1])
[    0.000000] ACPI: LAPIC_NMI (acpi_id[0x71] high edge lint[0x1])
[    0.000000] ACPI: LAPIC_NMI (acpi_id[0x72] high edge lint[0x1])
[    0.000000] ACPI: LAPIC_NMI (acpi_id[0x73] high edge lint[0x1])
[    0.000000] ACPI: LAPIC_NMI (acpi_id[0x74] high edge lint[0x1])
[    0.000000] ACPI: LAPIC_NMI (acpi_id[0x75] high edge lint[0x1])
[    0.000000] ACPI: LAPIC_NMI (acpi_id[0x76] high edge lint[0x1])
[    0.000000] ACPI: LAPIC_NMI (acpi_id[0x77] high edge lint[0x1])
[    0.000000] ACPI: LAPIC_NMI (acpi_id[0x78] high edge lint[0x1])
[    0.000000] ACPI: LAPIC_NMI (acpi_id[0x79] high edge lint[0x1])
[    0.000000] ACPI: LAPIC_NMI (acpi_id[0x7a] high edge lint[0x1])
[    0.000000] ACPI: LAPIC_NMI (acpi_id[0x7b] high edge lint[0x1])
[    0.000000] ACPI: LAPIC_NMI (acpi_id[0x7c] high edge lint[0x1])
[    0.000000] ACPI: LAPIC_NMI (acpi_id[0x7d] high edge lint[0x1])
[    0.000000] ACPI: LAPIC_NMI (acpi_id[0x7e] high edge lint[0x1])
[    0.000000] ACPI: LAPIC_NMI (acpi_id[0x7f] high edge lint[0x1])
[    0.000000] IOAPIC[0]: apic_id 128, version 32, address 0xfec00000, GSI 0-23
[    0.000000] ACPI: INT_SRC_OVR (bus 0 bus_irq 0 global_irq 2 high edge)
[    0.000000] ACPI: IRQ0 used by override.
[    0.000000] ACPI: IRQ9 used by override.
[    0.000000] Using ACPI (MADT) for SMP configuration information
[    0.000000] ACPI: HPET id: 0x8086af01 base: 0xfed00000
[    0.000000] smpboot: Allowing 128 CPUs, 124 hotplug CPUs
[    0.000000] PM: Registered nosave memory: [mem 0x00000000-0x00000fff]
[    0.000000] PM: Registered nosave memory: [mem 0x0009e000-0x0009efff]
[    0.000000] PM: Registered nosave memory: [mem 0x0009f000-0x0009ffff]
[    0.000000] PM: Registered nosave memory: [mem 0x000a0000-0x000dbfff]
[    0.000000] PM: Registered nosave memory: [mem 0x000dc000-0x000fffff]
[    0.000000] PM: Registered nosave memory: [mem 0xbfed0000-0xbfefefff]
[    0.000000] PM: Registered nosave memory: [mem 0xbfeff000-0xbfefffff]
[    0.000000] PM: Registered nosave memory: [mem 0xc0000000-0xefffffff]
[    0.000000] PM: Registered nosave memory: [mem 0xf0000000-0xf7ffffff]
[    0.000000] PM: Registered nosave memory: [mem 0xf8000000-0xfebfffff]
[    0.000000] PM: Registered nosave memory: [mem 0xfec00000-0xfec0ffff]
[    0.000000] PM: Registered nosave memory: [mem 0xfec10000-0xfedfffff]
[    0.000000] PM: Registered nosave memory: [mem 0xfee00000-0xfee00fff]
[    0.000000] PM: Registered nosave memory: [mem 0xfee01000-0xfffdffff]
[    0.000000] PM: Registered nosave memory: [mem 0xfffe0000-0xffffffff]
[    0.000000] e820: [mem 0xc0000000-0xefffffff] available for PCI devices
[    0.000000] Booting paravirtualized kernel on VMware hypervisor
[    0.000000] clocksource: refined-jiffies: mask: 0xffffffff max_cycles: 0xffffffff, max_idle_ns: 7645519600211568 ns
[    0.000000] random: get_random_bytes called from start_kernel+0x99/0x578 with crng_init=0
[    0.000000] setup_percpu: NR_CPUS:8192 nr_cpumask_bits:128 nr_cpu_ids:128 nr_node_ids:1
[    0.000000] percpu: Embedded 46 pages/cpu @        (ptrval) s151552 r8192 d28672 u262144
[    0.000000] pcpu-alloc: s151552 r8192 d28672 u262144 alloc=1*2097152
[    0.000000] pcpu-alloc: [0] 000 001 002 003 004 005 006 007 
[    0.000000] pcpu-alloc: [0] 008 009 010 011 012 013 014 015 
[    0.000000] pcpu-alloc: [0] 016 017 018 019 020 021 022 023 
[    0.000000] pcpu-alloc: [0] 024 025 026 027 028 029 030 031 
[    0.000000] pcpu-alloc: [0] 032 033 034 035 036 037 038 039 
[    0.000000] pcpu-alloc: [0] 040 041 042 043 044 045 046 047 
[    0.000000] pcpu-alloc: [0] 048 049 050 051 052 053 054 055 
[    0.000000] pcpu-alloc: [0] 056 057 058 059 060 061 062 063 
[    0.000000] pcpu-alloc: [0] 064 065 066 067 068 069 070 071 
[    0.000000] pcpu-alloc: [0] 072 073 074 075 076 077 078 079 
[    0.000000] pcpu-alloc: [0] 080 081 082 083 084 085 086 087 
[    0.000000] pcpu-alloc: [0] 088 089 090 091 092 093 094 095 
[    0.000000] pcpu-alloc: [0] 096 097 098 099 100 101 102 103 
[    0.000000] pcpu-alloc: [0] 104 105 106 107 108 109 110 111 
[    0.000000] pcpu-alloc: [0] 112 113 114 115 116 117 118 119 
[    0.000000] pcpu-alloc: [0] 120 121 122 123 124 125 126 127 
[    0.000000] Built 1 zonelists, mobility grouping on.  Total pages: 2064216
[    0.000000] Policy zone: Normal
[    0.000000] Kernel command line: BOOT_IMAGE=/boot/vmlinuz-4.17.12+ root=UUID=a61db7ca-8b34-4b50-9a54-afeefc97dd49 ro find_preseed=/preseed.cfg auto noprompt priority=critical locale=en_US
[    0.000000] log_buf_len individual max cpu contribution: 4096 bytes
[    0.000000] log_buf_len total cpu_extra contributions: 520192 bytes
[    0.000000] log_buf_len min size: 262144 bytes
[    0.000000] log_buf_len: 1048576 bytes
[    0.000000] early log buf free: 224332(85%)
[    0.000000] Calgary: detecting Calgary via BIOS EBDA area
[    0.000000] Calgary: Unable to locate Rio Grande table in EBDA - bailing!
[    0.000000] Memory: 7684624K/8388020K available (12300K kernel code, 2515K rwdata, 4336K rodata, 2424K init, 2384K bss, 703396K reserved, 0K cma-reserved)
[    0.000000] SLUB: HWalign=64, Order=0-3, MinObjects=0, CPUs=128, Nodes=1
[    0.000000] ftrace: allocating 40262 entries in 158 pages
[    0.004000] Hierarchical RCU implementation.
[    0.004000] 	RCU restricting CPUs from NR_CPUS=8192 to nr_cpu_ids=128.
[    0.004000] 	Tasks RCU enabled.
[    0.004000] RCU: Adjusting geometry for rcu_fanout_leaf=16, nr_cpu_ids=128
[    0.004000] NR_IRQS: 524544, nr_irqs: 1448, preallocated irqs: 16
[    0.004000] Console: colour VGA+ 80x25
[    0.004000] console [tty0] enabled
[    0.004000] ACPI: Core revision 20180313
[    0.004000] clocksource: hpet: mask: 0xffffffff max_cycles: 0xffffffff, max_idle_ns: 133484882848 ns
[    0.004000] hpet clockevent registered
[    0.004000] APIC: Switch to symmetric I/O mode setup
[    0.004000] x2apic enabled
[    0.004000] Switched APIC routing to physical x2apic.
[    0.004000] ..TIMER: vector=0x30 apic1=0 pin1=2 apic2=-1 pin2=-1
[    0.004000] tsc: Detected 3096.001 MHz processor
[    0.004000] clocksource: tsc-early: mask: 0xffffffffffffffff max_cycles: 0x2ca085e1386, max_idle_ns: 440795294345 ns
[    0.004000] Calibrating delay loop (skipped) preset value.. 6192.00 BogoMIPS (lpj=12384004)
[    0.004000] pid_max: default: 131072 minimum: 1024
[    0.004000] Security Framework initialized
[    0.004000] Yama: becoming mindful.
[    0.004000] AppArmor: AppArmor initialized
[    0.008286] Dentry cache hash table entries: 1048576 (order: 11, 8388608 bytes)
[    0.009643] Inode-cache hash table entries: 524288 (order: 10, 4194304 bytes)
[    0.009843] Mount-cache hash table entries: 16384 (order: 5, 131072 bytes)
[    0.010018] Mountpoint-cache hash table entries: 16384 (order: 5, 131072 bytes)
[    0.010453] Disabled fast string operations
[    0.010540] CPU: Physical Processor ID: 0
[    0.010620] CPU: Processor Core ID: 0
[    0.010705] mce: CPU supports 8 MCE banks
[    0.010813] Last level iTLB entries: 4KB 64, 2MB 8, 4MB 8
[    0.010973] Last level dTLB entries: 4KB 64, 2MB 0, 4MB 0, 1GB 4
[    0.011089] Spectre V2 : Mitigation: Full generic retpoline
[    0.011196] Spectre V2 : Spectre v2 mitigation: Enabling Indirect Branch Prediction Barrier
[    0.011354] Spectre V2 : Enabling Restricted Speculation for firmware calls
[    0.011486] Speculative Store Bypass: Mitigation: Speculative Store Bypass disabled via prctl and seccomp
[    0.011742] Freeing SMP alternatives memory: 36K
[    0.015944] TSC deadline timer enabled
[    0.015969] smpboot: CPU0: Intel(R) Core(TM) i5-10500 CPU @ 3.10GHz (family: 0x6, model: 0xa5, stepping: 0x3)
[    0.016000] Performance Events: generic architected perfmon v1, core PMU driver.
[    0.016000] core: CPUID marked event: 'cpu cycles' unavailable
[    0.016000] core: CPUID marked event: 'instructions' unavailable
[    0.016000] core: CPUID marked event: 'bus cycles' unavailable
[    0.016000] core: CPUID marked event: 'cache references' unavailable
[    0.016000] core: CPUID marked event: 'cache misses' unavailable
[    0.016000] core: CPUID marked event: 'branch instructions' unavailable
[    0.016000] core: CPUID marked event: 'branch misses' unavailable
[    0.016000] ... version:                1
[    0.016000] ... bit width:              48
[    0.016000] ... generic registers:      4
[    0.016000] ... value mask:             0000ffffffffffff
[    0.016000] ... max period:             000000007fffffff
[    0.016000] ... fixed-purpose events:   0
[    0.016000] ... event mask:             000000000000000f
[    0.016000] Hierarchical SRCU implementation.
[    0.016000] NMI watchdog: Perf event create on CPU 0 failed with -2
[    0.016000] NMI watchdog: Perf NMI watchdog permanently disabled
[    0.018372] smp: Bringing up secondary CPUs ...
[    0.018783] hhhhhh
[    0.018860] x86: Booting SMP configuration:
[    0.018988] .... node  #0, CPUs:          #1
[    0.004000] Disabled fast string operations
[    0.020488] hhhhhh
[    0.020488]    #2
[    0.004000] Disabled fast string operations
[    0.021241] hhhhhh
[    0.021241]    #3
[    0.004000] Disabled fast string operations
[    0.024177] smp: Brought up 1 node, 4 CPUs
[    0.024177] smpboot: Max logical packages: 64
[    0.024177] smpboot: Total of 4 processors activated (24768.00 BogoMIPS)
[    0.025796] devtmpfs: initialized
[    0.025796] x86/mm: Memory block size: 128MB
[    0.025796] evm: security.selinux
[    0.025796] evm: security.SMACK64
[    0.025796] evm: security.SMACK64EXEC
[    0.025796] evm: security.SMACK64TRANSMUTE
[    0.025796] evm: security.SMACK64MMAP
[    0.025796] evm: security.apparmor
[    0.025796] evm: security.ima
[    0.025796] evm: security.capability
[    0.025796] PM: Registering ACPI NVS region [mem 0xbfeff000-0xbfefffff] (4096 bytes)
[    0.028027] clocksource: jiffies: mask: 0xffffffff max_cycles: 0xffffffff, max_idle_ns: 7645041785100000 ns
[    0.028130] futex hash table entries: 32768 (order: 9, 2097152 bytes)
[    0.029334] pinctrl core: initialized pinctrl subsystem
[    0.029726] RTC time:  8:05:14, date: 11/19/20
[    0.030691] NET: Registered protocol family 16
[    0.030877] audit: initializing netlink subsys (disabled)
[    0.031041] audit: type=2000 audit(1605773114.028:1): state=initialized audit_enabled=0 res=1
[    0.031041] cpuidle: using governor ladder
[    0.031041] cpuidle: using governor menu
[    0.031041] Simple Boot Flag at 0x36 set to 0x80
[    0.031041] ACPI: bus type PCI registered
[    0.031041] acpiphp: ACPI Hot Plug PCI Controller Driver version: 0.5
[    0.032183] PCI: MMCONFIG for domain 0000 [bus 00-7f] at [mem 0xf0000000-0xf7ffffff] (base 0xf0000000)
[    0.032369] PCI: MMCONFIG at [mem 0xf0000000-0xf7ffffff] reserved in E820
[    0.032445] pmd_set_huge: Cannot satisfy [mem 0xf0000000-0xf0200000] with a huge-page mapping due to MTRR override.
[    0.032699] PCI: Using configuration type 1 for base access
[    0.033056] HugeTLB registered 1.00 GiB page size, pre-allocated 0 pages
[    0.033056] HugeTLB registered 2.00 MiB page size, pre-allocated 0 pages
[    0.036380] ACPI: Added _OSI(Module Device)
[    0.036479] ACPI: Added _OSI(Processor Device)
[    0.036541] ACPI: Added _OSI(3.0 _SCP Extensions)
[    0.036590] ACPI: Added _OSI(Processor Aggregator Device)
[    0.036682] ACPI: Added _OSI(Linux-Dell-Video)
[    0.052000] ACPI: 1 ACPI AML tables successfully acquired and loaded
[    0.057384] ACPI: [Firmware Bug]: BIOS _OSI(Linux) query ignored
[    0.082462] ACPI: Interpreter enabled
[    0.082515] ACPI: (supports S0 S1 S4 S5)
[    0.082549] ACPI: Using IOAPIC for interrupt routing
[    0.082614] PCI: Using host bridge windows from ACPI; if necessary, use "pci=nocrs" and report a bug
[    0.082614] ACPI: Enabled 4 GPEs in block 00 to 0F
[    0.252685] ACPI: PCI Root Bridge [PCI0] (domain 0000 [bus 00-7f])
[    0.252744] acpi PNP0A03:00: _OSC: OS supports [ExtendedConfig ASPM ClockPM Segments MSI]
[    0.252960] acpi PNP0A03:00: _OSC: platform does not support [AER]
[    0.253166] acpi PNP0A03:00: _OSC: OS now controls [PCIeHotplug PME PCIeCapability]
[    0.256492] PCI host bridge to bus 0000:00
[    0.256530] pci_bus 0000:00: root bus resource [mem 0x000a0000-0x000bffff window]
[    0.256584] pci_bus 0000:00: root bus resource [mem 0x000d0000-0x000d3fff window]
[    0.256639] pci_bus 0000:00: root bus resource [mem 0x000d4000-0x000d7fff window]
[    0.256693] pci_bus 0000:00: root bus resource [mem 0x000d8000-0x000dbfff window]
[    0.256748] pci_bus 0000:00: root bus resource [mem 0xc0000000-0xfebfffff window]
[    0.256802] pci_bus 0000:00: root bus resource [io  0x0000-0x0cf7 window]
[    0.256851] pci_bus 0000:00: root bus resource [io  0x0d00-0xfeff window]
[    0.256900] pci_bus 0000:00: root bus resource [bus 00-7f]
[    0.256978] pci 0000:00:00.0: [8086:7190] type 00 class 0x060000
[    0.257564] pci 0000:00:01.0: [8086:7191] type 01 class 0x060400
[    0.257980] pci 0000:00:07.0: [8086:7110] type 00 class 0x060100
[    0.258559] pci 0000:00:07.1: [8086:7111] type 00 class 0x01018a
[    0.259729] pci 0000:00:07.1: reg 0x20: [io  0x1060-0x106f]
[    0.260024] pci 0000:00:07.1: legacy IDE quirk: reg 0x10: [io  0x01f0-0x01f7]
[    0.260119] pci 0000:00:07.1: legacy IDE quirk: reg 0x14: [io  0x03f6]
[    0.260167] pci 0000:00:07.1: legacy IDE quirk: reg 0x18: [io  0x0170-0x0177]
[    0.260217] pci 0000:00:07.1: legacy IDE quirk: reg 0x1c: [io  0x0376]
[    0.260451] pci 0000:00:07.3: [8086:7113] type 00 class 0x068000
[    0.261805] pci 0000:00:07.3: quirk: [io  0x1000-0x103f] claimed by PIIX4 ACPI
[    0.261869] pci 0000:00:07.3: quirk: [io  0x1040-0x104f] claimed by PIIX4 SMB
[    0.262291] pci 0000:00:07.7: [15ad:0740] type 00 class 0x088000
[    0.262688] pci 0000:00:07.7: reg 0x10: [io  0x1080-0x10bf]
[    0.263031] pci 0000:00:07.7: reg 0x14: [mem 0xfebfe000-0xfebfffff 64bit]
[    0.264737] pci 0000:00:0f.0: [15ad:0405] type 00 class 0x030000
[    0.266117] pci 0000:00:0f.0: reg 0x10: [io  0x1070-0x107f]
[    0.267989] pci 0000:00:0f.0: reg 0x14: [mem 0xe8000000-0xefffffff pref]
[    0.268499] pci 0000:00:0f.0: reg 0x18: [mem 0xfe000000-0xfe7fffff]
[    0.272024] pci 0000:00:0f.0: reg 0x30: [mem 0x00000000-0x00007fff pref]
[    0.272589] pci 0000:00:10.0: [1000:0030] type 00 class 0x010000
[    0.273220] pci 0000:00:10.0: reg 0x10: [io  0x1400-0x14ff]
[    0.273754] pci 0000:00:10.0: reg 0x14: [mem 0xfeba0000-0xfebbffff 64bit]
[    0.274367] pci 0000:00:10.0: reg 0x1c: [mem 0xfebc0000-0xfebdffff 64bit]
[    0.275449] pci 0000:00:10.0: reg 0x30: [mem 0x00000000-0x00003fff pref]
[    0.275837] pci 0000:00:11.0: [15ad:0790] type 01 class 0x060401
[    0.276413] pci 0000:00:15.0: [15ad:07a0] type 01 class 0x060400
[    0.277018] pci 0000:00:15.0: PME# supported from D0 D3hot D3cold
[    0.277308] pci 0000:00:15.1: [15ad:07a0] type 01 class 0x060400
[    0.277826] pci 0000:00:15.1: PME# supported from D0 D3hot D3cold
[    0.278154] pci 0000:00:15.2: [15ad:07a0] type 01 class 0x060400
[    0.278673] pci 0000:00:15.2: PME# supported from D0 D3hot D3cold
[    0.278981] pci 0000:00:15.3: [15ad:07a0] type 01 class 0x060400
[    0.279516] pci 0000:00:15.3: PME# supported from D0 D3hot D3cold
[    0.279810] pci 0000:00:15.4: [15ad:07a0] type 01 class 0x060400
[    0.280377] pci 0000:00:15.4: PME# supported from D0 D3hot D3cold
[    0.280677] pci 0000:00:15.5: [15ad:07a0] type 01 class 0x060400
[    0.281261] pci 0000:00:15.5: PME# supported from D0 D3hot D3cold
[    0.281623] pci 0000:00:15.6: [15ad:07a0] type 01 class 0x060400
[    0.282308] pci 0000:00:15.6: PME# supported from D0 D3hot D3cold
[    0.282816] pci 0000:00:15.7: [15ad:07a0] type 01 class 0x060400
[    0.283485] pci 0000:00:15.7: PME# supported from D0 D3hot D3cold
[    0.283841] pci 0000:00:16.0: [15ad:07a0] type 01 class 0x060400
[    0.284493] pci 0000:00:16.0: PME# supported from D0 D3hot D3cold
[    0.284823] pci 0000:00:16.1: [15ad:07a0] type 01 class 0x060400
[    0.285424] pci 0000:00:16.1: PME# supported from D0 D3hot D3cold
[    0.285747] pci 0000:00:16.2: [15ad:07a0] type 01 class 0x060400
[    0.286376] pci 0000:00:16.2: PME# supported from D0 D3hot D3cold
[    0.286705] pci 0000:00:16.3: [15ad:07a0] type 01 class 0x060400
[    0.287323] pci 0000:00:16.3: PME# supported from D0 D3hot D3cold
[    0.287745] pci 0000:00:16.4: [15ad:07a0] type 01 class 0x060400
[    0.288329] pci 0000:00:16.4: PME# supported from D0 D3hot D3cold
[    0.288633] pci 0000:00:16.5: [15ad:07a0] type 01 class 0x060400
[    0.289314] pci 0000:00:16.5: PME# supported from D0 D3hot D3cold
[    0.289601] pci 0000:00:16.6: [15ad:07a0] type 01 class 0x060400
[    0.290161] pci 0000:00:16.6: PME# supported from D0 D3hot D3cold
[    0.290442] pci 0000:00:16.7: [15ad:07a0] type 01 class 0x060400
[    0.291002] pci 0000:00:16.7: PME# supported from D0 D3hot D3cold
[    0.291286] pci 0000:00:17.0: [15ad:07a0] type 01 class 0x060400
[    0.291803] pci 0000:00:17.0: PME# supported from D0 D3hot D3cold
[    0.292065] pci 0000:00:17.1: [15ad:07a0] type 01 class 0x060400
[    0.292584] pci 0000:00:17.1: PME# supported from D0 D3hot D3cold
[    0.292938] pci 0000:00:17.2: [15ad:07a0] type 01 class 0x060400
[    0.293456] pci 0000:00:17.2: PME# supported from D0 D3hot D3cold
[    0.293741] pci 0000:00:17.3: [15ad:07a0] type 01 class 0x060400
[    0.294315] pci 0000:00:17.3: PME# supported from D0 D3hot D3cold
[    0.294642] pci 0000:00:17.4: [15ad:07a0] type 01 class 0x060400
[    0.295234] pci 0000:00:17.4: PME# supported from D0 D3hot D3cold
[    0.295535] pci 0000:00:17.5: [15ad:07a0] type 01 class 0x060400
[    0.296122] pci 0000:00:17.5: PME# supported from D0 D3hot D3cold
[    0.296423] pci 0000:00:17.6: [15ad:07a0] type 01 class 0x060400
[    0.297004] pci 0000:00:17.6: PME# supported from D0 D3hot D3cold
[    0.297292] pci 0000:00:17.7: [15ad:07a0] type 01 class 0x060400
[    0.297900] pci 0000:00:17.7: PME# supported from D0 D3hot D3cold
[    0.298251] pci 0000:00:18.0: [15ad:07a0] type 01 class 0x060400
[    0.299007] pci 0000:00:18.0: PME# supported from D0 D3hot D3cold
[    0.299419] pci 0000:00:18.1: [15ad:07a0] type 01 class 0x060400
[    0.300053] pci 0000:00:18.1: PME# supported from D0 D3hot D3cold
[    0.300403] pci 0000:00:18.2: [15ad:07a0] type 01 class 0x060400
[    0.300959] pci 0000:00:18.2: PME# supported from D0 D3hot D3cold
[    0.301262] pci 0000:00:18.3: [15ad:07a0] type 01 class 0x060400
[    0.301817] pci 0000:00:18.3: PME# supported from D0 D3hot D3cold
[    0.302174] pci 0000:00:18.4: [15ad:07a0] type 01 class 0x060400
[    0.302724] pci 0000:00:18.4: PME# supported from D0 D3hot D3cold
[    0.303033] pci 0000:00:18.5: [15ad:07a0] type 01 class 0x060400
[    0.303581] pci 0000:00:18.5: PME# supported from D0 D3hot D3cold
[    0.303937] pci 0000:00:18.6: [15ad:07a0] type 01 class 0x060400
[    0.304482] pci 0000:00:18.6: PME# supported from D0 D3hot D3cold
[    0.304788] pci 0000:00:18.7: [15ad:07a0] type 01 class 0x060400
[    0.305336] pci 0000:00:18.7: PME# supported from D0 D3hot D3cold
[    0.305704] pci 0000:00:01.0: PCI bridge to [bus 01]
[    0.306073] acpiphp: Slot [32] registered
[    0.306136] acpiphp: Slot [33] registered
[    0.306198] acpiphp: Slot [34] registered
[    0.306265] acpiphp: Slot [35] registered
[    0.306326] acpiphp: Slot [36] registered
[    0.306388] acpiphp: Slot [37] registered
[    0.306449] acpiphp: Slot [38] registered
[    0.306509] acpiphp: Slot [39] registered
[    0.306570] acpiphp: Slot [40] registered
[    0.306630] acpiphp: Slot [41] registered
[    0.306691] acpiphp: Slot [42] registered
[    0.306752] acpiphp: Slot [43] registered
[    0.306818] acpiphp: Slot [44] registered
[    0.306882] acpiphp: Slot [45] registered
[    0.306945] acpiphp: Slot [46] registered
[    0.307013] acpiphp: Slot [47] registered
[    0.307208] acpiphp: Slot [48] registered
[    0.307271] acpiphp: Slot [49] registered
[    0.307336] acpiphp: Slot [50] registered
[    0.307399] acpiphp: Slot [51] registered
[    0.307463] acpiphp: Slot [52] registered
[    0.307527] acpiphp: Slot [53] registered
[    0.307591] acpiphp: Slot [54] registered
[    0.307655] acpiphp: Slot [55] registered
[    0.307720] acpiphp: Slot [56] registered
[    0.307784] acpiphp: Slot [57] registered
[    0.307887] acpiphp: Slot [58] registered
[    0.307951] acpiphp: Slot [59] registered
[    0.308012] acpiphp: Slot [60] registered
[    0.308073] acpiphp: Slot [61] registered
[    0.308134] acpiphp: Slot [62] registered
[    0.308195] acpiphp: Slot [63] registered
[    0.308279] pci 0000:02:00.0: [15ad:0774] type 00 class 0x0c0300
[    0.309364] pci 0000:02:00.0: reg 0x20: [io  0x2080-0x209f]
[    0.310161] pci 0000:02:01.0: [8086:100f] type 00 class 0x020000
[    0.310820] pci 0000:02:01.0: reg 0x10: [mem 0xfd5c0000-0xfd5dffff 64bit]
[    0.311347] pci 0000:02:01.0: reg 0x18: [mem 0xfdff0000-0xfdffffff 64bit]
[    0.311926] pci 0000:02:01.0: reg 0x20: [io  0x2000-0x203f]
[    0.312799] pci 0000:02:01.0: reg 0x30: [mem 0x00000000-0x0000ffff pref]
[    0.313007] pci 0000:02:01.0: PME# supported from D0 D3hot D3cold
[    0.313205] pci 0000:02:02.0: [1274:1371] type 00 class 0x040100
[    0.313454] pci 0000:02:02.0: reg 0x10: [io  0x2040-0x207f]
[    0.315538] pci 0000:02:03.0: [15ad:0770] type 00 class 0x0c0320
[    0.315897] pci 0000:02:03.0: reg 0x10: [mem 0xfd5ef000-0xfd5effff]
[    0.317746] pci 0000:02:05.0: [15ad:07e0] type 00 class 0x010601
[    0.319220] pci 0000:02:05.0: reg 0x24: [mem 0xfd5ee000-0xfd5eefff]
[    0.319451] pci 0000:02:05.0: reg 0x30: [mem 0x00000000-0x0000ffff pref]
[    0.319739] pci 0000:02:05.0: PME# supported from D3hot
[    0.320138] pci 0000:00:11.0: PCI bridge to [bus 02] (subtractive decode)
[    0.320230] pci 0000:00:11.0:   bridge window [io  0x2000-0x3fff]
[    0.320244] pci 0000:00:11.0:   bridge window [mem 0xfd500000-0xfdffffff]
[    0.320272] pci 0000:00:11.0:   bridge window [mem 0xe7b00000-0xe7ffffff 64bit pref]
[    0.320274] pci 0000:00:11.0:   bridge window [mem 0x000a0000-0x000bffff window] (subtractive decode)
[    0.320275] pci 0000:00:11.0:   bridge window [mem 0x000d0000-0x000d3fff window] (subtractive decode)
[    0.320275] pci 0000:00:11.0:   bridge window [mem 0x000d4000-0x000d7fff window] (subtractive decode)
[    0.320276] pci 0000:00:11.0:   bridge window [mem 0x000d8000-0x000dbfff window] (subtractive decode)
[    0.320277] pci 0000:00:11.0:   bridge window [mem 0xc0000000-0xfebfffff window] (subtractive decode)
[    0.320278] pci 0000:00:11.0:   bridge window [io  0x0000-0x0cf7 window] (subtractive decode)
[    0.320278] pci 0000:00:11.0:   bridge window [io  0x0d00-0xfeff window] (subtractive decode)
[    0.320502] pci 0000:00:15.0: PCI bridge to [bus 03]
[    0.320584] pci 0000:00:15.0:   bridge window [io  0x4000-0x4fff]
[    0.320599] pci 0000:00:15.0:   bridge window [mem 0xfd400000-0xfd4fffff]
[    0.320645] pci 0000:00:15.0:   bridge window [mem 0xe7a00000-0xe7afffff 64bit pref]
[    0.320903] pci 0000:00:15.1: PCI bridge to [bus 04]
[    0.320959] pci 0000:00:15.1:   bridge window [io  0x8000-0x8fff]
[    0.320973] pci 0000:00:15.1:   bridge window [mem 0xfd000000-0xfd0fffff]
[    0.321001] pci 0000:00:15.1:   bridge window [mem 0xe7600000-0xe76fffff 64bit pref]
[    0.321206] pci 0000:00:15.2: PCI bridge to [bus 05]
[    0.321260] pci 0000:00:15.2:   bridge window [io  0xc000-0xcfff]
[    0.321275] pci 0000:00:15.2:   bridge window [mem 0xfcc00000-0xfccfffff]
[    0.321302] pci 0000:00:15.2:   bridge window [mem 0xe7200000-0xe72fffff 64bit pref]
[    0.321504] pci 0000:00:15.3: PCI bridge to [bus 06]
[    0.321579] pci 0000:00:15.3:   bridge window [mem 0xfc800000-0xfc8fffff]
[    0.321606] pci 0000:00:15.3:   bridge window [mem 0xe6e00000-0xe6efffff 64bit pref]
[    0.321815] pci 0000:00:15.4: PCI bridge to [bus 07]
[    0.321883] pci 0000:00:15.4:   bridge window [mem 0xfc400000-0xfc4fffff]
[    0.321910] pci 0000:00:15.4:   bridge window [mem 0xe6a00000-0xe6afffff 64bit pref]
[    0.322113] pci 0000:00:15.5: PCI bridge to [bus 08]
[    0.322217] pci 0000:00:15.5:   bridge window [mem 0xfc000000-0xfc0fffff]
[    0.322244] pci 0000:00:15.5:   bridge window [mem 0xe6600000-0xe66fffff 64bit pref]
[    0.322445] pci 0000:00:15.6: PCI bridge to [bus 09]
[    0.322512] pci 0000:00:15.6:   bridge window [mem 0xfbc00000-0xfbcfffff]
[    0.322559] pci 0000:00:15.6:   bridge window [mem 0xe6200000-0xe62fffff 64bit pref]
[    0.322807] pci 0000:00:15.7: PCI bridge to [bus 0a]
[    0.322877] pci 0000:00:15.7:   bridge window [mem 0xfb800000-0xfb8fffff]
[    0.322906] pci 0000:00:15.7:   bridge window [mem 0xe5e00000-0xe5efffff 64bit pref]
[    0.323120] pci 0000:00:16.0: PCI bridge to [bus 0b]
[    0.323175] pci 0000:00:16.0:   bridge window [io  0x5000-0x5fff]
[    0.323191] pci 0000:00:16.0:   bridge window [mem 0xfd300000-0xfd3fffff]
[    0.323220] pci 0000:00:16.0:   bridge window [mem 0xe7900000-0xe79fffff 64bit pref]
[    0.323445] pci 0000:00:16.1: PCI bridge to [bus 0c]
[    0.323502] pci 0000:00:16.1:   bridge window [io  0x9000-0x9fff]
[    0.323518] pci 0000:00:16.1:   bridge window [mem 0xfcf00000-0xfcffffff]
[    0.323547] pci 0000:00:16.1:   bridge window [mem 0xe7500000-0xe75fffff 64bit pref]
[    0.323753] pci 0000:00:16.2: PCI bridge to [bus 0d]
[    0.323808] pci 0000:00:16.2:   bridge window [io  0xd000-0xdfff]
[    0.323822] pci 0000:00:16.2:   bridge window [mem 0xfcb00000-0xfcbfffff]
[    0.323850] pci 0000:00:16.2:   bridge window [mem 0xe7100000-0xe71fffff 64bit pref]
[    0.324048] pci 0000:00:16.3: PCI bridge to [bus 0e]
[    0.324115] pci 0000:00:16.3:   bridge window [mem 0xfc700000-0xfc7fffff]
[    0.324143] pci 0000:00:16.3:   bridge window [mem 0xe6d00000-0xe6dfffff 64bit pref]
[    0.324347] pci 0000:00:16.4: PCI bridge to [bus 0f]
[    0.324414] pci 0000:00:16.4:   bridge window [mem 0xfc300000-0xfc3fffff]
[    0.324442] pci 0000:00:16.4:   bridge window [mem 0xe6900000-0xe69fffff 64bit pref]
[    0.324718] pci 0000:00:16.5: PCI bridge to [bus 10]
[    0.324806] pci 0000:00:16.5:   bridge window [mem 0xfbf00000-0xfbffffff]
[    0.324835] pci 0000:00:16.5:   bridge window [mem 0xe6500000-0xe65fffff 64bit pref]
[    0.325099] pci 0000:00:16.6: PCI bridge to [bus 11]
[    0.325169] pci 0000:00:16.6:   bridge window [mem 0xfbb00000-0xfbbfffff]
[    0.325199] pci 0000:00:16.6:   bridge window [mem 0xe6100000-0xe61fffff 64bit pref]
[    0.325423] pci 0000:00:16.7: PCI bridge to [bus 12]
[    0.325492] pci 0000:00:16.7:   bridge window [mem 0xfb700000-0xfb7fffff]
[    0.325548] pci 0000:00:16.7:   bridge window [mem 0xe5d00000-0xe5dfffff 64bit pref]
[    0.325823] pci 0000:00:17.0: PCI bridge to [bus 13]
[    0.325879] pci 0000:00:17.0:   bridge window [io  0x6000-0x6fff]
[    0.325894] pci 0000:00:17.0:   bridge window [mem 0xfd200000-0xfd2fffff]
[    0.325923] pci 0000:00:17.0:   bridge window [mem 0xe7800000-0xe78fffff 64bit pref]
[    0.326148] pci 0000:00:17.1: PCI bridge to [bus 14]
[    0.326204] pci 0000:00:17.1:   bridge window [io  0xa000-0xafff]
[    0.326220] pci 0000:00:17.1:   bridge window [mem 0xfce00000-0xfcefffff]
[    0.326249] pci 0000:00:17.1:   bridge window [mem 0xe7400000-0xe74fffff 64bit pref]
[    0.326466] pci 0000:00:17.2: PCI bridge to [bus 15]
[    0.326548] pci 0000:00:17.2:   bridge window [io  0xe000-0xefff]
[    0.326564] pci 0000:00:17.2:   bridge window [mem 0xfca00000-0xfcafffff]
[    0.326610] pci 0000:00:17.2:   bridge window [mem 0xe7000000-0xe70fffff 64bit pref]
[    0.326828] pci 0000:00:17.3: PCI bridge to [bus 16]
[    0.326898] pci 0000:00:17.3:   bridge window [mem 0xfc600000-0xfc6fffff]
[    0.326927] pci 0000:00:17.3:   bridge window [mem 0xe6c00000-0xe6cfffff 64bit pref]
[    0.327152] pci 0000:00:17.4: PCI bridge to [bus 17]
[    0.327221] pci 0000:00:17.4:   bridge window [mem 0xfc200000-0xfc2fffff]
[    0.327251] pci 0000:00:17.4:   bridge window [mem 0xe6800000-0xe68fffff 64bit pref]
[    0.327473] pci 0000:00:17.5: PCI bridge to [bus 18]
[    0.327563] pci 0000:00:17.5:   bridge window [mem 0xfbe00000-0xfbefffff]
[    0.327592] pci 0000:00:17.5:   bridge window [mem 0xe6400000-0xe64fffff 64bit pref]
[    0.327820] pci 0000:00:17.6: PCI bridge to [bus 19]
[    0.327887] pci 0000:00:17.6:   bridge window [mem 0xfba00000-0xfbafffff]
[    0.327915] pci 0000:00:17.6:   bridge window [mem 0xe6000000-0xe60fffff 64bit pref]
[    0.328115] pci 0000:00:17.7: PCI bridge to [bus 1a]
[    0.328182] pci 0000:00:17.7:   bridge window [mem 0xfb600000-0xfb6fffff]
[    0.328210] pci 0000:00:17.7:   bridge window [mem 0xe5c00000-0xe5cfffff 64bit pref]
[    0.328412] pci 0000:00:18.0: PCI bridge to [bus 1b]
[    0.328465] pci 0000:00:18.0:   bridge window [io  0x7000-0x7fff]
[    0.328480] pci 0000:00:18.0:   bridge window [mem 0xfd100000-0xfd1fffff]
[    0.328507] pci 0000:00:18.0:   bridge window [mem 0xe7700000-0xe77fffff 64bit pref]
[    0.328838] pci 0000:00:18.1: PCI bridge to [bus 1c]
[    0.328894] pci 0000:00:18.1:   bridge window [io  0xb000-0xbfff]
[    0.328909] pci 0000:00:18.1:   bridge window [mem 0xfcd00000-0xfcdfffff]
[    0.328939] pci 0000:00:18.1:   bridge window [mem 0xe7300000-0xe73fffff 64bit pref]
[    0.329161] pci 0000:00:18.2: PCI bridge to [bus 1d]
[    0.329230] pci 0000:00:18.2:   bridge window [mem 0xfc900000-0xfc9fffff]
[    0.329260] pci 0000:00:18.2:   bridge window [mem 0xe6f00000-0xe6ffffff 64bit pref]
[    0.329487] pci 0000:00:18.3: PCI bridge to [bus 1e]
[    0.329607] pci 0000:00:18.3:   bridge window [mem 0xfc500000-0xfc5fffff]
[    0.329636] pci 0000:00:18.3:   bridge window [mem 0xe6b00000-0xe6bfffff 64bit pref]
[    0.329861] pci 0000:00:18.4: PCI bridge to [bus 1f]
[    0.329931] pci 0000:00:18.4:   bridge window [mem 0xfc100000-0xfc1fffff]
[    0.329960] pci 0000:00:18.4:   bridge window [mem 0xe6700000-0xe67fffff 64bit pref]
[    0.330204] pci 0000:00:18.5: PCI bridge to [bus 20]
[    0.330292] pci 0000:00:18.5:   bridge window [mem 0xfbd00000-0xfbdfffff]
[    0.330321] pci 0000:00:18.5:   bridge window [mem 0xe6300000-0xe63fffff 64bit pref]
[    0.330554] pci 0000:00:18.6: PCI bridge to [bus 21]
[    0.330645] pci 0000:00:18.6:   bridge window [mem 0xfb900000-0xfb9fffff]
[    0.330675] pci 0000:00:18.6:   bridge window [mem 0xe5f00000-0xe5ffffff 64bit pref]
[    0.330903] pci 0000:00:18.7: PCI bridge to [bus 22]
[    0.330974] pci 0000:00:18.7:   bridge window [mem 0xfb500000-0xfb5fffff]
[    0.331004] pci 0000:00:18.7:   bridge window [mem 0xe5b00000-0xe5bfffff 64bit pref]
[    0.334242] ACPI: PCI Interrupt Link [LNKA] (IRQs 3 4 5 6 7 *9 10 11 14 15)
[    0.334413] ACPI: PCI Interrupt Link [LNKB] (IRQs 3 4 5 6 7 9 10 *11 14 15)
[    0.334686] ACPI: PCI Interrupt Link [LNKC] (IRQs 3 4 5 6 7 9 *10 11 14 15)
[    0.334847] ACPI: PCI Interrupt Link [LNKD] (IRQs 3 4 5 6 *7 9 10 11 14 15)
[    0.380279] pci 0000:00:0f.0: vgaarb: setting as boot VGA device
[    0.380279] pci 0000:00:0f.0: vgaarb: VGA device added: decodes=io+mem,owns=io+mem,locks=none
[    0.380279] pci 0000:00:0f.0: vgaarb: bridge control possible
[    0.380279] vgaarb: loaded
[    0.380509] SCSI subsystem initialized
[    0.380602] libata version 3.00 loaded.
[    0.380602] ACPI: bus type USB registered
[    0.380602] usbcore: registered new interface driver usbfs
[    0.380602] usbcore: registered new interface driver hub
[    0.380602] usbcore: registered new device driver usb
[    0.380602] pps_core: LinuxPPS API ver. 1 registered
[    0.380602] pps_core: Software ver. 5.3.6 - Copyright 2005-2007 Rodolfo Giometti <giometti@linux.it>
[    0.380602] PTP clock support registered
[    0.380602] EDAC MC: Ver: 3.0.0
[    0.384098] PCI: Using ACPI for IRQ routing
[    0.386808] PCI: pci_cache_line_size set to 64 bytes
[    0.386808] e820: reserve RAM buffer [mem 0x0009e800-0x0009ffff]
[    0.386808] e820: reserve RAM buffer [mem 0xbfed0000-0xbfffffff]
[    0.386808] NetLabel: Initializing
[    0.386808] NetLabel:  domain hash size = 128
[    0.386808] NetLabel:  protocols = UNLABELED CIPSOv4 CALIPSO
[    0.386808] NetLabel:  unlabeled traffic allowed by default
[    0.388660] hpet0: at MMIO 0xfed00000, IRQs 2, 8, 0, 0, 0, 0, 0, 0, 0, 0, 0, 0, 0, 0, 0, 0
[    0.388727] hpet0: 16 comparators, 64-bit 14.318180 MHz counter
[    0.390885] clocksource: Switched to clocksource tsc-early
[    0.400084] VFS: Disk quotas dquot_6.6.0
[    0.400222] VFS: Dquot-cache hash table entries: 512 (order 0, 4096 bytes)
[    0.400473] AppArmor: AppArmor Filesystem Enabled
[    0.400549] pnp: PnP ACPI init
[    0.400867] system 00:00: [io  0x1000-0x103f] has been reserved
[    0.400914] system 00:00: [io  0x1040-0x104f] has been reserved
[    0.400960] system 00:00: [io  0x0cf0-0x0cf1] has been reserved
[    0.401010] system 00:00: Plug and Play ACPI device, IDs PNP0c02 (active)
[    0.401036] pnp 00:01: Plug and Play ACPI device, IDs PNP0b00 (active)
[    0.401056] pnp 00:02: Plug and Play ACPI device, IDs PNP0303 (active)
[    0.401071] pnp 00:03: Plug and Play ACPI device, IDs VMW0003 PNP0f13 (active)
[    0.401274] system 00:04: [mem 0xfed00000-0xfed003ff] has been reserved
[    0.401329] system 00:04: Plug and Play ACPI device, IDs PNP0103 PNP0c01 (active)
[    0.402760] pnp 00:05: Plug and Play ACPI device, IDs PNP0501 (active)
[    0.403100] system 00:06: [io  0xfce0-0xfcff] has been reserved
[    0.403149] system 00:06: [mem 0xf0000000-0xf7ffffff] has been reserved
[    0.403199] system 00:06: [mem 0xfe800000-0xfe9fffff] has been reserved
[    0.403258] system 00:06: Plug and Play ACPI device, IDs PNP0c02 (active)
[    0.443044] pnp: PnP ACPI: found 7 devices
[    0.451170] clocksource: acpi_pm: mask: 0xffffff max_cycles: 0xffffff, max_idle_ns: 2085701024 ns
[    0.451493] pci 0000:00:15.3: bridge window [io  0x1000-0x0fff] to [bus 06] add_size 1000
[    0.451539] pci 0000:00:15.4: bridge window [io  0x1000-0x0fff] to [bus 07] add_size 1000
[    0.451584] pci 0000:00:15.5: bridge window [io  0x1000-0x0fff] to [bus 08] add_size 1000
[    0.451630] pci 0000:00:15.6: bridge window [io  0x1000-0x0fff] to [bus 09] add_size 1000
[    0.451675] pci 0000:00:15.7: bridge window [io  0x1000-0x0fff] to [bus 0a] add_size 1000
[    0.451850] pci 0000:00:16.3: bridge window [io  0x1000-0x0fff] to [bus 0e] add_size 1000
[    0.451895] pci 0000:00:16.4: bridge window [io  0x1000-0x0fff] to [bus 0f] add_size 1000
[    0.451941] pci 0000:00:16.5: bridge window [io  0x1000-0x0fff] to [bus 10] add_size 1000
[    0.451986] pci 0000:00:16.6: bridge window [io  0x1000-0x0fff] to [bus 11] add_size 1000
[    0.452036] pci 0000:00:16.7: bridge window [io  0x1000-0x0fff] to [bus 12] add_size 1000
[    0.452205] pci 0000:00:17.3: bridge window [io  0x1000-0x0fff] to [bus 16] add_size 1000
[    0.452247] pci 0000:00:17.4: bridge window [io  0x1000-0x0fff] to [bus 17] add_size 1000
[    0.452289] pci 0000:00:17.5: bridge window [io  0x1000-0x0fff] to [bus 18] add_size 1000
[    0.452333] pci 0000:00:17.6: bridge window [io  0x1000-0x0fff] to [bus 19] add_size 1000
[    0.452375] pci 0000:00:17.7: bridge window [io  0x1000-0x0fff] to [bus 1a] add_size 1000
[    0.452499] pci 0000:00:18.2: bridge window [io  0x1000-0x0fff] to [bus 1d] add_size 1000
[    0.452541] pci 0000:00:18.3: bridge window [io  0x1000-0x0fff] to [bus 1e] add_size 1000
[    0.452583] pci 0000:00:18.4: bridge window [io  0x1000-0x0fff] to [bus 1f] add_size 1000
[    0.452625] pci 0000:00:18.5: bridge window [io  0x1000-0x0fff] to [bus 20] add_size 1000
[    0.452668] pci 0000:00:18.6: bridge window [io  0x1000-0x0fff] to [bus 21] add_size 1000
[    0.452710] pci 0000:00:18.7: bridge window [io  0x1000-0x0fff] to [bus 22] add_size 1000
[    0.452724] pci 0000:00:0f.0: BAR 6: assigned [mem 0xc0000000-0xc0007fff pref]
[    0.452781] pci 0000:00:10.0: BAR 6: assigned [mem 0xc0008000-0xc000bfff pref]
[    0.452837] pci 0000:00:15.3: BAR 13: no space for [io  size 0x1000]
[    0.452885] pci 0000:00:15.3: BAR 13: failed to assign [io  size 0x1000]
[    0.452935] pci 0000:00:15.4: BAR 13: no space for [io  size 0x1000]
[    0.452982] pci 0000:00:15.4: BAR 13: failed to assign [io  size 0x1000]
[    0.453032] pci 0000:00:15.5: BAR 13: no space for [io  size 0x1000]
[    0.453086] pci 0000:00:15.5: BAR 13: failed to assign [io  size 0x1000]
[    0.453137] pci 0000:00:15.6: BAR 13: no space for [io  size 0x1000]
[    0.453184] pci 0000:00:15.6: BAR 13: failed to assign [io  size 0x1000]
[    0.453233] pci 0000:00:15.7: BAR 13: no space for [io  size 0x1000]
[    0.453281] pci 0000:00:15.7: BAR 13: failed to assign [io  size 0x1000]
[    0.453330] pci 0000:00:16.3: BAR 13: no space for [io  size 0x1000]
[    0.453378] pci 0000:00:16.3: BAR 13: failed to assign [io  size 0x1000]
[    0.453427] pci 0000:00:16.4: BAR 13: no space for [io  size 0x1000]
[    0.453474] pci 0000:00:16.4: BAR 13: failed to assign [io  size 0x1000]
[    0.453526] pci 0000:00:16.5: BAR 13: no space for [io  size 0x1000]
[    0.453573] pci 0000:00:16.5: BAR 13: failed to assign [io  size 0x1000]
[    0.453623] pci 0000:00:16.6: BAR 13: no space for [io  size 0x1000]
[    0.453670] pci 0000:00:16.6: BAR 13: failed to assign [io  size 0x1000]
[    0.453720] pci 0000:00:16.7: BAR 13: no space for [io  size 0x1000]
[    0.453767] pci 0000:00:16.7: BAR 13: failed to assign [io  size 0x1000]
[    0.453817] pci 0000:00:17.3: BAR 13: no space for [io  size 0x1000]
[    0.453864] pci 0000:00:17.3: BAR 13: failed to assign [io  size 0x1000]
[    0.453914] pci 0000:00:17.4: BAR 13: no space for [io  size 0x1000]
[    0.453961] pci 0000:00:17.4: BAR 13: failed to assign [io  size 0x1000]
[    0.454011] pci 0000:00:17.5: BAR 13: no space for [io  size 0x1000]
[    0.454065] pci 0000:00:17.5: BAR 13: failed to assign [io  size 0x1000]
[    0.454116] pci 0000:00:17.6: BAR 13: no space for [io  size 0x1000]
[    0.454163] pci 0000:00:17.6: BAR 13: failed to assign [io  size 0x1000]
[    0.454213] pci 0000:00:17.7: BAR 13: no space for [io  size 0x1000]
[    0.454260] pci 0000:00:17.7: BAR 13: failed to assign [io  size 0x1000]
[    0.454309] pci 0000:00:18.2: BAR 13: no space for [io  size 0x1000]
[    0.454357] pci 0000:00:18.2: BAR 13: failed to assign [io  size 0x1000]
[    0.454406] pci 0000:00:18.3: BAR 13: no space for [io  size 0x1000]
[    0.454454] pci 0000:00:18.3: BAR 13: failed to assign [io  size 0x1000]
[    0.454504] pci 0000:00:18.4: BAR 13: no space for [io  size 0x1000]
[    0.454551] pci 0000:00:18.4: BAR 13: failed to assign [io  size 0x1000]
[    0.454601] pci 0000:00:18.5: BAR 13: no space for [io  size 0x1000]
[    0.454648] pci 0000:00:18.5: BAR 13: failed to assign [io  size 0x1000]
[    0.454698] pci 0000:00:18.6: BAR 13: no space for [io  size 0x1000]
[    0.454745] pci 0000:00:18.6: BAR 13: failed to assign [io  size 0x1000]
[    0.454795] pci 0000:00:18.7: BAR 13: no space for [io  size 0x1000]
[    0.454842] pci 0000:00:18.7: BAR 13: failed to assign [io  size 0x1000]
[    0.454893] pci 0000:00:18.7: BAR 13: no space for [io  size 0x1000]
[    0.454941] pci 0000:00:18.7: BAR 13: failed to assign [io  size 0x1000]
[    0.454990] pci 0000:00:18.6: BAR 13: no space for [io  size 0x1000]
[    0.455037] pci 0000:00:18.6: BAR 13: failed to assign [io  size 0x1000]
[    0.455095] pci 0000:00:18.5: BAR 13: no space for [io  size 0x1000]
[    0.455142] pci 0000:00:18.5: BAR 13: failed to assign [io  size 0x1000]
[    0.455192] pci 0000:00:18.4: BAR 13: no space for [io  size 0x1000]
[    0.455239] pci 0000:00:18.4: BAR 13: failed to assign [io  size 0x1000]
[    0.455288] pci 0000:00:18.3: BAR 13: no space for [io  size 0x1000]
[    0.455335] pci 0000:00:18.3: BAR 13: failed to assign [io  size 0x1000]
[    0.455385] pci 0000:00:18.2: BAR 13: no space for [io  size 0x1000]
[    0.455432] pci 0000:00:18.2: BAR 13: failed to assign [io  size 0x1000]
[    0.455482] pci 0000:00:17.7: BAR 13: no space for [io  size 0x1000]
[    0.455529] pci 0000:00:17.7: BAR 13: failed to assign [io  size 0x1000]
[    0.455578] pci 0000:00:17.6: BAR 13: no space for [io  size 0x1000]
[    0.455626] pci 0000:00:17.6: BAR 13: failed to assign [io  size 0x1000]
[    0.455675] pci 0000:00:17.5: BAR 13: no space for [io  size 0x1000]
[    0.455722] pci 0000:00:17.5: BAR 13: failed to assign [io  size 0x1000]
[    0.455773] pci 0000:00:17.4: BAR 13: no space for [io  size 0x1000]
[    0.455820] pci 0000:00:17.4: BAR 13: failed to assign [io  size 0x1000]
[    0.455870] pci 0000:00:17.3: BAR 13: no space for [io  size 0x1000]
[    0.455917] pci 0000:00:17.3: BAR 13: failed to assign [io  size 0x1000]
[    0.455967] pci 0000:00:16.7: BAR 13: no space for [io  size 0x1000]
[    0.456003] pci 0000:00:16.7: BAR 13: failed to assign [io  size 0x1000]
[    0.456075] pci 0000:00:16.6: BAR 13: no space for [io  size 0x1000]
[    0.456123] pci 0000:00:16.6: BAR 13: failed to assign [io  size 0x1000]
[    0.456172] pci 0000:00:16.5: BAR 13: no space for [io  size 0x1000]
[    0.456219] pci 0000:00:16.5: BAR 13: failed to assign [io  size 0x1000]
[    0.456269] pci 0000:00:16.4: BAR 13: no space for [io  size 0x1000]
[    0.456316] pci 0000:00:16.4: BAR 13: failed to assign [io  size 0x1000]
[    0.456366] pci 0000:00:16.3: BAR 13: no space for [io  size 0x1000]
[    0.456413] pci 0000:00:16.3: BAR 13: failed to assign [io  size 0x1000]
[    0.456462] pci 0000:00:15.7: BAR 13: no space for [io  size 0x1000]
[    0.456510] pci 0000:00:15.7: BAR 13: failed to assign [io  size 0x1000]
[    0.456559] pci 0000:00:15.6: BAR 13: no space for [io  size 0x1000]
[    0.456606] pci 0000:00:15.6: BAR 13: failed to assign [io  size 0x1000]
[    0.456656] pci 0000:00:15.5: BAR 13: no space for [io  size 0x1000]
[    0.456703] pci 0000:00:15.5: BAR 13: failed to assign [io  size 0x1000]
[    0.456753] pci 0000:00:15.4: BAR 13: no space for [io  size 0x1000]
[    0.456800] pci 0000:00:15.4: BAR 13: failed to assign [io  size 0x1000]
[    0.456849] pci 0000:00:15.3: BAR 13: no space for [io  size 0x1000]
[    0.456896] pci 0000:00:15.3: BAR 13: failed to assign [io  size 0x1000]
[    0.456946] pci 0000:00:01.0: PCI bridge to [bus 01]
[    0.457242] pci 0000:02:01.0: BAR 6: assigned [mem 0xfd500000-0xfd50ffff pref]
[    0.457298] pci 0000:02:05.0: BAR 6: assigned [mem 0xfd510000-0xfd51ffff pref]
[    0.457353] pci 0000:00:11.0: PCI bridge to [bus 02]
[    0.457400] pci 0000:00:11.0:   bridge window [io  0x2000-0x3fff]
[    0.457471] pci 0000:00:11.0:   bridge window [mem 0xfd500000-0xfdffffff]
[    0.457536] pci 0000:00:11.0:   bridge window [mem 0xe7b00000-0xe7ffffff 64bit pref]
[    0.457622] pci 0000:00:15.0: PCI bridge to [bus 03]
[    0.457669] pci 0000:00:15.0:   bridge window [io  0x4000-0x4fff]
[    0.457736] pci 0000:00:15.0:   bridge window [mem 0xfd400000-0xfd4fffff]
[    0.457801] pci 0000:00:15.0:   bridge window [mem 0xe7a00000-0xe7afffff 64bit pref]
[    0.457912] pci 0000:00:15.1: PCI bridge to [bus 04]
[    0.457960] pci 0000:00:15.1:   bridge window [io  0x8000-0x8fff]
[    0.458028] pci 0000:00:15.1:   bridge window [mem 0xfd000000-0xfd0fffff]
[    0.458125] pci 0000:00:15.1:   bridge window [mem 0xe7600000-0xe76fffff 64bit pref]
[    0.458220] pci 0000:00:15.2: PCI bridge to [bus 05]
[    0.458269] pci 0000:00:15.2:   bridge window [io  0xc000-0xcfff]
[    0.458337] pci 0000:00:15.2:   bridge window [mem 0xfcc00000-0xfccfffff]
[    0.458403] pci 0000:00:15.2:   bridge window [mem 0xe7200000-0xe72fffff 64bit pref]
[    0.458496] pci 0000:00:15.3: PCI bridge to [bus 06]
[    0.458558] pci 0000:00:15.3:   bridge window [mem 0xfc800000-0xfc8fffff]
[    0.458623] pci 0000:00:15.3:   bridge window [mem 0xe6e00000-0xe6efffff 64bit pref]
[    0.458716] pci 0000:00:15.4: PCI bridge to [bus 07]
[    0.458777] pci 0000:00:15.4:   bridge window [mem 0xfc400000-0xfc4fffff]
[    0.458842] pci 0000:00:15.4:   bridge window [mem 0xe6a00000-0xe6afffff 64bit pref]
[    0.458934] pci 0000:00:15.5: PCI bridge to [bus 08]
[    0.458996] pci 0000:00:15.5:   bridge window [mem 0xfc000000-0xfc0fffff]
[    0.459067] pci 0000:00:15.5:   bridge window [mem 0xe6600000-0xe66fffff 64bit pref]
[    0.459163] pci 0000:00:15.6: PCI bridge to [bus 09]
[    0.459225] pci 0000:00:15.6:   bridge window [mem 0xfbc00000-0xfbcfffff]
[    0.459290] pci 0000:00:15.6:   bridge window [mem 0xe6200000-0xe62fffff 64bit pref]
[    0.459382] pci 0000:00:15.7: PCI bridge to [bus 0a]
[    0.459444] pci 0000:00:15.7:   bridge window [mem 0xfb800000-0xfb8fffff]
[    0.459508] pci 0000:00:15.7:   bridge window [mem 0xe5e00000-0xe5efffff 64bit pref]
[    0.459601] pci 0000:00:16.0: PCI bridge to [bus 0b]
[    0.459649] pci 0000:00:16.0:   bridge window [io  0x5000-0x5fff]
[    0.459717] pci 0000:00:16.0:   bridge window [mem 0xfd300000-0xfd3fffff]
[    0.459782] pci 0000:00:16.0:   bridge window [mem 0xe7900000-0xe79fffff 64bit pref]
[    0.459876] pci 0000:00:16.1: PCI bridge to [bus 0c]
[    0.459924] pci 0000:00:16.1:   bridge window [io  0x9000-0x9fff]
[    0.459992] pci 0000:00:16.1:   bridge window [mem 0xfcf00000-0xfcffffff]
[    0.460081] pci 0000:00:16.1:   bridge window [mem 0xe7500000-0xe75fffff 64bit pref]
[    0.460188] pci 0000:00:16.2: PCI bridge to [bus 0d]
[    0.460237] pci 0000:00:16.2:   bridge window [io  0xd000-0xdfff]
[    0.460310] pci 0000:00:16.2:   bridge window [mem 0xfcb00000-0xfcbfffff]
[    0.460376] pci 0000:00:16.2:   bridge window [mem 0xe7100000-0xe71fffff 64bit pref]
[    0.460477] pci 0000:00:16.3: PCI bridge to [bus 0e]
[    0.460543] pci 0000:00:16.3:   bridge window [mem 0xfc700000-0xfc7fffff]
[    0.460712] pci 0000:00:16.3:   bridge window [mem 0xe6d00000-0xe6dfffff 64bit pref]
[    0.460876] pci 0000:00:16.4: PCI bridge to [bus 0f]
[    0.460960] pci 0000:00:16.4:   bridge window [mem 0xfc300000-0xfc3fffff]
[    0.461043] pci 0000:00:16.4:   bridge window [mem 0xe6900000-0xe69fffff 64bit pref]
[    0.461147] pci 0000:00:16.5: PCI bridge to [bus 10]
[    0.461211] pci 0000:00:16.5:   bridge window [mem 0xfbf00000-0xfbffffff]
[    0.461276] pci 0000:00:16.5:   bridge window [mem 0xe6500000-0xe65fffff 64bit pref]
[    0.461452] pci 0000:00:16.6: PCI bridge to [bus 11]
[    0.461571] pci 0000:00:16.6:   bridge window [mem 0xfbb00000-0xfbbfffff]
[    0.461640] pci 0000:00:16.6:   bridge window [mem 0xe6100000-0xe61fffff 64bit pref]
[    0.461736] pci 0000:00:16.7: PCI bridge to [bus 12]
[    0.461798] pci 0000:00:16.7:   bridge window [mem 0xfb700000-0xfb7fffff]
[    0.461862] pci 0000:00:16.7:   bridge window [mem 0xe5d00000-0xe5dfffff 64bit pref]
[    0.461957] pci 0000:00:17.0: PCI bridge to [bus 13]
[    0.462005] pci 0000:00:17.0:   bridge window [io  0x6000-0x6fff]
[    0.462081] pci 0000:00:17.0:   bridge window [mem 0xfd200000-0xfd2fffff]
[    0.462146] pci 0000:00:17.0:   bridge window [mem 0xe7800000-0xe78fffff 64bit pref]
[    0.462239] pci 0000:00:17.1: PCI bridge to [bus 14]
[    0.462287] pci 0000:00:17.1:   bridge window [io  0xa000-0xafff]
[    0.462355] pci 0000:00:17.1:   bridge window [mem 0xfce00000-0xfcefffff]
[    0.462419] pci 0000:00:17.1:   bridge window [mem 0xe7400000-0xe74fffff 64bit pref]
[    0.462512] pci 0000:00:17.2: PCI bridge to [bus 15]
[    0.462560] pci 0000:00:17.2:   bridge window [io  0xe000-0xefff]
[    0.462630] pci 0000:00:17.2:   bridge window [mem 0xfca00000-0xfcafffff]
[    0.462699] pci 0000:00:17.2:   bridge window [mem 0xe7000000-0xe70fffff 64bit pref]
[    0.462867] pci 0000:00:17.3: PCI bridge to [bus 16]
[    0.462930] pci 0000:00:17.3:   bridge window [mem 0xfc600000-0xfc6fffff]
[    0.462995] pci 0000:00:17.3:   bridge window [mem 0xe6c00000-0xe6cfffff 64bit pref]
[    0.463094] pci 0000:00:17.4: PCI bridge to [bus 17]
[    0.463156] pci 0000:00:17.4:   bridge window [mem 0xfc200000-0xfc2fffff]
[    0.463220] pci 0000:00:17.4:   bridge window [mem 0xe6800000-0xe68fffff 64bit pref]
[    0.463314] pci 0000:00:17.5: PCI bridge to [bus 18]
[    0.463376] pci 0000:00:17.5:   bridge window [mem 0xfbe00000-0xfbefffff]
[    0.463440] pci 0000:00:17.5:   bridge window [mem 0xe6400000-0xe64fffff 64bit pref]
[    0.463533] pci 0000:00:17.6: PCI bridge to [bus 19]
[    0.463595] pci 0000:00:17.6:   bridge window [mem 0xfba00000-0xfbafffff]
[    0.463660] pci 0000:00:17.6:   bridge window [mem 0xe6000000-0xe60fffff 64bit pref]
[    0.463752] pci 0000:00:17.7: PCI bridge to [bus 1a]
[    0.463815] pci 0000:00:17.7:   bridge window [mem 0xfb600000-0xfb6fffff]
[    0.463879] pci 0000:00:17.7:   bridge window [mem 0xe5c00000-0xe5cfffff 64bit pref]
[    0.463973] pci 0000:00:18.0: PCI bridge to [bus 1b]
[    0.464040] pci 0000:00:18.0:   bridge window [io  0x7000-0x7fff]
[    0.464109] pci 0000:00:18.0:   bridge window [mem 0xfd100000-0xfd1fffff]
[    0.464173] pci 0000:00:18.0:   bridge window [mem 0xe7700000-0xe77fffff 64bit pref]
[    0.464267] pci 0000:00:18.1: PCI bridge to [bus 1c]
[    0.464315] pci 0000:00:18.1:   bridge window [io  0xb000-0xbfff]
[    0.464382] pci 0000:00:18.1:   bridge window [mem 0xfcd00000-0xfcdfffff]
[    0.464447] pci 0000:00:18.1:   bridge window [mem 0xe7300000-0xe73fffff 64bit pref]
[    0.464540] pci 0000:00:18.2: PCI bridge to [bus 1d]
[    0.464602] pci 0000:00:18.2:   bridge window [mem 0xfc900000-0xfc9fffff]
[    0.464667] pci 0000:00:18.2:   bridge window [mem 0xe6f00000-0xe6ffffff 64bit pref]
[    0.464761] pci 0000:00:18.3: PCI bridge to [bus 1e]
[    0.464823] pci 0000:00:18.3:   bridge window [mem 0xfc500000-0xfc5fffff]
[    0.464888] pci 0000:00:18.3:   bridge window [mem 0xe6b00000-0xe6bfffff 64bit pref]
[    0.464981] pci 0000:00:18.4: PCI bridge to [bus 1f]
[    0.465050] pci 0000:00:18.4:   bridge window [mem 0xfc100000-0xfc1fffff]
[    0.465114] pci 0000:00:18.4:   bridge window [mem 0xe6700000-0xe67fffff 64bit pref]
[    0.465208] pci 0000:00:18.5: PCI bridge to [bus 20]
[    0.465271] pci 0000:00:18.5:   bridge window [mem 0xfbd00000-0xfbdfffff]
[    0.465336] pci 0000:00:18.5:   bridge window [mem 0xe6300000-0xe63fffff 64bit pref]
[    0.465428] pci 0000:00:18.6: PCI bridge to [bus 21]
[    0.465490] pci 0000:00:18.6:   bridge window [mem 0xfb900000-0xfb9fffff]
[    0.465555] pci 0000:00:18.6:   bridge window [mem 0xe5f00000-0xe5ffffff 64bit pref]
[    0.465650] pci 0000:00:18.7: PCI bridge to [bus 22]
[    0.465712] pci 0000:00:18.7:   bridge window [mem 0xfb500000-0xfb5fffff]
[    0.465776] pci 0000:00:18.7:   bridge window [mem 0xe5b00000-0xe5bfffff 64bit pref]
[    0.465870] pci_bus 0000:00: resource 4 [mem 0x000a0000-0x000bffff window]
[    0.465871] pci_bus 0000:00: resource 5 [mem 0x000d0000-0x000d3fff window]
[    0.465872] pci_bus 0000:00: resource 6 [mem 0x000d4000-0x000d7fff window]
[    0.465873] pci_bus 0000:00: resource 7 [mem 0x000d8000-0x000dbfff window]
[    0.465873] pci_bus 0000:00: resource 8 [mem 0xc0000000-0xfebfffff window]
[    0.465874] pci_bus 0000:00: resource 9 [io  0x0000-0x0cf7 window]
[    0.465876] pci_bus 0000:00: resource 10 [io  0x0d00-0xfeff window]
[    0.465877] pci_bus 0000:02: resource 0 [io  0x2000-0x3fff]
[    0.465878] pci_bus 0000:02: resource 1 [mem 0xfd500000-0xfdffffff]
[    0.465879] pci_bus 0000:02: resource 2 [mem 0xe7b00000-0xe7ffffff 64bit pref]
[    0.465880] pci_bus 0000:02: resource 4 [mem 0x000a0000-0x000bffff window]
[    0.465880] pci_bus 0000:02: resource 5 [mem 0x000d0000-0x000d3fff window]
[    0.465881] pci_bus 0000:02: resource 6 [mem 0x000d4000-0x000d7fff window]
[    0.465882] pci_bus 0000:02: resource 7 [mem 0x000d8000-0x000dbfff window]
[    0.465883] pci_bus 0000:02: resource 8 [mem 0xc0000000-0xfebfffff window]
[    0.465883] pci_bus 0000:02: resource 9 [io  0x0000-0x0cf7 window]
[    0.465884] pci_bus 0000:02: resource 10 [io  0x0d00-0xfeff window]
[    0.465886] pci_bus 0000:03: resource 0 [io  0x4000-0x4fff]
[    0.465887] pci_bus 0000:03: resource 1 [mem 0xfd400000-0xfd4fffff]
[    0.465887] pci_bus 0000:03: resource 2 [mem 0xe7a00000-0xe7afffff 64bit pref]
[    0.465888] pci_bus 0000:04: resource 0 [io  0x8000-0x8fff]
[    0.465889] pci_bus 0000:04: resource 1 [mem 0xfd000000-0xfd0fffff]
[    0.465890] pci_bus 0000:04: resource 2 [mem 0xe7600000-0xe76fffff 64bit pref]
[    0.465891] pci_bus 0000:05: resource 0 [io  0xc000-0xcfff]
[    0.465891] pci_bus 0000:05: resource 1 [mem 0xfcc00000-0xfccfffff]
[    0.465892] pci_bus 0000:05: resource 2 [mem 0xe7200000-0xe72fffff 64bit pref]
[    0.465893] pci_bus 0000:06: resource 1 [mem 0xfc800000-0xfc8fffff]
[    0.465894] pci_bus 0000:06: resource 2 [mem 0xe6e00000-0xe6efffff 64bit pref]
[    0.465895] pci_bus 0000:07: resource 1 [mem 0xfc400000-0xfc4fffff]
[    0.465895] pci_bus 0000:07: resource 2 [mem 0xe6a00000-0xe6afffff 64bit pref]
[    0.465896] pci_bus 0000:08: resource 1 [mem 0xfc000000-0xfc0fffff]
[    0.465897] pci_bus 0000:08: resource 2 [mem 0xe6600000-0xe66fffff 64bit pref]
[    0.465898] pci_bus 0000:09: resource 1 [mem 0xfbc00000-0xfbcfffff]
[    0.465899] pci_bus 0000:09: resource 2 [mem 0xe6200000-0xe62fffff 64bit pref]
[    0.465899] pci_bus 0000:0a: resource 1 [mem 0xfb800000-0xfb8fffff]
[    0.465900] pci_bus 0000:0a: resource 2 [mem 0xe5e00000-0xe5efffff 64bit pref]
[    0.465901] pci_bus 0000:0b: resource 0 [io  0x5000-0x5fff]
[    0.465902] pci_bus 0000:0b: resource 1 [mem 0xfd300000-0xfd3fffff]
[    0.465902] pci_bus 0000:0b: resource 2 [mem 0xe7900000-0xe79fffff 64bit pref]
[    0.465903] pci_bus 0000:0c: resource 0 [io  0x9000-0x9fff]
[    0.465904] pci_bus 0000:0c: resource 1 [mem 0xfcf00000-0xfcffffff]
[    0.465905] pci_bus 0000:0c: resource 2 [mem 0xe7500000-0xe75fffff 64bit pref]
[    0.465906] pci_bus 0000:0d: resource 0 [io  0xd000-0xdfff]
[    0.465906] pci_bus 0000:0d: resource 1 [mem 0xfcb00000-0xfcbfffff]
[    0.465907] pci_bus 0000:0d: resource 2 [mem 0xe7100000-0xe71fffff 64bit pref]
[    0.465908] pci_bus 0000:0e: resource 1 [mem 0xfc700000-0xfc7fffff]
[    0.465909] pci_bus 0000:0e: resource 2 [mem 0xe6d00000-0xe6dfffff 64bit pref]
[    0.465910] pci_bus 0000:0f: resource 1 [mem 0xfc300000-0xfc3fffff]
[    0.465910] pci_bus 0000:0f: resource 2 [mem 0xe6900000-0xe69fffff 64bit pref]
[    0.465911] pci_bus 0000:10: resource 1 [mem 0xfbf00000-0xfbffffff]
[    0.465912] pci_bus 0000:10: resource 2 [mem 0xe6500000-0xe65fffff 64bit pref]
[    0.465913] pci_bus 0000:11: resource 1 [mem 0xfbb00000-0xfbbfffff]
[    0.465913] pci_bus 0000:11: resource 2 [mem 0xe6100000-0xe61fffff 64bit pref]
[    0.465914] pci_bus 0000:12: resource 1 [mem 0xfb700000-0xfb7fffff]
[    0.465915] pci_bus 0000:12: resource 2 [mem 0xe5d00000-0xe5dfffff 64bit pref]
[    0.465916] pci_bus 0000:13: resource 0 [io  0x6000-0x6fff]
[    0.465916] pci_bus 0000:13: resource 1 [mem 0xfd200000-0xfd2fffff]
[    0.465917] pci_bus 0000:13: resource 2 [mem 0xe7800000-0xe78fffff 64bit pref]
[    0.465918] pci_bus 0000:14: resource 0 [io  0xa000-0xafff]
[    0.465919] pci_bus 0000:14: resource 1 [mem 0xfce00000-0xfcefffff]
[    0.465919] pci_bus 0000:14: resource 2 [mem 0xe7400000-0xe74fffff 64bit pref]
[    0.465920] pci_bus 0000:15: resource 0 [io  0xe000-0xefff]
[    0.465921] pci_bus 0000:15: resource 1 [mem 0xfca00000-0xfcafffff]
[    0.465921] pci_bus 0000:15: resource 2 [mem 0xe7000000-0xe70fffff 64bit pref]
[    0.465922] pci_bus 0000:16: resource 1 [mem 0xfc600000-0xfc6fffff]
[    0.465923] pci_bus 0000:16: resource 2 [mem 0xe6c00000-0xe6cfffff 64bit pref]
[    0.465924] pci_bus 0000:17: resource 1 [mem 0xfc200000-0xfc2fffff]
[    0.465924] pci_bus 0000:17: resource 2 [mem 0xe6800000-0xe68fffff 64bit pref]
[    0.465925] pci_bus 0000:18: resource 1 [mem 0xfbe00000-0xfbefffff]
[    0.465926] pci_bus 0000:18: resource 2 [mem 0xe6400000-0xe64fffff 64bit pref]
[    0.465927] pci_bus 0000:19: resource 1 [mem 0xfba00000-0xfbafffff]
[    0.465927] pci_bus 0000:19: resource 2 [mem 0xe6000000-0xe60fffff 64bit pref]
[    0.465929] pci_bus 0000:1a: resource 1 [mem 0xfb600000-0xfb6fffff]
[    0.465929] pci_bus 0000:1a: resource 2 [mem 0xe5c00000-0xe5cfffff 64bit pref]
[    0.465930] pci_bus 0000:1b: resource 0 [io  0x7000-0x7fff]
[    0.465931] pci_bus 0000:1b: resource 1 [mem 0xfd100000-0xfd1fffff]
[    0.465932] pci_bus 0000:1b: resource 2 [mem 0xe7700000-0xe77fffff 64bit pref]
[    0.465932] pci_bus 0000:1c: resource 0 [io  0xb000-0xbfff]
[    0.465933] pci_bus 0000:1c: resource 1 [mem 0xfcd00000-0xfcdfffff]
[    0.465934] pci_bus 0000:1c: resource 2 [mem 0xe7300000-0xe73fffff 64bit pref]
[    0.465935] pci_bus 0000:1d: resource 1 [mem 0xfc900000-0xfc9fffff]
[    0.465935] pci_bus 0000:1d: resource 2 [mem 0xe6f00000-0xe6ffffff 64bit pref]
[    0.465936] pci_bus 0000:1e: resource 1 [mem 0xfc500000-0xfc5fffff]
[    0.465937] pci_bus 0000:1e: resource 2 [mem 0xe6b00000-0xe6bfffff 64bit pref]
[    0.465938] pci_bus 0000:1f: resource 1 [mem 0xfc100000-0xfc1fffff]
[    0.465938] pci_bus 0000:1f: resource 2 [mem 0xe6700000-0xe67fffff 64bit pref]
[    0.465939] pci_bus 0000:20: resource 1 [mem 0xfbd00000-0xfbdfffff]
[    0.465940] pci_bus 0000:20: resource 2 [mem 0xe6300000-0xe63fffff 64bit pref]
[    0.465940] pci_bus 0000:21: resource 1 [mem 0xfb900000-0xfb9fffff]
[    0.465941] pci_bus 0000:21: resource 2 [mem 0xe5f00000-0xe5ffffff 64bit pref]
[    0.465942] pci_bus 0000:22: resource 1 [mem 0xfb500000-0xfb5fffff]
[    0.465943] pci_bus 0000:22: resource 2 [mem 0xe5b00000-0xe5bfffff 64bit pref]
[    0.466190] NET: Registered protocol family 2
[    0.466620] tcp_listen_portaddr_hash hash table entries: 4096 (order: 4, 65536 bytes)
[    0.466708] TCP established hash table entries: 65536 (order: 7, 524288 bytes)
[    0.466908] TCP bind hash table entries: 65536 (order: 8, 1048576 bytes)
[    0.467244] TCP: Hash tables configured (established 65536 bind 65536)
[    0.467457] UDP hash table entries: 4096 (order: 5, 131072 bytes)
[    0.467541] UDP-Lite hash table entries: 4096 (order: 5, 131072 bytes)
[    0.467789] NET: Registered protocol family 1
[    0.467832] pci 0000:00:00.0: Limiting direct PCI/PCI transfers
[    0.467954] pci 0000:00:0f.0: Video device with shadowed ROM at [mem 0x000c0000-0x000dffff]
[    0.468983] PCI: CLS mismatch (32 != 64), using 64 bytes
[    0.469643] Unpacking initramfs...
[    4.922255] Freeing initrd memory: 453432K
[    4.922393] PCI-DMA: Using software bounce buffering for IO (SWIOTLB)
[    4.922441] software IO TLB [mem 0xb8200000-0xbc200000] (64MB) mapped at [        (ptrval)-        (ptrval)]
[    4.922598] Scanning for low memory corruption every 60 seconds
[    4.924052] Initialise system trusted keyrings
[    4.924098] Key type blacklist registered
[    4.924304] workingset: timestamp_bits=36 max_order=21 bucket_order=0
[    4.925143] zbud: loaded
[    4.925723] squashfs: version 4.0 (2009/01/31) Phillip Lougher
[    4.926186] fuse init (API version 7.26)
[    4.926388] pstore: using deflate compression
[    4.931442] Key type asymmetric registered
[    4.931482] Asymmetric key parser 'x509' registered
[    4.931569] Block layer SCSI generic (bsg) driver version 0.4 loaded (major 244)
[    4.931742] io scheduler noop registered
[    4.931779] io scheduler deadline registered
[    4.931984] io scheduler cfq registered (default)
[    4.946911] pcieport 0000:00:15.0: Signaling PME with IRQ 24
[    4.947107] pcieport 0000:00:15.1: Signaling PME with IRQ 25
[    4.947297] pcieport 0000:00:15.2: Signaling PME with IRQ 26
[    4.947482] pcieport 0000:00:15.3: Signaling PME with IRQ 27
[    4.947683] pcieport 0000:00:15.4: Signaling PME with IRQ 28
[    4.947871] pcieport 0000:00:15.5: Signaling PME with IRQ 29
[    4.948075] pcieport 0000:00:15.6: Signaling PME with IRQ 30
[    4.948275] pcieport 0000:00:15.7: Signaling PME with IRQ 31
[    4.948539] pcieport 0000:00:16.0: Signaling PME with IRQ 32
[    4.948785] pcieport 0000:00:16.1: Signaling PME with IRQ 33
[    4.948959] pcieport 0000:00:16.2: Signaling PME with IRQ 34
[    4.949138] pcieport 0000:00:16.3: Signaling PME with IRQ 35
[    4.949332] pcieport 0000:00:16.4: Signaling PME with IRQ 36
[    4.949528] pcieport 0000:00:16.5: Signaling PME with IRQ 37
[    4.949795] pcieport 0000:00:16.6: Signaling PME with IRQ 38
[    4.950043] pcieport 0000:00:16.7: Signaling PME with IRQ 39
[    4.950250] pcieport 0000:00:17.0: Signaling PME with IRQ 40
[    4.950444] pcieport 0000:00:17.1: Signaling PME with IRQ 41
[    4.950721] pcieport 0000:00:17.2: Signaling PME with IRQ 42
[    4.950914] pcieport 0000:00:17.3: Signaling PME with IRQ 43
[    4.951100] pcieport 0000:00:17.4: Signaling PME with IRQ 44
[    4.951290] pcieport 0000:00:17.5: Signaling PME with IRQ 45
[    4.951537] pcieport 0000:00:17.6: Signaling PME with IRQ 46
[    4.951770] pcieport 0000:00:17.7: Signaling PME with IRQ 47
[    4.951978] pcieport 0000:00:18.0: Signaling PME with IRQ 48
[    4.952416] pcieport 0000:00:18.1: Signaling PME with IRQ 49
[    4.952684] pcieport 0000:00:18.2: Signaling PME with IRQ 50
[    4.952908] pcieport 0000:00:18.3: Signaling PME with IRQ 51
[    4.953188] pcieport 0000:00:18.4: Signaling PME with IRQ 52
[    4.953492] pcieport 0000:00:18.5: Signaling PME with IRQ 53
[    4.953793] pcieport 0000:00:18.6: Signaling PME with IRQ 54
[    4.954051] pcieport 0000:00:18.7: Signaling PME with IRQ 55
[    4.954169] pciehp 0000:00:15.0:pcie004: Slot #160 AttnBtn+ PwrCtrl+ MRL- AttnInd- PwrInd- HotPlug+ Surprise- Interlock- NoCompl+ LLActRep+
[    4.954397] pciehp 0000:00:15.1:pcie004: Slot #161 AttnBtn+ PwrCtrl+ MRL- AttnInd- PwrInd- HotPlug+ Surprise- Interlock- NoCompl+ LLActRep+
[    4.954706] pciehp 0000:00:15.2:pcie004: Slot #162 AttnBtn+ PwrCtrl+ MRL- AttnInd- PwrInd- HotPlug+ Surprise- Interlock- NoCompl+ LLActRep+
[    4.954953] pciehp 0000:00:15.3:pcie004: Slot #163 AttnBtn+ PwrCtrl+ MRL- AttnInd- PwrInd- HotPlug+ Surprise- Interlock- NoCompl+ LLActRep+
[    4.955188] pciehp 0000:00:15.4:pcie004: Slot #164 AttnBtn+ PwrCtrl+ MRL- AttnInd- PwrInd- HotPlug+ Surprise- Interlock- NoCompl+ LLActRep+
[    4.955371] pciehp 0000:00:15.5:pcie004: Slot #165 AttnBtn+ PwrCtrl+ MRL- AttnInd- PwrInd- HotPlug+ Surprise- Interlock- NoCompl+ LLActRep+
[    4.955538] pciehp 0000:00:15.6:pcie004: Slot #166 AttnBtn+ PwrCtrl+ MRL- AttnInd- PwrInd- HotPlug+ Surprise- Interlock- NoCompl+ LLActRep+
[    4.955738] pciehp 0000:00:15.7:pcie004: Slot #167 AttnBtn+ PwrCtrl+ MRL- AttnInd- PwrInd- HotPlug+ Surprise- Interlock- NoCompl+ LLActRep+
[    4.955915] pciehp 0000:00:16.0:pcie004: Slot #192 AttnBtn+ PwrCtrl+ MRL- AttnInd- PwrInd- HotPlug+ Surprise- Interlock- NoCompl+ LLActRep+
[    4.956090] pciehp 0000:00:16.1:pcie004: Slot #193 AttnBtn+ PwrCtrl+ MRL- AttnInd- PwrInd- HotPlug+ Surprise- Interlock- NoCompl+ LLActRep+
[    4.956247] pciehp 0000:00:16.2:pcie004: Slot #194 AttnBtn+ PwrCtrl+ MRL- AttnInd- PwrInd- HotPlug+ Surprise- Interlock- NoCompl+ LLActRep+
[    4.956405] pciehp 0000:00:16.3:pcie004: Slot #195 AttnBtn+ PwrCtrl+ MRL- AttnInd- PwrInd- HotPlug+ Surprise- Interlock- NoCompl+ LLActRep+
[    4.956569] pciehp 0000:00:16.4:pcie004: Slot #196 AttnBtn+ PwrCtrl+ MRL- AttnInd- PwrInd- HotPlug+ Surprise- Interlock- NoCompl+ LLActRep+
[    4.956729] pciehp 0000:00:16.5:pcie004: Slot #197 AttnBtn+ PwrCtrl+ MRL- AttnInd- PwrInd- HotPlug+ Surprise- Interlock- NoCompl+ LLActRep+
[    4.956890] pciehp 0000:00:16.6:pcie004: Slot #198 AttnBtn+ PwrCtrl+ MRL- AttnInd- PwrInd- HotPlug+ Surprise- Interlock- NoCompl+ LLActRep+
[    4.957049] pciehp 0000:00:16.7:pcie004: Slot #199 AttnBtn+ PwrCtrl+ MRL- AttnInd- PwrInd- HotPlug+ Surprise- Interlock- NoCompl+ LLActRep+
[    4.957206] pciehp 0000:00:17.0:pcie004: Slot #224 AttnBtn+ PwrCtrl+ MRL- AttnInd- PwrInd- HotPlug+ Surprise- Interlock- NoCompl+ LLActRep+
[    4.957367] pciehp 0000:00:17.1:pcie004: Slot #225 AttnBtn+ PwrCtrl+ MRL- AttnInd- PwrInd- HotPlug+ Surprise- Interlock- NoCompl+ LLActRep+
[    4.957556] pciehp 0000:00:17.2:pcie004: Slot #226 AttnBtn+ PwrCtrl+ MRL- AttnInd- PwrInd- HotPlug+ Surprise- Interlock- NoCompl+ LLActRep+
[    4.957733] pciehp 0000:00:17.3:pcie004: Slot #227 AttnBtn+ PwrCtrl+ MRL- AttnInd- PwrInd- HotPlug+ Surprise- Interlock- NoCompl+ LLActRep+
[    4.957889] pciehp 0000:00:17.4:pcie004: Slot #228 AttnBtn+ PwrCtrl+ MRL- AttnInd- PwrInd- HotPlug+ Surprise- Interlock- NoCompl+ LLActRep+
[    4.958044] pciehp 0000:00:17.5:pcie004: Slot #229 AttnBtn+ PwrCtrl+ MRL- AttnInd- PwrInd- HotPlug+ Surprise- Interlock- NoCompl+ LLActRep+
[    4.958200] pciehp 0000:00:17.6:pcie004: Slot #230 AttnBtn+ PwrCtrl+ MRL- AttnInd- PwrInd- HotPlug+ Surprise- Interlock- NoCompl+ LLActRep+
[    4.958360] pciehp 0000:00:17.7:pcie004: Slot #231 AttnBtn+ PwrCtrl+ MRL- AttnInd- PwrInd- HotPlug+ Surprise- Interlock- NoCompl+ LLActRep+
[    4.958519] pciehp 0000:00:18.0:pcie004: Slot #256 AttnBtn+ PwrCtrl+ MRL- AttnInd- PwrInd- HotPlug+ Surprise- Interlock- NoCompl+ LLActRep+
[    4.958681] pciehp 0000:00:18.1:pcie004: Slot #257 AttnBtn+ PwrCtrl+ MRL- AttnInd- PwrInd- HotPlug+ Surprise- Interlock- NoCompl+ LLActRep+
[    4.958839] pciehp 0000:00:18.2:pcie004: Slot #258 AttnBtn+ PwrCtrl+ MRL- AttnInd- PwrInd- HotPlug+ Surprise- Interlock- NoCompl+ LLActRep+
[    4.958994] pciehp 0000:00:18.3:pcie004: Slot #259 AttnBtn+ PwrCtrl+ MRL- AttnInd- PwrInd- HotPlug+ Surprise- Interlock- NoCompl+ LLActRep+
[    4.959150] pciehp 0000:00:18.4:pcie004: Slot #260 AttnBtn+ PwrCtrl+ MRL- AttnInd- PwrInd- HotPlug+ Surprise- Interlock- NoCompl+ LLActRep+
[    4.959308] pciehp 0000:00:18.5:pcie004: Slot #261 AttnBtn+ PwrCtrl+ MRL- AttnInd- PwrInd- HotPlug+ Surprise- Interlock- NoCompl+ LLActRep+
[    4.959464] pciehp 0000:00:18.6:pcie004: Slot #262 AttnBtn+ PwrCtrl+ MRL- AttnInd- PwrInd- HotPlug+ Surprise- Interlock- NoCompl+ LLActRep+
[    4.959665] pciehp 0000:00:18.7:pcie004: Slot #263 AttnBtn+ PwrCtrl+ MRL- AttnInd- PwrInd- HotPlug+ Surprise- Interlock- NoCompl+ LLActRep+
[    4.959897] intel_idle: does not run on family 6 model 165
[    4.960256] ACPI: AC Adapter [ACAD] (on-line)
[    4.960405] input: Power Button as /devices/LNXSYSTM:00/LNXPWRBN:00/input/input0
[    4.961168] ACPI: Power Button [PWRF]
[    4.963915] Serial: 8250/16550 driver, 32 ports, IRQ sharing enabled
[    4.986832] 00:05: ttyS0 at I/O 0x3f8 (irq = 4, base_baud = 115200) is a 16550A
[    4.990381] Linux agpgart interface v0.103
[    4.990537] agpgart-intel 0000:00:00.0: Intel 440BX Chipset
[    4.991767] agpgart-intel 0000:00:00.0: AGP aperture is 256M @ 0x0
[    4.999226] loop: module loaded
[    4.999662] ata_piix 0000:00:07.1: version 2.13
[    5.000043] scsi host0: ata_piix
[    5.000246] scsi host1: ata_piix
[    5.000338] ata1: PATA max UDMA/33 cmd 0x1f0 ctl 0x3f6 bmdma 0x1060 irq 14
[    5.000418] ata2: PATA max UDMA/33 cmd 0x170 ctl 0x376 bmdma 0x1068 irq 15
[    5.000667] libphy: Fixed MDIO Bus: probed
[    5.000709] tun: Universal TUN/TAP device driver, 1.6
[    5.000799] PPP generic driver version 2.4.2
[    5.001041] ehci_hcd: USB 2.0 'Enhanced' Host Controller (EHCI) Driver
[    5.001095] ehci-pci: EHCI PCI platform driver
[    5.001543] ehci-pci 0000:02:03.0: EHCI Host Controller
[    5.001588] ehci-pci 0000:02:03.0: new USB bus registered, assigned bus number 1
[    5.001757] ehci-pci 0000:02:03.0: cache line size of 64 is not supported
[    5.001788] ehci-pci 0000:02:03.0: irq 17, io mem 0xfd5ef000
[    5.016498] ehci-pci 0000:02:03.0: USB 2.0 started, EHCI 1.00
[    5.016917] usb usb1: New USB device found, idVendor=1d6b, idProduct=0002, bcdDevice= 4.17
[    5.016986] usb usb1: New USB device strings: Mfr=3, Product=2, SerialNumber=1
[    5.017040] usb usb1: Product: EHCI Host Controller
[    5.017079] usb usb1: Manufacturer: Linux 4.17.12+ ehci_hcd
[    5.017120] usb usb1: SerialNumber: 0000:02:03.0
[    5.017456] hub 1-0:1.0: USB hub found
[    5.017535] hub 1-0:1.0: 6 ports detected
[    5.018056] ehci-platform: EHCI generic platform driver
